112642.336: [11:26:42][202603192.168.231.1-黄埭-核心交换机-11:26:42]
112642.399: [11:26:42]
112642.400: [11:26:42]Info: The max number of VTY users is 5, the number of current VTY users online is 2, and total number of terminal users online is 2.
112642.442: [11:26:42]      The current login time is 2025-12-14 18:38:18.
112642.786: [11:26:42]<Core-SW>
112652.320: [11:26:52]<Core-SW>ping 172.16.101.108
112652.581: [11:26:52]  PING 172.16.101.108: 56  data bytes, press CTRL_C to break
112653.087: [11:26:53]    Reply from 172.16.101.108: bytes=56 Sequence=1 ttl=61 time=2 ms
112653.611: [11:26:53]    Reply from 172.16.101.108: bytes=56 Sequence=2 ttl=61 time=1 ms
112654.142: [11:26:54]    Reply from 172.16.101.108: bytes=56 Sequence=3 ttl=61 time=1 ms
112654.738: [11:26:54]    Reply from 172.16.101.108: bytes=56 Sequence=4 ttl=61 time=2 ms
112654.739: [11:26:54]    Reply from 172.16.101.108: bytes=56 Sequence=5 ttl=61 time=1 ms
112654.739: [11:26:54]
112654.739: [11:26:54]  --- 172.16.101.108 ping statistics ---
112654.739: [11:26:54]    5 packet(s) transmitted
112654.739: [11:26:54]    5 packet(s) received
112654.740: [11:26:54]    0.00% packet loss
112654.740: [11:26:54]    round-trip min/avg/max = 1/1/2 ms
112654.740: [11:26:54] 
113654.710: [11:36:54]<Core-SW>
113700.612: [11:37:00][202603192.168.231.1-黄埭-核心交换机-11:37:00]
113700.668: [11:37:00]
113700.668: [11:37:00]Info: The max number of VTY users is 5, the number of current VTY users online is 2, and total number of terminal users online is 2.
113700.703: [11:37:00]      The current login time is 2025-12-14 18:48:36.
114700.769: [11:47:00]<Core-SW>
114706.718: [11:47:06][202603192.168.231.1-黄埭-核心交换机-11:47:06]
114706.771: [11:47:06]
114706.771: [11:47:06]Info: The max number of VTY users is 5, the number of current VTY users online is 2, and total number of terminal users online is 2.
114706.812: [11:47:06]      The current login time is 2025-12-14 18:58:42.
115706.883: [11:57:06]<Core-SW>
115713.236: [11:57:13][202603192.168.231.1-黄埭-核心交换机-11:57:13]
115713.304: [11:57:13]
115713.304: [11:57:13]Info: The max number of VTY users is 5, the number of current VTY users online is 2, and total number of terminal users online is 2.
115713.327: [11:57:13]      The current login time is 2025-12-14 19:08:49.
120713.393: [12:07:13]<Core-SW>
120719.683: [12:07:19][202603192.168.231.1-黄埭-核心交换机-12:07:19]
120719.727: [12:07:19]
120719.735: [12:07:19]Info: The max number of VTY users is 5, the number of current VTY users online is 2, and total number of terminal users online is 2.
120719.755: [12:07:19]      The current login time is 2025-12-14 19:18:55.
121719.798: [12:17:19]<Core-SW>
121725.622: [12:17:25][202603192.168.231.1-黄埭-核心交换机-12:17:25]
121725.749: [12:17:25]
121725.750: [12:17:25]Info: The max number of VTY users is 5, the number of current VTY users online is 2, and total number of terminal users online is 2.
121725.750: [12:17:25]      The current login time is 2025-12-14 19:29:01.
122725.730: [12:27:25]<Core-SW>
122731.640: [12:27:31][202603192.168.231.1-黄埭-核心交换机-12:27:31]
122731.704: [12:27:31]
122731.705: [12:27:31]Info: The max number of VTY users is 5, the number of current VTY users online is 2, and total number of terminal users online is 2.
122731.726: [12:27:31]      The current login time is 2025-12-14 19:39:07.
123732.663: [12:37:32]<Core-SW>
123738.622: [12:37:38][202603192.168.231.1-黄埭-核心交换机-12:37:38]
123738.675: [12:37:38]
123738.676: [12:37:38]Info: The max number of VTY users is 5, the number of current VTY users online is 2, and total number of terminal users online is 2.
123738.694: [12:37:38]      The current login time is 2025-12-14 19:49:14.
124738.750: [12:47:38]<Core-SW>
124744.664: [12:47:44][202603192.168.231.1-黄埭-核心交换机-12:47:44]
124744.719: [12:47:44]
124744.719: [12:47:44]Info: The max number of VTY users is 5, the number of current VTY users online is 2, and total number of terminal users online is 2.
124744.739: [12:47:44]      The current login time is 2025-12-14 19:59:20.
125744.828: [12:57:44]<Core-SW>
125750.612: [12:57:50][202603192.168.231.1-黄埭-核心交换机-12:57:50]
125750.663: [12:57:50]
125750.663: [12:57:50]Info: The max number of VTY users is 5, the number of current VTY users online is 2, and total number of terminal users online is 2.
125750.688: [12:57:50]      The current login time is 2025-12-14 20:09:26.
130750.749: [13:07:50]<Core-SW>
130756.672: [13:07:56][202603192.168.231.1-黄埭-核心交换机-13:07:56]
130756.710: [13:07:56]
130756.719: [13:07:56]Info: The max number of VTY users is 5, the number of current VTY users online is 2, and total number of terminal users online is 2.
130756.744: [13:07:56]      The current login time is 2025-12-14 20:19:32.
131756.782: [13:17:56]<Core-SW>
131802.768: [13:18:02][202603192.168.231.1-黄埭-核心交换机-13:18:02]
131802.827: [13:18:02]
131802.828: [13:18:02]Info: The max number of VTY users is 5, the number of current VTY users online is 2, and total number of terminal users online is 2.
131802.867: [13:18:02]      The current login time is 2025-12-14 20:29:38.
132802.907: [13:28:02]<Core-SW>
132809.207: [13:28:09][202603192.168.231.1-黄埭-核心交换机-13:28:09]
132809.264: [13:28:09]
132809.276: [13:28:09]Info: The max number of VTY users is 5, the number of current VTY users online is 2, and total number of terminal users online is 2.
132809.312: [13:28:09]      The current login time is 2025-12-14 20:39:45.
133809.368: [13:38:09]<Core-SW>
133815.173: [13:38:15][202603192.168.231.1-黄埭-核心交换机-13:38:15]
133815.278: [13:38:15]
133815.279: [13:38:15]Info: The max number of VTY users is 5, the number of current VTY users online is 2, and total number of terminal users online is 2.
133815.280: [13:38:15]      The current login time is 2025-12-14 20:49:51.
134815.318: [13:48:15]<Core-SW>
134821.132: [13:48:21][202603192.168.231.1-黄埭-核心交换机-13:48:21]
134821.174: [13:48:21]
134821.182: [13:48:21]Info: The max number of VTY users is 5, the number of current VTY users online is 2, and total number of terminal users online is 2.
134821.207: [13:48:21]      The current login time is 2025-12-14 20:59:57.
135821.250: [13:58:21]<Core-SW>
135827.224: [13:58:27][202603192.168.231.1-黄埭-核心交换机-13:58:27]
135827.265: [13:58:27]
135827.276: [13:58:27]Info: The max number of VTY users is 5, the number of current VTY users online is 2, and total number of terminal users online is 2.
135827.325: [13:58:27]      The current login time is 2025-12-14 21:10:03.
140827.474: [14:08:27]<Core-SW>
140833.713: [14:08:33][202603192.168.231.1-黄埭-核心交换机-14:08:33]
140833.771: [14:08:33]
140833.797: [14:08:33]Info: The max number of VTY users is 5, the number of current VTY users online is 2, and total number of terminal users online is 2.
140833.812: [14:08:33]      The current login time is 2025-12-14 21:20:09.
141833.887: [14:18:33]<Core-SW>
141839.753: [14:18:39][202603192.168.231.1-黄埭-核心交换机-14:18:39]
141839.813: [14:18:39]
141839.825: [14:18:39]Info: The max number of VTY users is 5, the number of current VTY users online is 2, and total number of terminal users online is 2.
141839.846: [14:18:39]      The current login time is 2025-12-14 21:30:16.
142839.902: [14:28:39]<Core-SW>
142846.198: [14:28:46][202603192.168.231.1-黄埭-核心交换机-14:28:46]
142846.244: [14:28:46]
142846.251: [14:28:46]Info: The max number of VTY users is 5, the number of current VTY users online is 2, and total number of terminal users online is 2.
142846.280: [14:28:46]      The current login time is 2025-12-14 21:40:22.
143846.415: [14:38:46]<Core-SW>
143852.676: [14:38:52][202603192.168.231.1-黄埭-核心交换机-14:38:52]
143852.725: [14:38:52]
143852.725: [14:38:52]Info: The max number of VTY users is 5, the number of current VTY users online is 2, and total number of terminal users online is 2.
143852.750: [14:38:52]      The current login time is 2025-12-14 21:50:28.
144852.855: [14:48:52]<Core-SW>
144858.693: [14:48:58][202603192.168.231.1-黄埭-核心交换机-14:48:58]
144858.788: [14:48:58]
144858.789: [14:48:58]Info: The max number of VTY users is 5, the number of current VTY users online is 2, and total number of terminal users online is 2.
144858.807: [14:48:58]      The current login time is 2025-12-14 22:00:34.
145858.937: [14:58:58]<Core-SW>
145905.249: [14:59:05][202603192.168.231.1-黄埭-核心交换机-14:59:05]
145905.322: [14:59:05]
145905.323: [14:59:05]Info: The max number of VTY users is 5, the number of current VTY users online is 2, and total number of terminal users online is 2.
145905.349: [14:59:05]      The current login time is 2025-12-14 22:10:41.
150905.460: [15:09:05]<Core-SW>
150911.698: [15:09:11][202603192.168.231.1-黄埭-核心交换机-15:09:11]
150911.757: [15:09:11]
150911.769: [15:09:11]Info: The max number of VTY users is 5, the number of current VTY users online is 2, and total number of terminal users online is 2.
150911.782: [15:09:11]      The current login time is 2025-12-14 22:20:47.
151911.885: [15:19:11]<Core-SW>
151917.675: [15:19:17][202603192.168.231.1-黄埭-核心交换机-15:19:17]
151917.718: [15:19:17]
151917.730: [15:19:17]Info: The max number of VTY users is 5, the number of current VTY users online is 2, and total number of terminal users online is 2.
151917.749: [15:19:17]      The current login time is 2025-12-14 22:30:53.
152917.798: [15:29:17]<Core-SW>
152923.583: [15:29:23][202603192.168.231.1-黄埭-核心交换机-15:29:23]
152923.629: [15:29:23]
152923.629: [15:29:23]Info: The max number of VTY users is 5, the number of current VTY users online is 2, and total number of terminal users online is 2.
152923.730: [15:29:23]      The current login time is 2025-12-14 22:40:59.
153923.698: [15:39:23]<Core-SW>
153929.646: [15:39:29][202603192.168.231.1-黄埭-核心交换机-15:39:29]
153929.699: [15:39:29]
153929.700: [15:39:29]Info: The max number of VTY users is 5, the number of current VTY users online is 2, and total number of terminal users online is 2.
153929.721: [15:39:29]      The current login time is 2025-12-14 22:51:05.
154929.894: [15:49:29]<Core-SW>
154935.781: [15:49:35][202603192.168.231.1-黄埭-核心交换机-15:49:35]
154935.831: [15:49:35]
154935.831: [15:49:35]Info: The max number of VTY users is 5, the number of current VTY users online is 2, and total number of terminal users online is 2.
154935.857: [15:49:35]      The current login time is 2025-12-14 23:01:12.
155935.918: [15:59:35]<Core-SW>
155942.227: [15:59:42][202603192.168.231.1-黄埭-核心交换机-15:59:42]
155942.300: [15:59:42]
155942.309: [15:59:42]Info: The max number of VTY users is 5, the number of current VTY users online is 2, and total number of terminal users online is 2.
155942.321: [15:59:42]      The current login time is 2025-12-14 23:11:18.
160942.388: [16:09:42]<Core-SW>
160948.490: [16:09:48][202603192.168.231.1-黄埭-核心交换机-16:09:48]
160948.530: [16:09:48]
160948.540: [16:09:48]Info: The max number of VTY users is 5, the number of current VTY users online is 2, and total number of terminal users online is 2.
160948.554: [16:09:48]      The current login time is 2025-12-14 23:21:24.
161948.640: [16:19:48]<Core-SW>
161955.007: [16:19:55][202603192.168.231.1-黄埭-核心交换机-16:19:55]
161955.077: [16:19:55]
161955.078: [16:19:55]Info: The max number of VTY users is 5, the number of current VTY users online is 2, and total number of terminal users online is 2.
161955.099: [16:19:55]      The current login time is 2025-12-14 23:31:31.
162955.253: [16:29:55]<Core-SW>
163001.190: [16:30:01][202603192.168.231.1-黄埭-核心交换机-16:30:01]
163001.266: [16:30:01]
163001.266: [16:30:01]Info: The max number of VTY users is 5, the number of current VTY users online is 2, and total number of terminal users online is 2.
163001.301: [16:30:01]      The current login time is 2025-12-14 23:41:37.
164001.358: [16:40:01]<Core-SW>
164007.223: [16:40:07][202603192.168.231.1-黄埭-核心交换机-16:40:07]
164007.290: [16:40:07]
164007.291: [16:40:07]Info: The max number of VTY users is 5, the number of current VTY users online is 2, and total number of terminal users online is 2.
164007.316: [16:40:07]      The current login time is 2025-12-14 23:51:43.
165007.425: [16:50:07]<Core-SW>
165013.745: [16:50:13][202603192.168.231.1-黄埭-核心交换机-16:50:13]
165013.803: [16:50:13]
165013.804: [16:50:13]Info: The max number of VTY users is 5, the number of current VTY users online is 2, and total number of terminal users online is 2.
165013.825: [16:50:13]      The current login time is 2025-12-15 00:01:50.
170013.895: [17:00:13]<Core-SW>
170019.693: [17:00:19][202603192.168.231.1-黄埭-核心交换机-17:00:19]
170019.796: [17:00:19]
170019.797: [17:00:19]Info: The max number of VTY users is 5, the number of current VTY users online is 2, and total number of terminal users online is 2.
170019.797: [17:00:19]      The current login time is 2025-12-15 00:11:56.
171019.819: [17:10:19]<Core-SW>
171025.960: [17:10:25][202603192.168.231.1-黄埭-核心交换机-17:10:25]
171026.015: [17:10:26]
171026.025: [17:10:26]Info: The max number of VTY users is 5, the number of current VTY users online is 2, and total number of terminal users online is 2.
171026.045: [17:10:26]      The current login time is 2025-12-15 00:22:02.
172026.314: [17:20:26]<Core-SW>
172032.239: [17:20:32][202603192.168.231.1-黄埭-核心交换机-17:20:32]
172032.283: [17:20:32]
172032.284: [17:20:32]Info: The max number of VTY users is 5, the number of current VTY users online is 2, and total number of terminal users online is 2.
172032.310: [17:20:32]      The current login time is 2025-12-15 00:32:08.
173032.421: [17:30:32]<Core-SW>
173038.790: [17:30:38][202603192.168.231.1-黄埭-核心交换机-17:30:38]
173038.832: [17:30:38]
173038.833: [17:30:38]Info: The max number of VTY users is 5, the number of current VTY users online is 2, and total number of terminal users online is 2.
173038.874: [17:30:38]      The current login time is 2025-12-15 00:42:15.
174039.046: [17:40:39]<Core-SW>
174045.174: [17:40:45][202603192.168.231.1-黄埭-核心交换机-17:40:45]
174045.225: [17:40:45]
174045.226: [17:40:45]Info: The max number of VTY users is 5, the number of current VTY users online is 2, and total number of terminal users online is 2.
174045.312: [17:40:45]      The current login time is 2025-12-15 00:52:21.
175045.298: [17:50:45]<Core-SW>
175051.393: [17:50:51][202603192.168.231.1-黄埭-核心交换机-17:50:51]
175051.445: [17:50:51]
175051.446: [17:50:51]Info: The max number of VTY users is 5, the number of current VTY users online is 2, and total number of terminal users online is 2.
175051.472: [17:50:51]      The current login time is 2025-12-15 01:02:27.
180051.529: [18:00:51]<Core-SW>
180057.732: [18:00:57][202603192.168.231.1-黄埭-核心交换机-18:00:57]
180057.853: [18:00:57]
180057.853: [18:00:57]Info: The max number of VTY users is 5, the number of current VTY users online is 2, and total number of terminal users online is 2.
180057.853: [18:00:57]      The current login time is 2025-12-15 01:12:34.
181057.988: [18:10:57]<Core-SW>
181104.290: [18:11:04][202603192.168.231.1-黄埭-核心交换机-18:11:04]
181104.338: [18:11:04]
181104.339: [18:11:04]Info: The max number of VTY users is 5, the number of current VTY users online is 2, and total number of terminal users online is 2.
181104.365: [18:11:04]      The current login time is 2025-12-15 01:22:40.
182104.404: [18:21:04]<Core-SW>
182110.171: [18:21:10][202603192.168.231.1-黄埭-核心交换机-18:21:10]
182110.225: [18:21:10]
182110.237: [18:21:10]Info: The max number of VTY users is 5, the number of current VTY users online is 2, and total number of terminal users online is 2.
182110.267: [18:21:10]      The current login time is 2025-12-15 01:32:46.
183110.315: [18:31:10]<Core-SW>
183116.266: [18:31:16][202603192.168.231.1-黄埭-核心交换机-18:31:16]
183116.315: [18:31:16]
183116.325: [18:31:16]Info: The max number of VTY users is 5, the number of current VTY users online is 2, and total number of terminal users online is 2.
183116.350: [18:31:16]      The current login time is 2025-12-15 01:42:52.
184116.408: [18:41:16]<Core-SW>
184122.183: [18:41:22][202603192.168.231.1-黄埭-核心交换机-18:41:22]
184122.305: [18:41:22]
184122.306: [18:41:22]Info: The max number of VTY users is 5, the number of current VTY users online is 2, and total number of terminal users online is 2.
184122.307: [18:41:22]      The current login time is 2025-12-15 01:52:58.
185122.295: [18:51:22]<Core-SW>
185128.124: [18:51:28][202603192.168.231.1-黄埭-核心交换机-18:51:28]
185128.182: [18:51:28]
185128.182: [18:51:28]Info: The max number of VTY users is 5, the number of current VTY users online is 2, and total number of terminal users online is 2.
185128.212: [18:51:28]      The current login time is 2025-12-15 02:03:04.
190128.257: [19:01:28]<Core-SW>
190134.131: [19:01:34][202603192.168.231.1-黄埭-核心交换机-19:01:34]
190134.188: [19:01:34]
190134.199: [19:01:34]Info: The max number of VTY users is 5, the number of current VTY users online is 2, and total number of terminal users online is 2.
190134.210: [19:01:34]      The current login time is 2025-12-15 02:13:10.
191134.293: [19:11:34]<Core-SW>
191140.189: [19:11:40][202603192.168.231.1-黄埭-核心交换机-19:11:40]
191140.235: [19:11:40]
191140.242: [19:11:40]Info: The max number of VTY users is 5, the number of current VTY users online is 2, and total number of terminal users online is 2.
191140.268: [19:11:40]      The current login time is 2025-12-15 02:23:16.
192140.322: [19:21:40]<Core-SW>
192146.405: [19:21:46][202603192.168.231.1-黄埭-核心交换机-19:21:46]
192146.450: [19:21:46]
192146.451: [19:21:46]Info: The max number of VTY users is 5, the number of current VTY users online is 2, and total number of terminal users online is 2.
192146.490: [19:21:46]      The current login time is 2025-12-15 02:33:22.
193146.556: [19:31:46]<Core-SW>
193152.712: [19:31:52][202603192.168.231.1-黄埭-核心交换机-19:31:52]
193152.756: [19:31:52]
193152.766: [19:31:52]Info: The max number of VTY users is 5, the number of current VTY users online is 2, and total number of terminal users online is 2.
193152.791: [19:31:52]      The current login time is 2025-12-15 02:43:29.
194152.852: [19:41:52]<Core-SW>
194158.803: [19:41:58][202603192.168.231.1-黄埭-核心交换机-19:41:58]
194158.846: [19:41:58]
194158.859: [19:41:58]Info: The max number of VTY users is 5, the number of current VTY users online is 2, and total number of terminal users online is 2.
194158.902: [19:41:58]      The current login time is 2025-12-15 02:53:35.
195158.980: [19:51:58]<Core-SW>
195205.455: [19:52:05][202603192.168.231.1-黄埭-核心交换机-19:52:05]
195205.527: [19:52:05]
195205.528: [19:52:05]Info: The max number of VTY users is 5, the number of current VTY users online is 2, and total number of terminal users online is 2.
195205.555: [19:52:05]      The current login time is 2025-12-15 03:03:41.
200205.689: [20:02:05]<Core-SW>
200211.764: [20:02:11][202603192.168.231.1-黄埭-核心交换机-20:02:11]
200211.810: [20:02:11]
200211.811: [20:02:11]Info: The max number of VTY users is 5, the number of current VTY users online is 2, and total number of terminal users online is 2.
200211.845: [20:02:11]      The current login time is 2025-12-15 03:13:48.
201211.915: [20:12:11]<Core-SW>
201217.778: [20:12:17][202603192.168.231.1-黄埭-核心交换机-20:12:17]
201217.831: [20:12:17]
201217.831: [20:12:17]Info: The max number of VTY users is 5, the number of current VTY users online is 2, and total number of terminal users online is 2.
201217.856: [20:12:17]      The current login time is 2025-12-15 03:23:54.
202217.898: [20:22:17]<Core-SW>
202223.686: [20:22:23][202603192.168.231.1-黄埭-核心交换机-20:22:23]
202223.731: [20:22:23]
202223.731: [20:22:23]Info: The max number of VTY users is 5, the number of current VTY users online is 2, and total number of terminal users online is 2.
202223.757: [20:22:23]      The current login time is 2025-12-15 03:34:00.
203223.800: [20:32:23]<Core-SW>
203229.703: [20:32:29][202603192.168.231.1-黄埭-核心交换机-20:32:29]
203229.776: [20:32:29]
203229.822: [20:32:29]Info: The max number of VTY users is 5, the number of current VTY users online is 2, and total number of terminal users online is 2.
203229.835: [20:32:29]      The current login time is 2025-12-15 03:44:06.
204229.865: [20:42:29]<Core-SW>
204235.768: [20:42:35][202603192.168.231.1-黄埭-核心交换机-20:42:35]
204235.845: [20:42:35]
204235.845: [20:42:35]Info: The max number of VTY users is 5, the number of current VTY users online is 2, and total number of terminal users online is 2.
204235.865: [20:42:35]      The current login time is 2025-12-15 03:54:12.
205235.899: [20:52:35]<Core-SW>
205242.112: [20:52:42][202603192.168.231.1-黄埭-核心交换机-20:52:42]
205242.168: [20:52:42]
205242.169: [20:52:42]Info: The max number of VTY users is 5, the number of current VTY users online is 2, and total number of terminal users online is 2.
205242.195: [20:52:42]      The current login time is 2025-12-15 04:04:18.
210242.233: [21:02:42]<Core-SW>
210248.108: [21:02:48][202603192.168.231.1-黄埭-核心交换机-21:02:48]
210248.154: [21:02:48]
210248.165: [21:02:48]Info: The max number of VTY users is 5, the number of current VTY users online is 2, and total number of terminal users online is 2.
210248.183: [21:02:48]      The current login time is 2025-12-15 04:14:24.
211248.265: [21:12:48]<Core-SW>
211254.187: [21:12:54][202603192.168.231.1-黄埭-核心交换机-21:12:54]
211254.248: [21:12:54]
211254.259: [21:12:54]Info: The max number of VTY users is 5, the number of current VTY users online is 2, and total number of terminal users online is 2.
211254.287: [21:12:54]      The current login time is 2025-12-15 04:24:30.
212254.329: [21:22:54]<Core-SW>
212300.329: [21:23:00][202603192.168.231.1-黄埭-核心交换机-21:23:00]
212300.384: [21:23:00]
212300.385: [21:23:00]Info: The max number of VTY users is 5, the number of current VTY users online is 2, and total number of terminal users online is 2.
212300.424: [21:23:00]      The current login time is 2025-12-15 04:34:36.
213300.450: [21:33:00]<Core-SW>
213306.702: [21:33:06][202603192.168.231.1-黄埭-核心交换机-21:33:06]
213306.740: [21:33:06]
213306.752: [21:33:06]Info: The max number of VTY users is 5, the number of current VTY users online is 2, and total number of terminal users online is 2.
213306.771: [21:33:06]      The current login time is 2025-12-15 04:44:43.
214306.814: [21:43:06]<Core-SW>
214312.647: [21:43:12][202603192.168.231.1-黄埭-核心交换机-21:43:12]
214312.761: [21:43:12]
214312.762: [21:43:12]Info: The max number of VTY users is 5, the number of current VTY users online is 2, and total number of terminal users online is 2.
214312.762: [21:43:12]      The current login time is 2025-12-15 04:54:49.
215312.798: [21:53:12]<Core-SW>
215318.838: [21:53:18][202603192.168.231.1-黄埭-核心交换机-21:53:18]
215318.889: [21:53:18]
215318.899: [21:53:18]Info: The max number of VTY users is 5, the number of current VTY users online is 2, and total number of terminal users online is 2.
215318.928: [21:53:18]      The current login time is 2025-12-15 05:04:55.
220318.999: [22:03:18]<Core-SW>
220325.163: [22:03:25][202603192.168.231.1-黄埭-核心交换机-22:03:25]
220325.234: [22:03:25]
220325.235: [22:03:25]Info: The max number of VTY users is 5, the number of current VTY users online is 2, and total number of terminal users online is 2.
220325.281: [22:03:25]      The current login time is 2025-12-15 05:15:01.
221325.319: [22:13:25]<Core-SW>
221331.204: [22:13:31][202603192.168.231.1-黄埭-核心交换机-22:13:31]
221331.267: [22:13:31]
221331.279: [22:13:31]Info: The max number of VTY users is 5, the number of current VTY users online is 2, and total number of terminal users online is 2.
221331.291: [22:13:31]      The current login time is 2025-12-15 05:25:07.
222331.344: [22:23:31]<Core-SW>
222337.406: [22:23:37][202603192.168.231.1-黄埭-核心交换机-22:23:37]
222337.458: [22:23:37]
222337.459: [22:23:37]Info: The max number of VTY users is 5, the number of current VTY users online is 2, and total number of terminal users online is 2.
222337.593: [22:23:37]      The current login time is 2025-12-15 05:35:13.
223337.537: [22:33:37]<Core-SW>
223343.720: [22:33:43][202603192.168.231.1-黄埭-核心交换机-22:33:43]
223343.761: [22:33:43]
223343.774: [22:33:43]Info: The max number of VTY users is 5, the number of current VTY users online is 2, and total number of terminal users online is 2.
223343.787: [22:33:43]      The current login time is 2025-12-15 05:45:20.
224343.831: [22:43:43]<Core-SW>
224349.623: [22:43:49][202603192.168.231.1-黄埭-核心交换机-22:43:49]
224349.747: [22:43:49]
224349.748: [22:43:49]Info: The max number of VTY users is 5, the number of current VTY users online is 2, and total number of terminal users online is 2.
224349.748: [22:43:49]      The current login time is 2025-12-15 05:55:26.
225349.770: [22:53:49]<Core-SW>
225355.730: [22:53:55][202603192.168.231.1-黄埭-核心交换机-22:53:55]
225355.849: [22:53:55]
225355.861: [22:53:55]Info: The max number of VTY users is 5, the number of current VTY users online is 2, and total number of terminal users online is 2.
225355.874: [22:53:55]      The current login time is 2025-12-15 06:05:32.
230356.047: [23:03:56]<Core-SW>
230402.182: [23:04:02][202603192.168.231.1-黄埭-核心交换机-23:04:02]
230402.255: [23:04:02]
230402.256: [23:04:02]Info: The max number of VTY users is 5, the number of current VTY users online is 2, and total number of terminal users online is 2.
230402.277: [23:04:02]      The current login time is 2025-12-15 06:15:38.
231402.323: [23:14:02]<Core-SW>
231408.191: [23:14:08][202603192.168.231.1-黄埭-核心交换机-23:14:08]
231408.256: [23:14:08]
231408.256: [23:14:08]Info: The max number of VTY users is 5, the number of current VTY users online is 2, and total number of terminal users online is 2.
231408.277: [23:14:08]      The current login time is 2025-12-15 06:25:44.
232408.510: [23:24:08]<Core-SW>
232414.780: [23:24:14][202603192.168.231.1-黄埭-核心交换机-23:24:14]
232414.837: [23:24:14]
232414.838: [23:24:14]Info: The max number of VTY users is 5, the number of current VTY users online is 2, and total number of terminal users online is 2.
232414.858: [23:24:14]      The current login time is 2025-12-15 06:35:51.
233414.911: [23:34:14]<Core-SW>
233420.681: [23:34:20][202603192.168.231.1-黄埭-核心交换机-23:34:20]
233420.738: [23:34:20]
233420.750: [23:34:20]Info: The max number of VTY users is 5, the number of current VTY users online is 2, and total number of terminal users online is 2.
233420.772: [23:34:20]      The current login time is 2025-12-15 06:45:57.
234420.806: [23:44:20]<Core-SW>
234426.788: [23:44:26][202603192.168.231.1-黄埭-核心交换机-23:44:26]
234426.846: [23:44:26]
234426.857: [23:44:26]Info: The max number of VTY users is 5, the number of current VTY users online is 2, and total number of terminal users online is 2.
234426.867: [23:44:26]      The current login time is 2025-12-15 06:56:03.
235426.939: [23:54:26]<Core-SW>
235433.354: [23:54:33][202603192.168.231.1-黄埭-核心交换机-23:54:33]
235433.420: [23:54:33]
235433.421: [23:54:33]Info: The max number of VTY users is 5, the number of current VTY users online is 2, and total number of terminal users online is 2.
235433.440: [23:54:33]      The current login time is 2025-12-15 07:06:09.
