012247.558: [01:22:47][202603Home-Dell-Public-01:22:47]
012247.618: [01:22:47]Linux anncara-computer 6.12.41+deb13-amd64 #1 SMP PREEMPT_DYNAMIC Debian 6.12.41-1 (2025-08-12) x86_64
012247.618: [01:22:47]
012247.618: [01:22:47]The programs included with the Debian GNU/Linux system are free software;
012247.618: [01:22:47]the exact distribution terms for each program are described in the
012247.618: [01:22:47]individual files in /usr/share/doc/*/copyright.
012247.618: [01:22:47]
012247.619: [01:22:47]Debian GNU/Linux comes with ABSOLUTELY NO WARRANTY, to the extent
012247.619: [01:22:47]permitted by applicable law.
012247.619: [01:22:47]Last login: Mon Mar 23 23:52:50 2026 from 223.107.68.194
022710.920: [02:27:10][202603Home-Dell-Public-02:27:10]
022710.971: [02:27:10]Linux anncara-computer 6.12.41+deb13-amd64 #1 SMP PREEMPT_DYNAMIC Debian 6.12.41-1 (2025-08-12) x86_64
022710.971: [02:27:10]
022710.972: [02:27:10]The programs included with the Debian GNU/Linux system are free software;
022710.972: [02:27:10]the exact distribution terms for each program are described in the
022710.972: [02:27:10]individual files in /usr/share/doc/*/copyright.
022710.972: [02:27:10]
022710.973: [02:27:10]Debian GNU/Linux comes with ABSOLUTELY NO WARRANTY, to the extent
022710.973: [02:27:10]permitted by applicable law.
022710.973: [02:27:10]Last login: Tue Mar 24 01:22:47 2026 from 223.107.68.194
042257.700: [04:22:57][202603Home-Dell-Public-04:22:57]
042257.800: [04:22:57]Linux anncara-computer 6.12.41+deb13-amd64 #1 SMP PREEMPT_DYNAMIC Debian 6.12.41-1 (2025-08-12) x86_64
042257.800: [04:22:57]
042257.800: [04:22:57]The programs included with the Debian GNU/Linux system are free software;
042257.800: [04:22:57]the exact distribution terms for each program are described in the
042257.800: [04:22:57]individual files in /usr/share/doc/*/copyright.
042257.800: [04:22:57]
042257.801: [04:22:57]Debian GNU/Linux comes with ABSOLUTELY NO WARRANTY, to the extent
042257.801: [04:22:57]permitted by applicable law.
042257.801: [04:22:57]Last login: Tue Mar 24 02:27:10 2026 from 223.107.68.194
051511.128: [05:15:11][202603Home-Dell-Public-05:15:11]
051511.221: [05:15:11]Linux anncara-computer 6.12.41+deb13-amd64 #1 SMP PREEMPT_DYNAMIC Debian 6.12.41-1 (2025-08-12) x86_64
051511.221: [05:15:11]
051511.221: [05:15:11]The programs included with the Debian GNU/Linux system are free software;
051511.221: [05:15:11]the exact distribution terms for each program are described in the
051511.221: [05:15:11]individual files in /usr/share/doc/*/copyright.
051511.221: [05:15:11]
051511.222: [05:15:11]Debian GNU/Linux comes with ABSOLUTELY NO WARRANTY, to the extent
051511.222: [05:15:11]permitted by applicable law.
051511.222: [05:15:11]Last login: Tue Mar 24 04:22:57 2026 from 223.107.68.194
052246.633: [05:22:46][202603Home-Dell-Public-05:22:46]
052246.758: [05:22:46]Linux anncara-computer 6.12.41+deb13-amd64 #1 SMP PREEMPT_DYNAMIC Debian 6.12.41-1 (2025-08-12) x86_64
052246.759: [05:22:46]
052246.759: [05:22:46]The programs included with the Debian GNU/Linux system are free software;
052246.759: [05:22:46]the exact distribution terms for each program are described in the
052246.759: [05:22:46]individual files in /usr/share/doc/*/copyright.
052246.759: [05:22:46]
052246.759: [05:22:46]Debian GNU/Linux comes with ABSOLUTELY NO WARRANTY, to the extent
052246.759: [05:22:46]permitted by applicable law.
052246.759: [05:22:46]Last login: Tue Mar 24 05:15:11 2026 from 223.107.68.194
062729.076: [06:27:29][202603Home-Dell-Public-06:27:29]
062729.175: [06:27:29]Linux anncara-computer 6.12.41+deb13-amd64 #1 SMP PREEMPT_DYNAMIC Debian 6.12.41-1 (2025-08-12) x86_64
062729.176: [06:27:29]
062729.176: [06:27:29]The programs included with the Debian GNU/Linux system are free software;
062729.176: [06:27:29]the exact distribution terms for each program are described in the
062729.177: [06:27:29]individual files in /usr/share/doc/*/copyright.
062729.177: [06:27:29]
062729.177: [06:27:29]Debian GNU/Linux comes with ABSOLUTELY NO WARRANTY, to the extent
062729.178: [06:27:29]permitted by applicable law.
062729.178: [06:27:29]Last login: Tue Mar 24 05:22:46 2026 from 223.107.68.194
072246.514: [07:22:46][202603Home-Dell-Public-07:22:46]
072246.570: [07:22:46]Linux anncara-computer 6.12.41+deb13-amd64 #1 SMP PREEMPT_DYNAMIC Debian 6.12.41-1 (2025-08-12) x86_64
072246.570: [07:22:46]
072246.570: [07:22:46]The programs included with the Debian GNU/Linux system are free software;
072246.571: [07:22:46]the exact distribution terms for each program are described in the
072246.571: [07:22:46]individual files in /usr/share/doc/*/copyright.
072246.571: [07:22:46]
072246.571: [07:22:46]Debian GNU/Linux comes with ABSOLUTELY NO WARRANTY, to the extent
072246.571: [07:22:46]permitted by applicable law.
072246.572: [07:22:46]Last login: Tue Mar 24 06:27:29 2026 from 223.107.68.194
082244.980: [08:22:44][202603Home-Dell-Public-08:22:44]
082245.037: [08:22:45]Linux anncara-computer 6.12.41+deb13-amd64 #1 SMP PREEMPT_DYNAMIC Debian 6.12.41-1 (2025-08-12) x86_64
082245.037: [08:22:45]
082245.038: [08:22:45]The programs included with the Debian GNU/Linux system are free software;
082245.038: [08:22:45]the exact distribution terms for each program are described in the
082245.038: [08:22:45]individual files in /usr/share/doc/*/copyright.
082245.038: [08:22:45]
082245.038: [08:22:45]Debian GNU/Linux comes with ABSOLUTELY NO WARRANTY, to the extent
082245.039: [08:22:45]permitted by applicable law.
082245.039: [08:22:45]Last login: Tue Mar 24 07:22:46 2026 from 223.107.68.194
094339.380: [09:43:39][202603Home-Dell-Public-09:43:39]
094339.482: [09:43:39]Linux anncara-computer 6.12.41+deb13-amd64 #1 SMP PREEMPT_DYNAMIC Debian 6.12.41-1 (2025-08-12) x86_64
094339.483: [09:43:39]
094339.483: [09:43:39]The programs included with the Debian GNU/Linux system are free software;
094339.484: [09:43:39]the exact distribution terms for each program are described in the
094339.484: [09:43:39]individual files in /usr/share/doc/*/copyright.
094339.484: [09:43:39]
094339.484: [09:43:39]Debian GNU/Linux comes with ABSOLUTELY NO WARRANTY, to the extent
094339.484: [09:43:39]permitted by applicable law.
094339.485: [09:43:39]Last login: Tue Mar 24 08:22:45 2026 from 223.107.68.194
104339.564: [10:43:39][202603Home-Dell-Public-10:43:39]
104339.664: [10:43:39]Linux anncara-computer 6.12.41+deb13-amd64 #1 SMP PREEMPT_DYNAMIC Debian 6.12.41-1 (2025-08-12) x86_64
104339.664: [10:43:39]
104339.664: [10:43:39]The programs included with the Debian GNU/Linux system are free software;
104339.665: [10:43:39]the exact distribution terms for each program are described in the
104339.665: [10:43:39]individual files in /usr/share/doc/*/copyright.
104339.665: [10:43:39]
104339.665: [10:43:39]Debian GNU/Linux comes with ABSOLUTELY NO WARRANTY, to the extent
104339.666: [10:43:39]permitted by applicable law.
104339.666: [10:43:39]Last login: Tue Mar 24 09:43:39 2026 from 223.107.68.194
114343.077: [11:43:43][202603Home-Dell-Public-11:43:43]
114343.180: [11:43:43]Linux anncara-computer 6.12.41+deb13-amd64 #1 SMP PREEMPT_DYNAMIC Debian 6.12.41-1 (2025-08-12) x86_64
114343.180: [11:43:43]
114343.180: [11:43:43]The programs included with the Debian GNU/Linux system are free software;
114343.180: [11:43:43]the exact distribution terms for each program are described in the
114343.180: [11:43:43]individual files in /usr/share/doc/*/copyright.
114343.180: [11:43:43]
114343.181: [11:43:43]Debian GNU/Linux comes with ABSOLUTELY NO WARRANTY, to the extent
114343.181: [11:43:43]permitted by applicable law.
114343.181: [11:43:43]Last login: Tue Mar 24 10:43:39 2026 from 223.107.68.194
122809.066: [12:28:09][202603Home-Dell-Public-12:28:09]
122809.126: [12:28:09]Linux anncara-computer 6.12.41+deb13-amd64 #1 SMP PREEMPT_DYNAMIC Debian 6.12.41-1 (2025-08-12) x86_64
122809.126: [12:28:09]
122809.127: [12:28:09]The programs included with the Debian GNU/Linux system are free software;
122809.127: [12:28:09]the exact distribution terms for each program are described in the
122809.127: [12:28:09]individual files in /usr/share/doc/*/copyright.
122809.127: [12:28:09]
122809.127: [12:28:09]Debian GNU/Linux comes with ABSOLUTELY NO WARRANTY, to the extent
122809.128: [12:28:09]permitted by applicable law.
122809.128: [12:28:09]Last login: Tue Mar 24 11:43:43 2026 from 223.107.68.194
125956.032: [12:59:56][202603Home-Dell-Public-12:59:56]
125956.132: [12:59:56]Linux anncara-computer 6.12.41+deb13-amd64 #1 SMP PREEMPT_DYNAMIC Debian 6.12.41-1 (2025-08-12) x86_64
125956.132: [12:59:56]
125956.133: [12:59:56]The programs included with the Debian GNU/Linux system are free software;
125956.133: [12:59:56]the exact distribution terms for each program are described in the
125956.133: [12:59:56]individual files in /usr/share/doc/*/copyright.
125956.133: [12:59:56]
125956.134: [12:59:56]Debian GNU/Linux comes with ABSOLUTELY NO WARRANTY, to the extent
125956.134: [12:59:56]permitted by applicable law.
125956.134: [12:59:56]Last login: Tue Mar 24 12:28:09 2026 from 223.107.68.194
132955.463: [13:29:55][202603Home-Dell-Public-13:29:55]
132955.519: [13:29:55]Linux anncara-computer 6.12.41+deb13-amd64 #1 SMP PREEMPT_DYNAMIC Debian 6.12.41-1 (2025-08-12) x86_64
132955.519: [13:29:55]
132955.519: [13:29:55]The programs included with the Debian GNU/Linux system are free software;
132955.519: [13:29:55]the exact distribution terms for each program are described in the
132955.519: [13:29:55]individual files in /usr/share/doc/*/copyright.
132955.519: [13:29:55]
132955.519: [13:29:55]Debian GNU/Linux comes with ABSOLUTELY NO WARRANTY, to the extent
132955.520: [13:29:55]permitted by applicable law.
132955.520: [13:29:55]Last login: Tue Mar 24 12:59:56 2026 from 223.107.68.194
