000100.223: [00:01:00][202603192.168.231.1-黄埭-核心交换机-00:01:00]
000100.287: [00:01:00]
000100.288: [00:01:00]Info: The max number of VTY users is 5, the number of current VTY users online is 2, and total number of terminal users online is 2.
000100.317: [00:01:00]      The current login time is 2025-12-05 07:12:28.
001100.473: [00:11:00]<Core-SW>
001106.740: [00:11:06][202603192.168.231.1-黄埭-核心交换机-00:11:06]
001106.795: [00:11:06]
001106.796: [00:11:06]Info: The max number of VTY users is 5, the number of current VTY users online is 2, and total number of terminal users online is 2.
001106.818: [00:11:06]      The current login time is 2025-12-05 07:22:34.
002106.850: [00:21:06]<Core-SW>
002112.753: [00:21:12][202603192.168.231.1-黄埭-核心交换机-00:21:12]
002112.808: [00:21:12]
002112.809: [00:21:12]Info: The max number of VTY users is 5, the number of current VTY users online is 2, and total number of terminal users online is 2.
002112.840: [00:21:12]      The current login time is 2025-12-05 07:32:40.
003112.936: [00:31:12]<Core-SW>
003118.683: [00:31:18][202603192.168.231.1-黄埭-核心交换机-00:31:18]
003118.725: [00:31:18]
003118.726: [00:31:18]Info: The max number of VTY users is 5, the number of current VTY users online is 2, and total number of terminal users online is 2.
003118.749: [00:31:18]      The current login time is 2025-12-05 07:42:46.
004118.800: [00:41:18]<Core-SW>
004124.777: [00:41:24][202603192.168.231.1-黄埭-核心交换机-00:41:24]
004124.838: [00:41:24]
004124.839: [00:41:24]Info: The max number of VTY users is 5, the number of current VTY users online is 2, and total number of terminal users online is 2.
004124.859: [00:41:24]      The current login time is 2025-12-05 07:52:52.
005125.115: [00:51:25]<Core-SW>
005131.382: [00:51:31][202603192.168.231.1-黄埭-核心交换机-00:51:31]
005131.441: [00:51:31]
005131.453: [00:51:31]Info: The max number of VTY users is 5, the number of current VTY users online is 2, and total number of terminal users online is 2.
005131.463: [00:51:31]      The current login time is 2025-12-05 08:02:59.
010131.531: [01:01:31]<Core-SW>
010137.688: [01:01:37][202603192.168.231.1-黄埭-核心交换机-01:01:37]
010137.737: [01:01:37]
010137.748: [01:01:37]Info: The max number of VTY users is 5, the number of current VTY users online is 2, and total number of terminal users online is 2.
010137.785: [01:01:37]      The current login time is 2025-12-05 08:13:05.
011137.828: [01:11:37]<Core-SW>
011143.705: [01:11:43][202603192.168.231.1-黄埭-核心交换机-01:11:43]
011143.762: [01:11:43]
011143.763: [01:11:43]Info: The max number of VTY users is 5, the number of current VTY users online is 2, and total number of terminal users online is 2.
011143.793: [01:11:43]      The current login time is 2025-12-05 08:23:11.
012143.853: [01:21:43]<Core-SW>
012149.813: [01:21:49][202603192.168.231.1-黄埭-核心交换机-01:21:49]
012149.858: [01:21:49]
012149.859: [01:21:49]Info: The max number of VTY users is 5, the number of current VTY users online is 2, and total number of terminal users online is 2.
012149.902: [01:21:49]      The current login time is 2025-12-05 08:33:17.
013150.066: [01:31:50]<Core-SW>
013156.377: [01:31:56][202603192.168.231.1-黄埭-核心交换机-01:31:56]
013156.453: [01:31:56]
013156.461: [01:31:56]Info: The max number of VTY users is 5, the number of current VTY users online is 2, and total number of terminal users online is 2.
013156.477: [01:31:56]      The current login time is 2025-12-05 08:43:24.
014156.586: [01:41:56]<Core-SW>
014202.662: [01:42:02][202603192.168.231.1-黄埭-核心交换机-01:42:02]
014202.772: [01:42:02]
014202.773: [01:42:02]Info: The max number of VTY users is 5, the number of current VTY users online is 2, and total number of terminal users online is 2.
014202.773: [01:42:02]      The current login time is 2025-12-05 08:53:30.
015202.898: [01:52:02]<Core-SW>
015208.750: [01:52:08][202603192.168.231.1-黄埭-核心交换机-01:52:08]
015208.915: [01:52:08]
015208.916: [01:52:08]Info: The max number of VTY users is 5, the number of current VTY users online is 2, and total number of terminal users online is 2.
015208.950: [01:52:08]      The current login time is 2025-12-05 09:03:36.
020209.214: [02:02:09]<Core-SW>
020215.172: [02:02:15][202603192.168.231.1-黄埭-核心交换机-02:02:15]
020215.223: [02:02:15]
020215.224: [02:02:15]Info: The max number of VTY users is 5, the number of current VTY users online is 2, and total number of terminal users online is 2.
020215.253: [02:02:15]      The current login time is 2025-12-05 09:13:43.
021215.321: [02:12:15]<Core-SW>
021221.132: [02:12:21][202603192.168.231.1-黄埭-核心交换机-02:12:21]
021221.179: [02:12:21]
021221.190: [02:12:21]Info: The max number of VTY users is 5, the number of current VTY users online is 2, and total number of terminal users online is 2.
021221.207: [02:12:21]      The current login time is 2025-12-05 09:23:48.
022221.331: [02:22:21]<Core-SW>
022227.494: [02:22:27][202603192.168.231.1-黄埭-核心交换机-02:22:27]
022227.599: [02:22:27]
022227.600: [02:22:27]Info: The max number of VTY users is 5, the number of current VTY users online is 2, and total number of terminal users online is 2.
022227.600: [02:22:27]      The current login time is 2025-12-05 09:33:55.
023227.634: [02:32:27]<Core-SW>
023233.698: [02:32:33][202603192.168.231.1-黄埭-核心交换机-02:32:33]
023233.752: [02:32:33]
023233.753: [02:32:33]Info: The max number of VTY users is 5, the number of current VTY users online is 2, and total number of terminal users online is 2.
023233.784: [02:32:33]      The current login time is 2025-12-05 09:44:01.
024233.817: [02:42:33]<Core-SW>
024239.777: [02:42:39][202603192.168.231.1-黄埭-核心交换机-02:42:39]
024239.830: [02:42:39]
024239.830: [02:42:39]Info: The max number of VTY users is 5, the number of current VTY users online is 2, and total number of terminal users online is 2.
024239.866: [02:42:39]      The current login time is 2025-12-05 09:54:07.
025239.914: [02:52:39]<Core-SW>
025245.846: [02:52:45][202603192.168.231.1-黄埭-核心交换机-02:52:45]
025245.883: [02:52:45]
025245.884: [02:52:45]Info: The max number of VTY users is 5, the number of current VTY users online is 2, and total number of terminal users online is 2.
025245.913: [02:52:45]      The current login time is 2025-12-05 10:04:13.
030245.971: [03:02:45]<Core-SW>
030252.292: [03:02:52][202603192.168.231.1-黄埭-核心交换机-03:02:52]
030252.331: [03:02:52]
030252.332: [03:02:52]Info: The max number of VTY users is 5, the number of current VTY users online is 2, and total number of terminal users online is 2.
030252.431: [03:02:52]      The current login time is 2025-12-05 10:14:20.
031252.493: [03:12:52]<Core-SW>
080829.136: [08:08:29][202603192.168.231.1-黄埭-核心交换机-08:08:29]
080829.783: [08:08:29]
080829.792: [08:08:29]Info: The max number of VTY users is 5, the number of current VTY users online is 1, and total number of terminal users online is 1.
080829.921: [08:08:29]      The current login time is 2025-12-05 15:19:57.
081829.938: [08:18:29]<Core-SW>
