000436.223: [00:04:36][202603100-172.16.101.47-00:04:36]
000436.236: [00:04:36]Welcome to Ubuntu 24.04 LTS (GNU/Linux 6.8.0-31-generic x86_64)
000436.236: [00:04:36]
000436.236: [00:04:36] * Documentation:  https://help.ubuntu.com
000436.236: [00:04:36] * Management:     https://landscape.canonical.com
000436.237: [00:04:36] * Support:        https://ubuntu.com/pro
000436.237: [00:04:36]
000436.237: [00:04:36]扩展安全维护（ESM）Applications 未启用。
000436.237: [00:04:36]
000436.237: [00:04:36]321 更新可以立即应用。
000436.237: [00:04:36]要查看这些附加更新，请运行：apt list --upgradable
000436.237: [00:04:36]
000436.237: [00:04:36]启用 ESM Apps 来获取未来的额外安全更新
000436.238: [00:04:36]请参见 https://ubuntu.com/esm 或者运行: sudo pro status
000436.238: [00:04:36]
000436.238: [00:04:36]Last login: Tue Mar 24 23:53:57 2026 from 192.168.6.173
000929.756: [00:09:29][202603100-172.16.101.47-00:09:29]
000929.766: [00:09:29]Welcome to Ubuntu 24.04 LTS (GNU/Linux 6.8.0-31-generic x86_64)
000929.766: [00:09:29]
000929.766: [00:09:29] * Documentation:  https://help.ubuntu.com
000929.766: [00:09:29] * Management:     https://landscape.canonical.com
000929.766: [00:09:29] * Support:        https://ubuntu.com/pro
000929.766: [00:09:29]
000929.767: [00:09:29]扩展安全维护（ESM）Applications 未启用。
000929.767: [00:09:29]
000929.767: [00:09:29]321 更新可以立即应用。
000929.767: [00:09:29]要查看这些附加更新，请运行：apt list --upgradable
000929.767: [00:09:29]
000929.767: [00:09:29]启用 ESM Apps 来获取未来的额外安全更新
000929.768: [00:09:29]请参见 https://ubuntu.com/esm 或者运行: sudo pro status
000929.768: [00:09:29]
000929.768: [00:09:29]Last login: Wed Mar 25 00:04:36 2026 from 192.168.6.173
002008.254: [00:20:08][202603100-172.16.101.47-00:20:08]
002008.272: [00:20:08]Welcome to Ubuntu 24.04 LTS (GNU/Linux 6.8.0-31-generic x86_64)
002008.272: [00:20:08]
002008.272: [00:20:08] * Documentation:  https://help.ubuntu.com
002008.272: [00:20:08] * Management:     https://landscape.canonical.com
002008.272: [00:20:08] * Support:        https://ubuntu.com/pro
002008.272: [00:20:08]
002008.272: [00:20:08]扩展安全维护（ESM）Applications 未启用。
002008.272: [00:20:08]
002008.272: [00:20:08]321 更新可以立即应用。
002008.272: [00:20:08]要查看这些附加更新，请运行：apt list --upgradable
002008.272: [00:20:08]
002008.272: [00:20:08]启用 ESM Apps 来获取未来的额外安全更新
002008.272: [00:20:08]请参见 https://ubuntu.com/esm 或者运行: sudo pro status
002008.272: [00:20:08]
002008.272: [00:20:08]Last login: Wed Mar 25 00:09:29 2026 from 192.168.6.173
002500.200: [00:25:00][202603100-172.16.101.47-00:25:00]
002500.211: [00:25:00]Welcome to Ubuntu 24.04 LTS (GNU/Linux 6.8.0-31-generic x86_64)
002500.211: [00:25:00]
002500.211: [00:25:00] * Documentation:  https://help.ubuntu.com
002500.211: [00:25:00] * Management:     https://landscape.canonical.com
002500.211: [00:25:00] * Support:        https://ubuntu.com/pro
002500.211: [00:25:00]
002500.212: [00:25:00]扩展安全维护（ESM）Applications 未启用。
002500.212: [00:25:00]
002500.212: [00:25:00]321 更新可以立即应用。
002500.212: [00:25:00]要查看这些附加更新，请运行：apt list --upgradable
002500.212: [00:25:00]
002500.212: [00:25:00]启用 ESM Apps 来获取未来的额外安全更新
002500.213: [00:25:00]请参见 https://ubuntu.com/esm 或者运行: sudo pro status
002500.213: [00:25:00]
002500.213: [00:25:00]Last login: Wed Mar 25 00:20:08 2026 from 192.168.6.173
003012.729: [00:30:12][202603100-172.16.101.47-00:30:12]
003012.739: [00:30:12]Welcome to Ubuntu 24.04 LTS (GNU/Linux 6.8.0-31-generic x86_64)
003012.739: [00:30:12]
003012.739: [00:30:12] * Documentation:  https://help.ubuntu.com
003012.740: [00:30:12] * Management:     https://landscape.canonical.com
003012.740: [00:30:12] * Support:        https://ubuntu.com/pro
003012.740: [00:30:12]
003012.740: [00:30:12]扩展安全维护（ESM）Applications 未启用。
003012.740: [00:30:12]
003012.740: [00:30:12]321 更新可以立即应用。
003012.741: [00:30:12]要查看这些附加更新，请运行：apt list --upgradable
003012.741: [00:30:12]
003012.741: [00:30:12]启用 ESM Apps 来获取未来的额外安全更新
003012.741: [00:30:12]请参见 https://ubuntu.com/esm 或者运行: sudo pro status
003012.741: [00:30:12]
003012.742: [00:30:12]Last login: Wed Mar 25 00:25:00 2026 from 192.168.6.173
003524.744: [00:35:24][202603100-172.16.101.47-00:35:24]
003524.757: [00:35:24]Welcome to Ubuntu 24.04 LTS (GNU/Linux 6.8.0-31-generic x86_64)
003524.757: [00:35:24]
003524.757: [00:35:24] * Documentation:  https://help.ubuntu.com
003524.757: [00:35:24] * Management:     https://landscape.canonical.com
003524.758: [00:35:24] * Support:        https://ubuntu.com/pro
003524.758: [00:35:24]
003524.758: [00:35:24]扩展安全维护（ESM）Applications 未启用。
003524.758: [00:35:24]
003524.758: [00:35:24]321 更新可以立即应用。
003524.758: [00:35:24]要查看这些附加更新，请运行：apt list --upgradable
003524.759: [00:35:24]
003524.759: [00:35:24]启用 ESM Apps 来获取未来的额外安全更新
003524.759: [00:35:24]请参见 https://ubuntu.com/esm 或者运行: sudo pro status
003524.759: [00:35:24]
003524.759: [00:35:24]Last login: Wed Mar 25 00:30:12 2026 from 192.168.6.173
004034.778: [00:40:34][202603100-172.16.101.47-00:40:34]
004034.787: [00:40:34]Welcome to Ubuntu 24.04 LTS (GNU/Linux 6.8.0-31-generic x86_64)
004034.787: [00:40:34]
004034.788: [00:40:34] * Documentation:  https://help.ubuntu.com
004034.788: [00:40:34] * Management:     https://landscape.canonical.com
004034.788: [00:40:34] * Support:        https://ubuntu.com/pro
004034.788: [00:40:34]
004034.788: [00:40:34]扩展安全维护（ESM）Applications 未启用。
004034.788: [00:40:34]
004034.789: [00:40:34]321 更新可以立即应用。
004034.789: [00:40:34]要查看这些附加更新，请运行：apt list --upgradable
004034.789: [00:40:34]
004034.789: [00:40:34]启用 ESM Apps 来获取未来的额外安全更新
004034.789: [00:40:34]请参见 https://ubuntu.com/esm 或者运行: sudo pro status
004034.790: [00:40:34]
004034.790: [00:40:34]Last login: Wed Mar 25 00:35:24 2026 from 192.168.6.173
004551.729: [00:45:51][202603100-172.16.101.47-00:45:51]
004551.749: [00:45:51]Welcome to Ubuntu 24.04 LTS (GNU/Linux 6.8.0-31-generic x86_64)
004551.749: [00:45:51]
004551.749: [00:45:51] * Documentation:  https://help.ubuntu.com
004551.749: [00:45:51] * Management:     https://landscape.canonical.com
004551.750: [00:45:51] * Support:        https://ubuntu.com/pro
004551.750: [00:45:51]
004551.750: [00:45:51]扩展安全维护（ESM）Applications 未启用。
004551.750: [00:45:51]
004551.750: [00:45:51]321 更新可以立即应用。
004551.750: [00:45:51]要查看这些附加更新，请运行：apt list --upgradable
004551.750: [00:45:51]
004551.751: [00:45:51]启用 ESM Apps 来获取未来的额外安全更新
004551.751: [00:45:51]请参见 https://ubuntu.com/esm 或者运行: sudo pro status
004551.751: [00:45:51]
004551.751: [00:45:51]Last login: Wed Mar 25 00:40:34 2026 from 192.168.6.173
005106.718: [00:51:06][202603100-172.16.101.47-00:51:06]
005106.730: [00:51:06]Welcome to Ubuntu 24.04 LTS (GNU/Linux 6.8.0-31-generic x86_64)
005106.730: [00:51:06]
005106.730: [00:51:06] * Documentation:  https://help.ubuntu.com
005106.730: [00:51:06] * Management:     https://landscape.canonical.com
005106.730: [00:51:06] * Support:        https://ubuntu.com/pro
005106.731: [00:51:06]
005106.731: [00:51:06]扩展安全维护（ESM）Applications 未启用。
005106.731: [00:51:06]
005106.731: [00:51:06]321 更新可以立即应用。
005106.731: [00:51:06]要查看这些附加更新，请运行：apt list --upgradable
005106.731: [00:51:06]
005106.731: [00:51:06]启用 ESM Apps 来获取未来的额外安全更新
005106.732: [00:51:06]请参见 https://ubuntu.com/esm 或者运行: sudo pro status
005106.732: [00:51:06]
005106.732: [00:51:06]Last login: Wed Mar 25 00:45:51 2026 from 192.168.6.173
005604.240: [00:56:04][202603100-172.16.101.47-00:56:04]
005604.253: [00:56:04]Welcome to Ubuntu 24.04 LTS (GNU/Linux 6.8.0-31-generic x86_64)
005604.253: [00:56:04]
005604.254: [00:56:04] * Documentation:  https://help.ubuntu.com
005604.254: [00:56:04] * Management:     https://landscape.canonical.com
005604.254: [00:56:04] * Support:        https://ubuntu.com/pro
005604.254: [00:56:04]
005604.254: [00:56:04]扩展安全维护（ESM）Applications 未启用。
005604.254: [00:56:04]
005604.255: [00:56:04]321 更新可以立即应用。
005604.255: [00:56:04]要查看这些附加更新，请运行：apt list --upgradable
005604.255: [00:56:04]
005604.255: [00:56:04]启用 ESM Apps 来获取未来的额外安全更新
005604.255: [00:56:04]请参见 https://ubuntu.com/esm 或者运行: sudo pro status
005604.255: [00:56:04]
005604.256: [00:56:04]Last login: Wed Mar 25 00:51:06 2026 from 192.168.6.173
010119.230: [01:01:19][202603100-172.16.101.47-01:01:19]
010119.250: [01:01:19]Welcome to Ubuntu 24.04 LTS (GNU/Linux 6.8.0-31-generic x86_64)
010119.250: [01:01:19]
010119.250: [01:01:19] * Documentation:  https://help.ubuntu.com
010119.250: [01:01:19] * Management:     https://landscape.canonical.com
010119.250: [01:01:19] * Support:        https://ubuntu.com/pro
010119.250: [01:01:19]
010119.251: [01:01:19]扩展安全维护（ESM）Applications 未启用。
010119.251: [01:01:19]
010119.251: [01:01:19]321 更新可以立即应用。
010119.251: [01:01:19]要查看这些附加更新，请运行：apt list --upgradable
010119.251: [01:01:19]
010119.251: [01:01:19]启用 ESM Apps 来获取未来的额外安全更新
010119.252: [01:01:19]请参见 https://ubuntu.com/esm 或者运行: sudo pro status
010119.252: [01:01:19]
010119.252: [01:01:19]Last login: Wed Mar 25 00:56:04 2026 from 192.168.6.173
010628.241: [01:06:28][202603100-172.16.101.47-01:06:28]
010628.260: [01:06:28]Welcome to Ubuntu 24.04 LTS (GNU/Linux 6.8.0-31-generic x86_64)
010628.260: [01:06:28]
010628.261: [01:06:28] * Documentation:  https://help.ubuntu.com
010628.261: [01:06:28] * Management:     https://landscape.canonical.com
010628.261: [01:06:28] * Support:        https://ubuntu.com/pro
010628.261: [01:06:28]
010628.261: [01:06:28]扩展安全维护（ESM）Applications 未启用。
010628.261: [01:06:28]
010628.261: [01:06:28]321 更新可以立即应用。
010628.262: [01:06:28]要查看这些附加更新，请运行：apt list --upgradable
010628.262: [01:06:28]
010628.262: [01:06:28]启用 ESM Apps 来获取未来的额外安全更新
010628.262: [01:06:28]请参见 https://ubuntu.com/esm 或者运行: sudo pro status
010628.262: [01:06:28]
010628.263: [01:06:28]Last login: Wed Mar 25 01:01:19 2026 from 192.168.6.173
011142.269: [01:11:42][202603100-172.16.101.47-01:11:42]
011142.280: [01:11:42]Welcome to Ubuntu 24.04 LTS (GNU/Linux 6.8.0-31-generic x86_64)
011142.280: [01:11:42]
011142.280: [01:11:42] * Documentation:  https://help.ubuntu.com
011142.280: [01:11:42] * Management:     https://landscape.canonical.com
011142.281: [01:11:42] * Support:        https://ubuntu.com/pro
011142.281: [01:11:42]
011142.281: [01:11:42]扩展安全维护（ESM）Applications 未启用。
011142.281: [01:11:42]
011142.281: [01:11:42]321 更新可以立即应用。
011142.281: [01:11:42]要查看这些附加更新，请运行：apt list --upgradable
011142.281: [01:11:42]
011142.282: [01:11:42]启用 ESM Apps 来获取未来的额外安全更新
011142.282: [01:11:42]请参见 https://ubuntu.com/esm 或者运行: sudo pro status
011142.282: [01:11:42]
011142.282: [01:11:42]Last login: Wed Mar 25 01:06:28 2026 from 192.168.6.173
011655.719: [01:16:55][202603100-172.16.101.47-01:16:55]
011655.729: [01:16:55]Welcome to Ubuntu 24.04 LTS (GNU/Linux 6.8.0-31-generic x86_64)
011655.729: [01:16:55]
011655.729: [01:16:55] * Documentation:  https://help.ubuntu.com
011655.729: [01:16:55] * Management:     https://landscape.canonical.com
011655.730: [01:16:55] * Support:        https://ubuntu.com/pro
011655.730: [01:16:55]
011655.730: [01:16:55]扩展安全维护（ESM）Applications 未启用。
011655.730: [01:16:55]
011655.730: [01:16:55]321 更新可以立即应用。
011655.730: [01:16:55]要查看这些附加更新，请运行：apt list --upgradable
011655.730: [01:16:55]
011655.731: [01:16:55]启用 ESM Apps 来获取未来的额外安全更新
011655.731: [01:16:55]请参见 https://ubuntu.com/esm 或者运行: sudo pro status
011655.731: [01:16:55]
011655.731: [01:16:55]Last login: Wed Mar 25 01:11:42 2026 from 192.168.6.173
012204.728: [01:22:04][202603100-172.16.101.47-01:22:04]
012204.738: [01:22:04]Welcome to Ubuntu 24.04 LTS (GNU/Linux 6.8.0-31-generic x86_64)
012204.738: [01:22:04]
012204.738: [01:22:04] * Documentation:  https://help.ubuntu.com
012204.739: [01:22:04] * Management:     https://landscape.canonical.com
012204.739: [01:22:04] * Support:        https://ubuntu.com/pro
012204.739: [01:22:04]
012204.739: [01:22:04]扩展安全维护（ESM）Applications 未启用。
012204.739: [01:22:04]
012204.739: [01:22:04]321 更新可以立即应用。
012204.740: [01:22:04]要查看这些附加更新，请运行：apt list --upgradable
012204.740: [01:22:04]
012204.740: [01:22:04]启用 ESM Apps 来获取未来的额外安全更新
012204.740: [01:22:04]请参见 https://ubuntu.com/esm 或者运行: sudo pro status
012204.740: [01:22:04]
012204.741: [01:22:04]Last login: Wed Mar 25 01:16:55 2026 from 192.168.6.173
012716.206: [01:27:16][202603100-172.16.101.47-01:27:16]
012716.219: [01:27:16]Welcome to Ubuntu 24.04 LTS (GNU/Linux 6.8.0-31-generic x86_64)
012716.219: [01:27:16]
012716.220: [01:27:16] * Documentation:  https://help.ubuntu.com
012716.220: [01:27:16] * Management:     https://landscape.canonical.com
012716.220: [01:27:16] * Support:        https://ubuntu.com/pro
012716.220: [01:27:16]
012716.221: [01:27:16]扩展安全维护（ESM）Applications 未启用。
012716.221: [01:27:16]
012716.221: [01:27:16]321 更新可以立即应用。
012716.221: [01:27:16]要查看这些附加更新，请运行：apt list --upgradable
012716.221: [01:27:16]
012716.221: [01:27:16]启用 ESM Apps 来获取未来的额外安全更新
012716.222: [01:27:16]请参见 https://ubuntu.com/esm 或者运行: sudo pro status
012716.222: [01:27:16]
012716.222: [01:27:16]Last login: Wed Mar 25 01:22:04 2026 from 192.168.6.173
013230.245: [01:32:30][202603100-172.16.101.47-01:32:30]
013230.272: [01:32:30]Welcome to Ubuntu 24.04 LTS (GNU/Linux 6.8.0-31-generic x86_64)
013230.272: [01:32:30]
013230.272: [01:32:30] * Documentation:  https://help.ubuntu.com
013230.273: [01:32:30] * Management:     https://landscape.canonical.com
013230.273: [01:32:30] * Support:        https://ubuntu.com/pro
013230.273: [01:32:30]
013230.273: [01:32:30]扩展安全维护（ESM）Applications 未启用。
013230.273: [01:32:30]
013230.273: [01:32:30]321 更新可以立即应用。
013230.273: [01:32:30]要查看这些附加更新，请运行：apt list --upgradable
013230.273: [01:32:30]
013230.274: [01:32:30]启用 ESM Apps 来获取未来的额外安全更新
013230.274: [01:32:30]请参见 https://ubuntu.com/esm 或者运行: sudo pro status
013230.274: [01:32:30]
013230.274: [01:32:30]Last login: Wed Mar 25 01:27:16 2026 from 192.168.6.173
013739.733: [01:37:39][202603100-172.16.101.47-01:37:39]
013739.743: [01:37:39]Welcome to Ubuntu 24.04 LTS (GNU/Linux 6.8.0-31-generic x86_64)
013739.743: [01:37:39]
013739.743: [01:37:39] * Documentation:  https://help.ubuntu.com
013739.744: [01:37:39] * Management:     https://landscape.canonical.com
013739.744: [01:37:39] * Support:        https://ubuntu.com/pro
013739.744: [01:37:39]
013739.744: [01:37:39]扩展安全维护（ESM）Applications 未启用。
013739.744: [01:37:39]
013739.744: [01:37:39]321 更新可以立即应用。
013739.745: [01:37:39]要查看这些附加更新，请运行：apt list --upgradable
013739.745: [01:37:39]
013739.745: [01:37:39]启用 ESM Apps 来获取未来的额外安全更新
013739.745: [01:37:39]请参见 https://ubuntu.com/esm 或者运行: sudo pro status
013739.745: [01:37:39]
013739.746: [01:37:39]Last login: Wed Mar 25 01:32:30 2026 from 192.168.6.173
014252.257: [01:42:52][202603100-172.16.101.47-01:42:52]
014252.269: [01:42:52]Welcome to Ubuntu 24.04 LTS (GNU/Linux 6.8.0-31-generic x86_64)
014252.269: [01:42:52]
014252.269: [01:42:52] * Documentation:  https://help.ubuntu.com
014252.269: [01:42:52] * Management:     https://landscape.canonical.com
014252.269: [01:42:52] * Support:        https://ubuntu.com/pro
014252.269: [01:42:52]
014252.269: [01:42:52]扩展安全维护（ESM）Applications 未启用。
014252.269: [01:42:52]
014252.269: [01:42:52]321 更新可以立即应用。
014252.270: [01:42:52]要查看这些附加更新，请运行：apt list --upgradable
014252.270: [01:42:52]
014252.270: [01:42:52]启用 ESM Apps 来获取未来的额外安全更新
014252.270: [01:42:52]请参见 https://ubuntu.com/esm 或者运行: sudo pro status
014252.270: [01:42:52]
014252.270: [01:42:52]Last login: Wed Mar 25 01:37:39 2026 from 192.168.6.173
014751.170: [01:47:51][202603100-172.16.101.47-01:47:51]
014751.185: [01:47:51]Welcome to Ubuntu 24.04 LTS (GNU/Linux 6.8.0-31-generic x86_64)
014751.185: [01:47:51]
014751.185: [01:47:51] * Documentation:  https://help.ubuntu.com
014751.186: [01:47:51] * Management:     https://landscape.canonical.com
014751.186: [01:47:51] * Support:        https://ubuntu.com/pro
014751.186: [01:47:51]
014751.186: [01:47:51]扩展安全维护（ESM）Applications 未启用。
014751.186: [01:47:51]
014751.186: [01:47:51]321 更新可以立即应用。
014751.186: [01:47:51]要查看这些附加更新，请运行：apt list --upgradable
014751.186: [01:47:51]
014751.186: [01:47:51]启用 ESM Apps 来获取未来的额外安全更新
014751.186: [01:47:51]请参见 https://ubuntu.com/esm 或者运行: sudo pro status
014751.186: [01:47:51]
014751.186: [01:47:51]Last login: Wed Mar 25 01:42:52 2026 from 192.168.6.173
015302.685: [01:53:02][202603100-172.16.101.47-01:53:02]
015302.698: [01:53:02]Welcome to Ubuntu 24.04 LTS (GNU/Linux 6.8.0-31-generic x86_64)
015302.698: [01:53:02]
015302.698: [01:53:02] * Documentation:  https://help.ubuntu.com
015302.699: [01:53:02] * Management:     https://landscape.canonical.com
015302.699: [01:53:02] * Support:        https://ubuntu.com/pro
015302.699: [01:53:02]
015302.699: [01:53:02]扩展安全维护（ESM）Applications 未启用。
015302.699: [01:53:02]
015302.699: [01:53:02]321 更新可以立即应用。
015302.700: [01:53:02]要查看这些附加更新，请运行：apt list --upgradable
015302.700: [01:53:02]
015302.700: [01:53:02]启用 ESM Apps 来获取未来的额外安全更新
015302.700: [01:53:02]请参见 https://ubuntu.com/esm 或者运行: sudo pro status
015302.700: [01:53:02]
015302.701: [01:53:02]Last login: Wed Mar 25 01:47:51 2026 from 192.168.6.173
015812.745: [01:58:12][202603100-172.16.101.47-01:58:12]
015812.759: [01:58:12]Welcome to Ubuntu 24.04 LTS (GNU/Linux 6.8.0-31-generic x86_64)
015812.759: [01:58:12]
015812.759: [01:58:12] * Documentation:  https://help.ubuntu.com
015812.759: [01:58:12] * Management:     https://landscape.canonical.com
015812.760: [01:58:12] * Support:        https://ubuntu.com/pro
015812.760: [01:58:12]
015812.760: [01:58:12]扩展安全维护（ESM）Applications 未启用。
015812.760: [01:58:12]
015812.760: [01:58:12]321 更新可以立即应用。
015812.760: [01:58:12]要查看这些附加更新，请运行：apt list --upgradable
015812.760: [01:58:12]
015812.761: [01:58:12]启用 ESM Apps 来获取未来的额外安全更新
015812.761: [01:58:12]请参见 https://ubuntu.com/esm 或者运行: sudo pro status
015812.761: [01:58:12]
015812.761: [01:58:12]Last login: Wed Mar 25 01:53:02 2026 from 192.168.6.173
020326.243: [02:03:26][202603100-172.16.101.47-02:03:26]
020326.258: [02:03:26]Welcome to Ubuntu 24.04 LTS (GNU/Linux 6.8.0-31-generic x86_64)
020326.258: [02:03:26]
020326.258: [02:03:26] * Documentation:  https://help.ubuntu.com
020326.258: [02:03:26] * Management:     https://landscape.canonical.com
020326.259: [02:03:26] * Support:        https://ubuntu.com/pro
020326.259: [02:03:26]
020326.259: [02:03:26]扩展安全维护（ESM）Applications 未启用。
020326.259: [02:03:26]
020326.259: [02:03:26]321 更新可以立即应用。
020326.259: [02:03:26]要查看这些附加更新，请运行：apt list --upgradable
020326.259: [02:03:26]
020326.260: [02:03:26]启用 ESM Apps 来获取未来的额外安全更新
020326.260: [02:03:26]请参见 https://ubuntu.com/esm 或者运行: sudo pro status
020326.260: [02:03:26]
020326.260: [02:03:26]Last login: Wed Mar 25 01:58:12 2026 from 192.168.6.173
020842.235: [02:08:42][202603100-172.16.101.47-02:08:42]
020842.249: [02:08:42]Welcome to Ubuntu 24.04 LTS (GNU/Linux 6.8.0-31-generic x86_64)
020842.249: [02:08:42]
020842.249: [02:08:42] * Documentation:  https://help.ubuntu.com
020842.250: [02:08:42] * Management:     https://landscape.canonical.com
020842.250: [02:08:42] * Support:        https://ubuntu.com/pro
020842.250: [02:08:42]
020842.250: [02:08:42]扩展安全维护（ESM）Applications 未启用。
020842.250: [02:08:42]
020842.250: [02:08:42]321 更新可以立即应用。
020842.251: [02:08:42]要查看这些附加更新，请运行：apt list --upgradable
020842.251: [02:08:42]
020842.251: [02:08:42]启用 ESM Apps 来获取未来的额外安全更新
020842.251: [02:08:42]请参见 https://ubuntu.com/esm 或者运行: sudo pro status
020842.251: [02:08:42]
020842.252: [02:08:42]Last login: Wed Mar 25 02:03:26 2026 from 192.168.6.173
021357.692: [02:13:57][202603100-172.16.101.47-02:13:57]
021357.703: [02:13:57]Welcome to Ubuntu 24.04 LTS (GNU/Linux 6.8.0-31-generic x86_64)
021357.703: [02:13:57]
021357.703: [02:13:57] * Documentation:  https://help.ubuntu.com
021357.703: [02:13:57] * Management:     https://landscape.canonical.com
021357.703: [02:13:57] * Support:        https://ubuntu.com/pro
021357.703: [02:13:57]
021357.704: [02:13:57]扩展安全维护（ESM）Applications 未启用。
021357.704: [02:13:57]
021357.704: [02:13:57]321 更新可以立即应用。
021357.704: [02:13:57]要查看这些附加更新，请运行：apt list --upgradable
021357.704: [02:13:57]
021357.704: [02:13:57]启用 ESM Apps 来获取未来的额外安全更新
021357.704: [02:13:57]请参见 https://ubuntu.com/esm 或者运行: sudo pro status
021357.704: [02:13:57]
021357.704: [02:13:57]Last login: Wed Mar 25 02:08:42 2026 from 192.168.6.173
021911.712: [02:19:11][202603100-172.16.101.47-02:19:11]
021911.736: [02:19:11]Welcome to Ubuntu 24.04 LTS (GNU/Linux 6.8.0-31-generic x86_64)
021911.736: [02:19:11]
021911.736: [02:19:11] * Documentation:  https://help.ubuntu.com
021911.736: [02:19:11] * Management:     https://landscape.canonical.com
021911.736: [02:19:11] * Support:        https://ubuntu.com/pro
021911.736: [02:19:11]
021911.736: [02:19:11]扩展安全维护（ESM）Applications 未启用。
021911.736: [02:19:11]
021911.736: [02:19:11]321 更新可以立即应用。
021911.737: [02:19:11]要查看这些附加更新，请运行：apt list --upgradable
021911.737: [02:19:11]
021911.737: [02:19:11]启用 ESM Apps 来获取未来的额外安全更新
021911.737: [02:19:11]请参见 https://ubuntu.com/esm 或者运行: sudo pro status
021911.737: [02:19:11]
021911.737: [02:19:11]Last login: Wed Mar 25 02:13:57 2026 from 192.168.6.173
022409.712: [02:24:09][202603100-172.16.101.47-02:24:09]
022409.720: [02:24:09]Welcome to Ubuntu 24.04 LTS (GNU/Linux 6.8.0-31-generic x86_64)
022409.720: [02:24:09]
022409.720: [02:24:09] * Documentation:  https://help.ubuntu.com
022409.720: [02:24:09] * Management:     https://landscape.canonical.com
022409.720: [02:24:09] * Support:        https://ubuntu.com/pro
022409.720: [02:24:09]
022409.720: [02:24:09]扩展安全维护（ESM）Applications 未启用。
022409.720: [02:24:09]
022409.721: [02:24:09]321 更新可以立即应用。
022409.721: [02:24:09]要查看这些附加更新，请运行：apt list --upgradable
022409.721: [02:24:09]
022409.721: [02:24:09]启用 ESM Apps 来获取未来的额外安全更新
022409.721: [02:24:09]请参见 https://ubuntu.com/esm 或者运行: sudo pro status
022409.721: [02:24:09]
022409.721: [02:24:09]Last login: Wed Mar 25 02:19:11 2026 from 192.168.6.173
022918.714: [02:29:18][202603100-172.16.101.47-02:29:18]
022918.723: [02:29:18]Welcome to Ubuntu 24.04 LTS (GNU/Linux 6.8.0-31-generic x86_64)
022918.723: [02:29:18]
022918.723: [02:29:18] * Documentation:  https://help.ubuntu.com
022918.724: [02:29:18] * Management:     https://landscape.canonical.com
022918.724: [02:29:18] * Support:        https://ubuntu.com/pro
022918.724: [02:29:18]
022918.724: [02:29:18]扩展安全维护（ESM）Applications 未启用。
022918.724: [02:29:18]
022918.724: [02:29:18]321 更新可以立即应用。
022918.725: [02:29:18]要查看这些附加更新，请运行：apt list --upgradable
022918.725: [02:29:18]
022918.725: [02:29:18]启用 ESM Apps 来获取未来的额外安全更新
022918.725: [02:29:18]请参见 https://ubuntu.com/esm 或者运行: sudo pro status
022918.725: [02:29:18]
022918.726: [02:29:18]Last login: Wed Mar 25 02:24:09 2026 from 192.168.6.173
023431.213: [02:34:31][202603100-172.16.101.47-02:34:31]
023431.223: [02:34:31]Welcome to Ubuntu 24.04 LTS (GNU/Linux 6.8.0-31-generic x86_64)
023431.223: [02:34:31]
023431.224: [02:34:31] * Documentation:  https://help.ubuntu.com
023431.224: [02:34:31] * Management:     https://landscape.canonical.com
023431.224: [02:34:31] * Support:        https://ubuntu.com/pro
023431.224: [02:34:31]
023431.224: [02:34:31]扩展安全维护（ESM）Applications 未启用。
023431.224: [02:34:31]
023431.225: [02:34:31]321 更新可以立即应用。
023431.225: [02:34:31]要查看这些附加更新，请运行：apt list --upgradable
023431.225: [02:34:31]
023431.225: [02:34:31]启用 ESM Apps 来获取未来的额外安全更新
023431.225: [02:34:31]请参见 https://ubuntu.com/esm 或者运行: sudo pro status
023431.225: [02:34:31]
023431.226: [02:34:31]Last login: Wed Mar 25 02:29:18 2026 from 192.168.6.173
023944.257: [02:39:44][202603100-172.16.101.47-02:39:44]
023944.271: [02:39:44]Welcome to Ubuntu 24.04 LTS (GNU/Linux 6.8.0-31-generic x86_64)
023944.271: [02:39:44]
023944.272: [02:39:44] * Documentation:  https://help.ubuntu.com
023944.272: [02:39:44] * Management:     https://landscape.canonical.com
023944.272: [02:39:44] * Support:        https://ubuntu.com/pro
023944.272: [02:39:44]
023944.272: [02:39:44]扩展安全维护（ESM）Applications 未启用。
023944.272: [02:39:44]
023944.273: [02:39:44]321 更新可以立即应用。
023944.273: [02:39:44]要查看这些附加更新，请运行：apt list --upgradable
023944.273: [02:39:44]
023944.273: [02:39:44]启用 ESM Apps 来获取未来的额外安全更新
023944.273: [02:39:44]请参见 https://ubuntu.com/esm 或者运行: sudo pro status
023944.273: [02:39:44]
023944.274: [02:39:44]Last login: Wed Mar 25 02:34:31 2026 from 192.168.6.173
024455.228: [02:44:55][202603100-172.16.101.47-02:44:55]
024455.250: [02:44:55]Welcome to Ubuntu 24.04 LTS (GNU/Linux 6.8.0-31-generic x86_64)
024455.250: [02:44:55]
024455.250: [02:44:55] * Documentation:  https://help.ubuntu.com
024455.250: [02:44:55] * Management:     https://landscape.canonical.com
024455.250: [02:44:55] * Support:        https://ubuntu.com/pro
024455.250: [02:44:55]
024455.251: [02:44:55]扩展安全维护（ESM）Applications 未启用。
024455.251: [02:44:55]
024455.251: [02:44:55]321 更新可以立即应用。
024455.251: [02:44:55]要查看这些附加更新，请运行：apt list --upgradable
024455.251: [02:44:55]
024455.252: [02:44:55]启用 ESM Apps 来获取未来的额外安全更新
024455.252: [02:44:55]请参见 https://ubuntu.com/esm 或者运行: sudo pro status
024455.252: [02:44:55]
024455.253: [02:44:55]Last login: Wed Mar 25 02:39:44 2026 from 192.168.6.173
025008.241: [02:50:08][202603100-172.16.101.47-02:50:08]
025008.251: [02:50:08]Welcome to Ubuntu 24.04 LTS (GNU/Linux 6.8.0-31-generic x86_64)
025008.251: [02:50:08]
025008.251: [02:50:08] * Documentation:  https://help.ubuntu.com
025008.252: [02:50:08] * Management:     https://landscape.canonical.com
025008.252: [02:50:08] * Support:        https://ubuntu.com/pro
025008.252: [02:50:08]
025008.252: [02:50:08]扩展安全维护（ESM）Applications 未启用。
025008.252: [02:50:08]
025008.252: [02:50:08]321 更新可以立即应用。
025008.253: [02:50:08]要查看这些附加更新，请运行：apt list --upgradable
025008.253: [02:50:08]
025008.253: [02:50:08]启用 ESM Apps 来获取未来的额外安全更新
025008.253: [02:50:08]请参见 https://ubuntu.com/esm 或者运行: sudo pro status
025008.253: [02:50:08]
025008.253: [02:50:08]Last login: Wed Mar 25 02:44:55 2026 from 192.168.6.173
025523.211: [02:55:23][202603100-172.16.101.47-02:55:23]
025523.235: [02:55:23]Welcome to Ubuntu 24.04 LTS (GNU/Linux 6.8.0-31-generic x86_64)
025523.235: [02:55:23]
025523.235: [02:55:23] * Documentation:  https://help.ubuntu.com
025523.236: [02:55:23] * Management:     https://landscape.canonical.com
025523.236: [02:55:23] * Support:        https://ubuntu.com/pro
025523.236: [02:55:23]
025523.236: [02:55:23]扩展安全维护（ESM）Applications 未启用。
025523.236: [02:55:23]
025523.236: [02:55:23]321 更新可以立即应用。
025523.236: [02:55:23]要查看这些附加更新，请运行：apt list --upgradable
025523.236: [02:55:23]
025523.237: [02:55:23]启用 ESM Apps 来获取未来的额外安全更新
025523.237: [02:55:23]请参见 https://ubuntu.com/esm 或者运行: sudo pro status
025523.237: [02:55:23]
025523.237: [02:55:23]Last login: Wed Mar 25 02:50:08 2026 from 192.168.6.173
030034.730: [03:00:34][202603100-172.16.101.47-03:00:34]
030034.738: [03:00:34]Welcome to Ubuntu 24.04 LTS (GNU/Linux 6.8.0-31-generic x86_64)
030034.738: [03:00:34]
030034.739: [03:00:34] * Documentation:  https://help.ubuntu.com
030034.739: [03:00:34] * Management:     https://landscape.canonical.com
030034.739: [03:00:34] * Support:        https://ubuntu.com/pro
030034.739: [03:00:34]
030034.739: [03:00:34]扩展安全维护（ESM）Applications 未启用。
030034.739: [03:00:34]
030034.740: [03:00:34]321 更新可以立即应用。
030034.740: [03:00:34]要查看这些附加更新，请运行：apt list --upgradable
030034.740: [03:00:34]
030034.740: [03:00:34]启用 ESM Apps 来获取未来的额外安全更新
030034.740: [03:00:34]请参见 https://ubuntu.com/esm 或者运行: sudo pro status
030034.740: [03:00:34]
030034.741: [03:00:34]Last login: Wed Mar 25 02:55:23 2026 from 192.168.6.173
030546.246: [03:05:46][202603100-172.16.101.47-03:05:46]
030546.258: [03:05:46]Welcome to Ubuntu 24.04 LTS (GNU/Linux 6.8.0-31-generic x86_64)
030546.258: [03:05:46]
030546.258: [03:05:46] * Documentation:  https://help.ubuntu.com
030546.258: [03:05:46] * Management:     https://landscape.canonical.com
030546.258: [03:05:46] * Support:        https://ubuntu.com/pro
030546.258: [03:05:46]
030546.258: [03:05:46]扩展安全维护（ESM）Applications 未启用。
030546.258: [03:05:46]
030546.258: [03:05:46]321 更新可以立即应用。
030546.259: [03:05:46]要查看这些附加更新，请运行：apt list --upgradable
030546.259: [03:05:46]
030546.259: [03:05:46]启用 ESM Apps 来获取未来的额外安全更新
030546.259: [03:05:46]请参见 https://ubuntu.com/esm 或者运行: sudo pro status
030546.259: [03:05:46]
030546.259: [03:05:46]Last login: Wed Mar 25 03:00:34 2026 from 192.168.6.173
031059.723: [03:10:59][202603100-172.16.101.47-03:10:59]
031059.736: [03:10:59]Welcome to Ubuntu 24.04 LTS (GNU/Linux 6.8.0-31-generic x86_64)
031059.736: [03:10:59]
031059.736: [03:10:59] * Documentation:  https://help.ubuntu.com
031059.736: [03:10:59] * Management:     https://landscape.canonical.com
031059.736: [03:10:59] * Support:        https://ubuntu.com/pro
031059.736: [03:10:59]
031059.737: [03:10:59]扩展安全维护（ESM）Applications 未启用。
031059.737: [03:10:59]
031059.737: [03:10:59]321 更新可以立即应用。
031059.737: [03:10:59]要查看这些附加更新，请运行：apt list --upgradable
031059.737: [03:10:59]
031059.737: [03:10:59]启用 ESM Apps 来获取未来的额外安全更新
031059.738: [03:10:59]请参见 https://ubuntu.com/esm 或者运行: sudo pro status
031059.738: [03:10:59]
031059.738: [03:10:59]Last login: Wed Mar 25 03:05:46 2026 from 192.168.6.173
031608.732: [03:16:08][202603100-172.16.101.47-03:16:08]
031608.744: [03:16:08]Welcome to Ubuntu 24.04 LTS (GNU/Linux 6.8.0-31-generic x86_64)
031608.744: [03:16:08]
031608.744: [03:16:08] * Documentation:  https://help.ubuntu.com
031608.745: [03:16:08] * Management:     https://landscape.canonical.com
031608.745: [03:16:08] * Support:        https://ubuntu.com/pro
031608.745: [03:16:08]
031608.745: [03:16:08]扩展安全维护（ESM）Applications 未启用。
031608.745: [03:16:08]
031608.745: [03:16:08]321 更新可以立即应用。
031608.746: [03:16:08]要查看这些附加更新，请运行：apt list --upgradable
031608.746: [03:16:08]
031608.746: [03:16:08]启用 ESM Apps 来获取未来的额外安全更新
031608.746: [03:16:08]请参见 https://ubuntu.com/esm 或者运行: sudo pro status
031608.746: [03:16:08]
031608.747: [03:16:08]Last login: Wed Mar 25 03:10:59 2026 from 192.168.6.173
032118.704: [03:21:18][202603100-172.16.101.47-03:21:18]
032118.714: [03:21:18]Welcome to Ubuntu 24.04 LTS (GNU/Linux 6.8.0-31-generic x86_64)
032118.715: [03:21:18]
032118.715: [03:21:18] * Documentation:  https://help.ubuntu.com
032118.715: [03:21:18] * Management:     https://landscape.canonical.com
032118.715: [03:21:18] * Support:        https://ubuntu.com/pro
032118.715: [03:21:18]
032118.715: [03:21:18]扩展安全维护（ESM）Applications 未启用。
032118.715: [03:21:18]
032118.715: [03:21:18]321 更新可以立即应用。
032118.715: [03:21:18]要查看这些附加更新，请运行：apt list --upgradable
032118.715: [03:21:18]
032118.715: [03:21:18]启用 ESM Apps 来获取未来的额外安全更新
032118.715: [03:21:18]请参见 https://ubuntu.com/esm 或者运行: sudo pro status
032118.715: [03:21:18]
032118.715: [03:21:18]Last login: Wed Mar 25 03:16:08 2026 from 192.168.6.173
032630.222: [03:26:30][202603100-172.16.101.47-03:26:30]
032630.248: [03:26:30]Welcome to Ubuntu 24.04 LTS (GNU/Linux 6.8.0-31-generic x86_64)
032630.248: [03:26:30]
032630.248: [03:26:30] * Documentation:  https://help.ubuntu.com
032630.248: [03:26:30] * Management:     https://landscape.canonical.com
032630.249: [03:26:30] * Support:        https://ubuntu.com/pro
032630.249: [03:26:30]
032630.249: [03:26:30]扩展安全维护（ESM）Applications 未启用。
032630.249: [03:26:30]
032630.249: [03:26:30]321 更新可以立即应用。
032630.249: [03:26:30]要查看这些附加更新，请运行：apt list --upgradable
032630.249: [03:26:30]
032630.250: [03:26:30]启用 ESM Apps 来获取未来的额外安全更新
032630.250: [03:26:30]请参见 https://ubuntu.com/esm 或者运行: sudo pro status
032630.250: [03:26:30]
032630.250: [03:26:30]Last login: Wed Mar 25 03:21:18 2026 from 192.168.6.173
033139.704: [03:31:39][202603100-172.16.101.47-03:31:39]
033139.714: [03:31:39]Welcome to Ubuntu 24.04 LTS (GNU/Linux 6.8.0-31-generic x86_64)
033139.714: [03:31:39]
033139.714: [03:31:39] * Documentation:  https://help.ubuntu.com
033139.714: [03:31:39] * Management:     https://landscape.canonical.com
033139.714: [03:31:39] * Support:        https://ubuntu.com/pro
033139.714: [03:31:39]
033139.714: [03:31:39]扩展安全维护（ESM）Applications 未启用。
033139.714: [03:31:39]
033139.715: [03:31:39]321 更新可以立即应用。
033139.715: [03:31:39]要查看这些附加更新，请运行：apt list --upgradable
033139.715: [03:31:39]
033139.715: [03:31:39]启用 ESM Apps 来获取未来的额外安全更新
033139.715: [03:31:39]请参见 https://ubuntu.com/esm 或者运行: sudo pro status
033139.715: [03:31:39]
033139.715: [03:31:39]Last login: Wed Mar 25 03:26:30 2026 from 192.168.6.173
033654.230: [03:36:54][202603100-172.16.101.47-03:36:54]
033654.241: [03:36:54]Welcome to Ubuntu 24.04 LTS (GNU/Linux 6.8.0-31-generic x86_64)
033654.241: [03:36:54]
033654.241: [03:36:54] * Documentation:  https://help.ubuntu.com
033654.242: [03:36:54] * Management:     https://landscape.canonical.com
033654.242: [03:36:54] * Support:        https://ubuntu.com/pro
033654.242: [03:36:54]
033654.242: [03:36:54]扩展安全维护（ESM）Applications 未启用。
033654.242: [03:36:54]
033654.242: [03:36:54]321 更新可以立即应用。
033654.242: [03:36:54]要查看这些附加更新，请运行：apt list --upgradable
033654.242: [03:36:54]
033654.242: [03:36:54]启用 ESM Apps 来获取未来的额外安全更新
033654.242: [03:36:54]请参见 https://ubuntu.com/esm 或者运行: sudo pro status
033654.242: [03:36:54]
033654.242: [03:36:54]Last login: Wed Mar 25 03:31:39 2026 from 192.168.6.173
034150.717: [03:41:50][202603100-172.16.101.47-03:41:50]
034150.727: [03:41:50]Welcome to Ubuntu 24.04 LTS (GNU/Linux 6.8.0-31-generic x86_64)
034150.727: [03:41:50]
034150.728: [03:41:50] * Documentation:  https://help.ubuntu.com
034150.728: [03:41:50] * Management:     https://landscape.canonical.com
034150.728: [03:41:50] * Support:        https://ubuntu.com/pro
034150.728: [03:41:50]
034150.728: [03:41:50]扩展安全维护（ESM）Applications 未启用。
034150.728: [03:41:50]
034150.729: [03:41:50]321 更新可以立即应用。
034150.729: [03:41:50]要查看这些附加更新，请运行：apt list --upgradable
034150.729: [03:41:50]
034150.729: [03:41:50]启用 ESM Apps 来获取未来的额外安全更新
034150.729: [03:41:50]请参见 https://ubuntu.com/esm 或者运行: sudo pro status
034150.729: [03:41:50]
034150.730: [03:41:50]Last login: Wed Mar 25 03:36:54 2026 from 192.168.6.173
034700.248: [03:47:00][202603100-172.16.101.47-03:47:00]
034700.270: [03:47:00]Welcome to Ubuntu 24.04 LTS (GNU/Linux 6.8.0-31-generic x86_64)
034700.270: [03:47:00]
034700.270: [03:47:00] * Documentation:  https://help.ubuntu.com
034700.271: [03:47:00] * Management:     https://landscape.canonical.com
034700.271: [03:47:00] * Support:        https://ubuntu.com/pro
034700.271: [03:47:00]
034700.271: [03:47:00]扩展安全维护（ESM）Applications 未启用。
034700.271: [03:47:00]
034700.271: [03:47:00]321 更新可以立即应用。
034700.272: [03:47:00]要查看这些附加更新，请运行：apt list --upgradable
034700.272: [03:47:00]
034700.272: [03:47:00]启用 ESM Apps 来获取未来的额外安全更新
034700.272: [03:47:00]请参见 https://ubuntu.com/esm 或者运行: sudo pro status
034700.272: [03:47:00]
034700.272: [03:47:00]Last login: Wed Mar 25 03:41:50 2026 from 192.168.6.173
035242.188: [03:52:42][202603100-172.16.101.47-03:52:42]
035242.198: [03:52:42]Welcome to Ubuntu 24.04 LTS (GNU/Linux 6.8.0-31-generic x86_64)
035242.198: [03:52:42]
035242.198: [03:52:42] * Documentation:  https://help.ubuntu.com
035242.198: [03:52:42] * Management:     https://landscape.canonical.com
035242.198: [03:52:42] * Support:        https://ubuntu.com/pro
035242.198: [03:52:42]
035242.198: [03:52:42]扩展安全维护（ESM）Applications 未启用。
035242.198: [03:52:42]
035242.199: [03:52:42]321 更新可以立即应用。
035242.199: [03:52:42]要查看这些附加更新，请运行：apt list --upgradable
035242.199: [03:52:42]
035242.199: [03:52:42]启用 ESM Apps 来获取未来的额外安全更新
035242.199: [03:52:42]请参见 https://ubuntu.com/esm 或者运行: sudo pro status
035242.199: [03:52:42]
035242.199: [03:52:42]Last login: Wed Mar 25 03:47:00 2026 from 192.168.6.173
035729.228: [03:57:29][202603100-172.16.101.47-03:57:29]
035729.237: [03:57:29]Welcome to Ubuntu 24.04 LTS (GNU/Linux 6.8.0-31-generic x86_64)
035729.237: [03:57:29]
035729.237: [03:57:29] * Documentation:  https://help.ubuntu.com
035729.237: [03:57:29] * Management:     https://landscape.canonical.com
035729.237: [03:57:29] * Support:        https://ubuntu.com/pro
035729.237: [03:57:29]
035729.238: [03:57:29]扩展安全维护（ESM）Applications 未启用。
035729.238: [03:57:29]
035729.238: [03:57:29]321 更新可以立即应用。
035729.238: [03:57:29]要查看这些附加更新，请运行：apt list --upgradable
035729.238: [03:57:29]
035729.238: [03:57:29]启用 ESM Apps 来获取未来的额外安全更新
035729.238: [03:57:29]请参见 https://ubuntu.com/esm 或者运行: sudo pro status
035729.238: [03:57:29]
035729.238: [03:57:29]Last login: Wed Mar 25 03:52:42 2026 from 192.168.6.173
040241.208: [04:02:41][202603100-172.16.101.47-04:02:41]
040241.232: [04:02:41]Welcome to Ubuntu 24.04 LTS (GNU/Linux 6.8.0-31-generic x86_64)
040241.232: [04:02:41]
040241.232: [04:02:41] * Documentation:  https://help.ubuntu.com
040241.232: [04:02:41] * Management:     https://landscape.canonical.com
040241.233: [04:02:41] * Support:        https://ubuntu.com/pro
040241.233: [04:02:41]
040241.233: [04:02:41]扩展安全维护（ESM）Applications 未启用。
040241.233: [04:02:41]
040241.233: [04:02:41]321 更新可以立即应用。
040241.233: [04:02:41]要查看这些附加更新，请运行：apt list --upgradable
040241.233: [04:02:41]
040241.233: [04:02:41]启用 ESM Apps 来获取未来的额外安全更新
040241.233: [04:02:41]请参见 https://ubuntu.com/esm 或者运行: sudo pro status
040241.233: [04:02:41]
040241.233: [04:02:41]Last login: Wed Mar 25 03:57:29 2026 from 192.168.6.173
040755.195: [04:07:55][202603100-172.16.101.47-04:07:55]
040755.205: [04:07:55]Welcome to Ubuntu 24.04 LTS (GNU/Linux 6.8.0-31-generic x86_64)
040755.205: [04:07:55]
040755.205: [04:07:55] * Documentation:  https://help.ubuntu.com
040755.205: [04:07:55] * Management:     https://landscape.canonical.com
040755.206: [04:07:55] * Support:        https://ubuntu.com/pro
040755.206: [04:07:55]
040755.206: [04:07:55]扩展安全维护（ESM）Applications 未启用。
040755.206: [04:07:55]
040755.206: [04:07:55]321 更新可以立即应用。
040755.206: [04:07:55]要查看这些附加更新，请运行：apt list --upgradable
040755.206: [04:07:55]
040755.207: [04:07:55]启用 ESM Apps 来获取未来的额外安全更新
040755.207: [04:07:55]请参见 https://ubuntu.com/esm 或者运行: sudo pro status
040755.207: [04:07:55]
040755.207: [04:07:55]Last login: Wed Mar 25 04:02:41 2026 from 192.168.6.173
041310.213: [04:13:10][202603100-172.16.101.47-04:13:10]
041310.225: [04:13:10]Welcome to Ubuntu 24.04 LTS (GNU/Linux 6.8.0-31-generic x86_64)
041310.225: [04:13:10]
041310.225: [04:13:10] * Documentation:  https://help.ubuntu.com
041310.225: [04:13:10] * Management:     https://landscape.canonical.com
041310.225: [04:13:10] * Support:        https://ubuntu.com/pro
041310.225: [04:13:10]
041310.225: [04:13:10]扩展安全维护（ESM）Applications 未启用。
041310.225: [04:13:10]
041310.225: [04:13:10]321 更新可以立即应用。
041310.225: [04:13:10]要查看这些附加更新，请运行：apt list --upgradable
041310.225: [04:13:10]
041310.225: [04:13:10]启用 ESM Apps 来获取未来的额外安全更新
041310.225: [04:13:10]请参见 https://ubuntu.com/esm 或者运行: sudo pro status
041310.225: [04:13:10]
041310.226: [04:13:10]Last login: Wed Mar 25 04:07:55 2026 from 192.168.6.173
041808.219: [04:18:08][202603100-172.16.101.47-04:18:08]
041808.241: [04:18:08]Welcome to Ubuntu 24.04 LTS (GNU/Linux 6.8.0-31-generic x86_64)
041808.241: [04:18:08]
041808.241: [04:18:08] * Documentation:  https://help.ubuntu.com
041808.241: [04:18:08] * Management:     https://landscape.canonical.com
041808.241: [04:18:08] * Support:        https://ubuntu.com/pro
041808.241: [04:18:08]
041808.242: [04:18:08]扩展安全维护（ESM）Applications 未启用。
041808.242: [04:18:08]
041808.242: [04:18:08]321 更新可以立即应用。
041808.242: [04:18:08]要查看这些附加更新，请运行：apt list --upgradable
041808.242: [04:18:08]
041808.242: [04:18:08]启用 ESM Apps 来获取未来的额外安全更新
041808.243: [04:18:08]请参见 https://ubuntu.com/esm 或者运行: sudo pro status
041808.243: [04:18:08]
041808.243: [04:18:08]Last login: Wed Mar 25 04:13:10 2026 from 192.168.6.173
042322.237: [04:23:22][202603100-172.16.101.47-04:23:22]
042322.247: [04:23:22]Welcome to Ubuntu 24.04 LTS (GNU/Linux 6.8.0-31-generic x86_64)
042322.247: [04:23:22]
042322.247: [04:23:22] * Documentation:  https://help.ubuntu.com
042322.248: [04:23:22] * Management:     https://landscape.canonical.com
042322.248: [04:23:22] * Support:        https://ubuntu.com/pro
042322.248: [04:23:22]
042322.248: [04:23:22]扩展安全维护（ESM）Applications 未启用。
042322.248: [04:23:22]
042322.248: [04:23:22]321 更新可以立即应用。
042322.249: [04:23:22]要查看这些附加更新，请运行：apt list --upgradable
042322.249: [04:23:22]
042322.249: [04:23:22]启用 ESM Apps 来获取未来的额外安全更新
042322.249: [04:23:22]请参见 https://ubuntu.com/esm 或者运行: sudo pro status
042322.249: [04:23:22]
042322.249: [04:23:22]Last login: Wed Mar 25 04:18:08 2026 from 192.168.6.173
042835.173: [04:28:35][202603100-172.16.101.47-04:28:35]
042835.188: [04:28:35]Welcome to Ubuntu 24.04 LTS (GNU/Linux 6.8.0-31-generic x86_64)
042835.188: [04:28:35]
042835.188: [04:28:35] * Documentation:  https://help.ubuntu.com
042835.188: [04:28:35] * Management:     https://landscape.canonical.com
042835.188: [04:28:35] * Support:        https://ubuntu.com/pro
042835.188: [04:28:35]
042835.189: [04:28:35]扩展安全维护（ESM）Applications 未启用。
042835.189: [04:28:35]
042835.189: [04:28:35]321 更新可以立即应用。
042835.189: [04:28:35]要查看这些附加更新，请运行：apt list --upgradable
042835.189: [04:28:35]
042835.189: [04:28:35]启用 ESM Apps 来获取未来的额外安全更新
042835.190: [04:28:35]请参见 https://ubuntu.com/esm 或者运行: sudo pro status
042835.190: [04:28:35]
042835.190: [04:28:35]Last login: Wed Mar 25 04:23:22 2026 from 192.168.6.173
043352.227: [04:33:52][202603100-172.16.101.47-04:33:52]
043352.245: [04:33:52]Welcome to Ubuntu 24.04 LTS (GNU/Linux 6.8.0-31-generic x86_64)
043352.245: [04:33:52]
043352.245: [04:33:52] * Documentation:  https://help.ubuntu.com
043352.245: [04:33:52] * Management:     https://landscape.canonical.com
043352.246: [04:33:52] * Support:        https://ubuntu.com/pro
043352.246: [04:33:52]
043352.246: [04:33:52]扩展安全维护（ESM）Applications 未启用。
043352.246: [04:33:52]
043352.246: [04:33:52]321 更新可以立即应用。
043352.246: [04:33:52]要查看这些附加更新，请运行：apt list --upgradable
043352.246: [04:33:52]
043352.247: [04:33:52]启用 ESM Apps 来获取未来的额外安全更新
043352.247: [04:33:52]请参见 https://ubuntu.com/esm 或者运行: sudo pro status
043352.247: [04:33:52]
043352.247: [04:33:52]Last login: Wed Mar 25 04:28:35 2026 from 192.168.6.173
043904.734: [04:39:04][202603100-172.16.101.47-04:39:04]
043904.745: [04:39:04]Welcome to Ubuntu 24.04 LTS (GNU/Linux 6.8.0-31-generic x86_64)
043904.745: [04:39:04]
043904.745: [04:39:04] * Documentation:  https://help.ubuntu.com
043904.745: [04:39:04] * Management:     https://landscape.canonical.com
043904.745: [04:39:04] * Support:        https://ubuntu.com/pro
043904.745: [04:39:04]
043904.745: [04:39:04]扩展安全维护（ESM）Applications 未启用。
043904.745: [04:39:04]
043904.745: [04:39:04]321 更新可以立即应用。
043904.745: [04:39:04]要查看这些附加更新，请运行：apt list --upgradable
043904.745: [04:39:04]
043904.745: [04:39:04]启用 ESM Apps 来获取未来的额外安全更新
043904.745: [04:39:04]请参见 https://ubuntu.com/esm 或者运行: sudo pro status
043904.745: [04:39:04]
043904.746: [04:39:04]Last login: Wed Mar 25 04:33:52 2026 from 192.168.6.173
044417.227: [04:44:17][202603100-172.16.101.47-04:44:17]
044417.239: [04:44:17]Welcome to Ubuntu 24.04 LTS (GNU/Linux 6.8.0-31-generic x86_64)
044417.239: [04:44:17]
044417.239: [04:44:17] * Documentation:  https://help.ubuntu.com
044417.240: [04:44:17] * Management:     https://landscape.canonical.com
044417.240: [04:44:17] * Support:        https://ubuntu.com/pro
044417.240: [04:44:17]
044417.240: [04:44:17]扩展安全维护（ESM）Applications 未启用。
044417.240: [04:44:17]
044417.240: [04:44:17]321 更新可以立即应用。
044417.241: [04:44:17]要查看这些附加更新，请运行：apt list --upgradable
044417.241: [04:44:17]
044417.241: [04:44:17]启用 ESM Apps 来获取未来的额外安全更新
044417.241: [04:44:17]请参见 https://ubuntu.com/esm 或者运行: sudo pro status
044417.241: [04:44:17]
044417.241: [04:44:17]Last login: Wed Mar 25 04:39:04 2026 from 192.168.6.173
044928.262: [04:49:28][202603100-172.16.101.47-04:49:28]
044928.276: [04:49:28]Welcome to Ubuntu 24.04 LTS (GNU/Linux 6.8.0-31-generic x86_64)
044928.277: [04:49:28]
044928.277: [04:49:28] * Documentation:  https://help.ubuntu.com
044928.277: [04:49:28] * Management:     https://landscape.canonical.com
044928.277: [04:49:28] * Support:        https://ubuntu.com/pro
044928.277: [04:49:28]
044928.278: [04:49:28]扩展安全维护（ESM）Applications 未启用。
044928.278: [04:49:28]
044928.278: [04:49:28]321 更新可以立即应用。
044928.278: [04:49:28]要查看这些附加更新，请运行：apt list --upgradable
044928.278: [04:49:28]
044928.278: [04:49:28]启用 ESM Apps 来获取未来的额外安全更新
044928.279: [04:49:28]请参见 https://ubuntu.com/esm 或者运行: sudo pro status
044928.279: [04:49:28]
044928.279: [04:49:28]Last login: Wed Mar 25 04:44:17 2026 from 192.168.6.173
045427.717: [04:54:27][202603100-172.16.101.47-04:54:27]
045427.726: [04:54:27]Welcome to Ubuntu 24.04 LTS (GNU/Linux 6.8.0-31-generic x86_64)
045427.726: [04:54:27]
045427.727: [04:54:27] * Documentation:  https://help.ubuntu.com
045427.727: [04:54:27] * Management:     https://landscape.canonical.com
045427.727: [04:54:27] * Support:        https://ubuntu.com/pro
045427.727: [04:54:27]
045427.727: [04:54:27]扩展安全维护（ESM）Applications 未启用。
045427.727: [04:54:27]
045427.728: [04:54:27]321 更新可以立即应用。
045427.728: [04:54:27]要查看这些附加更新，请运行：apt list --upgradable
045427.728: [04:54:27]
045427.728: [04:54:27]启用 ESM Apps 来获取未来的额外安全更新
045427.728: [04:54:27]请参见 https://ubuntu.com/esm 或者运行: sudo pro status
045427.728: [04:54:27]
045427.729: [04:54:27]Last login: Wed Mar 25 04:49:28 2026 from 192.168.6.173
045940.718: [04:59:40][202603100-172.16.101.47-04:59:40]
045940.727: [04:59:40]Welcome to Ubuntu 24.04 LTS (GNU/Linux 6.8.0-31-generic x86_64)
045940.728: [04:59:40]
045940.728: [04:59:40] * Documentation:  https://help.ubuntu.com
045940.728: [04:59:40] * Management:     https://landscape.canonical.com
045940.728: [04:59:40] * Support:        https://ubuntu.com/pro
045940.728: [04:59:40]
045940.728: [04:59:40]扩展安全维护（ESM）Applications 未启用。
045940.728: [04:59:40]
045940.729: [04:59:40]321 更新可以立即应用。
045940.729: [04:59:40]要查看这些附加更新，请运行：apt list --upgradable
045940.729: [04:59:40]
045940.729: [04:59:40]启用 ESM Apps 来获取未来的额外安全更新
045940.729: [04:59:40]请参见 https://ubuntu.com/esm 或者运行: sudo pro status
045940.730: [04:59:40]
045940.730: [04:59:40]Last login: Wed Mar 25 04:54:27 2026 from 192.168.6.173
050452.725: [05:04:52][202603100-172.16.101.47-05:04:52]
050452.740: [05:04:52]Welcome to Ubuntu 24.04 LTS (GNU/Linux 6.8.0-31-generic x86_64)
050452.740: [05:04:52]
050452.740: [05:04:52] * Documentation:  https://help.ubuntu.com
050452.740: [05:04:52] * Management:     https://landscape.canonical.com
050452.740: [05:04:52] * Support:        https://ubuntu.com/pro
050452.740: [05:04:52]
050452.741: [05:04:52]扩展安全维护（ESM）Applications 未启用。
050452.741: [05:04:52]
050452.741: [05:04:52]321 更新可以立即应用。
050452.741: [05:04:52]要查看这些附加更新，请运行：apt list --upgradable
050452.741: [05:04:52]
050452.741: [05:04:52]启用 ESM Apps 来获取未来的额外安全更新
050452.742: [05:04:52]请参见 https://ubuntu.com/esm 或者运行: sudo pro status
050452.742: [05:04:52]
050452.742: [05:04:52]Last login: Wed Mar 25 04:59:40 2026 from 192.168.6.173
051007.236: [05:10:07][202603100-172.16.101.47-05:10:07]
051007.262: [05:10:07]Welcome to Ubuntu 24.04 LTS (GNU/Linux 6.8.0-31-generic x86_64)
051007.262: [05:10:07]
051007.262: [05:10:07] * Documentation:  https://help.ubuntu.com
051007.263: [05:10:07] * Management:     https://landscape.canonical.com
051007.263: [05:10:07] * Support:        https://ubuntu.com/pro
051007.263: [05:10:07]
051007.263: [05:10:07]扩展安全维护（ESM）Applications 未启用。
051007.263: [05:10:07]
051007.263: [05:10:07]321 更新可以立即应用。
051007.263: [05:10:07]要查看这些附加更新，请运行：apt list --upgradable
051007.263: [05:10:07]
051007.263: [05:10:07]启用 ESM Apps 来获取未来的额外安全更新
051007.263: [05:10:07]请参见 https://ubuntu.com/esm 或者运行: sudo pro status
051007.263: [05:10:07]
051007.263: [05:10:07]Last login: Wed Mar 25 05:04:52 2026 from 192.168.6.173
051509.731: [05:15:09][202603100-172.16.101.47-05:15:09]
051509.742: [05:15:09]Welcome to Ubuntu 24.04 LTS (GNU/Linux 6.8.0-31-generic x86_64)
051509.742: [05:15:09]
051509.742: [05:15:09] * Documentation:  https://help.ubuntu.com
051509.742: [05:15:09] * Management:     https://landscape.canonical.com
051509.743: [05:15:09] * Support:        https://ubuntu.com/pro
051509.743: [05:15:09]
051509.743: [05:15:09]扩展安全维护（ESM）Applications 未启用。
051509.743: [05:15:09]
051509.743: [05:15:09]321 更新可以立即应用。
051509.743: [05:15:09]要查看这些附加更新，请运行：apt list --upgradable
051509.743: [05:15:09]
051509.744: [05:15:09]启用 ESM Apps 来获取未来的额外安全更新
051509.744: [05:15:09]请参见 https://ubuntu.com/esm 或者运行: sudo pro status
051509.744: [05:15:09]
051509.744: [05:15:09]Last login: Wed Mar 25 05:10:07 2026 from 192.168.6.173
052025.226: [05:20:25][202603100-172.16.101.47-05:20:25]
052025.242: [05:20:25]Welcome to Ubuntu 24.04 LTS (GNU/Linux 6.8.0-31-generic x86_64)
052025.242: [05:20:25]
052025.243: [05:20:25] * Documentation:  https://help.ubuntu.com
052025.243: [05:20:25] * Management:     https://landscape.canonical.com
052025.243: [05:20:25] * Support:        https://ubuntu.com/pro
052025.243: [05:20:25]
052025.243: [05:20:25]扩展安全维护（ESM）Applications 未启用。
052025.243: [05:20:25]
052025.243: [05:20:25]321 更新可以立即应用。
052025.243: [05:20:25]要查看这些附加更新，请运行：apt list --upgradable
052025.243: [05:20:25]
052025.243: [05:20:25]启用 ESM Apps 来获取未来的额外安全更新
052025.243: [05:20:25]请参见 https://ubuntu.com/esm 或者运行: sudo pro status
052025.243: [05:20:25]
052025.244: [05:20:25]Last login: Wed Mar 25 05:15:09 2026 from 192.168.6.173
052535.686: [05:25:35][202603100-172.16.101.47-05:25:35]
052535.699: [05:25:35]Welcome to Ubuntu 24.04 LTS (GNU/Linux 6.8.0-31-generic x86_64)
052535.699: [05:25:35]
052535.699: [05:25:35] * Documentation:  https://help.ubuntu.com
052535.699: [05:25:35] * Management:     https://landscape.canonical.com
052535.700: [05:25:35] * Support:        https://ubuntu.com/pro
052535.700: [05:25:35]
052535.700: [05:25:35]扩展安全维护（ESM）Applications 未启用。
052535.700: [05:25:35]
052535.700: [05:25:35]321 更新可以立即应用。
052535.700: [05:25:35]要查看这些附加更新，请运行：apt list --upgradable
052535.700: [05:25:35]
052535.701: [05:25:35]启用 ESM Apps 来获取未来的额外安全更新
052535.701: [05:25:35]请参见 https://ubuntu.com/esm 或者运行: sudo pro status
052535.701: [05:25:35]
052535.701: [05:25:35]Last login: Wed Mar 25 05:20:25 2026 from 192.168.6.173
053049.194: [05:30:49][202603100-172.16.101.47-05:30:49]
053049.204: [05:30:49]Welcome to Ubuntu 24.04 LTS (GNU/Linux 6.8.0-31-generic x86_64)
053049.204: [05:30:49]
053049.204: [05:30:49] * Documentation:  https://help.ubuntu.com
053049.204: [05:30:49] * Management:     https://landscape.canonical.com
053049.204: [05:30:49] * Support:        https://ubuntu.com/pro
053049.205: [05:30:49]
053049.205: [05:30:49]扩展安全维护（ESM）Applications 未启用。
053049.205: [05:30:49]
053049.205: [05:30:49]321 更新可以立即应用。
053049.205: [05:30:49]要查看这些附加更新，请运行：apt list --upgradable
053049.205: [05:30:49]
053049.205: [05:30:49]启用 ESM Apps 来获取未来的额外安全更新
053049.206: [05:30:49]请参见 https://ubuntu.com/esm 或者运行: sudo pro status
053049.206: [05:30:49]
053049.206: [05:30:49]Last login: Wed Mar 25 05:25:35 2026 from 192.168.6.173
053601.230: [05:36:01][202603100-172.16.101.47-05:36:01]
053601.244: [05:36:01]Welcome to Ubuntu 24.04 LTS (GNU/Linux 6.8.0-31-generic x86_64)
053601.244: [05:36:01]
053601.244: [05:36:01] * Documentation:  https://help.ubuntu.com
053601.245: [05:36:01] * Management:     https://landscape.canonical.com
053601.245: [05:36:01] * Support:        https://ubuntu.com/pro
053601.245: [05:36:01]
053601.245: [05:36:01]扩展安全维护（ESM）Applications 未启用。
053601.245: [05:36:01]
053601.245: [05:36:01]321 更新可以立即应用。
053601.245: [05:36:01]要查看这些附加更新，请运行：apt list --upgradable
053601.246: [05:36:01]
053601.246: [05:36:01]启用 ESM Apps 来获取未来的额外安全更新
053601.246: [05:36:01]请参见 https://ubuntu.com/esm 或者运行: sudo pro status
053601.246: [05:36:01]
053601.247: [05:36:01]Last login: Wed Mar 25 05:30:49 2026 from 192.168.6.173
054115.212: [05:41:15][202603100-172.16.101.47-05:41:15]
054115.221: [05:41:15]Welcome to Ubuntu 24.04 LTS (GNU/Linux 6.8.0-31-generic x86_64)
054115.221: [05:41:15]
054115.221: [05:41:15] * Documentation:  https://help.ubuntu.com
054115.222: [05:41:15] * Management:     https://landscape.canonical.com
054115.222: [05:41:15] * Support:        https://ubuntu.com/pro
054115.222: [05:41:15]
054115.222: [05:41:15]扩展安全维护（ESM）Applications 未启用。
054115.222: [05:41:15]
054115.222: [05:41:15]321 更新可以立即应用。
054115.223: [05:41:15]要查看这些附加更新，请运行：apt list --upgradable
054115.223: [05:41:15]
054115.223: [05:41:15]启用 ESM Apps 来获取未来的额外安全更新
054115.223: [05:41:15]请参见 https://ubuntu.com/esm 或者运行: sudo pro status
054115.223: [05:41:15]
054115.224: [05:41:15]Last login: Wed Mar 25 05:36:01 2026 from 192.168.6.173
054623.204: [05:46:23][202603100-172.16.101.47-05:46:23]
054623.223: [05:46:23]Welcome to Ubuntu 24.04 LTS (GNU/Linux 6.8.0-31-generic x86_64)
054623.223: [05:46:23]
054623.223: [05:46:23] * Documentation:  https://help.ubuntu.com
054623.223: [05:46:23] * Management:     https://landscape.canonical.com
054623.223: [05:46:23] * Support:        https://ubuntu.com/pro
054623.223: [05:46:23]
054623.224: [05:46:23]扩展安全维护（ESM）Applications 未启用。
054623.224: [05:46:23]
054623.224: [05:46:23]321 更新可以立即应用。
054623.224: [05:46:23]要查看这些附加更新，请运行：apt list --upgradable
054623.224: [05:46:23]
054623.224: [05:46:23]启用 ESM Apps 来获取未来的额外安全更新
054623.225: [05:46:23]请参见 https://ubuntu.com/esm 或者运行: sudo pro status
054623.225: [05:46:23]
054623.225: [05:46:23]Last login: Wed Mar 25 05:41:15 2026 from 192.168.6.173
055135.735: [05:51:35][202603100-172.16.101.47-05:51:35]
055135.745: [05:51:35]Welcome to Ubuntu 24.04 LTS (GNU/Linux 6.8.0-31-generic x86_64)
055135.745: [05:51:35]
055135.745: [05:51:35] * Documentation:  https://help.ubuntu.com
055135.745: [05:51:35] * Management:     https://landscape.canonical.com
055135.745: [05:51:35] * Support:        https://ubuntu.com/pro
055135.745: [05:51:35]
055135.745: [05:51:35]扩展安全维护（ESM）Applications 未启用。
055135.745: [05:51:35]
055135.745: [05:51:35]321 更新可以立即应用。
055135.745: [05:51:35]要查看这些附加更新，请运行：apt list --upgradable
055135.745: [05:51:35]
055135.746: [05:51:35]启用 ESM Apps 来获取未来的额外安全更新
055135.746: [05:51:35]请参见 https://ubuntu.com/esm 或者运行: sudo pro status
055135.746: [05:51:35]
055135.746: [05:51:35]Last login: Wed Mar 25 05:46:23 2026 from 192.168.6.173
055648.720: [05:56:48][202603100-172.16.101.47-05:56:48]
055648.729: [05:56:48]Welcome to Ubuntu 24.04 LTS (GNU/Linux 6.8.0-31-generic x86_64)
055648.729: [05:56:48]
055648.729: [05:56:48] * Documentation:  https://help.ubuntu.com
055648.730: [05:56:48] * Management:     https://landscape.canonical.com
055648.730: [05:56:48] * Support:        https://ubuntu.com/pro
055648.730: [05:56:48]
055648.730: [05:56:48]扩展安全维护（ESM）Applications 未启用。
055648.730: [05:56:48]
055648.730: [05:56:48]321 更新可以立即应用。
055648.731: [05:56:48]要查看这些附加更新，请运行：apt list --upgradable
055648.731: [05:56:48]
055648.731: [05:56:48]启用 ESM Apps 来获取未来的额外安全更新
055648.731: [05:56:48]请参见 https://ubuntu.com/esm 或者运行: sudo pro status
055648.731: [05:56:48]
055648.731: [05:56:48]Last login: Wed Mar 25 05:51:35 2026 from 192.168.6.173
060151.705: [06:01:51][202603100-172.16.101.47-06:01:51]
060151.727: [06:01:51]Welcome to Ubuntu 24.04 LTS (GNU/Linux 6.8.0-31-generic x86_64)
060151.727: [06:01:51]
060151.727: [06:01:51] * Documentation:  https://help.ubuntu.com
060151.727: [06:01:51] * Management:     https://landscape.canonical.com
060151.727: [06:01:51] * Support:        https://ubuntu.com/pro
060151.727: [06:01:51]
060151.728: [06:01:51]扩展安全维护（ESM）Applications 未启用。
060151.728: [06:01:51]
060151.728: [06:01:51]321 更新可以立即应用。
060151.728: [06:01:51]要查看这些附加更新，请运行：apt list --upgradable
060151.728: [06:01:51]
060151.728: [06:01:51]启用 ESM Apps 来获取未来的额外安全更新
060151.729: [06:01:51]请参见 https://ubuntu.com/esm 或者运行: sudo pro status
060151.729: [06:01:51]
060151.729: [06:01:51]Last login: Wed Mar 25 05:56:48 2026 from 192.168.6.173
060702.676: [06:07:02][202603100-172.16.101.47-06:07:02]
060702.685: [06:07:02]Welcome to Ubuntu 24.04 LTS (GNU/Linux 6.8.0-31-generic x86_64)
060702.685: [06:07:02]
060702.685: [06:07:02] * Documentation:  https://help.ubuntu.com
060702.686: [06:07:02] * Management:     https://landscape.canonical.com
060702.686: [06:07:02] * Support:        https://ubuntu.com/pro
060702.686: [06:07:02]
060702.686: [06:07:02]扩展安全维护（ESM）Applications 未启用。
060702.686: [06:07:02]
060702.686: [06:07:02]321 更新可以立即应用。
060702.687: [06:07:02]要查看这些附加更新，请运行：apt list --upgradable
060702.687: [06:07:02]
060702.687: [06:07:02]启用 ESM Apps 来获取未来的额外安全更新
060702.687: [06:07:02]请参见 https://ubuntu.com/esm 或者运行: sudo pro status
060702.687: [06:07:02]
060702.688: [06:07:02]Last login: Wed Mar 25 06:01:51 2026 from 192.168.6.173
061214.723: [06:12:14][202603100-172.16.101.47-06:12:14]
061214.733: [06:12:14]Welcome to Ubuntu 24.04 LTS (GNU/Linux 6.8.0-31-generic x86_64)
061214.733: [06:12:14]
061214.733: [06:12:14] * Documentation:  https://help.ubuntu.com
061214.734: [06:12:14] * Management:     https://landscape.canonical.com
061214.734: [06:12:14] * Support:        https://ubuntu.com/pro
061214.734: [06:12:14]
061214.734: [06:12:14]扩展安全维护（ESM）Applications 未启用。
061214.734: [06:12:14]
061214.734: [06:12:14]321 更新可以立即应用。
061214.735: [06:12:14]要查看这些附加更新，请运行：apt list --upgradable
061214.735: [06:12:14]
061214.735: [06:12:14]启用 ESM Apps 来获取未来的额外安全更新
061214.735: [06:12:14]请参见 https://ubuntu.com/esm 或者运行: sudo pro status
061214.735: [06:12:14]
061214.736: [06:12:14]Last login: Wed Mar 25 06:07:02 2026 from 192.168.6.173
061727.209: [06:17:27][202603100-172.16.101.47-06:17:27]
061727.223: [06:17:27]Welcome to Ubuntu 24.04 LTS (GNU/Linux 6.8.0-31-generic x86_64)
061727.223: [06:17:27]
061727.223: [06:17:27] * Documentation:  https://help.ubuntu.com
061727.224: [06:17:27] * Management:     https://landscape.canonical.com
061727.224: [06:17:27] * Support:        https://ubuntu.com/pro
061727.224: [06:17:27]
061727.224: [06:17:27]扩展安全维护（ESM）Applications 未启用。
061727.224: [06:17:27]
061727.224: [06:17:27]321 更新可以立即应用。
061727.224: [06:17:27]要查看这些附加更新，请运行：apt list --upgradable
061727.224: [06:17:27]
061727.224: [06:17:27]启用 ESM Apps 来获取未来的额外安全更新
061727.224: [06:17:27]请参见 https://ubuntu.com/esm 或者运行: sudo pro status
061727.224: [06:17:27]
061727.224: [06:17:27]Last login: Wed Mar 25 06:12:14 2026 from 192.168.6.173
062240.717: [06:22:40][202603100-172.16.101.47-06:22:40]
062240.726: [06:22:40]Welcome to Ubuntu 24.04 LTS (GNU/Linux 6.8.0-31-generic x86_64)
062240.726: [06:22:40]
062240.726: [06:22:40] * Documentation:  https://help.ubuntu.com
062240.726: [06:22:40] * Management:     https://landscape.canonical.com
062240.726: [06:22:40] * Support:        https://ubuntu.com/pro
062240.726: [06:22:40]
062240.727: [06:22:40]扩展安全维护（ESM）Applications 未启用。
062240.727: [06:22:40]
062240.727: [06:22:40]321 更新可以立即应用。
062240.727: [06:22:40]要查看这些附加更新，请运行：apt list --upgradable
062240.727: [06:22:40]
062240.727: [06:22:40]启用 ESM Apps 来获取未来的额外安全更新
062240.728: [06:22:40]请参见 https://ubuntu.com/esm 或者运行: sudo pro status
062240.728: [06:22:40]
062240.728: [06:22:40]Last login: Wed Mar 25 06:17:27 2026 from 192.168.6.173
062752.308: [06:27:52][202603100-172.16.101.47-06:27:52]
062752.322: [06:27:52]Welcome to Ubuntu 24.04 LTS (GNU/Linux 6.8.0-31-generic x86_64)
062752.322: [06:27:52]
062752.322: [06:27:52] * Documentation:  https://help.ubuntu.com
062752.322: [06:27:52] * Management:     https://landscape.canonical.com
062752.322: [06:27:52] * Support:        https://ubuntu.com/pro
062752.322: [06:27:52]
062752.322: [06:27:52]扩展安全维护（ESM）Applications 未启用。
062752.322: [06:27:52]
062752.323: [06:27:52]321 更新可以立即应用。
062752.323: [06:27:52]要查看这些附加更新，请运行：apt list --upgradable
062752.323: [06:27:52]
062752.323: [06:27:52]启用 ESM Apps 来获取未来的额外安全更新
062752.323: [06:27:52]请参见 https://ubuntu.com/esm 或者运行: sudo pro status
062752.323: [06:27:52]
062752.323: [06:27:52]Last login: Wed Mar 25 06:22:40 2026 from 192.168.6.173
063311.220: [06:33:11][202603100-172.16.101.47-06:33:11]
063311.229: [06:33:11]Welcome to Ubuntu 24.04 LTS (GNU/Linux 6.8.0-31-generic x86_64)
063311.229: [06:33:11]
063311.229: [06:33:11] * Documentation:  https://help.ubuntu.com
063311.230: [06:33:11] * Management:     https://landscape.canonical.com
063311.230: [06:33:11] * Support:        https://ubuntu.com/pro
063311.230: [06:33:11]
063311.230: [06:33:11]扩展安全维护（ESM）Applications 未启用。
063311.230: [06:33:11]
063311.230: [06:33:11]321 更新可以立即应用。
063311.231: [06:33:11]要查看这些附加更新，请运行：apt list --upgradable
063311.231: [06:33:11]
063311.231: [06:33:11]启用 ESM Apps 来获取未来的额外安全更新
063311.231: [06:33:11]请参见 https://ubuntu.com/esm 或者运行: sudo pro status
063311.231: [06:33:11]
063311.231: [06:33:11]Last login: Wed Mar 25 06:27:52 2026 from 192.168.6.173
063810.227: [06:38:10][202603100-172.16.101.47-06:38:10]
063810.245: [06:38:10]Welcome to Ubuntu 24.04 LTS (GNU/Linux 6.8.0-31-generic x86_64)
063810.245: [06:38:10]
063810.245: [06:38:10] * Documentation:  https://help.ubuntu.com
063810.245: [06:38:10] * Management:     https://landscape.canonical.com
063810.245: [06:38:10] * Support:        https://ubuntu.com/pro
063810.245: [06:38:10]
063810.246: [06:38:10]扩展安全维护（ESM）Applications 未启用。
063810.246: [06:38:10]
063810.246: [06:38:10]321 更新可以立即应用。
063810.246: [06:38:10]要查看这些附加更新，请运行：apt list --upgradable
063810.246: [06:38:10]
063810.246: [06:38:10]启用 ESM Apps 来获取未来的额外安全更新
063810.246: [06:38:10]请参见 https://ubuntu.com/esm 或者运行: sudo pro status
063810.246: [06:38:10]
063810.246: [06:38:10]Last login: Wed Mar 25 06:33:11 2026 from 192.168.6.173
064322.216: [06:43:22][202603100-172.16.101.47-06:43:22]
064322.235: [06:43:22]Welcome to Ubuntu 24.04 LTS (GNU/Linux 6.8.0-31-generic x86_64)
064322.235: [06:43:22]
064322.235: [06:43:22] * Documentation:  https://help.ubuntu.com
064322.236: [06:43:22] * Management:     https://landscape.canonical.com
064322.236: [06:43:22] * Support:        https://ubuntu.com/pro
064322.236: [06:43:22]
064322.236: [06:43:22]扩展安全维护（ESM）Applications 未启用。
064322.236: [06:43:22]
064322.236: [06:43:22]321 更新可以立即应用。
064322.237: [06:43:22]要查看这些附加更新，请运行：apt list --upgradable
064322.237: [06:43:22]
064322.237: [06:43:22]启用 ESM Apps 来获取未来的额外安全更新
064322.237: [06:43:22]请参见 https://ubuntu.com/esm 或者运行: sudo pro status
064322.237: [06:43:22]
064322.238: [06:43:22]Last login: Wed Mar 25 06:38:10 2026 from 192.168.6.173
064836.230: [06:48:36][202603100-172.16.101.47-06:48:36]
064836.246: [06:48:36]Welcome to Ubuntu 24.04 LTS (GNU/Linux 6.8.0-31-generic x86_64)
064836.246: [06:48:36]
064836.246: [06:48:36] * Documentation:  https://help.ubuntu.com
064836.246: [06:48:36] * Management:     https://landscape.canonical.com
064836.246: [06:48:36] * Support:        https://ubuntu.com/pro
064836.246: [06:48:36]
064836.247: [06:48:36]扩展安全维护（ESM）Applications 未启用。
064836.247: [06:48:36]
064836.247: [06:48:36]321 更新可以立即应用。
064836.247: [06:48:36]要查看这些附加更新，请运行：apt list --upgradable
064836.247: [06:48:36]
064836.247: [06:48:36]启用 ESM Apps 来获取未来的额外安全更新
064836.248: [06:48:36]请参见 https://ubuntu.com/esm 或者运行: sudo pro status
064836.248: [06:48:36]
064836.248: [06:48:36]Last login: Wed Mar 25 06:43:22 2026 from 192.168.6.173
065347.728: [06:53:47][202603100-172.16.101.47-06:53:47]
065347.739: [06:53:47]Welcome to Ubuntu 24.04 LTS (GNU/Linux 6.8.0-31-generic x86_64)
065347.739: [06:53:47]
065347.739: [06:53:47] * Documentation:  https://help.ubuntu.com
065347.739: [06:53:47] * Management:     https://landscape.canonical.com
065347.739: [06:53:47] * Support:        https://ubuntu.com/pro
065347.739: [06:53:47]
065347.740: [06:53:47]扩展安全维护（ESM）Applications 未启用。
065347.740: [06:53:47]
065347.740: [06:53:47]321 更新可以立即应用。
065347.740: [06:53:47]要查看这些附加更新，请运行：apt list --upgradable
065347.740: [06:53:47]
065347.740: [06:53:47]启用 ESM Apps 来获取未来的额外安全更新
065347.741: [06:53:47]请参见 https://ubuntu.com/esm 或者运行: sudo pro status
065347.741: [06:53:47]
065347.741: [06:53:47]Last login: Wed Mar 25 06:48:36 2026 from 192.168.6.173
065856.714: [06:58:56][202603100-172.16.101.47-06:58:56]
065856.740: [06:58:56]Welcome to Ubuntu 24.04 LTS (GNU/Linux 6.8.0-31-generic x86_64)
065856.740: [06:58:56]
065856.740: [06:58:56] * Documentation:  https://help.ubuntu.com
065856.740: [06:58:56] * Management:     https://landscape.canonical.com
065856.741: [06:58:56] * Support:        https://ubuntu.com/pro
065856.741: [06:58:56]
065856.741: [06:58:56]扩展安全维护（ESM）Applications 未启用。
065856.741: [06:58:56]
065856.741: [06:58:56]321 更新可以立即应用。
065856.741: [06:58:56]要查看这些附加更新，请运行：apt list --upgradable
065856.741: [06:58:56]
065856.742: [06:58:56]启用 ESM Apps 来获取未来的额外安全更新
065856.742: [06:58:56]请参见 https://ubuntu.com/esm 或者运行: sudo pro status
065856.742: [06:58:56]
065856.742: [06:58:56]Last login: Wed Mar 25 06:53:47 2026 from 192.168.6.173
070407.245: [07:04:07][202603100-172.16.101.47-07:04:07]
070407.260: [07:04:07]Welcome to Ubuntu 24.04 LTS (GNU/Linux 6.8.0-31-generic x86_64)
070407.260: [07:04:07]
070407.260: [07:04:07] * Documentation:  https://help.ubuntu.com
070407.261: [07:04:07] * Management:     https://landscape.canonical.com
070407.261: [07:04:07] * Support:        https://ubuntu.com/pro
070407.261: [07:04:07]
070407.261: [07:04:07]扩展安全维护（ESM）Applications 未启用。
070407.261: [07:04:07]
070407.261: [07:04:07]321 更新可以立即应用。
070407.261: [07:04:07]要查看这些附加更新，请运行：apt list --upgradable
070407.261: [07:04:07]
070407.261: [07:04:07]启用 ESM Apps 来获取未来的额外安全更新
070407.262: [07:04:07]请参见 https://ubuntu.com/esm 或者运行: sudo pro status
070407.262: [07:04:07]
070407.262: [07:04:07]Last login: Wed Mar 25 06:58:56 2026 from 192.168.6.173
070920.712: [07:09:20][202603100-172.16.101.47-07:09:20]
070920.727: [07:09:20]Welcome to Ubuntu 24.04 LTS (GNU/Linux 6.8.0-31-generic x86_64)
070920.727: [07:09:20]
070920.727: [07:09:20] * Documentation:  https://help.ubuntu.com
070920.727: [07:09:20] * Management:     https://landscape.canonical.com
070920.728: [07:09:20] * Support:        https://ubuntu.com/pro
070920.728: [07:09:20]
070920.728: [07:09:20]扩展安全维护（ESM）Applications 未启用。
070920.728: [07:09:20]
070920.728: [07:09:20]321 更新可以立即应用。
070920.728: [07:09:20]要查看这些附加更新，请运行：apt list --upgradable
070920.729: [07:09:20]
070920.729: [07:09:20]启用 ESM Apps 来获取未来的额外安全更新
070920.729: [07:09:20]请参见 https://ubuntu.com/esm 或者运行: sudo pro status
070920.729: [07:09:20]
070920.729: [07:09:20]Last login: Wed Mar 25 07:04:07 2026 from 192.168.6.173
071428.699: [07:14:28][202603100-172.16.101.47-07:14:28]
071428.709: [07:14:28]Welcome to Ubuntu 24.04 LTS (GNU/Linux 6.8.0-31-generic x86_64)
071428.709: [07:14:28]
071428.709: [07:14:28] * Documentation:  https://help.ubuntu.com
071428.709: [07:14:28] * Management:     https://landscape.canonical.com
071428.709: [07:14:28] * Support:        https://ubuntu.com/pro
071428.709: [07:14:28]
071428.709: [07:14:28]扩展安全维护（ESM）Applications 未启用。
071428.709: [07:14:28]
071428.709: [07:14:28]321 更新可以立即应用。
071428.709: [07:14:28]要查看这些附加更新，请运行：apt list --upgradable
071428.709: [07:14:28]
071428.710: [07:14:28]启用 ESM Apps 来获取未来的额外安全更新
071428.710: [07:14:28]请参见 https://ubuntu.com/esm 或者运行: sudo pro status
071428.710: [07:14:28]
071428.710: [07:14:28]Last login: Wed Mar 25 07:09:20 2026 from 192.168.6.173
071940.704: [07:19:40][202603100-172.16.101.47-07:19:40]
071940.713: [07:19:40]Welcome to Ubuntu 24.04 LTS (GNU/Linux 6.8.0-31-generic x86_64)
071940.713: [07:19:40]
071940.714: [07:19:40] * Documentation:  https://help.ubuntu.com
071940.714: [07:19:40] * Management:     https://landscape.canonical.com
071940.714: [07:19:40] * Support:        https://ubuntu.com/pro
071940.714: [07:19:40]
071940.714: [07:19:40]扩展安全维护（ESM）Applications 未启用。
071940.714: [07:19:40]
071940.714: [07:19:40]321 更新可以立即应用。
071940.714: [07:19:40]要查看这些附加更新，请运行：apt list --upgradable
071940.714: [07:19:40]
071940.714: [07:19:40]启用 ESM Apps 来获取未来的额外安全更新
071940.714: [07:19:40]请参见 https://ubuntu.com/esm 或者运行: sudo pro status
071940.714: [07:19:40]
071940.714: [07:19:40]Last login: Wed Mar 25 07:14:28 2026 from 192.168.6.173
072451.219: [07:24:51][202603100-172.16.101.47-07:24:51]
072451.232: [07:24:51]Welcome to Ubuntu 24.04 LTS (GNU/Linux 6.8.0-31-generic x86_64)
072451.232: [07:24:51]
072451.232: [07:24:51] * Documentation:  https://help.ubuntu.com
072451.233: [07:24:51] * Management:     https://landscape.canonical.com
072451.233: [07:24:51] * Support:        https://ubuntu.com/pro
072451.233: [07:24:51]
072451.233: [07:24:51]扩展安全维护（ESM）Applications 未启用。
072451.233: [07:24:51]
072451.233: [07:24:51]321 更新可以立即应用。
072451.234: [07:24:51]要查看这些附加更新，请运行：apt list --upgradable
072451.234: [07:24:51]
072451.234: [07:24:51]启用 ESM Apps 来获取未来的额外安全更新
072451.234: [07:24:51]请参见 https://ubuntu.com/esm 或者运行: sudo pro status
072451.234: [07:24:51]
072451.234: [07:24:51]Last login: Wed Mar 25 07:19:40 2026 from 192.168.6.173
073005.708: [07:30:05][202603100-172.16.101.47-07:30:05]
073005.719: [07:30:05]Welcome to Ubuntu 24.04 LTS (GNU/Linux 6.8.0-31-generic x86_64)
073005.719: [07:30:05]
073005.719: [07:30:05] * Documentation:  https://help.ubuntu.com
073005.719: [07:30:05] * Management:     https://landscape.canonical.com
073005.719: [07:30:05] * Support:        https://ubuntu.com/pro
073005.719: [07:30:05]
073005.719: [07:30:05]扩展安全维护（ESM）Applications 未启用。
073005.719: [07:30:05]
073005.719: [07:30:05]321 更新可以立即应用。
073005.719: [07:30:05]要查看这些附加更新，请运行：apt list --upgradable
073005.719: [07:30:05]
073005.719: [07:30:05]启用 ESM Apps 来获取未来的额外安全更新
073005.719: [07:30:05]请参见 https://ubuntu.com/esm 或者运行: sudo pro status
073005.720: [07:30:05]
073005.720: [07:30:05]Last login: Wed Mar 25 07:24:51 2026 from 192.168.6.173
073514.738: [07:35:14][202603100-172.16.101.47-07:35:14]
073514.748: [07:35:14]Welcome to Ubuntu 24.04 LTS (GNU/Linux 6.8.0-31-generic x86_64)
073514.748: [07:35:14]
073514.749: [07:35:14] * Documentation:  https://help.ubuntu.com
073514.749: [07:35:14] * Management:     https://landscape.canonical.com
073514.749: [07:35:14] * Support:        https://ubuntu.com/pro
073514.749: [07:35:14]
073514.749: [07:35:14]扩展安全维护（ESM）Applications 未启用。
073514.749: [07:35:14]
073514.749: [07:35:14]321 更新可以立即应用。
073514.750: [07:35:14]要查看这些附加更新，请运行：apt list --upgradable
073514.750: [07:35:14]
073514.750: [07:35:14]启用 ESM Apps 来获取未来的额外安全更新
073514.750: [07:35:14]请参见 https://ubuntu.com/esm 或者运行: sudo pro status
073514.750: [07:35:14]
073514.751: [07:35:14]Last login: Wed Mar 25 07:30:05 2026 from 192.168.6.173
074029.706: [07:40:29][202603100-172.16.101.47-07:40:29]
074029.717: [07:40:29]Welcome to Ubuntu 24.04 LTS (GNU/Linux 6.8.0-31-generic x86_64)
074029.717: [07:40:29]
074029.718: [07:40:29] * Documentation:  https://help.ubuntu.com
074029.718: [07:40:29] * Management:     https://landscape.canonical.com
074029.718: [07:40:29] * Support:        https://ubuntu.com/pro
074029.718: [07:40:29]
074029.718: [07:40:29]扩展安全维护（ESM）Applications 未启用。
074029.718: [07:40:29]
074029.718: [07:40:29]321 更新可以立即应用。
074029.719: [07:40:29]要查看这些附加更新，请运行：apt list --upgradable
074029.719: [07:40:29]
074029.719: [07:40:29]启用 ESM Apps 来获取未来的额外安全更新
074029.719: [07:40:29]请参见 https://ubuntu.com/esm 或者运行: sudo pro status
074029.719: [07:40:29]
074029.720: [07:40:29]Last login: Wed Mar 25 07:35:14 2026 from 192.168.6.173
074540.199: [07:45:40][202603100-172.16.101.47-07:45:40]
074540.211: [07:45:40]Welcome to Ubuntu 24.04 LTS (GNU/Linux 6.8.0-31-generic x86_64)
074540.211: [07:45:40]
074540.212: [07:45:40] * Documentation:  https://help.ubuntu.com
074540.212: [07:45:40] * Management:     https://landscape.canonical.com
074540.212: [07:45:40] * Support:        https://ubuntu.com/pro
074540.212: [07:45:40]
074540.212: [07:45:40]扩展安全维护（ESM）Applications 未启用。
074540.212: [07:45:40]
074540.212: [07:45:40]321 更新可以立即应用。
074540.212: [07:45:40]要查看这些附加更新，请运行：apt list --upgradable
074540.212: [07:45:40]
074540.212: [07:45:40]启用 ESM Apps 来获取未来的额外安全更新
074540.212: [07:45:40]请参见 https://ubuntu.com/esm 或者运行: sudo pro status
074540.212: [07:45:40]
074540.212: [07:45:40]Last login: Wed Mar 25 07:40:29 2026 from 192.168.6.173
075048.212: [07:50:48][202603100-172.16.101.47-07:50:48]
075048.229: [07:50:48]Welcome to Ubuntu 24.04 LTS (GNU/Linux 6.8.0-31-generic x86_64)
075048.229: [07:50:48]
075048.229: [07:50:48] * Documentation:  https://help.ubuntu.com
075048.230: [07:50:48] * Management:     https://landscape.canonical.com
075048.230: [07:50:48] * Support:        https://ubuntu.com/pro
075048.230: [07:50:48]
075048.230: [07:50:48]扩展安全维护（ESM）Applications 未启用。
075048.230: [07:50:48]
075048.230: [07:50:48]321 更新可以立即应用。
075048.230: [07:50:48]要查看这些附加更新，请运行：apt list --upgradable
075048.230: [07:50:48]
075048.230: [07:50:48]启用 ESM Apps 来获取未来的额外安全更新
075048.231: [07:50:48]请参见 https://ubuntu.com/esm 或者运行: sudo pro status
075048.231: [07:50:48]
075048.231: [07:50:48]Last login: Wed Mar 25 07:45:40 2026 from 192.168.6.173
075600.728: [07:56:00][202603100-172.16.101.47-07:56:00]
075600.739: [07:56:00]Welcome to Ubuntu 24.04 LTS (GNU/Linux 6.8.0-31-generic x86_64)
075600.739: [07:56:00]
075600.739: [07:56:00] * Documentation:  https://help.ubuntu.com
075600.740: [07:56:00] * Management:     https://landscape.canonical.com
075600.740: [07:56:00] * Support:        https://ubuntu.com/pro
075600.740: [07:56:00]
075600.740: [07:56:00]扩展安全维护（ESM）Applications 未启用。
075600.740: [07:56:00]
075600.740: [07:56:00]321 更新可以立即应用。
075600.741: [07:56:00]要查看这些附加更新，请运行：apt list --upgradable
075600.741: [07:56:00]
075600.741: [07:56:00]启用 ESM Apps 来获取未来的额外安全更新
075600.741: [07:56:00]请参见 https://ubuntu.com/esm 或者运行: sudo pro status
075600.741: [07:56:00]
075600.741: [07:56:00]Last login: Wed Mar 25 07:50:48 2026 from 192.168.6.173
080109.234: [08:01:09][202603100-172.16.101.47-08:01:09]
080109.247: [08:01:09]Welcome to Ubuntu 24.04 LTS (GNU/Linux 6.8.0-31-generic x86_64)
080109.247: [08:01:09]
080109.247: [08:01:09] * Documentation:  https://help.ubuntu.com
080109.247: [08:01:09] * Management:     https://landscape.canonical.com
080109.247: [08:01:09] * Support:        https://ubuntu.com/pro
080109.247: [08:01:09]
080109.247: [08:01:09]扩展安全维护（ESM）Applications 未启用。
080109.247: [08:01:09]
080109.248: [08:01:09]321 更新可以立即应用。
080109.248: [08:01:09]要查看这些附加更新，请运行：apt list --upgradable
080109.248: [08:01:09]
080109.248: [08:01:09]启用 ESM Apps 来获取未来的额外安全更新
080109.248: [08:01:09]请参见 https://ubuntu.com/esm 或者运行: sudo pro status
080109.248: [08:01:09]
080109.248: [08:01:09]Last login: Wed Mar 25 07:56:00 2026 from 192.168.6.173
080620.205: [08:06:20][202603100-172.16.101.47-08:06:20]
080620.217: [08:06:20]Welcome to Ubuntu 24.04 LTS (GNU/Linux 6.8.0-31-generic x86_64)
080620.217: [08:06:20]
080620.217: [08:06:20] * Documentation:  https://help.ubuntu.com
080620.218: [08:06:20] * Management:     https://landscape.canonical.com
080620.218: [08:06:20] * Support:        https://ubuntu.com/pro
080620.218: [08:06:20]
080620.218: [08:06:20]扩展安全维护（ESM）Applications 未启用。
080620.218: [08:06:20]
080620.219: [08:06:20]321 更新可以立即应用。
080620.219: [08:06:20]要查看这些附加更新，请运行：apt list --upgradable
080620.219: [08:06:20]
080620.220: [08:06:20]启用 ESM Apps 来获取未来的额外安全更新
080620.220: [08:06:20]请参见 https://ubuntu.com/esm 或者运行: sudo pro status
080620.221: [08:06:20]
080620.221: [08:06:20]Last login: Wed Mar 25 08:01:09 2026 from 192.168.6.173
081132.721: [08:11:32][202603100-172.16.101.47-08:11:32]
081132.739: [08:11:32]Welcome to Ubuntu 24.04 LTS (GNU/Linux 6.8.0-31-generic x86_64)
081132.739: [08:11:32]
081132.739: [08:11:32] * Documentation:  https://help.ubuntu.com
081132.739: [08:11:32] * Management:     https://landscape.canonical.com
081132.739: [08:11:32] * Support:        https://ubuntu.com/pro
081132.739: [08:11:32]
081132.739: [08:11:32]扩展安全维护（ESM）Applications 未启用。
081132.739: [08:11:32]
081132.739: [08:11:32]321 更新可以立即应用。
081132.740: [08:11:32]要查看这些附加更新，请运行：apt list --upgradable
081132.740: [08:11:32]
081132.740: [08:11:32]启用 ESM Apps 来获取未来的额外安全更新
081132.740: [08:11:32]请参见 https://ubuntu.com/esm 或者运行: sudo pro status
081132.740: [08:11:32]
081132.740: [08:11:32]Last login: Wed Mar 25 08:06:20 2026 from 192.168.6.173
081646.215: [08:16:46][202603100-172.16.101.47-08:16:46]
081646.224: [08:16:46]Welcome to Ubuntu 24.04 LTS (GNU/Linux 6.8.0-31-generic x86_64)
081646.224: [08:16:46]
081646.225: [08:16:46] * Documentation:  https://help.ubuntu.com
081646.225: [08:16:46] * Management:     https://landscape.canonical.com
081646.225: [08:16:46] * Support:        https://ubuntu.com/pro
081646.225: [08:16:46]
081646.225: [08:16:46]扩展安全维护（ESM）Applications 未启用。
081646.225: [08:16:46]
081646.226: [08:16:46]321 更新可以立即应用。
081646.226: [08:16:46]要查看这些附加更新，请运行：apt list --upgradable
081646.226: [08:16:46]
081646.226: [08:16:46]启用 ESM Apps 来获取未来的额外安全更新
081646.226: [08:16:46]请参见 https://ubuntu.com/esm 或者运行: sudo pro status
081646.226: [08:16:46]
081646.227: [08:16:46]Last login: Wed Mar 25 08:11:32 2026 from 192.168.6.173
082202.708: [08:22:02][202603100-172.16.101.47-08:22:02]
082202.725: [08:22:02]Welcome to Ubuntu 24.04 LTS (GNU/Linux 6.8.0-31-generic x86_64)
082202.725: [08:22:02]
082202.725: [08:22:02] * Documentation:  https://help.ubuntu.com
082202.725: [08:22:02] * Management:     https://landscape.canonical.com
082202.726: [08:22:02] * Support:        https://ubuntu.com/pro
082202.726: [08:22:02]
082202.726: [08:22:02]扩展安全维护（ESM）Applications 未启用。
082202.726: [08:22:02]
082202.726: [08:22:02]321 更新可以立即应用。
082202.726: [08:22:02]要查看这些附加更新，请运行：apt list --upgradable
082202.726: [08:22:02]
082202.727: [08:22:02]启用 ESM Apps 来获取未来的额外安全更新
082202.727: [08:22:02]请参见 https://ubuntu.com/esm 或者运行: sudo pro status
082202.727: [08:22:02]
082202.727: [08:22:02]Last login: Wed Mar 25 08:16:46 2026 from 192.168.6.173
082712.715: [08:27:12][202603100-172.16.101.47-08:27:12]
082712.729: [08:27:12]Welcome to Ubuntu 24.04 LTS (GNU/Linux 6.8.0-31-generic x86_64)
082712.730: [08:27:12]
082712.730: [08:27:12] * Documentation:  https://help.ubuntu.com
082712.730: [08:27:12] * Management:     https://landscape.canonical.com
082712.730: [08:27:12] * Support:        https://ubuntu.com/pro
082712.730: [08:27:12]
082712.730: [08:27:12]扩展安全维护（ESM）Applications 未启用。
082712.730: [08:27:12]
082712.730: [08:27:12]321 更新可以立即应用。
082712.730: [08:27:12]要查看这些附加更新，请运行：apt list --upgradable
082712.730: [08:27:12]
082712.730: [08:27:12]启用 ESM Apps 来获取未来的额外安全更新
082712.730: [08:27:12]请参见 https://ubuntu.com/esm 或者运行: sudo pro status
082712.730: [08:27:12]
082712.730: [08:27:12]Last login: Wed Mar 25 08:22:02 2026 from 192.168.6.173
083224.215: [08:32:24][202603100-172.16.101.47-08:32:24]
083224.226: [08:32:24]Welcome to Ubuntu 24.04 LTS (GNU/Linux 6.8.0-31-generic x86_64)
083224.226: [08:32:24]
083224.226: [08:32:24] * Documentation:  https://help.ubuntu.com
083224.226: [08:32:24] * Management:     https://landscape.canonical.com
083224.226: [08:32:24] * Support:        https://ubuntu.com/pro
083224.226: [08:32:24]
083224.227: [08:32:24]扩展安全维护（ESM）Applications 未启用。
083224.227: [08:32:24]
083224.227: [08:32:24]321 更新可以立即应用。
083224.227: [08:32:24]要查看这些附加更新，请运行：apt list --upgradable
083224.227: [08:32:24]
083224.228: [08:32:24]启用 ESM Apps 来获取未来的额外安全更新
083224.228: [08:32:24]请参见 https://ubuntu.com/esm 或者运行: sudo pro status
083224.228: [08:32:24]
083224.228: [08:32:24]Last login: Wed Mar 25 08:27:12 2026 from 192.168.6.173
083727.232: [08:37:27][202603100-172.16.101.47-08:37:27]
083727.255: [08:37:27]Welcome to Ubuntu 24.04 LTS (GNU/Linux 6.8.0-31-generic x86_64)
083727.255: [08:37:27]
083727.255: [08:37:27] * Documentation:  https://help.ubuntu.com
083727.255: [08:37:27] * Management:     https://landscape.canonical.com
083727.256: [08:37:27] * Support:        https://ubuntu.com/pro
083727.256: [08:37:27]
083727.256: [08:37:27]扩展安全维护（ESM）Applications 未启用。
083727.256: [08:37:27]
083727.256: [08:37:27]321 更新可以立即应用。
083727.257: [08:37:27]要查看这些附加更新，请运行：apt list --upgradable
083727.257: [08:37:27]
083727.257: [08:37:27]启用 ESM Apps 来获取未来的额外安全更新
083727.257: [08:37:27]请参见 https://ubuntu.com/esm 或者运行: sudo pro status
083727.257: [08:37:27]
083727.257: [08:37:27]Last login: Wed Mar 25 08:32:24 2026 from 192.168.6.173
084239.185: [08:42:39][202603100-172.16.101.47-08:42:39]
084239.194: [08:42:39]Welcome to Ubuntu 24.04 LTS (GNU/Linux 6.8.0-31-generic x86_64)
084239.194: [08:42:39]
084239.195: [08:42:39] * Documentation:  https://help.ubuntu.com
084239.195: [08:42:39] * Management:     https://landscape.canonical.com
084239.195: [08:42:39] * Support:        https://ubuntu.com/pro
084239.195: [08:42:39]
084239.196: [08:42:39]扩展安全维护（ESM）Applications 未启用。
084239.196: [08:42:39]
084239.196: [08:42:39]321 更新可以立即应用。
084239.196: [08:42:39]要查看这些附加更新，请运行：apt list --upgradable
084239.196: [08:42:39]
084239.196: [08:42:39]启用 ESM Apps 来获取未来的额外安全更新
084239.197: [08:42:39]请参见 https://ubuntu.com/esm 或者运行: sudo pro status
084239.197: [08:42:39]
084239.197: [08:42:39]Last login: Wed Mar 25 08:37:27 2026 from 192.168.6.173
084750.722: [08:47:50][202603100-172.16.101.47-08:47:50]
084750.749: [08:47:50]Welcome to Ubuntu 24.04 LTS (GNU/Linux 6.8.0-31-generic x86_64)
084750.749: [08:47:50]
084750.749: [08:47:50] * Documentation:  https://help.ubuntu.com
084750.749: [08:47:50] * Management:     https://landscape.canonical.com
084750.749: [08:47:50] * Support:        https://ubuntu.com/pro
084750.749: [08:47:50]
084750.749: [08:47:50]扩展安全维护（ESM）Applications 未启用。
084750.749: [08:47:50]
084750.750: [08:47:50]321 更新可以立即应用。
084750.750: [08:47:50]要查看这些附加更新，请运行：apt list --upgradable
084750.750: [08:47:50]
084750.750: [08:47:50]启用 ESM Apps 来获取未来的额外安全更新
084750.750: [08:47:50]请参见 https://ubuntu.com/esm 或者运行: sudo pro status
084750.750: [08:47:50]
084750.750: [08:47:50]Last login: Wed Mar 25 08:42:39 2026 from 192.168.6.173
085306.227: [08:53:06][202603100-172.16.101.47-08:53:06]
085306.242: [08:53:06]Welcome to Ubuntu 24.04 LTS (GNU/Linux 6.8.0-31-generic x86_64)
085306.242: [08:53:06]
085306.242: [08:53:06] * Documentation:  https://help.ubuntu.com
085306.242: [08:53:06] * Management:     https://landscape.canonical.com
085306.243: [08:53:06] * Support:        https://ubuntu.com/pro
085306.243: [08:53:06]
085306.243: [08:53:06]扩展安全维护（ESM）Applications 未启用。
085306.243: [08:53:06]
085306.243: [08:53:06]321 更新可以立即应用。
085306.243: [08:53:06]要查看这些附加更新，请运行：apt list --upgradable
085306.243: [08:53:06]
085306.244: [08:53:06]启用 ESM Apps 来获取未来的额外安全更新
085306.244: [08:53:06]请参见 https://ubuntu.com/esm 或者运行: sudo pro status
085306.244: [08:53:06]
085306.244: [08:53:06]Last login: Wed Mar 25 08:47:50 2026 from 192.168.6.173
085805.776: [08:58:05][202603100-172.16.101.47-08:58:05]
085805.792: [08:58:05]Welcome to Ubuntu 24.04 LTS (GNU/Linux 6.8.0-31-generic x86_64)
085805.793: [08:58:05]
085805.795: [08:58:05] * Documentation:  https://help.ubuntu.com
085805.795: [08:58:05] * Management:     https://landscape.canonical.com
085805.795: [08:58:05] * Support:        https://ubuntu.com/pro
085805.795: [08:58:05]
085805.795: [08:58:05]扩展安全维护（ESM）Applications 未启用。
085805.795: [08:58:05]
085805.795: [08:58:05]321 更新可以立即应用。
085805.795: [08:58:05]要查看这些附加更新，请运行：apt list --upgradable
085805.795: [08:58:05]
085805.795: [08:58:05]启用 ESM Apps 来获取未来的额外安全更新
085805.796: [08:58:05]请参见 https://ubuntu.com/esm 或者运行: sudo pro status
085805.796: [08:58:05]
085805.796: [08:58:05]Last login: Wed Mar 25 08:53:06 2026 from 192.168.6.173
090844.197: [09:08:44][202603100-172.16.101.47-09:08:44]
090844.219: [09:08:44]Welcome to Ubuntu 24.04 LTS (GNU/Linux 6.8.0-31-generic x86_64)
090844.219: [09:08:44]
090844.220: [09:08:44] * Documentation:  https://help.ubuntu.com
090844.220: [09:08:44] * Management:     https://landscape.canonical.com
090844.220: [09:08:44] * Support:        https://ubuntu.com/pro
090844.220: [09:08:44]
090844.221: [09:08:44]扩展安全维护（ESM）Applications 未启用。
090844.221: [09:08:44]
090844.221: [09:08:44]321 更新可以立即应用。
090844.221: [09:08:44]要查看这些附加更新，请运行：apt list --upgradable
090844.221: [09:08:44]
090844.221: [09:08:44]启用 ESM Apps 来获取未来的额外安全更新
090844.222: [09:08:44]请参见 https://ubuntu.com/esm 或者运行: sudo pro status
090844.222: [09:08:44]
090844.222: [09:08:44]Last login: Wed Mar 25 08:58:05 2026 from 192.168.6.173
091339.407: [09:13:39][202603100-172.16.101.47-09:13:39]
091339.427: [09:13:39]Welcome to Ubuntu 24.04 LTS (GNU/Linux 6.8.0-31-generic x86_64)
091339.427: [09:13:39]
091339.427: [09:13:39] * Documentation:  https://help.ubuntu.com
091339.428: [09:13:39] * Management:     https://landscape.canonical.com
091339.428: [09:13:39] * Support:        https://ubuntu.com/pro
091339.428: [09:13:39]
091339.428: [09:13:39]扩展安全维护（ESM）Applications 未启用。
091339.428: [09:13:39]
091339.428: [09:13:39]321 更新可以立即应用。
091339.428: [09:13:39]要查看这些附加更新，请运行：apt list --upgradable
091339.428: [09:13:39]
091339.428: [09:13:39]启用 ESM Apps 来获取未来的额外安全更新
091339.428: [09:13:39]请参见 https://ubuntu.com/esm 或者运行: sudo pro status
091339.428: [09:13:39]
091339.428: [09:13:39]Last login: Wed Mar 25 09:08:44 2026 from 192.168.6.173
092421.716: [09:24:21][202603100-172.16.101.47-09:24:21]
092421.745: [09:24:21]Welcome to Ubuntu 24.04 LTS (GNU/Linux 6.8.0-31-generic x86_64)
092421.745: [09:24:21]
092421.745: [09:24:21] * Documentation:  https://help.ubuntu.com
092421.745: [09:24:21] * Management:     https://landscape.canonical.com
092421.745: [09:24:21] * Support:        https://ubuntu.com/pro
092421.745: [09:24:21]
092421.745: [09:24:21]扩展安全维护（ESM）Applications 未启用。
092421.745: [09:24:21]
092421.745: [09:24:21]321 更新可以立即应用。
092421.746: [09:24:21]要查看这些附加更新，请运行：apt list --upgradable
092421.746: [09:24:21]
092421.746: [09:24:21]启用 ESM Apps 来获取未来的额外安全更新
092421.746: [09:24:21]请参见 https://ubuntu.com/esm 或者运行: sudo pro status
092421.746: [09:24:21]
092421.746: [09:24:21]Last login: Wed Mar 25 09:13:39 2026 from 192.168.6.173
092919.701: [09:29:19][202603100-172.16.101.47-09:29:19]
092919.733: [09:29:19]Welcome to Ubuntu 24.04 LTS (GNU/Linux 6.8.0-31-generic x86_64)
092919.733: [09:29:19]
092919.733: [09:29:19] * Documentation:  https://help.ubuntu.com
092919.734: [09:29:19] * Management:     https://landscape.canonical.com
092919.734: [09:29:19] * Support:        https://ubuntu.com/pro
092919.734: [09:29:19]
092919.734: [09:29:19]扩展安全维护（ESM）Applications 未启用。
092919.734: [09:29:19]
092919.734: [09:29:19]321 更新可以立即应用。
092919.734: [09:29:19]要查看这些附加更新，请运行：apt list --upgradable
092919.735: [09:29:19]
092919.735: [09:29:19]启用 ESM Apps 来获取未来的额外安全更新
092919.735: [09:29:19]请参见 https://ubuntu.com/esm 或者运行: sudo pro status
092919.735: [09:29:19]
092919.735: [09:29:19]Last login: Wed Mar 25 09:24:21 2026 from 192.168.6.173
093435.714: [09:34:35][202603100-172.16.101.47-09:34:35]
093435.731: [09:34:35]Welcome to Ubuntu 24.04 LTS (GNU/Linux 6.8.0-31-generic x86_64)
093435.731: [09:34:35]
093435.732: [09:34:35] * Documentation:  https://help.ubuntu.com
093435.732: [09:34:35] * Management:     https://landscape.canonical.com
093435.732: [09:34:35] * Support:        https://ubuntu.com/pro
093435.732: [09:34:35]
093435.733: [09:34:35]扩展安全维护（ESM）Applications 未启用。
093435.733: [09:34:35]
093435.733: [09:34:35]321 更新可以立即应用。
093435.733: [09:34:35]要查看这些附加更新，请运行：apt list --upgradable
093435.733: [09:34:35]
093435.733: [09:34:35]启用 ESM Apps 来获取未来的额外安全更新
093435.734: [09:34:35]请参见 https://ubuntu.com/esm 或者运行: sudo pro status
093435.734: [09:34:35]
093435.734: [09:34:35]Last login: Wed Mar 25 09:29:19 2026 from 192.168.6.173
093948.732: [09:39:48][202603100-172.16.101.47-09:39:48]
093948.750: [09:39:48]Welcome to Ubuntu 24.04 LTS (GNU/Linux 6.8.0-31-generic x86_64)
093948.750: [09:39:48]
093948.750: [09:39:48] * Documentation:  https://help.ubuntu.com
093948.751: [09:39:48] * Management:     https://landscape.canonical.com
093948.751: [09:39:48] * Support:        https://ubuntu.com/pro
093948.751: [09:39:48]
093948.752: [09:39:48]扩展安全维护（ESM）Applications 未启用。
093948.752: [09:39:48]
093948.752: [09:39:48]321 更新可以立即应用。
093948.752: [09:39:48]要查看这些附加更新，请运行：apt list --upgradable
093948.752: [09:39:48]
093948.752: [09:39:48]启用 ESM Apps 来获取未来的额外安全更新
093948.752: [09:39:48]请参见 https://ubuntu.com/esm 或者运行: sudo pro status
093948.752: [09:39:48]
093948.752: [09:39:48]Last login: Wed Mar 25 09:34:35 2026 from 192.168.6.173
094450.764: [09:44:50][202603100-172.16.101.47-09:44:50]
094450.780: [09:44:50]Welcome to Ubuntu 24.04 LTS (GNU/Linux 6.8.0-31-generic x86_64)
094450.780: [09:44:50]
094450.780: [09:44:50] * Documentation:  https://help.ubuntu.com
094450.781: [09:44:50] * Management:     https://landscape.canonical.com
094450.781: [09:44:50] * Support:        https://ubuntu.com/pro
094450.781: [09:44:50]
094450.781: [09:44:50]扩展安全维护（ESM）Applications 未启用。
094450.781: [09:44:50]
094450.781: [09:44:50]321 更新可以立即应用。
094450.781: [09:44:50]要查看这些附加更新，请运行：apt list --upgradable
094450.782: [09:44:50]
094450.782: [09:44:50]启用 ESM Apps 来获取未来的额外安全更新
094450.782: [09:44:50]请参见 https://ubuntu.com/esm 或者运行: sudo pro status
094450.782: [09:44:50]
094450.782: [09:44:50]Last login: Wed Mar 25 09:39:48 2026 from 192.168.6.173
095010.226: [09:50:10][202603100-172.16.101.47-09:50:10]
095010.234: [09:50:10]Welcome to Ubuntu 24.04 LTS (GNU/Linux 6.8.0-31-generic x86_64)
095010.234: [09:50:10]
095010.234: [09:50:10] * Documentation:  https://help.ubuntu.com
095010.234: [09:50:10] * Management:     https://landscape.canonical.com
095010.235: [09:50:10] * Support:        https://ubuntu.com/pro
095010.235: [09:50:10]
095010.235: [09:50:10]扩展安全维护（ESM）Applications 未启用。
095010.235: [09:50:10]
095010.235: [09:50:10]321 更新可以立即应用。
095010.235: [09:50:10]要查看这些附加更新，请运行：apt list --upgradable
095010.235: [09:50:10]
095010.235: [09:50:10]启用 ESM Apps 来获取未来的额外安全更新
095010.235: [09:50:10]请参见 https://ubuntu.com/esm 或者运行: sudo pro status
095010.236: [09:50:10]
095010.236: [09:50:10]Last login: Wed Mar 25 09:44:50 2026 from 192.168.6.173
