000054.158: [00:00:54]<Core-SW>
000543.030: [00:05:43]<Core-SW>
000549.400: [00:05:49][202603192.168.231.1-黄埭-核心交换机-00:05:49]
000549.457: [00:05:49]
000549.458: [00:05:49]Info: The max number of VTY users is 5, the number of current VTY users online is 2, and total number of terminal users online is 2.
000549.479: [00:05:49]      The current login time is 2025-12-05 07:17:17.
001549.648: [00:15:49]<Core-SW>
001555.814: [00:15:55][202603192.168.231.1-黄埭-核心交换机-00:15:55]
001555.910: [00:15:55]
001555.911: [00:15:55]Info: The max number of VTY users is 5, the number of current VTY users online is 2, and total number of terminal users online is 2.
001555.912: [00:15:55]      The current login time is 2025-12-05 07:27:23.
002555.969: [00:25:55]<Core-SW>
002602.236: [00:26:02][202603192.168.231.1-黄埭-核心交换机-00:26:02]
002602.300: [00:26:02]
002602.301: [00:26:02]Info: The max number of VTY users is 5, the number of current VTY users online is 2, and total number of terminal users online is 2.
002602.326: [00:26:02]      The current login time is 2025-12-05 07:37:30.
003602.485: [00:36:02]<Core-SW>
003608.853: [00:36:08][202603192.168.231.1-黄埭-核心交换机-00:36:08]
003608.904: [00:36:08]
003608.915: [00:36:08]Info: The max number of VTY users is 5, the number of current VTY users online is 2, and total number of terminal users online is 2.
003608.929: [00:36:08]      The current login time is 2025-12-05 07:47:36.
004608.976: [00:46:08]<Core-SW>
004615.270: [00:46:15][202603192.168.231.1-黄埭-核心交换机-00:46:15]
004615.329: [00:46:15]
004615.330: [00:46:15]Info: The max number of VTY users is 5, the number of current VTY users online is 2, and total number of terminal users online is 2.
004615.355: [00:46:15]      The current login time is 2025-12-05 07:57:43.
005615.398: [00:56:15]<Core-SW>
005621.381: [00:56:21][202603192.168.231.1-黄埭-核心交换机-00:56:21]
005621.418: [00:56:21]
005621.429: [00:56:21]Info: The max number of VTY users is 5, the number of current VTY users online is 2, and total number of terminal users online is 2.
005621.449: [00:56:21]      The current login time is 2025-12-05 08:07:49.
010621.633: [01:06:21]<Core-SW>
010627.903: [01:06:27][202603192.168.231.1-黄埭-核心交换机-01:06:27]
010627.960: [01:06:27]
010627.971: [01:06:27]Info: The max number of VTY users is 5, the number of current VTY users online is 2, and total number of terminal users online is 2.
010627.983: [01:06:27]      The current login time is 2025-12-05 08:17:55.
011628.046: [01:16:28]<Core-SW>
011634.240: [01:16:34][202603192.168.231.1-黄埭-核心交换机-01:16:34]
011634.299: [01:16:34]
011634.300: [01:16:34]Info: The max number of VTY users is 5, the number of current VTY users online is 2, and total number of terminal users online is 2.
011634.330: [01:16:34]      The current login time is 2025-12-05 08:28:02.
012634.447: [01:26:34]<Core-SW>
012640.736: [01:26:40][202603192.168.231.1-黄埭-核心交换机-01:26:40]
012640.795: [01:26:40]
012640.806: [01:26:40]Info: The max number of VTY users is 5, the number of current VTY users online is 2, and total number of terminal users online is 2.
012640.830: [01:26:40]      The current login time is 2025-12-05 08:38:08.
013640.882: [01:36:40]<Core-SW>
013646.734: [01:36:46][202603192.168.231.1-黄埭-核心交换机-01:36:46]
013646.784: [01:36:46]
013646.785: [01:36:46]Info: The max number of VTY users is 5, the number of current VTY users online is 2, and total number of terminal users online is 2.
013646.807: [01:36:46]      The current login time is 2025-12-05 08:48:14.
014646.993: [01:46:46]<Core-SW>
014653.262: [01:46:53][202603192.168.231.1-黄埭-核心交换机-01:46:53]
014653.325: [01:46:53]
014653.337: [01:46:53]Info: The max number of VTY users is 5, the number of current VTY users online is 2, and total number of terminal users online is 2.
014653.352: [01:46:53]      The current login time is 2025-12-05 08:58:21.
015653.410: [01:56:53]<Core-SW>
015659.176: [01:56:59][202603192.168.231.1-黄埭-核心交换机-01:56:59]
015659.305: [01:56:59]
015659.306: [01:56:59]Info: The max number of VTY users is 5, the number of current VTY users online is 2, and total number of terminal users online is 2.
015659.306: [01:56:59]      The current login time is 2025-12-05 09:08:27.
020659.307: [02:06:59]<Core-SW>
020705.380: [02:07:05][202603192.168.231.1-黄埭-核心交换机-02:07:05]
020705.457: [02:07:05]
020705.458: [02:07:05]Info: The max number of VTY users is 5, the number of current VTY users online is 2, and total number of terminal users online is 2.
020705.489: [02:07:05]      The current login time is 2025-12-05 09:18:33.
021705.526: [02:17:05]<Core-SW>
021711.671: [02:17:11][202603192.168.231.1-黄埭-核心交换机-02:17:11]
021711.734: [02:17:11]
021711.735: [02:17:11]Info: The max number of VTY users is 5, the number of current VTY users online is 2, and total number of terminal users online is 2.
021711.752: [02:17:11]      The current login time is 2025-12-05 09:28:39.
022711.806: [02:27:11]<Core-SW>
022717.770: [02:27:17][202603192.168.231.1-黄埭-核心交换机-02:27:17]
022717.813: [02:27:17]
022717.824: [02:27:17]Info: The max number of VTY users is 5, the number of current VTY users online is 2, and total number of terminal users online is 2.
022717.849: [02:27:17]      The current login time is 2025-12-05 09:38:45.
023717.899: [02:37:17]<Core-SW>
023723.811: [02:37:23][202603192.168.231.1-黄埭-核心交换机-02:37:23]
023723.853: [02:37:23]
023723.854: [02:37:23]Info: The max number of VTY users is 5, the number of current VTY users online is 2, and total number of terminal users online is 2.
023723.878: [02:37:23]      The current login time is 2025-12-05 09:48:51.
024724.065: [02:47:24]<Core-SW>
024730.331: [02:47:30][202603192.168.231.1-黄埭-核心交换机-02:47:30]
024730.444: [02:47:30]
024730.454: [02:47:30]Info: The max number of VTY users is 5, the number of current VTY users online is 2, and total number of terminal users online is 2.
024730.523: [02:47:30]      The current login time is 2025-12-05 09:58:58.
025730.630: [02:57:30]<Core-SW>
025736.847: [02:57:36][202603192.168.231.1-黄埭-核心交换机-02:57:36]
025736.913: [02:57:36]
025736.919: [02:57:36]Info: The max number of VTY users is 5, the number of current VTY users online is 2, and total number of terminal users online is 2.
025736.951: [02:57:36]      The current login time is 2025-12-05 10:09:04.
030737.208: [03:07:37]<Core-SW>
080829.770: [08:08:29][202603192.168.231.1-黄埭-核心交换机-08:08:29]
080829.822: [08:08:29]
080829.830: [08:08:29]Info: The max number of VTY users is 5, the number of current VTY users online is 2, and total number of terminal users online is 2.
080829.921: [08:08:29]      The current login time is 2025-12-05 15:19:57.
081830.005: [08:18:30]<Core-SW>
