172611.288: [17:26:11][202602192.168.231.1-黄埭-核心交换机-17:26:11]
172611.346: [17:26:11]
172611.351: [17:26:11]Info: The max number of VTY users is 5, the number of current VTY users online is 1, and total number of terminal users online is 1.
172611.390: [17:26:11]      The current login time is 2025-11-11 00:37:16.
172611.569: [17:26:11]<Core-SW>
173611.580: [17:36:11]<Core-SW>
173617.532: [17:36:17][202602192.168.231.1-黄埭-核心交换机-17:36:17]
173617.586: [17:36:17]
173617.591: [17:36:17]Info: The max number of VTY users is 5, the number of current VTY users online is 1, and total number of terminal users online is 1.
173617.619: [17:36:17]      The current login time is 2025-11-11 00:47:23.
174617.693: [17:46:17]<Core-SW>
174623.451: [17:46:23][202602192.168.231.1-黄埭-核心交换机-17:46:23]
174623.502: [17:46:23]
174623.508: [17:46:23]Info: The max number of VTY users is 5, the number of current VTY users online is 1, and total number of terminal users online is 1.
174623.543: [17:46:23]      The current login time is 2025-11-11 00:57:29.
175623.637: [17:56:23]<Core-SW>
175629.981: [17:56:29][202602192.168.231.1-黄埭-核心交换机-17:56:29]
175630.023: [17:56:30]
175630.024: [17:56:30]Info: The max number of VTY users is 5, the number of current VTY users online is 1, and total number of terminal users online is 1.
175630.061: [17:56:30]      The current login time is 2025-11-11 01:07:35.
180630.118: [18:06:30]<Core-SW>
180636.131: [18:06:36][202602192.168.231.1-黄埭-核心交换机-18:06:36]
180636.168: [18:06:36]
180636.168: [18:06:36]Info: The max number of VTY users is 5, the number of current VTY users online is 1, and total number of terminal users online is 1.
180636.211: [18:06:36]      The current login time is 2025-11-11 01:17:41.
181636.315: [18:16:36]<Core-SW>
181642.620: [18:16:42][202602192.168.231.1-黄埭-核心交换机-18:16:42]
181642.669: [18:16:42]
181642.670: [18:16:42]Info: The max number of VTY users is 5, the number of current VTY users online is 1, and total number of terminal users online is 1.
181642.697: [18:16:42]      The current login time is 2025-11-11 01:27:48.
182642.753: [18:26:42]<Core-SW>
182649.160: [18:26:49][202602192.168.231.1-黄埭-核心交换机-18:26:49]
182649.207: [18:26:49]
182649.208: [18:26:49]Info: The max number of VTY users is 5, the number of current VTY users online is 1, and total number of terminal users online is 1.
182649.240: [18:26:49]      The current login time is 2025-11-11 01:37:54.
183649.346: [18:36:49]<Core-SW>
183655.562: [18:36:55][202602192.168.231.1-黄埭-核心交换机-18:36:55]
183655.602: [18:36:55]
183655.603: [18:36:55]Info: The max number of VTY users is 5, the number of current VTY users online is 1, and total number of terminal users online is 2.
183655.641: [18:36:55]      The current login time is 2025-11-11 01:48:01.
184655.702: [18:46:55]<Core-SW>
184701.556: [18:47:01][202602192.168.231.1-黄埭-核心交换机-18:47:01]
184701.617: [18:47:01]
184701.624: [18:47:01]Info: The max number of VTY users is 5, the number of current VTY users online is 1, and total number of terminal users online is 1.
184701.653: [18:47:01]      The current login time is 2025-11-11 01:58:07.
185701.831: [18:57:01]<Core-SW>
185708.460: [18:57:08][202602192.168.231.1-黄埭-核心交换机-18:57:08]
185708.501: [18:57:08]
185708.505: [18:57:08]Info: The max number of VTY users is 5, the number of current VTY users online is 1, and total number of terminal users online is 1.
185708.558: [18:57:08]      The current login time is 2025-11-11 02:08:14.
190708.621: [19:07:08]<Core-SW>
190714.791: [19:07:14][202602192.168.231.1-黄埭-核心交换机-19:07:14]
190714.863: [19:07:14]
190714.864: [19:07:14]Info: The max number of VTY users is 5, the number of current VTY users online is 1, and total number of terminal users online is 1.
190714.909: [19:07:14]      The current login time is 2025-11-11 02:18:20.
191714.988: [19:17:14]<Core-SW>
191721.063: [19:17:21][202602192.168.231.1-黄埭-核心交换机-19:17:21]
191721.105: [19:17:21]
191721.106: [19:17:21]Info: The max number of VTY users is 5, the number of current VTY users online is 1, and total number of terminal users online is 1.
191721.135: [19:17:21]      The current login time is 2025-11-11 02:28:26.
192721.200: [19:27:21]<Core-SW>
192726.984: [19:27:26][202602192.168.231.1-黄埭-核心交换机-19:27:26]
192727.022: [19:27:27]
192727.027: [19:27:27]Info: The max number of VTY users is 5, the number of current VTY users online is 1, and total number of terminal users online is 1.
192727.064: [19:27:27]      The current login time is 2025-11-11 02:38:32.
193727.148: [19:37:27]<Core-SW>
193732.977: [19:37:32][202602192.168.231.1-黄埭-核心交换机-19:37:32]
193733.055: [19:37:33]
193733.056: [19:37:33]Info: The max number of VTY users is 5, the number of current VTY users online is 1, and total number of terminal users online is 1.
193733.081: [19:37:33]      The current login time is 2025-11-11 02:48:38.
194733.157: [19:47:33]<Core-SW>
194739.008: [19:47:39][202602192.168.231.1-黄埭-核心交换机-19:47:39]
194739.045: [19:47:39]
194739.050: [19:47:39]Info: The max number of VTY users is 5, the number of current VTY users online is 1, and total number of terminal users online is 1.
194739.082: [19:47:39]      The current login time is 2025-11-11 02:58:44.
195739.169: [19:57:39]<Core-SW>
195745.120: [19:57:45][202602192.168.231.1-黄埭-核心交换机-19:57:45]
195745.164: [19:57:45]
195745.169: [19:57:45]Info: The max number of VTY users is 5, the number of current VTY users online is 1, and total number of terminal users online is 1.
195745.204: [19:57:45]      The current login time is 2025-11-11 03:08:50.
200745.381: [20:07:45]<Core-SW>
200751.539: [20:07:51][202602192.168.231.1-黄埭-核心交换机-20:07:51]
200751.580: [20:07:51]
200751.584: [20:07:51]Info: The max number of VTY users is 5, the number of current VTY users online is 1, and total number of terminal users online is 1.
200751.619: [20:07:51]      The current login time is 2025-11-11 03:18:57.
201751.663: [20:17:51]<Core-SW>
201757.508: [20:17:57][202602192.168.231.1-黄埭-核心交换机-20:17:57]
201757.572: [20:17:57]
201757.583: [20:17:57]Info: The max number of VTY users is 5, the number of current VTY users online is 1, and total number of terminal users online is 1.
201757.597: [20:17:57]      The current login time is 2025-11-11 03:29:03.
202757.710: [20:27:57]<Core-SW>
202803.648: [20:28:03][202602192.168.231.1-黄埭-核心交换机-20:28:03]
202803.705: [20:28:03]
202803.706: [20:28:03]Info: The max number of VTY users is 5, the number of current VTY users online is 1, and total number of terminal users online is 1.
202803.741: [20:28:03]      The current login time is 2025-11-11 03:39:09.
203803.814: [20:38:03]<Core-SW>
203810.197: [20:38:10][202602192.168.231.1-黄埭-核心交换机-20:38:10]
203810.272: [20:38:10]
203810.272: [20:38:10]Info: The max number of VTY users is 5, the number of current VTY users online is 1, and total number of terminal users online is 1.
203810.327: [20:38:10]      The current login time is 2025-11-11 03:49:15.
204810.378: [20:48:10]<Core-SW>
204816.493: [20:48:16][202602192.168.231.1-黄埭-核心交换机-20:48:16]
204816.548: [20:48:16]
204816.553: [20:48:16]Info: The max number of VTY users is 5, the number of current VTY users online is 1, and total number of terminal users online is 1.
204816.583: [20:48:16]      The current login time is 2025-11-11 03:59:22.
205816.627: [20:58:16]<Core-SW>
205822.616: [20:58:22][202602192.168.231.1-黄埭-核心交换机-20:58:22]
205822.686: [20:58:22]
205822.694: [20:58:22]Info: The max number of VTY users is 5, the number of current VTY users online is 1, and total number of terminal users online is 1.
205822.716: [20:58:22]      The current login time is 2025-11-11 04:09:28.
210822.840: [21:08:22]<Core-SW>
210828.969: [21:08:28][202602192.168.231.1-黄埭-核心交换机-21:08:28]
210829.025: [21:08:29]
210829.029: [21:08:29]Info: The max number of VTY users is 5, the number of current VTY users online is 1, and total number of terminal users online is 1.
210829.057: [21:08:29]      The current login time is 2025-11-11 04:19:34.
211829.118: [21:18:29]<Core-SW>
211835.010: [21:18:35][202602192.168.231.1-黄埭-核心交换机-21:18:35]
211835.070: [21:18:35]
211835.074: [21:18:35]Info: The max number of VTY users is 5, the number of current VTY users online is 1, and total number of terminal users online is 1.
211835.108: [21:18:35]      The current login time is 2025-11-11 04:29:40.
212835.150: [21:28:35]<Core-SW>
212841.122: [21:28:41][202602192.168.231.1-黄埭-核心交换机-21:28:41]
212841.170: [21:28:41]
212841.171: [21:28:41]Info: The max number of VTY users is 5, the number of current VTY users online is 1, and total number of terminal users online is 1.
212841.239: [21:28:41]      The current login time is 2025-11-11 04:39:46.
213841.381: [21:38:41]<Core-SW>
213847.472: [21:38:47][202602192.168.231.1-黄埭-核心交换机-21:38:47]
213847.510: [21:38:47]
213847.515: [21:38:47]Info: The max number of VTY users is 5, the number of current VTY users online is 1, and total number of terminal users online is 1.
213847.560: [21:38:47]      The current login time is 2025-11-11 04:49:53.
214847.625: [21:48:47]<Core-SW>
214853.457: [21:48:53][202602192.168.231.1-黄埭-核心交换机-21:48:53]
214853.515: [21:48:53]
214853.520: [21:48:53]Info: The max number of VTY users is 5, the number of current VTY users online is 1, and total number of terminal users online is 1.
214853.542: [21:48:53]      The current login time is 2025-11-11 04:59:59.
215853.588: [21:58:53]<Core-SW>
215859.471: [21:58:59][202602192.168.231.1-黄埭-核心交换机-21:58:59]
215859.523: [21:58:59]
215859.524: [21:58:59]Info: The max number of VTY users is 5, the number of current VTY users online is 1, and total number of terminal users online is 1.
215859.555: [21:58:59]      The current login time is 2025-11-11 05:10:05.
