001540.802: [00:15:40][202602Home-Dell-Public-00:15:40]
001540.908: [00:15:40]Linux anncara-computer 6.12.41+deb13-amd64 #1 SMP PREEMPT_DYNAMIC Debian 6.12.41-1 (2025-08-12) x86_64
001540.908: [00:15:40]
001540.908: [00:15:40]The programs included with the Debian GNU/Linux system are free software;
001540.908: [00:15:40]the exact distribution terms for each program are described in the
001540.908: [00:15:40]individual files in /usr/share/doc/*/copyright.
001540.908: [00:15:40]
001540.909: [00:15:40]Debian GNU/Linux comes with ABSOLUTELY NO WARRANTY, to the extent
001540.909: [00:15:40]permitted by applicable law.
001540.909: [00:15:40]Last login: Thu Feb 26 23:45:42 2026 from 223.107.68.194
004539.856: [00:45:39][202602Home-Dell-Public-00:45:39]
004539.920: [00:45:39]Linux anncara-computer 6.12.41+deb13-amd64 #1 SMP PREEMPT_DYNAMIC Debian 6.12.41-1 (2025-08-12) x86_64
004539.920: [00:45:39]
004539.920: [00:45:39]The programs included with the Debian GNU/Linux system are free software;
004539.921: [00:45:39]the exact distribution terms for each program are described in the
004539.921: [00:45:39]individual files in /usr/share/doc/*/copyright.
004539.921: [00:45:39]
004539.921: [00:45:39]Debian GNU/Linux comes with ABSOLUTELY NO WARRANTY, to the extent
004539.921: [00:45:39]permitted by applicable law.
004539.921: [00:45:39]Last login: Fri Feb 27 00:15:40 2026 from 223.107.68.194
011540.024: [01:15:40][202602Home-Dell-Public-01:15:40]
011540.129: [01:15:40]Linux anncara-computer 6.12.41+deb13-amd64 #1 SMP PREEMPT_DYNAMIC Debian 6.12.41-1 (2025-08-12) x86_64
011540.129: [01:15:40]
011540.129: [01:15:40]The programs included with the Debian GNU/Linux system are free software;
011540.129: [01:15:40]the exact distribution terms for each program are described in the
011540.129: [01:15:40]individual files in /usr/share/doc/*/copyright.
011540.129: [01:15:40]
011540.129: [01:15:40]Debian GNU/Linux comes with ABSOLUTELY NO WARRANTY, to the extent
011540.129: [01:15:40]permitted by applicable law.
011540.130: [01:15:40]Last login: Fri Feb 27 00:45:39 2026 from 223.107.68.194
014540.448: [01:45:40][202602Home-Dell-Public-01:45:40]
014540.550: [01:45:40]Linux anncara-computer 6.12.41+deb13-amd64 #1 SMP PREEMPT_DYNAMIC Debian 6.12.41-1 (2025-08-12) x86_64
014540.550: [01:45:40]
014540.550: [01:45:40]The programs included with the Debian GNU/Linux system are free software;
014540.550: [01:45:40]the exact distribution terms for each program are described in the
014540.550: [01:45:40]individual files in /usr/share/doc/*/copyright.
014540.550: [01:45:40]
014540.551: [01:45:40]Debian GNU/Linux comes with ABSOLUTELY NO WARRANTY, to the extent
014540.551: [01:45:40]permitted by applicable law.
014540.551: [01:45:40]Last login: Fri Feb 27 01:15:40 2026 from 223.107.68.194
021540.529: [02:15:40][202602Home-Dell-Public-02:15:40]
021540.602: [02:15:40]Linux anncara-computer 6.12.41+deb13-amd64 #1 SMP PREEMPT_DYNAMIC Debian 6.12.41-1 (2025-08-12) x86_64
021540.602: [02:15:40]
021540.602: [02:15:40]The programs included with the Debian GNU/Linux system are free software;
021540.602: [02:15:40]the exact distribution terms for each program are described in the
021540.602: [02:15:40]individual files in /usr/share/doc/*/copyright.
021540.602: [02:15:40]
021540.603: [02:15:40]Debian GNU/Linux comes with ABSOLUTELY NO WARRANTY, to the extent
021540.603: [02:15:40]permitted by applicable law.
021540.603: [02:15:40]Last login: Fri Feb 27 01:45:40 2026 from 223.107.68.194
024540.463: [02:45:40][202602Home-Dell-Public-02:45:40]
024540.522: [02:45:40]Linux anncara-computer 6.12.41+deb13-amd64 #1 SMP PREEMPT_DYNAMIC Debian 6.12.41-1 (2025-08-12) x86_64
024540.522: [02:45:40]
024540.522: [02:45:40]The programs included with the Debian GNU/Linux system are free software;
024540.522: [02:45:40]the exact distribution terms for each program are described in the
024540.522: [02:45:40]individual files in /usr/share/doc/*/copyright.
024540.522: [02:45:40]
024540.522: [02:45:40]Debian GNU/Linux comes with ABSOLUTELY NO WARRANTY, to the extent
024540.522: [02:45:40]permitted by applicable law.
024540.522: [02:45:40]Last login: Fri Feb 27 02:15:40 2026 from 223.107.68.194
032100.629: [03:21:00][202602Home-Dell-Public-03:21:00]
032100.690: [03:21:00]Linux anncara-computer 6.12.41+deb13-amd64 #1 SMP PREEMPT_DYNAMIC Debian 6.12.41-1 (2025-08-12) x86_64
032100.690: [03:21:00]
032100.690: [03:21:00]The programs included with the Debian GNU/Linux system are free software;
032100.691: [03:21:00]the exact distribution terms for each program are described in the
032100.691: [03:21:00]individual files in /usr/share/doc/*/copyright.
032100.691: [03:21:00]
032100.691: [03:21:00]Debian GNU/Linux comes with ABSOLUTELY NO WARRANTY, to the extent
032100.691: [03:21:00]permitted by applicable law.
032100.691: [03:21:00]Last login: Fri Feb 27 02:45:40 2026 from 223.107.68.194
034539.453: [03:45:39][202602Home-Dell-Public-03:45:39]
034539.557: [03:45:39]Linux anncara-computer 6.12.41+deb13-amd64 #1 SMP PREEMPT_DYNAMIC Debian 6.12.41-1 (2025-08-12) x86_64
034539.557: [03:45:39]
034539.557: [03:45:39]The programs included with the Debian GNU/Linux system are free software;
034539.558: [03:45:39]the exact distribution terms for each program are described in the
034539.558: [03:45:39]individual files in /usr/share/doc/*/copyright.
034539.558: [03:45:39]
034539.558: [03:45:39]Debian GNU/Linux comes with ABSOLUTELY NO WARRANTY, to the extent
034539.558: [03:45:39]permitted by applicable law.
034539.558: [03:45:39]Last login: Fri Feb 27 03:21:00 2026 from 223.107.68.194
041540.545: [04:15:40][202602Home-Dell-Public-04:15:40]
041540.643: [04:15:40]Linux anncara-computer 6.12.41+deb13-amd64 #1 SMP PREEMPT_DYNAMIC Debian 6.12.41-1 (2025-08-12) x86_64
041540.643: [04:15:40]
041540.643: [04:15:40]The programs included with the Debian GNU/Linux system are free software;
041540.644: [04:15:40]the exact distribution terms for each program are described in the
041540.644: [04:15:40]individual files in /usr/share/doc/*/copyright.
041540.644: [04:15:40]
041540.644: [04:15:40]Debian GNU/Linux comes with ABSOLUTELY NO WARRANTY, to the extent
041540.644: [04:15:40]permitted by applicable law.
041540.644: [04:15:40]Last login: Fri Feb 27 03:45:39 2026 from 223.107.68.194
044538.900: [04:45:38][202602Home-Dell-Public-04:45:38]
044539.008: [04:45:39]Linux anncara-computer 6.12.41+deb13-amd64 #1 SMP PREEMPT_DYNAMIC Debian 6.12.41-1 (2025-08-12) x86_64
044539.008: [04:45:39]
044539.008: [04:45:39]The programs included with the Debian GNU/Linux system are free software;
044539.008: [04:45:39]the exact distribution terms for each program are described in the
044539.008: [04:45:39]individual files in /usr/share/doc/*/copyright.
044539.008: [04:45:39]
044539.008: [04:45:39]Debian GNU/Linux comes with ABSOLUTELY NO WARRANTY, to the extent
044539.008: [04:45:39]permitted by applicable law.
044539.008: [04:45:39]Last login: Fri Feb 27 04:15:40 2026 from 223.107.68.194
051538.797: [05:15:38][202602Home-Dell-Public-05:15:38]
051538.855: [05:15:38]Linux anncara-computer 6.12.41+deb13-amd64 #1 SMP PREEMPT_DYNAMIC Debian 6.12.41-1 (2025-08-12) x86_64
051538.855: [05:15:38]
051538.856: [05:15:38]The programs included with the Debian GNU/Linux system are free software;
051538.856: [05:15:38]the exact distribution terms for each program are described in the
051538.856: [05:15:38]individual files in /usr/share/doc/*/copyright.
051538.856: [05:15:38]
051538.856: [05:15:38]Debian GNU/Linux comes with ABSOLUTELY NO WARRANTY, to the extent
051538.856: [05:15:38]permitted by applicable law.
051538.856: [05:15:38]Last login: Fri Feb 27 04:45:38 2026 from 223.107.68.194
054541.359: [05:45:41][202602Home-Dell-Public-05:45:41]
054541.466: [05:45:41]Linux anncara-computer 6.12.41+deb13-amd64 #1 SMP PREEMPT_DYNAMIC Debian 6.12.41-1 (2025-08-12) x86_64
054541.466: [05:45:41]
054541.466: [05:45:41]The programs included with the Debian GNU/Linux system are free software;
054541.467: [05:45:41]the exact distribution terms for each program are described in the
054541.467: [05:45:41]individual files in /usr/share/doc/*/copyright.
054541.467: [05:45:41]
054541.468: [05:45:41]Debian GNU/Linux comes with ABSOLUTELY NO WARRANTY, to the extent
054541.468: [05:45:41]permitted by applicable law.
054541.468: [05:45:41]Last login: Fri Feb 27 05:15:38 2026 from 223.107.68.194
061539.418: [06:15:39][202602Home-Dell-Public-06:15:39]
061539.551: [06:15:39]Linux anncara-computer 6.12.41+deb13-amd64 #1 SMP PREEMPT_DYNAMIC Debian 6.12.41-1 (2025-08-12) x86_64
061539.551: [06:15:39]
061539.551: [06:15:39]The programs included with the Debian GNU/Linux system are free software;
061539.551: [06:15:39]the exact distribution terms for each program are described in the
061539.551: [06:15:39]individual files in /usr/share/doc/*/copyright.
061539.551: [06:15:39]
061539.551: [06:15:39]Debian GNU/Linux comes with ABSOLUTELY NO WARRANTY, to the extent
061539.551: [06:15:39]permitted by applicable law.
061539.552: [06:15:39]Last login: Fri Feb 27 05:45:41 2026 from 223.107.68.194
064539.427: [06:45:39][202602Home-Dell-Public-06:45:39]
064539.528: [06:45:39]Linux anncara-computer 6.12.41+deb13-amd64 #1 SMP PREEMPT_DYNAMIC Debian 6.12.41-1 (2025-08-12) x86_64
064539.528: [06:45:39]
064539.528: [06:45:39]The programs included with the Debian GNU/Linux system are free software;
064539.528: [06:45:39]the exact distribution terms for each program are described in the
064539.528: [06:45:39]individual files in /usr/share/doc/*/copyright.
064539.528: [06:45:39]
064539.528: [06:45:39]Debian GNU/Linux comes with ABSOLUTELY NO WARRANTY, to the extent
064539.528: [06:45:39]permitted by applicable law.
064539.528: [06:45:39]Last login: Fri Feb 27 06:15:39 2026 from 223.107.68.194
071539.389: [07:15:39][202602Home-Dell-Public-07:15:39]
071539.500: [07:15:39]Linux anncara-computer 6.12.41+deb13-amd64 #1 SMP PREEMPT_DYNAMIC Debian 6.12.41-1 (2025-08-12) x86_64
071539.500: [07:15:39]
071539.500: [07:15:39]The programs included with the Debian GNU/Linux system are free software;
071539.501: [07:15:39]the exact distribution terms for each program are described in the
071539.501: [07:15:39]individual files in /usr/share/doc/*/copyright.
071539.501: [07:15:39]
071539.501: [07:15:39]Debian GNU/Linux comes with ABSOLUTELY NO WARRANTY, to the extent
071539.501: [07:15:39]permitted by applicable law.
071539.501: [07:15:39]Last login: Fri Feb 27 06:45:39 2026 from 223.107.68.194
074539.433: [07:45:39][202602Home-Dell-Public-07:45:39]
074539.575: [07:45:39]Linux anncara-computer 6.12.41+deb13-amd64 #1 SMP PREEMPT_DYNAMIC Debian 6.12.41-1 (2025-08-12) x86_64
074539.575: [07:45:39]
074539.576: [07:45:39]The programs included with the Debian GNU/Linux system are free software;
074539.576: [07:45:39]the exact distribution terms for each program are described in the
074539.576: [07:45:39]individual files in /usr/share/doc/*/copyright.
074539.576: [07:45:39]
074539.576: [07:45:39]Debian GNU/Linux comes with ABSOLUTELY NO WARRANTY, to the extent
074539.576: [07:45:39]permitted by applicable law.
074539.576: [07:45:39]Last login: Fri Feb 27 07:15:39 2026 from 223.107.68.194
081536.605: [08:15:36][202602Home-Dell-Public-08:15:36]
081536.727: [08:15:36]Linux anncara-computer 6.12.41+deb13-amd64 #1 SMP PREEMPT_DYNAMIC Debian 6.12.41-1 (2025-08-12) x86_64
081536.727: [08:15:36]
081536.728: [08:15:36]The programs included with the Debian GNU/Linux system are free software;
081536.728: [08:15:36]the exact distribution terms for each program are described in the
081536.728: [08:15:36]individual files in /usr/share/doc/*/copyright.
081536.728: [08:15:36]
081536.728: [08:15:36]Debian GNU/Linux comes with ABSOLUTELY NO WARRANTY, to the extent
081536.729: [08:15:36]permitted by applicable law.
081536.729: [08:15:36]Last login: Fri Feb 27 07:45:39 2026 from 223.107.68.194
084548.743: [08:45:48][202602Home-Dell-Public-08:45:48]
084548.851: [08:45:48]Linux anncara-computer 6.12.41+deb13-amd64 #1 SMP PREEMPT_DYNAMIC Debian 6.12.41-1 (2025-08-12) x86_64
084548.851: [08:45:48]
084548.851: [08:45:48]The programs included with the Debian GNU/Linux system are free software;
084548.852: [08:45:48]the exact distribution terms for each program are described in the
084548.852: [08:45:48]individual files in /usr/share/doc/*/copyright.
084548.852: [08:45:48]
084548.852: [08:45:48]Debian GNU/Linux comes with ABSOLUTELY NO WARRANTY, to the extent
084548.853: [08:45:48]permitted by applicable law.
084548.853: [08:45:48]Last login: Fri Feb 27 08:15:36 2026 from 223.107.68.194
095137.672: [09:51:37][202602Home-Dell-Public-09:51:37]
095137.727: [09:51:37]Linux anncara-computer 6.12.41+deb13-amd64 #1 SMP PREEMPT_DYNAMIC Debian 6.12.41-1 (2025-08-12) x86_64
095137.727: [09:51:37]
095137.727: [09:51:37]The programs included with the Debian GNU/Linux system are free software;
095137.728: [09:51:37]the exact distribution terms for each program are described in the
095137.728: [09:51:37]individual files in /usr/share/doc/*/copyright.
095137.728: [09:51:37]
095137.728: [09:51:37]Debian GNU/Linux comes with ABSOLUTELY NO WARRANTY, to the extent
095137.728: [09:51:37]permitted by applicable law.
095137.729: [09:51:37]Last login: Fri Feb 27 08:45:48 2026 from 223.107.68.194
102139.774: [10:21:39][202602Home-Dell-Public-10:21:39]
102139.822: [10:21:39]Linux anncara-computer 6.12.41+deb13-amd64 #1 SMP PREEMPT_DYNAMIC Debian 6.12.41-1 (2025-08-12) x86_64
102139.822: [10:21:39]
102139.822: [10:21:39]The programs included with the Debian GNU/Linux system are free software;
102139.822: [10:21:39]the exact distribution terms for each program are described in the
102139.822: [10:21:39]individual files in /usr/share/doc/*/copyright.
102139.822: [10:21:39]
102139.823: [10:21:39]Debian GNU/Linux comes with ABSOLUTELY NO WARRANTY, to the extent
102139.823: [10:21:39]permitted by applicable law.
102139.823: [10:21:39]Last login: Fri Feb 27 09:51:37 2026 from 223.107.68.194
105140.428: [10:51:40][202602Home-Dell-Public-10:51:40]
105140.527: [10:51:40]Linux anncara-computer 6.12.41+deb13-amd64 #1 SMP PREEMPT_DYNAMIC Debian 6.12.41-1 (2025-08-12) x86_64
105140.527: [10:51:40]
105140.527: [10:51:40]The programs included with the Debian GNU/Linux system are free software;
105140.527: [10:51:40]the exact distribution terms for each program are described in the
105140.528: [10:51:40]individual files in /usr/share/doc/*/copyright.
105140.528: [10:51:40]
105140.528: [10:51:40]Debian GNU/Linux comes with ABSOLUTELY NO WARRANTY, to the extent
105140.528: [10:51:40]permitted by applicable law.
105140.528: [10:51:40]Last login: Fri Feb 27 10:21:39 2026 from 223.107.68.194
