094840.715: [09:48:40][202604102-A-A10-管理-Hygon-10.50.0.101-FRPC-09:48:40]
094840.723: [09:48:40]Welcome to Ubuntu 24.04 LTS (GNU/Linux 6.8.0-60-generic x86_64)
094840.723: [09:48:40]
094840.723: [09:48:40] * Documentation:  https://help.ubuntu.com
094840.723: [09:48:40] * Management:     https://landscape.canonical.com
094840.723: [09:48:40] * Support:        https://ubuntu.com/pro
094840.723: [09:48:40]
094840.723: [09:48:40] System information as of Tue Apr 14 09:48:40 AM CST 2026
094840.723: [09:48:40]
094840.723: [09:48:40]  System load:                    0.97
094840.724: [09:48:40]  Usage of /home:                 1.0% of 301.20GB
094840.724: [09:48:40]  Memory usage:                   66%
094840.724: [09:48:40]  Swap usage:                     0%
094840.724: [09:48:40]  Temperature:                    62.0 C
094840.724: [09:48:40]  Processes:                      1742
094840.724: [09:48:40]  Users logged in:                0
094840.724: [09:48:40]  IPv4 address for enp161s0f0np0: 10.50.0.101
094840.724: [09:48:40]
094840.724: [09:48:40] * Strictly confined Kubernetes makes edge and IoT secure. Learn how MicroK8s
094840.725: [09:48:40]   just raised the bar for easy, resilient and secure K8s cluster deployment.
094840.725: [09:48:40]
094840.725: [09:48:40]   https://ubuntu.com/engage/secure-kubernetes-at-the-edge
094840.725: [09:48:40]
094840.725: [09:48:40]Expanded Security Maintenance for Applications is not enabled.
094840.725: [09:48:40]
094840.725: [09:48:40]204 updates can be applied immediately.
094840.725: [09:48:40]To see these additional updates run: apt list --upgradable
094840.725: [09:48:40]
094840.725: [09:48:40]5 additional security updates can be applied with ESM Apps.
094840.725: [09:48:40]Learn more about enabling ESM Apps service at https://ubuntu.com/esm
094840.725: [09:48:40]
094840.725: [09:48:40]
094840.726: [09:48:40]*** System restart required ***
094840.726: [09:48:40]Last login: Tue Apr  7 14:15:07 2026 from 10.50.0.100
094843.882: [09:48:43]root@suzhouproda101:~# cd /opt
094844.574: [09:48:44]root@suzhouproda101:/opt# ll
094844.579: [09:48:44]total 12972
094844.579: [09:48:44]drwxr-xr-x  7 root      root       4096 Dec 10 09:48 ./
094844.579: [09:48:44]drwxr-xr-x 26 root      root       4096 Apr 14 00:00 ../
094844.579: [09:48:44]drwx--x--x  4 root      root       4096 Jun 18  2025 containerd/
094844.579: [09:48:44]-rwxr-xr-x  1 root      root       1097 Jun 18  2025 docker.sh*
094844.579: [09:48:44]drwxr-xr-x  3 klmy_test docker     4096 Apr 13 23:59 frp_0.63.0_linux_amd64/
094844.579: [09:48:44]drwxr-xr-x  3 klmy_test docker     4096 Apr 13 15:08 frp_0.63.0_linux_amd64_02/
094844.579: [09:48:44]drwxr-xr-x  3 klmy_test docker     4096 Apr  1 10:28 frp_0.63.0_linux_amd64_03/
094844.579: [09:48:44]-rw-r--r--  1 root      root   13235609 Jul 15  2025 frp_0.63.0_linux_amd64.tar.gz
094844.580: [09:48:44]-rwxr-xr-x  1 root      root       1981 Jul  4  2025 total1.html*
094844.580: [09:48:44]-rwxr-xr-x  1 root      root       1981 Jul  4  2025 total2.html*
094844.580: [09:48:44]-rwxr-xr-x  1 root      root       1211 Jul  4  2025 total.html*
094844.580: [09:48:44]drwxr-xr-x  5 root      root       4096 Dec 10 09:48 TurboVNC/
094906.844: [09:49:06]root@suzhouproda101:/opt# head -n 10 frp_0.63.0_linux_amd64/frpc.toml
094906.848: [09:49:06]# 该公网IP是"借用"信息化的，最初我们是通过非443端口访问https的原型网站的，后来逐渐增加了另外2个公网IP，后来这个主要是对外开放一些SSH端口，用于定位 问题等
094906.848: [09:49:06]serverAddr = "118.31.115.234"
094906.848: [09:49:06]serverPort = 6000
094906.848: [09:49:06]
094906.848: [09:49:06]# 日志配置
094906.848: [09:49:06]log.to = "/opt/frp_0.63.0_linux_amd64/frpc.log"
094906.848: [09:49:06]log.level = "info"
094906.848: [09:49:06]log.maxDays = 3
094906.848: [09:49:06]
094906.848: [09:49:06]# ------172.16.101.190------
094912.852: [09:49:12]root@suzhouproda101:/opt# head -n 10 frp_0.63.0_linux_amd64_02/frpc.toml
094912.854: [09:49:12]# 用于 https://guojiqe.tiangongqs.net/ 的映射，原因是只有该公网IP有未使用的443端口
094912.854: [09:49:12]serverAddr = "47.102.101.163"
094912.854: [09:49:12]serverPort = 7000
094912.854: [09:49:12]
094912.855: [09:49:12]# 日志配置
094912.855: [09:49:12]log.to = "./frpc.log"
094912.855: [09:49:12]log.level = "info"
094912.855: [09:49:12]log.maxDays = 3
094912.855: [09:49:12]
094912.855: [09:49:12]# ------10.70.0.128------
094947.615: [09:49:47]root@suzhouproda101:/opt# head -n 10 frp_0.63.0_linux_amd64_03/frpc.toml
094947.626: [09:49:47]# 用于https://www.guojiquantum.cn/ 的映射，原因是单独购买了新的应用服务器、新的域名、新的域名证书，新的公网IP，通过克拉玛依项目使用新域名
094947.626: [09:49:47]serverAddr = "139.224.61.203"
094947.626: [09:49:47]serverPort = 7000
094947.626: [09:49:47]
094947.626: [09:49:47]# 日志配置
094947.626: [09:49:47]log.to = "./frpc.log"
094947.626: [09:49:47]log.level = "info"
094947.626: [09:49:47]log.maxDays = 3
094947.626: [09:49:47]
094947.626: [09:49:47]# ------10.70.0.128------
094955.682: [09:49:55]root@suzhouproda101:/opt# cd frp_0.63.0_linux_amd64_02
094956.429: [09:49:56]root@suzhouproda101:/opt/frp_0.63.0_linux_amd64_02# ll
094956.443: [09:49:56]total 34364
094956.443: [09:49:56]drwxr-xr-x 3 klmy_test docker     4096 Apr 13 15:08 ./
094956.443: [09:49:56]drwxr-xr-x 7 root      root       4096 Dec 10 09:48 ../
094956.443: [09:49:56]-rwxr-xr-x 1 klmy_test docker 15425688 Jun 25  2025 frpc*
094956.443: [09:49:56]-rw------- 1 root      root       3254 Sep  3  2025 frpc.log
094956.443: [09:49:56]-rw-rw-rw- 1 root      root       1596 Apr 13 15:08 frpc.toml
094956.443: [09:49:56]-rw-r--r-- 1 root      root       1276 Dec 23 11:16 frpc.toml-20251223
094956.443: [09:49:56]-rwxr-xr-x 1 klmy_test docker 19714200 Jun 25  2025 frps*
094956.443: [09:49:56]-rw-r--r-- 1 klmy_test docker       16 Jul 23  2025 frps.toml
094956.443: [09:49:56]-rw-r--r-- 1 klmy_test docker    11358 Jun 25  2025 LICENSE
094956.443: [09:49:56]drwxr-xr-x 2 root      root       4096 Oct 21 11:35 ssl/
095000.653: [09:50:00]root@suzhouproda101:/opt/frp_0.63.0_linux_amd64_02# vi frpc.toml
095000.701: [09:50:00]# 用于 https://guojiqe.tiangongqs.net/ 的映射，原因是只有该公网IP有未使用的443端口
095000.701: [09:50:00]# 日志配置
095000.701: [09:50:00]log.to = "./frpc.log"
095000.701: [09:50:00]log.level = "info"
095000.701: [09:50:00]log.maxDays = 3
095000.701: [09:50:00]
095000.701: [09:50:00]# ------10.70.0.128------
095000.701: [09:50:00]#[[proxies]]
095000.701: [09:50:00]#name = "10-70-0-128-https"
095000.701: [09:50:00]#type = "tcp"
095000.701: [09:50:00]#localIP = "10.70.0.128"
095000.701: [09:50:00]#localPort = 3443
095000.701: [09:50:00]#remotePort = 443
095000.701: [09:50:00]
095000.701: [09:50:00]# ------192.168.12.134------
095000.702: [09:50:00]# 20251223原晨浩-将临时新增域名guojiqe-test.tiangongqs.net删除，将域名https://guojiqe.tiangongqs.net/映射到192.168.8.152的3443端口
095000.702: [09:50:00][[proxies]]
095000.702: [09:50:00]name = "192-168-8-152"
095000.702: [09:50:00]type = "tcp"
095000.702: [09:50:00]localIP = "192.168.8.152"
095000.702: [09:50:00]localPort = 3443
095000.702: [09:50:00]remotePort = 443
095000.702: [09:50:00]# 曹博的后量子应用:https://pqc.tiangongqs.net:28443
095000.702: [09:50:00][[proxies]]
095000.702: [09:50:00]name = "10-70-0-128-pqc"
095000.702: [09:50:00]type = "tcp"
095000.702: [09:50:00]localIP = "10.70.0.128"
095000.702: [09:50:00]localPort = 28443
095000.702: [09:50:00]remotePort = 28443
095000.702: [09:50:00]
095000.702: [09:50:00]
095000.702: [09:50:00]# ------192.168.12.134------
095000.702: [09:50:00]# 新疆大屏:https://screen.tiangongqs.net:8020
095000.702: [09:50:00][[proxies]]
095000.702: [09:50:00]name = "192-168-12-134-klmyscreen-https"
095000.702: [09:50:00]type = "tcp"
095000.702: [09:50:00]#localIP = "10.70.0.128"
095000.702: [09:50:00]localIP = "10.50.0.101"
095000.703: [09:50:00]localPort = 8020
095000.703: [09:50:00]remotePort = 8021
095000.703: [09:50:00]
095000.703: [09:50:00][[proxies]]
095000.703: [09:50:00]name = "192-168-12-134-klmyscreen-http"
095000.703: [09:50:00]type = "tcp"
095000.703: [09:50:00]localIP = "192.168.8.152"
095000.703: [09:50:00]localPort = 8020
095000.703: [09:50:00]remotePort = 8020
095000.703: [09:50:00]
095000.703: [09:50:00]#[[proxies]]
095000.703: [09:50:00]#name = "192-168-12-134-klmyscreen"
095000.703: [09:50:00]#type = "https"
095000.703: [09:50:00]#customDomains = ["screen.tiangongqs.net:8020"] #应该是不支持域名:端口形式,只支持域名的形式
095000.703: [09:50:00]
095000.703: [09:50:00]#[proxies.plugin]
095000.703: [09:50:00]#type = "https2http"
095000.703: [09:50:00]#localAddr = "192.168.12.134:8020"
095000.703: [09:50:00]#crtPath = "./ssl/tiangongqs.net.crt"
095000.703: [09:50:00]#keyPath = "./ssl/iangongqs.net.key"
095000.703: [09:50:00]#hostHeaderRewrite = "192.168.12.134"
100043.848: [10:00:43]root@suzhouproda101:/opt/frp_0.63.0_linux_amd64_02# vi frpc.toml
100043.892: [10:00:43]# 用于 https://guojiqe.tiangongqs.net/ 的映射，原因是只有该公网IP有未使用的443端口
100043.892: [10:00:43]# 日志配置
100043.892: [10:00:43]log.to = "./frpc.log"
100043.892: [10:00:43]log.level = "info"
100043.892: [10:00:43]log.maxDays = 3
100043.892: [10:00:43]
100043.892: [10:00:43]# ------10.70.0.128------
100043.893: [10:00:43]#[[proxies]]
100043.893: [10:00:43]#name = "10-70-0-128-https"
100043.893: [10:00:43]#type = "tcp"
100043.893: [10:00:43]#localIP = "10.70.0.128"
100043.893: [10:00:43]#localPort = 3443
100043.893: [10:00:43]#remotePort = 443
100043.893: [10:00:43]
100043.893: [10:00:43]# ------192.168.12.134------
100043.893: [10:00:43]# 20251223原晨浩-将临时新增域名guojiqe-test.tiangongqs.net删除，将域名https://guojiqe.tiangongqs.net/映射到192.168.8.152的3443端口
100043.893: [10:00:43][[proxies]]
100043.893: [10:00:43]name = "192-168-8-152"
100043.893: [10:00:43]type = "tcp"
100043.893: [10:00:43]localIP = "192.168.8.152"
100043.893: [10:00:43]localPort = 3443
100043.893: [10:00:43]remotePort = 443
100043.893: [10:00:43]# 曹博的后量子应用:https://pqc.tiangongqs.net:28443
100043.893: [10:00:43][[proxies]]
100043.894: [10:00:43]name = "10-70-0-128-pqc"
100043.894: [10:00:43]type = "tcp"
100043.894: [10:00:43]localIP = "10.70.0.128"
100043.894: [10:00:43]localPort = 28443
100043.894: [10:00:43]remotePort = 28443
100043.894: [10:00:43]
100043.894: [10:00:43]
100043.894: [10:00:43]# ------192.168.12.134------
100043.894: [10:00:43]# 新疆大屏:https://screen.tiangongqs.net:8020
100043.894: [10:00:43][[proxies]]
100043.894: [10:00:43]name = "192-168-12-134-klmyscreen-https"
100043.894: [10:00:43]type = "tcp"
100043.894: [10:00:43]#localIP = "10.70.0.128"
100043.894: [10:00:43]localIP = "10.50.0.101"
100043.894: [10:00:43]localPort = 8020
100043.894: [10:00:43]remotePort = 8021
100043.894: [10:00:43]
100043.894: [10:00:43][[proxies]]
100043.894: [10:00:43]name = "192-168-12-134-klmyscreen-http"
100043.894: [10:00:43]type = "tcp"
100043.895: [10:00:43]localIP = "192.168.8.152"
100043.895: [10:00:43]localPort = 8020
100043.895: [10:00:43]remotePort = 8020
100043.895: [10:00:43]
100043.895: [10:00:43]#[[proxies]]
100043.895: [10:00:43]#name = "192-168-12-134-klmyscreen"
100043.895: [10:00:43]#type = "https"
100043.895: [10:00:43]#customDomains = ["screen.tiangongqs.net:8020"] #应该是不支持域名:端口形式,只支持域名的形式
100043.895: [10:00:43]
100043.895: [10:00:43]#[proxies.plugin]
100043.895: [10:00:43]#type = "https2http"
100043.895: [10:00:43]#localAddr = "192.168.12.134:8020"
100043.895: [10:00:43]#crtPath = "./ssl/tiangongqs.net.crt"
100043.895: [10:00:43]#keyPath = "./ssl/iangongqs.net.key"
100043.895: [10:00:43]#hostHeaderRewrite = "192.168.12.134"
