000243.295: [00:02:43]<H3C>
000243.295: [00:02:43]Inactive timeout reached, logging out.
000511.601: [00:05:11]<H3C>
000511.604: [00:05:11]Inactive timeout reached, logging out.
000516.800: [00:05:16][202602192.168.2.254-00:05:16]
000517.824: [00:05:17]
000517.825: [00:05:17]******************************************************************************
000517.825: [00:05:17]* Copyright (c) 2004-2024 New H3C Technologies Co., Ltd. All rights reserved.*
000517.825: [00:05:17]* Without the owner's prior written consent,                                 *
000517.825: [00:05:17]* no decompiling or reverse-engineering shall be allowed.                    *
000517.826: [00:05:17]******************************************************************************
000517.826: [00:05:17]
001519.790: [00:15:19]<H3C>
001519.790: [00:15:19]Inactive timeout reached, logging out.
001525.371: [00:15:25][202602192.168.2.254-00:15:25]
001526.411: [00:15:26]
001526.411: [00:15:26]******************************************************************************
001526.411: [00:15:26]* Copyright (c) 2004-2024 New H3C Technologies Co., Ltd. All rights reserved.*
001526.412: [00:15:26]* Without the owner's prior written consent,                                 *
001526.412: [00:15:26]* no decompiling or reverse-engineering shall be allowed.                    *
001526.412: [00:15:26]******************************************************************************
001526.412: [00:15:26]
002528.402: [00:25:28]<H3C>
002528.403: [00:25:28]Inactive timeout reached, logging out.
002533.827: [00:25:33][202602192.168.2.254-00:25:33]
002534.869: [00:25:34]
002534.870: [00:25:34]******************************************************************************
002534.870: [00:25:34]* Copyright (c) 2004-2024 New H3C Technologies Co., Ltd. All rights reserved.*
002534.870: [00:25:34]* Without the owner's prior written consent,                                 *
002534.870: [00:25:34]* no decompiling or reverse-engineering shall be allowed.                    *
002534.871: [00:25:34]******************************************************************************
002534.871: [00:25:34]
003536.787: [00:35:36]<H3C>
003536.787: [00:35:36]Inactive timeout reached, logging out.
003542.425: [00:35:42][202602192.168.2.254-00:35:42]
003543.451: [00:35:43]
003543.452: [00:35:43]******************************************************************************
003543.452: [00:35:43]* Copyright (c) 2004-2024 New H3C Technologies Co., Ltd. All rights reserved.*
003543.452: [00:35:43]* Without the owner's prior written consent,                                 *
003543.452: [00:35:43]* no decompiling or reverse-engineering shall be allowed.                    *
003543.453: [00:35:43]******************************************************************************
003543.453: [00:35:43]
004545.278: [00:45:45]<H3C>
004545.279: [00:45:45]Inactive timeout reached, logging out.
004550.773: [00:45:50][202602192.168.2.254-00:45:50]
004551.799: [00:45:51]
004551.799: [00:45:51]******************************************************************************
004551.800: [00:45:51]* Copyright (c) 2004-2024 New H3C Technologies Co., Ltd. All rights reserved.*
004551.800: [00:45:51]* Without the owner's prior written consent,                                 *
004551.800: [00:45:51]* no decompiling or reverse-engineering shall be allowed.                    *
004551.800: [00:45:51]******************************************************************************
004551.800: [00:45:51]
005553.778: [00:55:53]<H3C>
005553.778: [00:55:53]Inactive timeout reached, logging out.
005559.275: [00:55:59][202602192.168.2.254-00:55:59]
005600.300: [00:56:00]
005600.300: [00:56:00]******************************************************************************
005600.300: [00:56:00]* Copyright (c) 2004-2024 New H3C Technologies Co., Ltd. All rights reserved.*
005600.300: [00:56:00]* Without the owner's prior written consent,                                 *
005600.300: [00:56:00]* no decompiling or reverse-engineering shall be allowed.                    *
005600.301: [00:56:00]******************************************************************************
005600.301: [00:56:00]
010602.187: [01:06:02]<H3C>
010602.188: [01:06:02]Inactive timeout reached, logging out.
010607.790: [01:06:07][202602192.168.2.254-01:06:07]
010608.816: [01:06:08]
010608.816: [01:06:08]******************************************************************************
010608.817: [01:06:08]* Copyright (c) 2004-2024 New H3C Technologies Co., Ltd. All rights reserved.*
010608.817: [01:06:08]* Without the owner's prior written consent,                                 *
010608.817: [01:06:08]* no decompiling or reverse-engineering shall be allowed.                    *
010608.817: [01:06:08]******************************************************************************
010608.817: [01:06:08]
011610.665: [01:16:10]<H3C>
011610.666: [01:16:10]Inactive timeout reached, logging out.
011616.293: [01:16:16][202602192.168.2.254-01:16:16]
011617.334: [01:16:17]
011617.334: [01:16:17]******************************************************************************
011617.334: [01:16:17]* Copyright (c) 2004-2024 New H3C Technologies Co., Ltd. All rights reserved.*
011617.334: [01:16:17]* Without the owner's prior written consent,                                 *
011617.335: [01:16:17]* no decompiling or reverse-engineering shall be allowed.                    *
011617.335: [01:16:17]******************************************************************************
011617.335: [01:16:17]
012619.163: [01:26:19]<H3C>
012619.164: [01:26:19]Inactive timeout reached, logging out.
012624.796: [01:26:24][202602192.168.2.254-01:26:24]
012625.843: [01:26:25]
012625.845: [01:26:25]******************************************************************************
012625.845: [01:26:25]* Copyright (c) 2004-2024 New H3C Technologies Co., Ltd. All rights reserved.*
012625.845: [01:26:25]* Without the owner's prior written consent,                                 *
012625.845: [01:26:25]* no decompiling or reverse-engineering shall be allowed.                    *
012625.845: [01:26:25]******************************************************************************
012625.845: [01:26:25]
013627.651: [01:36:27]<H3C>
013627.652: [01:36:27]Inactive timeout reached, logging out.
013633.287: [01:36:33][202602192.168.2.254-01:36:33]
013634.317: [01:36:34]
013634.318: [01:36:34]******************************************************************************
013634.318: [01:36:34]* Copyright (c) 2004-2024 New H3C Technologies Co., Ltd. All rights reserved.*
013634.318: [01:36:34]* Without the owner's prior written consent,                                 *
013634.318: [01:36:34]* no decompiling or reverse-engineering shall be allowed.                    *
013634.318: [01:36:34]******************************************************************************
013634.319: [01:36:34]
014636.233: [01:46:36]<H3C>
014636.235: [01:46:36]Inactive timeout reached, logging out.
014642.074: [01:46:42][202602192.168.2.254-01:46:42]
014643.130: [01:46:43]
014643.130: [01:46:43]******************************************************************************
014643.130: [01:46:43]* Copyright (c) 2004-2024 New H3C Technologies Co., Ltd. All rights reserved.*
014643.130: [01:46:43]* Without the owner's prior written consent,                                 *
014643.131: [01:46:43]* no decompiling or reverse-engineering shall be allowed.                    *
014643.131: [01:46:43]******************************************************************************
014643.131: [01:46:43]
015644.950: [01:56:44]<H3C>
015644.950: [01:56:44]Inactive timeout reached, logging out.
015650.403: [01:56:50][202602192.168.2.254-01:56:50]
015651.478: [01:56:51]
015651.478: [01:56:51]******************************************************************************
015651.478: [01:56:51]* Copyright (c) 2004-2024 New H3C Technologies Co., Ltd. All rights reserved.*
015651.478: [01:56:51]* Without the owner's prior written consent,                                 *
015651.479: [01:56:51]* no decompiling or reverse-engineering shall be allowed.                    *
015651.479: [01:56:51]******************************************************************************
015651.479: [01:56:51]
020653.459: [02:06:53]<H3C>
020653.459: [02:06:53]Inactive timeout reached, logging out.
020658.797: [02:06:58][202602192.168.2.254-02:06:58]
020659.849: [02:06:59]
020659.850: [02:06:59]******************************************************************************
020659.850: [02:06:59]* Copyright (c) 2004-2024 New H3C Technologies Co., Ltd. All rights reserved.*
020659.851: [02:06:59]* Without the owner's prior written consent,                                 *
020659.851: [02:06:59]* no decompiling or reverse-engineering shall be allowed.                    *
020659.851: [02:06:59]******************************************************************************
020659.851: [02:06:59]
021701.746: [02:17:01]<H3C>
021701.746: [02:17:01]Inactive timeout reached, logging out.
021707.415: [02:17:07][202602192.168.2.254-02:17:07]
021708.441: [02:17:08]
021708.442: [02:17:08]******************************************************************************
021708.443: [02:17:08]* Copyright (c) 2004-2024 New H3C Technologies Co., Ltd. All rights reserved.*
021708.443: [02:17:08]* Without the owner's prior written consent,                                 *
021708.443: [02:17:08]* no decompiling or reverse-engineering shall be allowed.                    *
021708.443: [02:17:08]******************************************************************************
021708.443: [02:17:08]
022710.237: [02:27:10]<H3C>
022710.238: [02:27:10]Inactive timeout reached, logging out.
022715.810: [02:27:15][202602192.168.2.254-02:27:15]
022716.838: [02:27:16]
022716.839: [02:27:16]******************************************************************************
022716.839: [02:27:16]* Copyright (c) 2004-2024 New H3C Technologies Co., Ltd. All rights reserved.*
022716.839: [02:27:16]* Without the owner's prior written consent,                                 *
022716.840: [02:27:16]* no decompiling or reverse-engineering shall be allowed.                    *
022716.840: [02:27:16]******************************************************************************
022716.840: [02:27:16]
023718.934: [02:37:18]<H3C>
023718.936: [02:37:18]Inactive timeout reached, logging out.
023724.293: [02:37:24][202602192.168.2.254-02:37:24]
023725.318: [02:37:25]
023725.319: [02:37:25]******************************************************************************
023725.319: [02:37:25]* Copyright (c) 2004-2024 New H3C Technologies Co., Ltd. All rights reserved.*
023725.319: [02:37:25]* Without the owner's prior written consent,                                 *
023725.319: [02:37:25]* no decompiling or reverse-engineering shall be allowed.                    *
023725.320: [02:37:25]******************************************************************************
023725.320: [02:37:25]
024727.161: [02:47:27]<H3C>
024727.162: [02:47:27]Inactive timeout reached, logging out.
024732.836: [02:47:32][202602192.168.2.254-02:47:32]
024733.863: [02:47:33]
024733.863: [02:47:33]******************************************************************************
024733.864: [02:47:33]* Copyright (c) 2004-2024 New H3C Technologies Co., Ltd. All rights reserved.*
024733.864: [02:47:33]* Without the owner's prior written consent,                                 *
024733.864: [02:47:33]* no decompiling or reverse-engineering shall be allowed.                    *
024733.864: [02:47:33]******************************************************************************
024733.864: [02:47:33]
025735.920: [02:57:35]<H3C>
025735.921: [02:57:35]Inactive timeout reached, logging out.
025741.301: [02:57:41][202602192.168.2.254-02:57:41]
025742.329: [02:57:42]
025742.330: [02:57:42]******************************************************************************
025742.332: [02:57:42]* Copyright (c) 2004-2024 New H3C Technologies Co., Ltd. All rights reserved.*
025742.332: [02:57:42]* Without the owner's prior written consent,                                 *
025742.332: [02:57:42]* no decompiling or reverse-engineering shall be allowed.                    *
025742.332: [02:57:42]******************************************************************************
025742.332: [02:57:42]
030744.624: [03:07:44]<H3C>
030744.626: [03:07:44]Inactive timeout reached, logging out.
030749.831: [03:07:49][202602192.168.2.254-03:07:49]
030750.863: [03:07:50]
030750.863: [03:07:50]******************************************************************************
030750.864: [03:07:50]* Copyright (c) 2004-2024 New H3C Technologies Co., Ltd. All rights reserved.*
030750.864: [03:07:50]* Without the owner's prior written consent,                                 *
030750.864: [03:07:50]* no decompiling or reverse-engineering shall be allowed.                    *
030750.864: [03:07:50]******************************************************************************
030750.864: [03:07:50]
031752.615: [03:17:52]<H3C>
031752.616: [03:17:52]Inactive timeout reached, logging out.
031757.831: [03:17:57][202602192.168.2.254-03:17:57]
031758.855: [03:17:58]
031758.856: [03:17:58]******************************************************************************
031758.857: [03:17:58]* Copyright (c) 2004-2024 New H3C Technologies Co., Ltd. All rights reserved.*
031758.857: [03:17:58]* Without the owner's prior written consent,                                 *
031758.857: [03:17:58]* no decompiling or reverse-engineering shall be allowed.                    *
031758.857: [03:17:58]******************************************************************************
031758.857: [03:17:58]
032800.617: [03:28:00]<H3C>
032800.619: [03:28:00]Inactive timeout reached, logging out.
032805.847: [03:28:05][202602192.168.2.254-03:28:05]
032806.872: [03:28:06]
032806.872: [03:28:06]******************************************************************************
032806.872: [03:28:06]* Copyright (c) 2004-2024 New H3C Technologies Co., Ltd. All rights reserved.*
032806.872: [03:28:06]* Without the owner's prior written consent,                                 *
032806.873: [03:28:06]* no decompiling or reverse-engineering shall be allowed.                    *
032806.873: [03:28:06]******************************************************************************
032806.873: [03:28:06]
033808.803: [03:38:08]<H3C>
033808.805: [03:38:08]Inactive timeout reached, logging out.
033814.366: [03:38:14][202602192.168.2.254-03:38:14]
033815.396: [03:38:15]
033815.397: [03:38:15]******************************************************************************
033815.397: [03:38:15]* Copyright (c) 2004-2024 New H3C Technologies Co., Ltd. All rights reserved.*
033815.397: [03:38:15]* Without the owner's prior written consent,                                 *
033815.397: [03:38:15]* no decompiling or reverse-engineering shall be allowed.                    *
033815.397: [03:38:15]******************************************************************************
033815.397: [03:38:15]
034817.286: [03:48:17]<H3C>
034817.288: [03:48:17]Inactive timeout reached, logging out.
034823.036: [03:48:23][202602192.168.2.254-03:48:23]
034824.063: [03:48:24]
034824.064: [03:48:24]******************************************************************************
034824.064: [03:48:24]* Copyright (c) 2004-2024 New H3C Technologies Co., Ltd. All rights reserved.*
034824.064: [03:48:24]* Without the owner's prior written consent,                                 *
034824.064: [03:48:24]* no decompiling or reverse-engineering shall be allowed.                    *
034824.065: [03:48:24]******************************************************************************
034824.065: [03:48:24]
035826.180: [03:58:26]<H3C>
035826.182: [03:58:26]Inactive timeout reached, logging out.
035831.803: [03:58:31][202602192.168.2.254-03:58:31]
035832.832: [03:58:32]
035832.833: [03:58:32]******************************************************************************
035832.833: [03:58:32]* Copyright (c) 2004-2024 New H3C Technologies Co., Ltd. All rights reserved.*
035832.833: [03:58:32]* Without the owner's prior written consent,                                 *
035832.833: [03:58:32]* no decompiling or reverse-engineering shall be allowed.                    *
035832.834: [03:58:32]******************************************************************************
035832.834: [03:58:32]
040834.977: [04:08:34]<H3C>
040834.978: [04:08:34]Inactive timeout reached, logging out.
040840.680: [04:08:40][202602192.168.2.254-04:08:40]
040841.719: [04:08:41]
040841.720: [04:08:41]******************************************************************************
040841.720: [04:08:41]* Copyright (c) 2004-2024 New H3C Technologies Co., Ltd. All rights reserved.*
040841.721: [04:08:41]* Without the owner's prior written consent,                                 *
040841.721: [04:08:41]* no decompiling or reverse-engineering shall be allowed.                    *
040841.721: [04:08:41]******************************************************************************
040841.721: [04:08:41]
041843.981: [04:18:43]<H3C>
041843.981: [04:18:43]Inactive timeout reached, logging out.
041849.343: [04:18:49][202602192.168.2.254-04:18:49]
041850.387: [04:18:50]
041850.387: [04:18:50]******************************************************************************
041850.388: [04:18:50]* Copyright (c) 2004-2024 New H3C Technologies Co., Ltd. All rights reserved.*
041850.388: [04:18:50]* Without the owner's prior written consent,                                 *
041850.388: [04:18:50]* no decompiling or reverse-engineering shall be allowed.                    *
041850.388: [04:18:50]******************************************************************************
041850.388: [04:18:50]
042852.565: [04:28:52]<H3C>
042852.565: [04:28:52]Inactive timeout reached, logging out.
042858.358: [04:28:58][202602192.168.2.254-04:28:58]
042859.381: [04:28:59]
042859.381: [04:28:59]******************************************************************************
042859.381: [04:28:59]* Copyright (c) 2004-2024 New H3C Technologies Co., Ltd. All rights reserved.*
042859.381: [04:28:59]* Without the owner's prior written consent,                                 *
042859.382: [04:28:59]* no decompiling or reverse-engineering shall be allowed.                    *
042859.382: [04:28:59]******************************************************************************
042859.382: [04:28:59]
043901.556: [04:39:01]<H3C>
043901.557: [04:39:01]Inactive timeout reached, logging out.
043907.019: [04:39:07][202602192.168.2.254-04:39:07]
043908.053: [04:39:08]
043908.053: [04:39:08]******************************************************************************
043908.054: [04:39:08]* Copyright (c) 2004-2024 New H3C Technologies Co., Ltd. All rights reserved.*
043908.054: [04:39:08]* Without the owner's prior written consent,                                 *
043908.054: [04:39:08]* no decompiling or reverse-engineering shall be allowed.                    *
043908.054: [04:39:08]******************************************************************************
043908.054: [04:39:08]
044910.052: [04:49:10]<H3C>
044910.053: [04:49:10]Inactive timeout reached, logging out.
044915.356: [04:49:15][202602192.168.2.254-04:49:15]
044916.381: [04:49:16]
044916.381: [04:49:16]******************************************************************************
044916.382: [04:49:16]* Copyright (c) 2004-2024 New H3C Technologies Co., Ltd. All rights reserved.*
044916.382: [04:49:16]* Without the owner's prior written consent,                                 *
044916.382: [04:49:16]* no decompiling or reverse-engineering shall be allowed.                    *
044916.383: [04:49:16]******************************************************************************
044916.383: [04:49:16]
045918.463: [04:59:18]<H3C>
045918.464: [04:59:18]Inactive timeout reached, logging out.
045923.948: [04:59:23][202602192.168.2.254-04:59:23]
045924.975: [04:59:24]
045924.976: [04:59:24]******************************************************************************
045924.976: [04:59:24]* Copyright (c) 2004-2024 New H3C Technologies Co., Ltd. All rights reserved.*
045924.976: [04:59:24]* Without the owner's prior written consent,                                 *
045924.977: [04:59:24]* no decompiling or reverse-engineering shall be allowed.                    *
045924.977: [04:59:24]******************************************************************************
045924.977: [04:59:24]
050926.874: [05:09:26]<H3C>
050926.875: [05:09:26]Inactive timeout reached, logging out.
050932.552: [05:09:32][202602192.168.2.254-05:09:32]
050933.601: [05:09:33]
050933.602: [05:09:33]******************************************************************************
050933.602: [05:09:33]* Copyright (c) 2004-2024 New H3C Technologies Co., Ltd. All rights reserved.*
050933.602: [05:09:33]* Without the owner's prior written consent,                                 *
050933.602: [05:09:33]* no decompiling or reverse-engineering shall be allowed.                    *
050933.603: [05:09:33]******************************************************************************
050933.603: [05:09:33]
051935.513: [05:19:35]<H3C>
051935.513: [05:19:35]Inactive timeout reached, logging out.
051940.805: [05:19:40][202602192.168.2.254-05:19:40]
051941.836: [05:19:41]
051941.836: [05:19:41]******************************************************************************
051941.836: [05:19:41]* Copyright (c) 2004-2024 New H3C Technologies Co., Ltd. All rights reserved.*
051941.836: [05:19:41]* Without the owner's prior written consent,                                 *
051941.836: [05:19:41]* no decompiling or reverse-engineering shall be allowed.                    *
051941.837: [05:19:41]******************************************************************************
051941.837: [05:19:41]
052944.109: [05:29:44]<H3C>
052944.111: [05:29:44]Inactive timeout reached, logging out.
052950.130: [05:29:50][202602192.168.2.254-05:29:50]
052951.157: [05:29:51]
052951.157: [05:29:51]******************************************************************************
052951.157: [05:29:51]* Copyright (c) 2004-2024 New H3C Technologies Co., Ltd. All rights reserved.*
052951.157: [05:29:51]* Without the owner's prior written consent,                                 *
052951.158: [05:29:51]* no decompiling or reverse-engineering shall be allowed.                    *
052951.158: [05:29:51]******************************************************************************
052951.158: [05:29:51]
053953.212: [05:39:53]<H3C>
053953.213: [05:39:53]Inactive timeout reached, logging out.
053958.817: [05:39:58][202602192.168.2.254-05:39:58]
053959.903: [05:39:59]
053959.904: [05:39:59]******************************************************************************
053959.904: [05:39:59]* Copyright (c) 2004-2024 New H3C Technologies Co., Ltd. All rights reserved.*
053959.904: [05:39:59]* Without the owner's prior written consent,                                 *
053959.904: [05:39:59]* no decompiling or reverse-engineering shall be allowed.                    *
053959.905: [05:39:59]******************************************************************************
053959.905: [05:39:59]
055002.024: [05:50:02]<H3C>
055002.025: [05:50:02]Inactive timeout reached, logging out.
055007.721: [05:50:07][202602192.168.2.254-05:50:07]
055008.749: [05:50:08]
055008.750: [05:50:08]******************************************************************************
055008.750: [05:50:08]* Copyright (c) 2004-2024 New H3C Technologies Co., Ltd. All rights reserved.*
055008.750: [05:50:08]* Without the owner's prior written consent,                                 *
055008.750: [05:50:08]* no decompiling or reverse-engineering shall be allowed.                    *
055008.751: [05:50:08]******************************************************************************
055008.751: [05:50:08]
060010.601: [06:00:10]<H3C>
060010.602: [06:00:10]Inactive timeout reached, logging out.
060016.276: [06:00:16][202602192.168.2.254-06:00:16]
060017.302: [06:00:17]
060017.302: [06:00:17]******************************************************************************
060017.303: [06:00:17]* Copyright (c) 2004-2024 New H3C Technologies Co., Ltd. All rights reserved.*
060017.303: [06:00:17]* Without the owner's prior written consent,                                 *
060017.303: [06:00:17]* no decompiling or reverse-engineering shall be allowed.                    *
060017.303: [06:00:17]******************************************************************************
060017.303: [06:00:17]
061019.407: [06:10:19]<H3C>
061019.407: [06:10:19]Inactive timeout reached, logging out.
061024.939: [06:10:24][202602192.168.2.254-06:10:24]
061025.965: [06:10:25]
061025.965: [06:10:25]******************************************************************************
061025.966: [06:10:25]* Copyright (c) 2004-2024 New H3C Technologies Co., Ltd. All rights reserved.*
061025.966: [06:10:25]* Without the owner's prior written consent,                                 *
061025.966: [06:10:25]* no decompiling or reverse-engineering shall be allowed.                    *
061025.966: [06:10:25]******************************************************************************
061025.966: [06:10:25]
062028.404: [06:20:28]<H3C>
062028.405: [06:20:28]Inactive timeout reached, logging out.
062034.320: [06:20:34][202602192.168.2.254-06:20:34]
062035.347: [06:20:35]
062035.347: [06:20:35]******************************************************************************
062035.348: [06:20:35]* Copyright (c) 2004-2024 New H3C Technologies Co., Ltd. All rights reserved.*
062035.348: [06:20:35]* Without the owner's prior written consent,                                 *
062035.348: [06:20:35]* no decompiling or reverse-engineering shall be allowed.                    *
062035.348: [06:20:35]******************************************************************************
062035.348: [06:20:35]
063037.194: [06:30:37]<H3C>
063037.195: [06:30:37]Inactive timeout reached, logging out.
063042.808: [06:30:42][202602192.168.2.254-06:30:42]
063043.835: [06:30:43]
063043.835: [06:30:43]******************************************************************************
063043.835: [06:30:43]* Copyright (c) 2004-2024 New H3C Technologies Co., Ltd. All rights reserved.*
063043.835: [06:30:43]* Without the owner's prior written consent,                                 *
063043.836: [06:30:43]* no decompiling or reverse-engineering shall be allowed.                    *
063043.836: [06:30:43]******************************************************************************
063043.836: [06:30:43]
064045.694: [06:40:45]<H3C>
064045.695: [06:40:45]Inactive timeout reached, logging out.
064051.723: [06:40:51][202602192.168.2.254-06:40:51]
064052.751: [06:40:52]
064052.752: [06:40:52]******************************************************************************
064052.752: [06:40:52]* Copyright (c) 2004-2024 New H3C Technologies Co., Ltd. All rights reserved.*
064052.752: [06:40:52]* Without the owner's prior written consent,                                 *
064052.752: [06:40:52]* no decompiling or reverse-engineering shall be allowed.                    *
064052.752: [06:40:52]******************************************************************************
064052.752: [06:40:52]
065054.812: [06:50:54]<H3C>
065054.813: [06:50:54]Inactive timeout reached, logging out.
065100.343: [06:51:00][202602192.168.2.254-06:51:00]
065101.376: [06:51:01]
065101.376: [06:51:01]******************************************************************************
065101.377: [06:51:01]* Copyright (c) 2004-2024 New H3C Technologies Co., Ltd. All rights reserved.*
065101.377: [06:51:01]* Without the owner's prior written consent,                                 *
065101.377: [06:51:01]* no decompiling or reverse-engineering shall be allowed.                    *
065101.377: [06:51:01]******************************************************************************
065101.377: [06:51:01]
070103.529: [07:01:03]<H3C>
070103.530: [07:01:03]Inactive timeout reached, logging out.
070108.865: [07:01:08][202602192.168.2.254-07:01:08]
070109.904: [07:01:09]
070109.907: [07:01:09]******************************************************************************
070109.908: [07:01:09]* Copyright (c) 2004-2024 New H3C Technologies Co., Ltd. All rights reserved.*
070109.908: [07:01:09]* Without the owner's prior written consent,                                 *
070109.908: [07:01:09]* no decompiling or reverse-engineering shall be allowed.                    *
070109.908: [07:01:09]******************************************************************************
070109.908: [07:01:09]
071112.390: [07:11:12]<H3C>
071112.390: [07:11:12]Inactive timeout reached, logging out.
071117.891: [07:11:17][202602192.168.2.254-07:11:17]
071118.918: [07:11:18]
071118.919: [07:11:18]******************************************************************************
071118.919: [07:11:18]* Copyright (c) 2004-2024 New H3C Technologies Co., Ltd. All rights reserved.*
071118.919: [07:11:18]* Without the owner's prior written consent,                                 *
071118.919: [07:11:18]* no decompiling or reverse-engineering shall be allowed.                    *
071118.920: [07:11:18]******************************************************************************
071118.920: [07:11:18]
072121.480: [07:21:21]<H3C>
072121.481: [07:21:21]Inactive timeout reached, logging out.
072126.856: [07:21:26][202602192.168.2.254-07:21:26]
072127.882: [07:21:27]
072127.882: [07:21:27]******************************************************************************
072127.882: [07:21:27]* Copyright (c) 2004-2024 New H3C Technologies Co., Ltd. All rights reserved.*
072127.882: [07:21:27]* Without the owner's prior written consent,                                 *
072127.882: [07:21:27]* no decompiling or reverse-engineering shall be allowed.                    *
072127.883: [07:21:27]******************************************************************************
072127.883: [07:21:27]
073129.878: [07:31:29]<H3C>
073129.879: [07:31:29]Inactive timeout reached, logging out.
073135.333: [07:31:35][202602192.168.2.254-07:31:35]
073136.358: [07:31:36]
073136.362: [07:31:36]******************************************************************************
073136.362: [07:31:36]* Copyright (c) 2004-2024 New H3C Technologies Co., Ltd. All rights reserved.*
073136.362: [07:31:36]* Without the owner's prior written consent,                                 *
073136.363: [07:31:36]* no decompiling or reverse-engineering shall be allowed.                    *
073136.363: [07:31:36]******************************************************************************
073136.363: [07:31:36]
074138.882: [07:41:38]<H3C>
074138.883: [07:41:38]Inactive timeout reached, logging out.
074144.348: [07:41:44][202602192.168.2.254-07:41:44]
074145.376: [07:41:45]
074145.377: [07:41:45]******************************************************************************
074145.377: [07:41:45]* Copyright (c) 2004-2024 New H3C Technologies Co., Ltd. All rights reserved.*
074145.377: [07:41:45]* Without the owner's prior written consent,                                 *
074145.378: [07:41:45]* no decompiling or reverse-engineering shall be allowed.                    *
074145.378: [07:41:45]******************************************************************************
074145.378: [07:41:45]
075147.286: [07:51:47]<H3C>
075147.288: [07:51:47]Inactive timeout reached, logging out.
075152.851: [07:51:52][202602192.168.2.254-07:51:52]
075153.876: [07:51:53]
075153.879: [07:51:53]******************************************************************************
075153.880: [07:51:53]* Copyright (c) 2004-2024 New H3C Technologies Co., Ltd. All rights reserved.*
075153.880: [07:51:53]* Without the owner's prior written consent,                                 *
075153.880: [07:51:53]* no decompiling or reverse-engineering shall be allowed.                    *
075153.881: [07:51:53]******************************************************************************
075153.881: [07:51:53]
080155.785: [08:01:55]<H3C>
080155.786: [08:01:55]Inactive timeout reached, logging out.
080201.741: [08:02:01][202602192.168.2.254-08:02:01]
080202.785: [08:02:02]
080202.785: [08:02:02]******************************************************************************
080202.785: [08:02:02]* Copyright (c) 2004-2024 New H3C Technologies Co., Ltd. All rights reserved.*
080202.785: [08:02:02]* Without the owner's prior written consent,                                 *
080202.786: [08:02:02]* no decompiling or reverse-engineering shall be allowed.                    *
080202.786: [08:02:02]******************************************************************************
080202.786: [08:02:02]
081204.984: [08:12:04]<H3C>
081204.986: [08:12:04]Inactive timeout reached, logging out.
081210.391: [08:12:10][202602192.168.2.254-08:12:10]
081211.420: [08:12:11]
081211.420: [08:12:11]******************************************************************************
081211.420: [08:12:11]* Copyright (c) 2004-2024 New H3C Technologies Co., Ltd. All rights reserved.*
081211.421: [08:12:11]* Without the owner's prior written consent,                                 *
081211.421: [08:12:11]* no decompiling or reverse-engineering shall be allowed.                    *
081211.421: [08:12:11]******************************************************************************
081211.421: [08:12:11]
082213.779: [08:22:13]<H3C>
082213.780: [08:22:13]Inactive timeout reached, logging out.
082219.329: [08:22:19][202602192.168.2.254-08:22:19]
082220.355: [08:22:20]
082220.356: [08:22:20]******************************************************************************
082220.356: [08:22:20]* Copyright (c) 2004-2024 New H3C Technologies Co., Ltd. All rights reserved.*
082220.356: [08:22:20]* Without the owner's prior written consent,                                 *
082220.356: [08:22:20]* no decompiling or reverse-engineering shall be allowed.                    *
082220.357: [08:22:20]******************************************************************************
082220.357: [08:22:20]
083222.284: [08:32:22]<H3C>
083222.285: [08:32:22]Inactive timeout reached, logging out.
083228.108: [08:32:28][202602192.168.2.254-08:32:28]
083229.133: [08:32:29]
083229.134: [08:32:29]******************************************************************************
083229.134: [08:32:29]* Copyright (c) 2004-2024 New H3C Technologies Co., Ltd. All rights reserved.*
083229.134: [08:32:29]* Without the owner's prior written consent,                                 *
083229.134: [08:32:29]* no decompiling or reverse-engineering shall be allowed.                    *
083229.135: [08:32:29]******************************************************************************
083229.135: [08:32:29]
084231.078: [08:42:31]<H3C>
084231.078: [08:42:31]Inactive timeout reached, logging out.
084236.442: [08:42:36][202602192.168.2.254-08:42:36]
084237.469: [08:42:37]
084237.469: [08:42:37]******************************************************************************
084237.469: [08:42:37]* Copyright (c) 2004-2024 New H3C Technologies Co., Ltd. All rights reserved.*
084237.470: [08:42:37]* Without the owner's prior written consent,                                 *
084237.470: [08:42:37]* no decompiling or reverse-engineering shall be allowed.                    *
084237.470: [08:42:37]******************************************************************************
084237.470: [08:42:37]
085239.558: [08:52:39]<H3C>
085239.559: [08:52:39]Inactive timeout reached, logging out.
085244.974: [08:52:44][202602192.168.2.254-08:52:44]
085246.001: [08:52:46]
085246.001: [08:52:46]******************************************************************************
085246.002: [08:52:46]* Copyright (c) 2004-2024 New H3C Technologies Co., Ltd. All rights reserved.*
085246.002: [08:52:46]* Without the owner's prior written consent,                                 *
085246.002: [08:52:46]* no decompiling or reverse-engineering shall be allowed.                    *
085246.002: [08:52:46]******************************************************************************
085246.002: [08:52:46]
090248.074: [09:02:48]<H3C>
090248.077: [09:02:48]Inactive timeout reached, logging out.
090253.459: [09:02:53][202602192.168.2.254-09:02:53]
090254.491: [09:02:54]
090254.491: [09:02:54]******************************************************************************
090254.491: [09:02:54]* Copyright (c) 2004-2024 New H3C Technologies Co., Ltd. All rights reserved.*
090254.491: [09:02:54]* Without the owner's prior written consent,                                 *
090254.491: [09:02:54]* no decompiling or reverse-engineering shall be allowed.                    *
090254.491: [09:02:54]******************************************************************************
090254.491: [09:02:54]
091256.761: [09:12:56]<H3C>
091256.762: [09:12:56]Inactive timeout reached, logging out.
091302.530: [09:13:02][202602192.168.2.254-09:13:02]
091303.629: [09:13:03]
091303.629: [09:13:03]******************************************************************************
091303.629: [09:13:03]* Copyright (c) 2004-2024 New H3C Technologies Co., Ltd. All rights reserved.*
091303.629: [09:13:03]* Without the owner's prior written consent,                                 *
091303.629: [09:13:03]* no decompiling or reverse-engineering shall be allowed.                    *
091303.629: [09:13:03]******************************************************************************
091303.629: [09:13:03]
092305.489: [09:23:05]<H3C>
092305.491: [09:23:05]Inactive timeout reached, logging out.
092311.052: [09:23:11][202602192.168.2.254-09:23:11]
092312.087: [09:23:12]
092312.087: [09:23:12]******************************************************************************
092312.087: [09:23:12]* Copyright (c) 2004-2024 New H3C Technologies Co., Ltd. All rights reserved.*
092312.088: [09:23:12]* Without the owner's prior written consent,                                 *
092312.089: [09:23:12]* no decompiling or reverse-engineering shall be allowed.                    *
092312.089: [09:23:12]******************************************************************************
092312.089: [09:23:12]
093314.111: [09:33:14]<H3C>
093314.112: [09:33:14]Inactive timeout reached, logging out.
093320.058: [09:33:20][202602192.168.2.254-09:33:20]
093321.087: [09:33:21]
093321.087: [09:33:21]******************************************************************************
093321.088: [09:33:21]* Copyright (c) 2004-2024 New H3C Technologies Co., Ltd. All rights reserved.*
093321.089: [09:33:21]* Without the owner's prior written consent,                                 *
093321.089: [09:33:21]* no decompiling or reverse-engineering shall be allowed.                    *
093321.089: [09:33:21]******************************************************************************
093321.089: [09:33:21]
094323.180: [09:43:23]<H3C>
094323.181: [09:43:23]Inactive timeout reached, logging out.
094328.807: [09:43:28][202602192.168.2.254-09:43:28]
094329.836: [09:43:29]
094329.837: [09:43:29]******************************************************************************
094329.837: [09:43:29]* Copyright (c) 2004-2024 New H3C Technologies Co., Ltd. All rights reserved.*
094329.837: [09:43:29]* Without the owner's prior written consent,                                 *
094329.837: [09:43:29]* no decompiling or reverse-engineering shall be allowed.                    *
094329.838: [09:43:29]******************************************************************************
094329.838: [09:43:29]
095331.970: [09:53:31]<H3C>
095331.972: [09:53:31]Inactive timeout reached, logging out.
095337.299: [09:53:37][202602192.168.2.254-09:53:37]
095338.440: [09:53:38]
095338.440: [09:53:38]******************************************************************************
095338.441: [09:53:38]* Copyright (c) 2004-2024 New H3C Technologies Co., Ltd. All rights reserved.*
095338.441: [09:53:38]* Without the owner's prior written consent,                                 *
095338.441: [09:53:38]* no decompiling or reverse-engineering shall be allowed.                    *
095338.441: [09:53:38]******************************************************************************
095338.441: [09:53:38]
100340.368: [10:03:40]<H3C>
100340.368: [10:03:40]Inactive timeout reached, logging out.
100346.103: [10:03:46][202602192.168.2.254-10:03:46]
100347.130: [10:03:47]
100347.131: [10:03:47]******************************************************************************
100347.131: [10:03:47]* Copyright (c) 2004-2024 New H3C Technologies Co., Ltd. All rights reserved.*
100347.131: [10:03:47]* Without the owner's prior written consent,                                 *
100347.131: [10:03:47]* no decompiling or reverse-engineering shall be allowed.                    *
100347.132: [10:03:47]******************************************************************************
100347.132: [10:03:47]
101349.042: [10:13:49]<H3C>
101349.043: [10:13:49]Inactive timeout reached, logging out.
101354.563: [10:13:54][202602192.168.2.254-10:13:54]
101355.621: [10:13:55]
101355.621: [10:13:55]******************************************************************************
101355.621: [10:13:55]* Copyright (c) 2004-2024 New H3C Technologies Co., Ltd. All rights reserved.*
101355.622: [10:13:55]* Without the owner's prior written consent,                                 *
101355.622: [10:13:55]* no decompiling or reverse-engineering shall be allowed.                    *
101355.622: [10:13:55]******************************************************************************
101355.622: [10:13:55]
102357.405: [10:23:57]<H3C>
102357.406: [10:23:57]Inactive timeout reached, logging out.
102403.158: [10:24:03][202602192.168.2.254-10:24:03]
102404.185: [10:24:04]
102404.186: [10:24:04]******************************************************************************
102404.186: [10:24:04]* Copyright (c) 2004-2024 New H3C Technologies Co., Ltd. All rights reserved.*
102404.186: [10:24:04]* Without the owner's prior written consent,                                 *
102404.186: [10:24:04]* no decompiling or reverse-engineering shall be allowed.                    *
102404.186: [10:24:04]******************************************************************************
102404.186: [10:24:04]
103406.619: [10:34:06]<H3C>
103406.620: [10:34:06]Inactive timeout reached, logging out.
103412.145: [10:34:12][202602192.168.2.254-10:34:12]
103413.175: [10:34:13]
103413.176: [10:34:13]******************************************************************************
103413.176: [10:34:13]* Copyright (c) 2004-2024 New H3C Technologies Co., Ltd. All rights reserved.*
103413.176: [10:34:13]* Without the owner's prior written consent,                                 *
103413.176: [10:34:13]* no decompiling or reverse-engineering shall be allowed.                    *
103413.177: [10:34:13]******************************************************************************
103413.177: [10:34:13]
104415.010: [10:44:15]<H3C>
104415.010: [10:44:15]Inactive timeout reached, logging out.
104420.485: [10:44:20][202602192.168.2.254-10:44:20]
104421.511: [10:44:21]
104421.512: [10:44:21]******************************************************************************
104421.513: [10:44:21]* Copyright (c) 2004-2024 New H3C Technologies Co., Ltd. All rights reserved.*
104421.513: [10:44:21]* Without the owner's prior written consent,                                 *
104421.513: [10:44:21]* no decompiling or reverse-engineering shall be allowed.                    *
104421.514: [10:44:21]******************************************************************************
104421.514: [10:44:21]
105423.621: [10:54:23]<H3C>
105423.623: [10:54:23]Inactive timeout reached, logging out.
105429.101: [10:54:29][202602192.168.2.254-10:54:29]
105430.134: [10:54:30]
105430.135: [10:54:30]******************************************************************************
105430.135: [10:54:30]* Copyright (c) 2004-2024 New H3C Technologies Co., Ltd. All rights reserved.*
105430.135: [10:54:30]* Without the owner's prior written consent,                                 *
105430.136: [10:54:30]* no decompiling or reverse-engineering shall be allowed.                    *
105430.136: [10:54:30]******************************************************************************
105430.136: [10:54:30]
110432.000: [11:04:32]<H3C>
110432.002: [11:04:32]Inactive timeout reached, logging out.
110437.740: [11:04:37][202602192.168.2.254-11:04:37]
110438.768: [11:04:38]
110438.769: [11:04:38]******************************************************************************
110438.769: [11:04:38]* Copyright (c) 2004-2024 New H3C Technologies Co., Ltd. All rights reserved.*
110438.769: [11:04:38]* Without the owner's prior written consent,                                 *
110438.769: [11:04:38]* no decompiling or reverse-engineering shall be allowed.                    *
110438.769: [11:04:38]******************************************************************************
110438.770: [11:04:38]
111441.192: [11:14:41]<H3C>
111441.192: [11:14:41]Inactive timeout reached, logging out.
111447.356: [11:14:47][202602192.168.2.254-11:14:47]
111448.385: [11:14:48]
111448.385: [11:14:48]******************************************************************************
111448.385: [11:14:48]* Copyright (c) 2004-2024 New H3C Technologies Co., Ltd. All rights reserved.*
111448.385: [11:14:48]* Without the owner's prior written consent,                                 *
111448.386: [11:14:48]* no decompiling or reverse-engineering shall be allowed.                    *
111448.386: [11:14:48]******************************************************************************
111448.386: [11:14:48]
112450.200: [11:24:50]<H3C>
112450.201: [11:24:50]Inactive timeout reached, logging out.
112455.981: [11:24:55][202602192.168.2.254-11:24:55]
112457.017: [11:24:57]
112457.017: [11:24:57]******************************************************************************
112457.018: [11:24:57]* Copyright (c) 2004-2024 New H3C Technologies Co., Ltd. All rights reserved.*
112457.018: [11:24:57]* Without the owner's prior written consent,                                 *
112457.018: [11:24:57]* no decompiling or reverse-engineering shall be allowed.                    *
112457.018: [11:24:57]******************************************************************************
112457.018: [11:24:57]
113458.999: [11:34:58]<H3C>
113458.999: [11:34:58]Inactive timeout reached, logging out.
113504.539: [11:35:04][202602192.168.2.254-11:35:04]
113505.598: [11:35:05]
113505.599: [11:35:05]******************************************************************************
113505.599: [11:35:05]* Copyright (c) 2004-2024 New H3C Technologies Co., Ltd. All rights reserved.*
113505.599: [11:35:05]* Without the owner's prior written consent,                                 *
113505.599: [11:35:05]* no decompiling or reverse-engineering shall be allowed.                    *
113505.599: [11:35:05]******************************************************************************
113505.599: [11:35:05]
114507.386: [11:45:07]<H3C>
114507.387: [11:45:07]Inactive timeout reached, logging out.
114512.956: [11:45:12][202602192.168.2.254-11:45:12]
114513.986: [11:45:13]
114513.987: [11:45:13]******************************************************************************
114513.987: [11:45:13]* Copyright (c) 2004-2024 New H3C Technologies Co., Ltd. All rights reserved.*
114513.987: [11:45:13]* Without the owner's prior written consent,                                 *
114513.987: [11:45:13]* no decompiling or reverse-engineering shall be allowed.                    *
114513.988: [11:45:13]******************************************************************************
114513.988: [11:45:13]
115516.387: [11:55:16]<H3C>
115516.388: [11:55:16]Inactive timeout reached, logging out.
115522.120: [11:55:22][202602192.168.2.254-11:55:22]
115523.147: [11:55:23]
115523.150: [11:55:23]******************************************************************************
115523.151: [11:55:23]* Copyright (c) 2004-2024 New H3C Technologies Co., Ltd. All rights reserved.*
115523.151: [11:55:23]* Without the owner's prior written consent,                                 *
115523.152: [11:55:23]* no decompiling or reverse-engineering shall be allowed.                    *
115523.152: [11:55:23]******************************************************************************
115523.152: [11:55:23]
120525.275: [12:05:25]<H3C>
120525.276: [12:05:25]Inactive timeout reached, logging out.
120530.887: [12:05:30][202602192.168.2.254-12:05:30]
120531.917: [12:05:31]
120531.917: [12:05:31]******************************************************************************
120531.918: [12:05:31]* Copyright (c) 2004-2024 New H3C Technologies Co., Ltd. All rights reserved.*
120531.918: [12:05:31]* Without the owner's prior written consent,                                 *
120531.918: [12:05:31]* no decompiling or reverse-engineering shall be allowed.                    *
120531.918: [12:05:31]******************************************************************************
120531.918: [12:05:31]
121533.933: [12:15:33]<H3C>
121540.165: [12:15:40][202602192.168.2.254-12:15:40]
121541.165: [12:15:41]
121541.168: [12:15:41]******************************************************************************
121541.168: [12:15:41]* Copyright (c) 2004-2024 New H3C Technologies Co., Ltd. All rights reserved.*
121541.168: [12:15:41]* Without the owner's prior written consent,                                 *
121541.169: [12:15:41]* no decompiling or reverse-engineering shall be allowed.                    *
121541.169: [12:15:41]******************************************************************************
121541.169: [12:15:41]
122543.219: [12:25:43]<H3C>
122543.220: [12:25:43]Inactive timeout reached, logging out.
122548.821: [12:25:48][202602192.168.2.254-12:25:48]
122549.880: [12:25:49]
122549.881: [12:25:49]******************************************************************************
122549.881: [12:25:49]* Copyright (c) 2004-2024 New H3C Technologies Co., Ltd. All rights reserved.*
122549.881: [12:25:49]* Without the owner's prior written consent,                                 *
122549.881: [12:25:49]* no decompiling or reverse-engineering shall be allowed.                    *
122549.881: [12:25:49]******************************************************************************
122549.882: [12:25:49]
123551.698: [12:35:51]<H3C>
123551.699: [12:35:51]Inactive timeout reached, logging out.
123557.295: [12:35:57][202602192.168.2.254-12:35:57]
123558.323: [12:35:58]
123558.324: [12:35:58]******************************************************************************
123558.324: [12:35:58]* Copyright (c) 2004-2024 New H3C Technologies Co., Ltd. All rights reserved.*
123558.324: [12:35:58]* Without the owner's prior written consent,                                 *
123558.325: [12:35:58]* no decompiling or reverse-engineering shall be allowed.                    *
123558.325: [12:35:58]******************************************************************************
123558.325: [12:35:58]
124600.540: [12:46:00]<H3C>
124600.541: [12:46:00]Inactive timeout reached, logging out.
124605.798: [12:46:05][202602192.168.2.254-12:46:05]
124606.824: [12:46:06]
124606.825: [12:46:06]******************************************************************************
124606.825: [12:46:06]* Copyright (c) 2004-2024 New H3C Technologies Co., Ltd. All rights reserved.*
124606.826: [12:46:06]* Without the owner's prior written consent,                                 *
124606.826: [12:46:06]* no decompiling or reverse-engineering shall be allowed.                    *
124606.827: [12:46:06]******************************************************************************
124606.827: [12:46:06]
125609.129: [12:56:09]<H3C>
125609.129: [12:56:09]Inactive timeout reached, logging out.
125615.027: [12:56:15][202602192.168.2.254-12:56:15]
125616.058: [12:56:16]
125616.058: [12:56:16]******************************************************************************
125616.059: [12:56:16]* Copyright (c) 2004-2024 New H3C Technologies Co., Ltd. All rights reserved.*
125616.059: [12:56:16]* Without the owner's prior written consent,                                 *
125616.059: [12:56:16]* no decompiling or reverse-engineering shall be allowed.                    *
125616.059: [12:56:16]******************************************************************************
125616.059: [12:56:16]
130618.101: [13:06:18]<H3C>
130618.101: [13:06:18]Inactive timeout reached, logging out.
130623.797: [13:06:23][202602192.168.2.254-13:06:23]
130624.830: [13:06:24]
130624.830: [13:06:24]******************************************************************************
130624.830: [13:06:24]* Copyright (c) 2004-2024 New H3C Technologies Co., Ltd. All rights reserved.*
130624.830: [13:06:24]* Without the owner's prior written consent,                                 *
130624.831: [13:06:24]* no decompiling or reverse-engineering shall be allowed.                    *
130624.831: [13:06:24]******************************************************************************
130624.831: [13:06:24]
131626.958: [13:16:26]<H3C>
131626.958: [13:16:26]Inactive timeout reached, logging out.
131632.301: [13:16:32][202602192.168.2.254-13:16:32]
131633.325: [13:16:33]
131633.326: [13:16:33]******************************************************************************
131633.326: [13:16:33]* Copyright (c) 2004-2024 New H3C Technologies Co., Ltd. All rights reserved.*
131633.326: [13:16:33]* Without the owner's prior written consent,                                 *
131633.326: [13:16:33]* no decompiling or reverse-engineering shall be allowed.                    *
131633.326: [13:16:33]******************************************************************************
131633.326: [13:16:33]
132635.144: [13:26:35]<H3C>
132635.144: [13:26:35]Inactive timeout reached, logging out.
132640.777: [13:26:40][202602192.168.2.254-13:26:40]
132641.804: [13:26:41]
132641.804: [13:26:41]******************************************************************************
132641.804: [13:26:41]* Copyright (c) 2004-2024 New H3C Technologies Co., Ltd. All rights reserved.*
132641.805: [13:26:41]* Without the owner's prior written consent,                                 *
132641.805: [13:26:41]* no decompiling or reverse-engineering shall be allowed.                    *
132641.805: [13:26:41]******************************************************************************
132641.805: [13:26:41]
133643.835: [13:36:43]<H3C>
133643.836: [13:36:43]Inactive timeout reached, logging out.
133649.282: [13:36:49][202602192.168.2.254-13:36:49]
133650.311: [13:36:50]
133650.312: [13:36:50]******************************************************************************
133650.312: [13:36:50]* Copyright (c) 2004-2024 New H3C Technologies Co., Ltd. All rights reserved.*
133650.312: [13:36:50]* Without the owner's prior written consent,                                 *
133650.312: [13:36:50]* no decompiling or reverse-engineering shall be allowed.                    *
133650.313: [13:36:50]******************************************************************************
133650.313: [13:36:50]
134652.222: [13:46:52]<H3C>
134652.223: [13:46:52]Inactive timeout reached, logging out.
134657.772: [13:46:57][202602192.168.2.254-13:46:57]
134658.801: [13:46:58]
134658.801: [13:46:58]******************************************************************************
134658.802: [13:46:58]* Copyright (c) 2004-2024 New H3C Technologies Co., Ltd. All rights reserved.*
134658.803: [13:46:58]* Without the owner's prior written consent,                                 *
134658.803: [13:46:58]* no decompiling or reverse-engineering shall be allowed.                    *
134658.803: [13:46:58]******************************************************************************
134658.803: [13:46:58]
135700.803: [13:57:00]<H3C>
135700.803: [13:57:00]Inactive timeout reached, logging out.
135706.336: [13:57:06][202602192.168.2.254-13:57:06]
135707.376: [13:57:07]
135707.377: [13:57:07]******************************************************************************
135707.377: [13:57:07]* Copyright (c) 2004-2024 New H3C Technologies Co., Ltd. All rights reserved.*
135707.377: [13:57:07]* Without the owner's prior written consent,                                 *
135707.377: [13:57:07]* no decompiling or reverse-engineering shall be allowed.                    *
135707.378: [13:57:07]******************************************************************************
135707.378: [13:57:07]
140709.218: [14:07:09]<H3C>
140709.219: [14:07:09]Inactive timeout reached, logging out.
140714.944: [14:07:14][202602192.168.2.254-14:07:14]
140715.979: [14:07:15]
140715.980: [14:07:15]******************************************************************************
140715.980: [14:07:15]* Copyright (c) 2004-2024 New H3C Technologies Co., Ltd. All rights reserved.*
140715.980: [14:07:15]* Without the owner's prior written consent,                                 *
140715.980: [14:07:15]* no decompiling or reverse-engineering shall be allowed.                    *
140715.980: [14:07:15]******************************************************************************
140715.980: [14:07:15]
141718.015: [14:17:18]<H3C>
141718.016: [14:17:18]Inactive timeout reached, logging out.
141723.451: [14:17:23][202602192.168.2.254-14:17:23]
141724.568: [14:17:24]
141724.568: [14:17:24]******************************************************************************
141724.568: [14:17:24]* Copyright (c) 2004-2024 New H3C Technologies Co., Ltd. All rights reserved.*
141724.568: [14:17:24]* Without the owner's prior written consent,                                 *
141724.569: [14:17:24]* no decompiling or reverse-engineering shall be allowed.                    *
141724.569: [14:17:24]******************************************************************************
141724.569: [14:17:24]
142726.404: [14:27:26]<H3C>
142726.405: [14:27:26]Inactive timeout reached, logging out.
142731.998: [14:27:31][202602192.168.2.254-14:27:31]
142733.034: [14:27:33]
142733.034: [14:27:33]******************************************************************************
142733.034: [14:27:33]* Copyright (c) 2004-2024 New H3C Technologies Co., Ltd. All rights reserved.*
142733.034: [14:27:33]* Without the owner's prior written consent,                                 *
142733.034: [14:27:33]* no decompiling or reverse-engineering shall be allowed.                    *
142733.034: [14:27:33]******************************************************************************
142733.034: [14:27:33]
143046.987: [14:30:46]<H3C>
143047.115: [14:30:47]<H3C>
144047.977: [14:40:47]<H3C>
144053.353: [14:40:53][202602192.168.2.254-14:40:53]
144054.384: [14:40:54]
144054.388: [14:40:54]******************************************************************************
144054.388: [14:40:54]* Copyright (c) 2004-2024 New H3C Technologies Co., Ltd. All rights reserved.*
144054.388: [14:40:54]* Without the owner's prior written consent,                                 *
144054.388: [14:40:54]* no decompiling or reverse-engineering shall be allowed.                    *
144054.388: [14:40:54]******************************************************************************
144054.388: [14:40:54]
145056.402: [14:50:56]<H3C>
145056.402: [14:50:56]Inactive timeout reached, logging out.
145102.208: [14:51:02][202602192.168.2.254-14:51:02]
145103.240: [14:51:03]
145103.240: [14:51:03]******************************************************************************
145103.242: [14:51:03]* Copyright (c) 2004-2024 New H3C Technologies Co., Ltd. All rights reserved.*
145103.242: [14:51:03]* Without the owner's prior written consent,                                 *
145103.242: [14:51:03]* no decompiling or reverse-engineering shall be allowed.                    *
145103.242: [14:51:03]******************************************************************************
145103.242: [14:51:03]
150105.097: [15:01:05]<H3C>
150105.098: [15:01:05]Inactive timeout reached, logging out.
150110.347: [15:01:10][202602192.168.2.254-15:01:10]
150111.389: [15:01:11]
150111.393: [15:01:11]******************************************************************************
150111.393: [15:01:11]* Copyright (c) 2004-2024 New H3C Technologies Co., Ltd. All rights reserved.*
150111.393: [15:01:11]* Without the owner's prior written consent,                                 *
150111.394: [15:01:11]* no decompiling or reverse-engineering shall be allowed.                    *
150111.394: [15:01:11]******************************************************************************
150111.394: [15:01:11]
151113.415: [15:11:13]<H3C>
151113.416: [15:11:13]Inactive timeout reached, logging out.
151118.858: [15:11:18][202602192.168.2.254-15:11:18]
151119.885: [15:11:19]
151119.886: [15:11:19]******************************************************************************
151119.886: [15:11:19]* Copyright (c) 2004-2024 New H3C Technologies Co., Ltd. All rights reserved.*
151119.886: [15:11:19]* Without the owner's prior written consent,                                 *
151119.886: [15:11:19]* no decompiling or reverse-engineering shall be allowed.                    *
151119.886: [15:11:19]******************************************************************************
151119.886: [15:11:19]
152121.687: [15:21:21]<H3C>
152121.688: [15:21:21]Inactive timeout reached, logging out.
152127.367: [15:21:27][202602192.168.2.254-15:21:27]
152128.393: [15:21:28]
152128.398: [15:21:28]******************************************************************************
152128.398: [15:21:28]* Copyright (c) 2004-2024 New H3C Technologies Co., Ltd. All rights reserved.*
152128.398: [15:21:28]* Without the owner's prior written consent,                                 *
152128.399: [15:21:28]* no decompiling or reverse-engineering shall be allowed.                    *
152128.399: [15:21:28]******************************************************************************
152128.399: [15:21:28]
153130.155: [15:31:30]<H3C>
153130.156: [15:31:30]Inactive timeout reached, logging out.
153135.830: [15:31:35][202602192.168.2.254-15:31:35]
153136.859: [15:31:36]
153136.859: [15:31:36]******************************************************************************
153136.859: [15:31:36]* Copyright (c) 2004-2024 New H3C Technologies Co., Ltd. All rights reserved.*
153136.860: [15:31:36]* Without the owner's prior written consent,                                 *
153136.860: [15:31:36]* no decompiling or reverse-engineering shall be allowed.                    *
153136.860: [15:31:36]******************************************************************************
153136.860: [15:31:36]
154138.663: [15:41:38]<H3C>
154138.664: [15:41:38]Inactive timeout reached, logging out.
154144.499: [15:41:44][202602192.168.2.254-15:41:44]
154145.526: [15:41:45]
154145.526: [15:41:45]******************************************************************************
154145.527: [15:41:45]* Copyright (c) 2004-2024 New H3C Technologies Co., Ltd. All rights reserved.*
154145.527: [15:41:45]* Without the owner's prior written consent,                                 *
154145.527: [15:41:45]* no decompiling or reverse-engineering shall be allowed.                    *
154145.527: [15:41:45]******************************************************************************
154145.527: [15:41:45]
155147.307: [15:51:47]<H3C>
155147.308: [15:51:47]Inactive timeout reached, logging out.
155152.851: [15:51:52][202602192.168.2.254-15:51:52]
155153.878: [15:51:53]
155153.879: [15:51:53]******************************************************************************
155153.879: [15:51:53]* Copyright (c) 2004-2024 New H3C Technologies Co., Ltd. All rights reserved.*
155153.879: [15:51:53]* Without the owner's prior written consent,                                 *
155153.879: [15:51:53]* no decompiling or reverse-engineering shall be allowed.                    *
155153.879: [15:51:53]******************************************************************************
155153.879: [15:51:53]
160155.835: [16:01:55]<H3C>
160155.835: [16:01:55]Inactive timeout reached, logging out.
160201.339: [16:02:01][202602192.168.2.254-16:02:01]
160202.365: [16:02:02]
160202.366: [16:02:02]******************************************************************************
160202.366: [16:02:02]* Copyright (c) 2004-2024 New H3C Technologies Co., Ltd. All rights reserved.*
160202.366: [16:02:02]* Without the owner's prior written consent,                                 *
160202.366: [16:02:02]* no decompiling or reverse-engineering shall be allowed.                    *
160202.367: [16:02:02]******************************************************************************
160202.367: [16:02:02]
161204.242: [16:12:04]<H3C>
161204.243: [16:12:04]Inactive timeout reached, logging out.
161209.888: [16:12:09][202602192.168.2.254-16:12:09]
161210.916: [16:12:10]
161210.916: [16:12:10]******************************************************************************
161210.917: [16:12:10]* Copyright (c) 2004-2024 New H3C Technologies Co., Ltd. All rights reserved.*
161210.917: [16:12:10]* Without the owner's prior written consent,                                 *
161210.917: [16:12:10]* no decompiling or reverse-engineering shall be allowed.                    *
161210.917: [16:12:10]******************************************************************************
161210.917: [16:12:10]
162212.912: [16:22:12]<H3C>
162212.912: [16:22:12]Inactive timeout reached, logging out.
162218.335: [16:22:18][202602192.168.2.254-16:22:18]
162219.365: [16:22:19]
162219.370: [16:22:19]******************************************************************************
162219.371: [16:22:19]* Copyright (c) 2004-2024 New H3C Technologies Co., Ltd. All rights reserved.*
162219.371: [16:22:19]* Without the owner's prior written consent,                                 *
162219.371: [16:22:19]* no decompiling or reverse-engineering shall be allowed.                    *
162219.371: [16:22:19]******************************************************************************
162219.371: [16:22:19]
163221.301: [16:32:21]<H3C>
163221.303: [16:32:21]Inactive timeout reached, logging out.
163226.968: [16:32:26][202602192.168.2.254-16:32:26]
163228.000: [16:32:28]
163228.001: [16:32:28]******************************************************************************
163228.001: [16:32:28]* Copyright (c) 2004-2024 New H3C Technologies Co., Ltd. All rights reserved.*
163228.002: [16:32:28]* Without the owner's prior written consent,                                 *
163228.002: [16:32:28]* no decompiling or reverse-engineering shall be allowed.                    *
163228.002: [16:32:28]******************************************************************************
163228.002: [16:32:28]
164229.803: [16:42:29]<H3C>
164229.804: [16:42:29]Inactive timeout reached, logging out.
164235.339: [16:42:35][202602192.168.2.254-16:42:35]
164236.384: [16:42:36]
164236.385: [16:42:36]******************************************************************************
164236.385: [16:42:36]* Copyright (c) 2004-2024 New H3C Technologies Co., Ltd. All rights reserved.*
164236.385: [16:42:36]* Without the owner's prior written consent,                                 *
164236.385: [16:42:36]* no decompiling or reverse-engineering shall be allowed.                    *
164236.386: [16:42:36]******************************************************************************
164236.386: [16:42:36]
165238.408: [16:52:38]<H3C>
165238.409: [16:52:38]Inactive timeout reached, logging out.
165243.858: [16:52:43][202602192.168.2.254-16:52:43]
165244.888: [16:52:44]
165244.888: [16:52:44]******************************************************************************
165244.889: [16:52:44]* Copyright (c) 2004-2024 New H3C Technologies Co., Ltd. All rights reserved.*
165244.889: [16:52:44]* Without the owner's prior written consent,                                 *
165244.889: [16:52:44]* no decompiling or reverse-engineering shall be allowed.                    *
165244.889: [16:52:44]******************************************************************************
165244.889: [16:52:44]
170246.714: [17:02:46]<H3C>
170246.714: [17:02:46]Inactive timeout reached, logging out.
170252.331: [17:02:52][202602192.168.2.254-17:02:52]
170253.381: [17:02:53]
170253.382: [17:02:53]******************************************************************************
170253.382: [17:02:53]* Copyright (c) 2004-2024 New H3C Technologies Co., Ltd. All rights reserved.*
170253.382: [17:02:53]* Without the owner's prior written consent,                                 *
170253.382: [17:02:53]* no decompiling or reverse-engineering shall be allowed.                    *
170253.382: [17:02:53]******************************************************************************
170253.382: [17:02:53]
171255.183: [17:12:55]<H3C>
171255.184: [17:12:55]Inactive timeout reached, logging out.
171300.828: [17:13:00][202602192.168.2.254-17:13:00]
171301.858: [17:13:01]
171301.858: [17:13:01]******************************************************************************
171301.858: [17:13:01]* Copyright (c) 2004-2024 New H3C Technologies Co., Ltd. All rights reserved.*
171301.858: [17:13:01]* Without the owner's prior written consent,                                 *
171301.859: [17:13:01]* no decompiling or reverse-engineering shall be allowed.                    *
171301.859: [17:13:01]******************************************************************************
171301.859: [17:13:01]
172303.700: [17:23:03]<H3C>
172303.700: [17:23:03]Inactive timeout reached, logging out.
172309.340: [17:23:09][202602192.168.2.254-17:23:09]
172310.391: [17:23:10]
172310.392: [17:23:10]******************************************************************************
172310.392: [17:23:10]* Copyright (c) 2004-2024 New H3C Technologies Co., Ltd. All rights reserved.*
172310.392: [17:23:10]* Without the owner's prior written consent,                                 *
172310.392: [17:23:10]* no decompiling or reverse-engineering shall be allowed.                    *
172310.392: [17:23:10]******************************************************************************
172310.392: [17:23:10]
173312.193: [17:33:12]<H3C>
173312.194: [17:33:12]Inactive timeout reached, logging out.
173317.863: [17:33:17][202602192.168.2.254-17:33:17]
173318.890: [17:33:18]
173318.891: [17:33:18]******************************************************************************
173318.892: [17:33:18]* Copyright (c) 2004-2024 New H3C Technologies Co., Ltd. All rights reserved.*
173318.892: [17:33:18]* Without the owner's prior written consent,                                 *
173318.892: [17:33:18]* no decompiling or reverse-engineering shall be allowed.                    *
173318.892: [17:33:18]******************************************************************************
173318.892: [17:33:18]
174320.934: [17:43:20]<H3C>
174326.571: [17:43:26][202602192.168.2.254-17:43:26]
174327.599: [17:43:27]
174327.599: [17:43:27]******************************************************************************
174327.599: [17:43:27]* Copyright (c) 2004-2024 New H3C Technologies Co., Ltd. All rights reserved.*
174327.600: [17:43:27]* Without the owner's prior written consent,                                 *
174327.600: [17:43:27]* no decompiling or reverse-engineering shall be allowed.                    *
174327.600: [17:43:27]******************************************************************************
174327.600: [17:43:27]
175329.682: [17:53:29]<H3C>
175329.683: [17:53:29]Inactive timeout reached, logging out.
175335.405: [17:53:35][202602192.168.2.254-17:53:35]
175336.447: [17:53:36]
175336.447: [17:53:36]******************************************************************************
175336.447: [17:53:36]* Copyright (c) 2004-2024 New H3C Technologies Co., Ltd. All rights reserved.*
175336.448: [17:53:36]* Without the owner's prior written consent,                                 *
175336.448: [17:53:36]* no decompiling or reverse-engineering shall be allowed.                    *
175336.448: [17:53:36]******************************************************************************
175336.448: [17:53:36]
180338.691: [18:03:38]<H3C>
180338.692: [18:03:38]Inactive timeout reached, logging out.
180344.626: [18:03:44][202602192.168.2.254-18:03:44]
180345.657: [18:03:45]
180345.658: [18:03:45]******************************************************************************
180345.658: [18:03:45]* Copyright (c) 2004-2024 New H3C Technologies Co., Ltd. All rights reserved.*
180345.658: [18:03:45]* Without the owner's prior written consent,                                 *
180345.658: [18:03:45]* no decompiling or reverse-engineering shall be allowed.                    *
180345.658: [18:03:45]******************************************************************************
180345.658: [18:03:45]
181347.496: [18:13:47]<H3C>
181347.496: [18:13:47]Inactive timeout reached, logging out.
181352.916: [18:13:52][202602192.168.2.254-18:13:52]
181353.942: [18:13:53]
181353.942: [18:13:53]******************************************************************************
181353.942: [18:13:53]* Copyright (c) 2004-2024 New H3C Technologies Co., Ltd. All rights reserved.*
181353.942: [18:13:53]* Without the owner's prior written consent,                                 *
181353.942: [18:13:53]* no decompiling or reverse-engineering shall be allowed.                    *
181353.943: [18:13:53]******************************************************************************
181353.943: [18:13:53]
182356.076: [18:23:56]<H3C>
182356.076: [18:23:56]Inactive timeout reached, logging out.
182401.406: [18:24:01][202602192.168.2.254-18:24:01]
182402.435: [18:24:02]
182402.435: [18:24:02]******************************************************************************
182402.435: [18:24:02]* Copyright (c) 2004-2024 New H3C Technologies Co., Ltd. All rights reserved.*
182402.435: [18:24:02]* Without the owner's prior written consent,                                 *
182402.436: [18:24:02]* no decompiling or reverse-engineering shall be allowed.                    *
182402.436: [18:24:02]******************************************************************************
182402.436: [18:24:02]
183404.276: [18:34:04]<H3C>
183404.277: [18:34:04]Inactive timeout reached, logging out.
183409.926: [18:34:09][202602192.168.2.254-18:34:09]
183410.954: [18:34:10]
183410.954: [18:34:10]******************************************************************************
183410.955: [18:34:10]* Copyright (c) 2004-2024 New H3C Technologies Co., Ltd. All rights reserved.*
183410.955: [18:34:10]* Without the owner's prior written consent,                                 *
183410.955: [18:34:10]* no decompiling or reverse-engineering shall be allowed.                    *
183410.955: [18:34:10]******************************************************************************
183410.955: [18:34:10]
184413.305: [18:44:13]<H3C>
184413.306: [18:44:13]Inactive timeout reached, logging out.
184418.914: [18:44:18][202602192.168.2.254-18:44:18]
184419.938: [18:44:19]
184419.938: [18:44:19]******************************************************************************
184419.939: [18:44:19]* Copyright (c) 2004-2024 New H3C Technologies Co., Ltd. All rights reserved.*
184419.939: [18:44:19]* Without the owner's prior written consent,                                 *
184419.939: [18:44:19]* no decompiling or reverse-engineering shall be allowed.                    *
184419.939: [18:44:19]******************************************************************************
184419.939: [18:44:19]
185421.876: [18:54:21]<H3C>
185421.878: [18:54:21]Inactive timeout reached, logging out.
185427.397: [18:54:27][202602192.168.2.254-18:54:27]
185428.425: [18:54:28]
185428.425: [18:54:28]******************************************************************************
185428.425: [18:54:28]* Copyright (c) 2004-2024 New H3C Technologies Co., Ltd. All rights reserved.*
185428.425: [18:54:28]* Without the owner's prior written consent,                                 *
185428.425: [18:54:28]* no decompiling or reverse-engineering shall be allowed.                    *
185428.426: [18:54:28]******************************************************************************
185428.426: [18:54:28]
190430.169: [19:04:30]<H3C>
190430.170: [19:04:30]Inactive timeout reached, logging out.
190435.881: [19:04:35][202602192.168.2.254-19:04:35]
190436.925: [19:04:36]
190436.926: [19:04:36]******************************************************************************
190436.926: [19:04:36]* Copyright (c) 2004-2024 New H3C Technologies Co., Ltd. All rights reserved.*
190436.926: [19:04:36]* Without the owner's prior written consent,                                 *
190436.926: [19:04:36]* no decompiling or reverse-engineering shall be allowed.                    *
190436.926: [19:04:36]******************************************************************************
190436.926: [19:04:36]
191438.736: [19:14:38]<H3C>
191438.737: [19:14:38]Inactive timeout reached, logging out.
191444.593: [19:14:44][202602192.168.2.254-19:14:44]
191445.616: [19:14:45]
191445.623: [19:14:45]******************************************************************************
191445.623: [19:14:45]* Copyright (c) 2004-2024 New H3C Technologies Co., Ltd. All rights reserved.*
191445.623: [19:14:45]* Without the owner's prior written consent,                                 *
191445.624: [19:14:45]* no decompiling or reverse-engineering shall be allowed.                    *
191445.624: [19:14:45]******************************************************************************
191445.624: [19:14:45]
192447.434: [19:24:47]<H3C>
192447.435: [19:24:47]Inactive timeout reached, logging out.
192452.839: [19:24:52][202602192.168.2.254-19:24:52]
192453.869: [19:24:53]
192453.924: [19:24:53]******************************************************************************
192453.924: [19:24:53]* Copyright (c) 2004-2024 New H3C Technologies Co., Ltd. All rights reserved.*
192453.924: [19:24:53]* Without the owner's prior written consent,                                 *
192453.924: [19:24:53]* no decompiling or reverse-engineering shall be allowed.                    *
192453.924: [19:24:53]******************************************************************************
192453.925: [19:24:53]
193455.819: [19:34:55]<H3C>
193455.820: [19:34:55]Inactive timeout reached, logging out.
193501.345: [19:35:01][202602192.168.2.254-19:35:01]
193502.371: [19:35:02]
193502.371: [19:35:02]******************************************************************************
193502.372: [19:35:02]* Copyright (c) 2004-2024 New H3C Technologies Co., Ltd. All rights reserved.*
193502.372: [19:35:02]* Without the owner's prior written consent,                                 *
193502.372: [19:35:02]* no decompiling or reverse-engineering shall be allowed.                    *
193502.372: [19:35:02]******************************************************************************
193502.372: [19:35:02]
194504.124: [19:45:04]<H3C>
194504.125: [19:45:04]Inactive timeout reached, logging out.
194509.786: [19:45:09][202602192.168.2.254-19:45:09]
194510.815: [19:45:10]
194510.820: [19:45:10]******************************************************************************
194510.820: [19:45:10]* Copyright (c) 2004-2024 New H3C Technologies Co., Ltd. All rights reserved.*
194510.821: [19:45:10]* Without the owner's prior written consent,                                 *
194510.821: [19:45:10]* no decompiling or reverse-engineering shall be allowed.                    *
194510.821: [19:45:10]******************************************************************************
194510.821: [19:45:10]
195512.858: [19:55:12]<H3C>
195512.859: [19:55:12]Inactive timeout reached, logging out.
195518.400: [19:55:18][202602192.168.2.254-19:55:18]
195519.428: [19:55:19]
195519.428: [19:55:19]******************************************************************************
195519.428: [19:55:19]* Copyright (c) 2004-2024 New H3C Technologies Co., Ltd. All rights reserved.*
195519.428: [19:55:19]* Without the owner's prior written consent,                                 *
195519.429: [19:55:19]* no decompiling or reverse-engineering shall be allowed.                    *
195519.429: [19:55:19]******************************************************************************
195519.429: [19:55:19]
200521.339: [20:05:21]<H3C>
200521.340: [20:05:21]Inactive timeout reached, logging out.
200526.939: [20:05:26][202602192.168.2.254-20:05:26]
200527.965: [20:05:27]
200527.971: [20:05:27]******************************************************************************
200527.971: [20:05:27]* Copyright (c) 2004-2024 New H3C Technologies Co., Ltd. All rights reserved.*
200527.971: [20:05:27]* Without the owner's prior written consent,                                 *
200527.972: [20:05:27]* no decompiling or reverse-engineering shall be allowed.                    *
200527.972: [20:05:27]******************************************************************************
200527.972: [20:05:27]
201529.828: [20:15:29]<H3C>
201529.829: [20:15:29]Inactive timeout reached, logging out.
201535.952: [20:15:35][202602192.168.2.254-20:15:35]
201536.982: [20:15:36]
201536.982: [20:15:36]******************************************************************************
201536.983: [20:15:36]* Copyright (c) 2004-2024 New H3C Technologies Co., Ltd. All rights reserved.*
201536.983: [20:15:36]* Without the owner's prior written consent,                                 *
201536.983: [20:15:36]* no decompiling or reverse-engineering shall be allowed.                    *
201536.983: [20:15:36]******************************************************************************
201536.983: [20:15:36]
202538.837: [20:25:38]<H3C>
202538.838: [20:25:38]Inactive timeout reached, logging out.
202544.383: [20:25:44][202602192.168.2.254-20:25:44]
202545.409: [20:25:45]
202545.410: [20:25:45]******************************************************************************
202545.410: [20:25:45]* Copyright (c) 2004-2024 New H3C Technologies Co., Ltd. All rights reserved.*
202545.410: [20:25:45]* Without the owner's prior written consent,                                 *
202545.410: [20:25:45]* no decompiling or reverse-engineering shall be allowed.                    *
202545.411: [20:25:45]******************************************************************************
202545.411: [20:25:45]
203547.234: [20:35:47]<H3C>
203547.235: [20:35:47]Inactive timeout reached, logging out.
203552.873: [20:35:52][202602192.168.2.254-20:35:52]
203553.898: [20:35:53]
203553.903: [20:35:53]******************************************************************************
203553.903: [20:35:53]* Copyright (c) 2004-2024 New H3C Technologies Co., Ltd. All rights reserved.*
203553.903: [20:35:53]* Without the owner's prior written consent,                                 *
203553.904: [20:35:53]* no decompiling or reverse-engineering shall be allowed.                    *
203553.904: [20:35:53]******************************************************************************
203553.904: [20:35:53]
204555.846: [20:45:55]<H3C>
204555.847: [20:45:55]Inactive timeout reached, logging out.
204601.402: [20:46:01][202602192.168.2.254-20:46:01]
204602.430: [20:46:02]
204602.430: [20:46:02]******************************************************************************
204602.431: [20:46:02]* Copyright (c) 2004-2024 New H3C Technologies Co., Ltd. All rights reserved.*
204602.431: [20:46:02]* Without the owner's prior written consent,                                 *
204602.431: [20:46:02]* no decompiling or reverse-engineering shall be allowed.                    *
204602.432: [20:46:02]******************************************************************************
204602.432: [20:46:02]
205604.249: [20:56:04]<H3C>
205604.250: [20:56:04]Inactive timeout reached, logging out.
205609.907: [20:56:09][202602192.168.2.254-20:56:09]
205610.931: [20:56:10]
205610.938: [20:56:10]******************************************************************************
205610.938: [20:56:10]* Copyright (c) 2004-2024 New H3C Technologies Co., Ltd. All rights reserved.*
205610.939: [20:56:10]* Without the owner's prior written consent,                                 *
205610.939: [20:56:10]* no decompiling or reverse-engineering shall be allowed.                    *
205610.939: [20:56:10]******************************************************************************
205610.939: [20:56:10]
210612.953: [21:06:12]<H3C>
210612.954: [21:06:12]Inactive timeout reached, logging out.
210618.533: [21:06:18][202602192.168.2.254-21:06:18]
210619.560: [21:06:19]
210619.560: [21:06:19]******************************************************************************
210619.560: [21:06:19]* Copyright (c) 2004-2024 New H3C Technologies Co., Ltd. All rights reserved.*
210619.561: [21:06:19]* Without the owner's prior written consent,                                 *
210619.561: [21:06:19]* no decompiling or reverse-engineering shall be allowed.                    *
210619.561: [21:06:19]******************************************************************************
210619.561: [21:06:19]
211621.443: [21:16:21]<H3C>
211621.444: [21:16:21]Inactive timeout reached, logging out.
211627.017: [21:16:27][202602192.168.2.254-21:16:27]
211628.099: [21:16:28]
211628.099: [21:16:28]******************************************************************************
211628.099: [21:16:28]* Copyright (c) 2004-2024 New H3C Technologies Co., Ltd. All rights reserved.*
211628.099: [21:16:28]* Without the owner's prior written consent,                                 *
211628.099: [21:16:28]* no decompiling or reverse-engineering shall be allowed.                    *
211628.099: [21:16:28]******************************************************************************
211628.099: [21:16:28]
212629.919: [21:26:29]<H3C>
212629.920: [21:26:29]Inactive timeout reached, logging out.
212635.417: [21:26:35][202602192.168.2.254-21:26:35]
212636.443: [21:26:36]
212636.443: [21:26:36]******************************************************************************
212636.443: [21:26:36]* Copyright (c) 2004-2024 New H3C Technologies Co., Ltd. All rights reserved.*
212636.443: [21:26:36]* Without the owner's prior written consent,                                 *
212636.444: [21:26:36]* no decompiling or reverse-engineering shall be allowed.                    *
212636.444: [21:26:36]******************************************************************************
212636.444: [21:26:36]
213638.416: [21:36:38]<H3C>
213638.417: [21:36:38]Inactive timeout reached, logging out.
213643.872: [21:36:43][202602192.168.2.254-21:36:43]
213644.897: [21:36:44]
213644.903: [21:36:44]******************************************************************************
213644.904: [21:36:44]* Copyright (c) 2004-2024 New H3C Technologies Co., Ltd. All rights reserved.*
213644.904: [21:36:44]* Without the owner's prior written consent,                                 *
213644.904: [21:36:44]* no decompiling or reverse-engineering shall be allowed.                    *
213644.904: [21:36:44]******************************************************************************
213644.904: [21:36:44]
214646.752: [21:46:46]<H3C>
214646.752: [21:46:46]Inactive timeout reached, logging out.
214652.587: [21:46:52][202602192.168.2.254-21:46:52]
214653.614: [21:46:53]
214653.614: [21:46:53]******************************************************************************
214653.615: [21:46:53]* Copyright (c) 2004-2024 New H3C Technologies Co., Ltd. All rights reserved.*
214653.615: [21:46:53]* Without the owner's prior written consent,                                 *
214653.615: [21:46:53]* no decompiling or reverse-engineering shall be allowed.                    *
214653.615: [21:46:53]******************************************************************************
214653.615: [21:46:53]
215655.396: [21:56:55]<H3C>
215655.398: [21:56:55]Inactive timeout reached, logging out.
215700.880: [21:57:00][202602192.168.2.254-21:57:00]
215701.907: [21:57:01]
215701.908: [21:57:01]******************************************************************************
215701.909: [21:57:01]* Copyright (c) 2004-2024 New H3C Technologies Co., Ltd. All rights reserved.*
215701.909: [21:57:01]* Without the owner's prior written consent,                                 *
215701.909: [21:57:01]* no decompiling or reverse-engineering shall be allowed.                    *
215701.909: [21:57:01]******************************************************************************
215701.909: [21:57:01]
220703.703: [22:07:03]<H3C>
220703.703: [22:07:03]Inactive timeout reached, logging out.
220709.495: [22:07:09][202602192.168.2.254-22:07:09]
220710.522: [22:07:10]
220710.529: [22:07:10]******************************************************************************
220710.529: [22:07:10]* Copyright (c) 2004-2024 New H3C Technologies Co., Ltd. All rights reserved.*
220710.529: [22:07:10]* Without the owner's prior written consent,                                 *
220710.529: [22:07:10]* no decompiling or reverse-engineering shall be allowed.                    *
220710.529: [22:07:10]******************************************************************************
220710.529: [22:07:10]
221712.310: [22:17:12]<H3C>
221712.311: [22:17:12]Inactive timeout reached, logging out.
221718.077: [22:17:18][202602192.168.2.254-22:17:18]
221719.103: [22:17:19]
221719.112: [22:17:19]******************************************************************************
221719.112: [22:17:19]* Copyright (c) 2004-2024 New H3C Technologies Co., Ltd. All rights reserved.*
221719.112: [22:17:19]* Without the owner's prior written consent,                                 *
221719.112: [22:17:19]* no decompiling or reverse-engineering shall be allowed.                    *
221719.112: [22:17:19]******************************************************************************
221719.112: [22:17:19]
222720.988: [22:27:20]<H3C>
222720.989: [22:27:20]Inactive timeout reached, logging out.
222726.403: [22:27:26][202602192.168.2.254-22:27:26]
222727.446: [22:27:27]
222727.446: [22:27:27]******************************************************************************
222727.446: [22:27:27]* Copyright (c) 2004-2024 New H3C Technologies Co., Ltd. All rights reserved.*
222727.446: [22:27:27]* Without the owner's prior written consent,                                 *
222727.447: [22:27:27]* no decompiling or reverse-engineering shall be allowed.                    *
222727.447: [22:27:27]******************************************************************************
222727.447: [22:27:27]
223729.173: [22:37:29]<H3C>
223729.174: [22:37:29]Inactive timeout reached, logging out.
223734.853: [22:37:34][202602192.168.2.254-22:37:34]
223735.879: [22:37:35]
223735.885: [22:37:35]******************************************************************************
223735.885: [22:37:35]* Copyright (c) 2004-2024 New H3C Technologies Co., Ltd. All rights reserved.*
223735.885: [22:37:35]* Without the owner's prior written consent,                                 *
223735.886: [22:37:35]* no decompiling or reverse-engineering shall be allowed.                    *
223735.886: [22:37:35]******************************************************************************
223735.886: [22:37:35]
224737.856: [22:47:37]<H3C>
224737.856: [22:47:37]Inactive timeout reached, logging out.
224743.577: [22:47:43][202602192.168.2.254-22:47:43]
224744.614: [22:47:44]
224744.614: [22:47:44]******************************************************************************
224744.614: [22:47:44]* Copyright (c) 2004-2024 New H3C Technologies Co., Ltd. All rights reserved.*
224744.615: [22:47:44]* Without the owner's prior written consent,                                 *
224744.615: [22:47:44]* no decompiling or reverse-engineering shall be allowed.                    *
224744.615: [22:47:44]******************************************************************************
224744.615: [22:47:44]
225746.467: [22:57:46]<H3C>
225746.467: [22:57:46]Inactive timeout reached, logging out.
225751.857: [22:57:51][202602192.168.2.254-22:57:51]
225752.881: [22:57:52]
225752.887: [22:57:52]******************************************************************************
225752.888: [22:57:52]* Copyright (c) 2004-2024 New H3C Technologies Co., Ltd. All rights reserved.*
225752.888: [22:57:52]* Without the owner's prior written consent,                                 *
225752.888: [22:57:52]* no decompiling or reverse-engineering shall be allowed.                    *
225752.888: [22:57:52]******************************************************************************
225752.888: [22:57:52]
230754.743: [23:07:54]<H3C>
230754.743: [23:07:54]Inactive timeout reached, logging out.
230800.462: [23:08:00][202602192.168.2.254-23:08:00]
230801.487: [23:08:01]
230801.495: [23:08:01]******************************************************************************
230801.495: [23:08:01]* Copyright (c) 2004-2024 New H3C Technologies Co., Ltd. All rights reserved.*
230801.495: [23:08:01]* Without the owner's prior written consent,                                 *
230801.495: [23:08:01]* no decompiling or reverse-engineering shall be allowed.                    *
230801.496: [23:08:01]******************************************************************************
230801.496: [23:08:01]
231803.329: [23:18:03]<H3C>
231803.329: [23:18:03]Inactive timeout reached, logging out.
231808.834: [23:18:08][202602192.168.2.254-23:18:08]
231809.861: [23:18:09]
231809.861: [23:18:09]******************************************************************************
231809.862: [23:18:09]* Copyright (c) 2004-2024 New H3C Technologies Co., Ltd. All rights reserved.*
231809.862: [23:18:09]* Without the owner's prior written consent,                                 *
231809.862: [23:18:09]* no decompiling or reverse-engineering shall be allowed.                    *
231809.862: [23:18:09]******************************************************************************
231809.862: [23:18:09]
232811.632: [23:28:11]<H3C>
232811.633: [23:28:11]Inactive timeout reached, logging out.
232816.823: [23:28:16][202602192.168.2.254-23:28:16]
232817.849: [23:28:17]
232817.857: [23:28:17]******************************************************************************
232817.857: [23:28:17]* Copyright (c) 2004-2024 New H3C Technologies Co., Ltd. All rights reserved.*
232817.857: [23:28:17]* Without the owner's prior written consent,                                 *
232817.857: [23:28:17]* no decompiling or reverse-engineering shall be allowed.                    *
232817.858: [23:28:17]******************************************************************************
232817.858: [23:28:17]
233819.610: [23:38:19]<H3C>
233819.612: [23:38:19]Inactive timeout reached, logging out.
233824.826: [23:38:24][202602192.168.2.254-23:38:24]
233825.852: [23:38:25]
233825.857: [23:38:25]******************************************************************************
233825.857: [23:38:25]* Copyright (c) 2004-2024 New H3C Technologies Co., Ltd. All rights reserved.*
233825.858: [23:38:25]* Without the owner's prior written consent,                                 *
233825.858: [23:38:25]* no decompiling or reverse-engineering shall be allowed.                    *
233825.858: [23:38:25]******************************************************************************
233825.858: [23:38:25]
234827.826: [23:48:27]<H3C>
234827.826: [23:48:27]Inactive timeout reached, logging out.
234833.518: [23:48:33][202602192.168.2.254-23:48:33]
234834.545: [23:48:34]
234834.550: [23:48:34]******************************************************************************
234834.550: [23:48:34]* Copyright (c) 2004-2024 New H3C Technologies Co., Ltd. All rights reserved.*
234834.550: [23:48:34]* Without the owner's prior written consent,                                 *
234834.550: [23:48:34]* no decompiling or reverse-engineering shall be allowed.                    *
234834.551: [23:48:34]******************************************************************************
234834.551: [23:48:34]
235836.318: [23:58:36]<H3C>
235836.319: [23:58:36]Inactive timeout reached, logging out.
235841.835: [23:58:41][202602192.168.2.254-23:58:41]
235842.876: [23:58:42]
235842.877: [23:58:42]******************************************************************************
235842.877: [23:58:42]* Copyright (c) 2004-2024 New H3C Technologies Co., Ltd. All rights reserved.*
235842.877: [23:58:42]* Without the owner's prior written consent,                                 *
235842.877: [23:58:42]* no decompiling or reverse-engineering shall be allowed.                    *
235842.878: [23:58:42]******************************************************************************
235842.878: [23:58:42]
