141515.588: [14:15:15][202602192.168.2.254-14:15:15]
141516.624: [14:15:16]
141516.624: [14:15:16]******************************************************************************
141516.624: [14:15:16]* Copyright (c) 2004-2024 New H3C Technologies Co., Ltd. All rights reserved.*
141516.624: [14:15:16]* Without the owner's prior written consent,                                 *
141516.625: [14:15:16]* no decompiling or reverse-engineering shall be allowed.                    *
141516.625: [14:15:16]******************************************************************************
141516.625: [14:15:16]
141518.838: [14:15:18]<H3C>
141518.952: [14:15:18]<H3C>
141524.069: [14:15:24]<H3C>disp ip inter bri
141524.158: [14:15:24]*down: administratively down
141524.158: [14:15:24](s): spoofing  (l): loopback
141524.160: [14:15:24]Interface          Physical Protocol IP address/Mask    VPN instance Description
141524.171: [14:15:24]GE1/0/0            up       up       192.168.231.2/30   --           --         
141524.176: [14:15:24]GE1/0/1            up       up       223.107.68.194/30  --           --         
141524.181: [14:15:24]GE1/0/2            up       up       192.168.2.254/24   --           --         
141524.181: [14:15:24]GE1/0/3            up       up       10.1.200.1/30      --           --         
141524.181: [14:15:24]VT1                down     down     10.6.0.1/24        --           --         
141524.181: [14:15:24]Vlan1              down     down     --                 --           LAN-inte...
141526.482: [14:15:26]<H3C>
141526.834: [14:15:26]<H3C>
141532.861: [14:15:32]<H3C>ping 192.168.231.1
141532.975: [14:15:32]Ping 192.168.231.1 (192.168.231.1): 56 data bytes, press CTRL_C to break
141532.979: [14:15:32]56 bytes from 192.168.231.1: icmp_seq=0 ttl=255 time=1.816 ms
141533.180: [14:15:33]56 bytes from 192.168.231.1: icmp_seq=1 ttl=255 time=1.718 ms
141533.384: [14:15:33]56 bytes from 192.168.231.1: icmp_seq=2 ttl=255 time=1.426 ms
141533.585: [14:15:33]56 bytes from 192.168.231.1: icmp_seq=3 ttl=255 time=1.603 ms
141533.788: [14:15:33]56 bytes from 192.168.231.1: icmp_seq=4 ttl=255 time=1.488 ms
141533.788: [14:15:33]
141533.788: [14:15:33]--- Ping statistics for 192.168.231.1 ---
141533.788: [14:15:33]5 packet(s) transmitted, 5 packet(s) received, 0.0% packet loss
141533.788: [14:15:33]round-trip min/avg/max/std-dev = 1.426/1.610/1.816/0.143 ms
141625.351: [14:16:25]<H3C>ping 192.168.232.1
141625.483: [14:16:25]Ping 192.168.232.1 (192.168.232.1): 56 data bytes, press CTRL_C to break
141625.489: [14:16:25]56 bytes from 192.168.232.1: icmp_seq=0 ttl=255 time=1.788 ms
141625.687: [14:16:25]56 bytes from 192.168.232.1: icmp_seq=1 ttl=255 time=1.499 ms
141625.889: [14:16:25]56 bytes from 192.168.232.1: icmp_seq=2 ttl=255 time=1.532 ms
141626.091: [14:16:26]56 bytes from 192.168.232.1: icmp_seq=3 ttl=255 time=1.470 ms
141626.294: [14:16:26]56 bytes from 192.168.232.1: icmp_seq=4 ttl=255 time=1.560 ms
141626.294: [14:16:26]
141626.295: [14:16:26]--- Ping statistics for 192.168.232.1 ---
141626.295: [14:16:26]5 packet(s) transmitted, 5 packet(s) received, 0.0% packet loss
141626.295: [14:16:26]round-trip min/avg/max/std-dev = 1.470/1.570/1.788/0.113 ms
141629.159: [14:16:29]<H3C>ping 192.168.234.1
141629.291: [14:16:29]Ping 192.168.234.1 (192.168.234.1): 56 data bytes, press CTRL_C to break
141631.293: [14:16:31]Request time out
141632.050: [14:16:32]
141632.050: [14:16:32]--- Ping statistics for 192.168.234.1 ---
141632.050: [14:16:32]2 packet(s) transmitted, 0 packet(s) received, 100.0% packet loss
141634.673: [14:16:34]<H3C>ping 192.168.242.1
141634.778: [14:16:34]Ping 192.168.242.1 (192.168.242.1): 56 data bytes, press CTRL_C to break
141634.782: [14:16:34]56 bytes from 192.168.242.1: icmp_seq=0 ttl=255 time=1.823 ms
141634.983: [14:16:34]56 bytes from 192.168.242.1: icmp_seq=1 ttl=255 time=1.621 ms
141635.187: [14:16:35]56 bytes from 192.168.242.1: icmp_seq=2 ttl=255 time=1.651 ms
141635.390: [14:16:35]56 bytes from 192.168.242.1: icmp_seq=3 ttl=255 time=1.941 ms
141635.593: [14:16:35]56 bytes from 192.168.242.1: icmp_seq=4 ttl=255 time=1.556 ms
141635.593: [14:16:35]
141635.593: [14:16:35]--- Ping statistics for 192.168.242.1 ---
141635.594: [14:16:35]5 packet(s) transmitted, 5 packet(s) received, 0.0% packet loss
141635.594: [14:16:35]round-trip min/avg/max/std-dev = 1.556/1.718/1.941/0.142 ms
141644.846: [14:16:44]<H3C>
141644.979: [14:16:44]<H3C>
142702.665: [14:27:02]<H3C>
142702.667: [14:27:02]Inactive timeout reached, logging out.
142708.457: [14:27:08][202602192.168.2.254-14:27:08]
142709.504: [14:27:09]
142709.508: [14:27:09]******************************************************************************
142709.508: [14:27:09]* Copyright (c) 2004-2024 New H3C Technologies Co., Ltd. All rights reserved.*
142709.508: [14:27:09]* Without the owner's prior written consent,                                 *
142709.508: [14:27:09]* no decompiling or reverse-engineering shall be allowed.                    *
142709.509: [14:27:09]******************************************************************************
142709.509: [14:27:09]
143711.642: [14:37:11]<H3C>
143711.643: [14:37:11]Inactive timeout reached, logging out.
143717.338: [14:37:17][202602192.168.2.254-14:37:17]
143718.365: [14:37:18]
143718.365: [14:37:18]******************************************************************************
143718.365: [14:37:18]* Copyright (c) 2004-2024 New H3C Technologies Co., Ltd. All rights reserved.*
143718.366: [14:37:18]* Without the owner's prior written consent,                                 *
143718.366: [14:37:18]* no decompiling or reverse-engineering shall be allowed.                    *
143718.366: [14:37:18]******************************************************************************
143718.366: [14:37:18]
144720.443: [14:47:20]<H3C>
144720.445: [14:47:20]Inactive timeout reached, logging out.
144725.790: [14:47:25][202602192.168.2.254-14:47:25]
144726.820: [14:47:26]
144726.824: [14:47:26]******************************************************************************
144726.824: [14:47:26]* Copyright (c) 2004-2024 New H3C Technologies Co., Ltd. All rights reserved.*
144726.825: [14:47:26]* Without the owner's prior written consent,                                 *
144726.825: [14:47:26]* no decompiling or reverse-engineering shall be allowed.                    *
144726.825: [14:47:26]******************************************************************************
144726.825: [14:47:26]
145729.032: [14:57:29]<H3C>
145729.034: [14:57:29]Inactive timeout reached, logging out.
145734.446: [14:57:34][202602192.168.2.254-14:57:34]
145735.488: [14:57:35]
145735.496: [14:57:35]******************************************************************************
145735.497: [14:57:35]* Copyright (c) 2004-2024 New H3C Technologies Co., Ltd. All rights reserved.*
145735.497: [14:57:35]* Without the owner's prior written consent,                                 *
145735.498: [14:57:35]* no decompiling or reverse-engineering shall be allowed.                    *
145735.498: [14:57:35]******************************************************************************
145735.498: [14:57:35]
150737.430: [15:07:37]<H3C>
150737.435: [15:07:37]Inactive timeout reached, logging out.
150743.533: [15:07:43][202602192.168.2.254-15:07:43]
150744.557: [15:07:44]
150744.558: [15:07:44]******************************************************************************
150744.558: [15:07:44]* Copyright (c) 2004-2024 New H3C Technologies Co., Ltd. All rights reserved.*
150744.558: [15:07:44]* Without the owner's prior written consent,                                 *
150744.559: [15:07:44]* no decompiling or reverse-engineering shall be allowed.                    *
150744.560: [15:07:44]******************************************************************************
150744.560: [15:07:44]
151746.630: [15:17:46]<H3C>
151746.635: [15:17:46]Inactive timeout reached, logging out.
151752.498: [15:17:52][202602192.168.2.254-15:17:52]
151753.532: [15:17:53]
151753.533: [15:17:53]******************************************************************************
151753.533: [15:17:53]* Copyright (c) 2004-2024 New H3C Technologies Co., Ltd. All rights reserved.*
151753.533: [15:17:53]* Without the owner's prior written consent,                                 *
151753.533: [15:17:53]* no decompiling or reverse-engineering shall be allowed.                    *
151753.534: [15:17:53]******************************************************************************
151753.534: [15:17:53]
152755.516: [15:27:55]<H3C>
152755.517: [15:27:55]Inactive timeout reached, logging out.
152800.927: [15:28:00][202602192.168.2.254-15:28:00]
152801.954: [15:28:01]
152801.957: [15:28:01]******************************************************************************
152801.957: [15:28:01]* Copyright (c) 2004-2024 New H3C Technologies Co., Ltd. All rights reserved.*
152801.957: [15:28:01]* Without the owner's prior written consent,                                 *
152801.957: [15:28:01]* no decompiling or reverse-engineering shall be allowed.                    *
152801.957: [15:28:01]******************************************************************************
152801.957: [15:28:01]
153804.039: [15:38:04]<H3C>
153804.040: [15:38:04]Inactive timeout reached, logging out.
153809.297: [15:38:09][202602192.168.2.254-15:38:09]
153810.326: [15:38:10]
153810.327: [15:38:10]******************************************************************************
153810.328: [15:38:10]* Copyright (c) 2004-2024 New H3C Technologies Co., Ltd. All rights reserved.*
153810.328: [15:38:10]* Without the owner's prior written consent,                                 *
153810.328: [15:38:10]* no decompiling or reverse-engineering shall be allowed.                    *
153810.328: [15:38:10]******************************************************************************
153810.328: [15:38:10]
154812.208: [15:48:12]<H3C>
154812.209: [15:48:12]Inactive timeout reached, logging out.
154817.783: [15:48:17][202602192.168.2.254-15:48:17]
154818.810: [15:48:18]
154818.810: [15:48:18]******************************************************************************
154818.810: [15:48:18]* Copyright (c) 2004-2024 New H3C Technologies Co., Ltd. All rights reserved.*
154818.810: [15:48:18]* Without the owner's prior written consent,                                 *
154818.810: [15:48:18]* no decompiling or reverse-engineering shall be allowed.                    *
154818.811: [15:48:18]******************************************************************************
154818.811: [15:48:18]
155820.699: [15:58:20]<H3C>
155820.699: [15:58:20]Inactive timeout reached, logging out.
155826.414: [15:58:26][202602192.168.2.254-15:58:26]
155827.439: [15:58:27]
155827.443: [15:58:27]******************************************************************************
155827.443: [15:58:27]* Copyright (c) 2004-2024 New H3C Technologies Co., Ltd. All rights reserved.*
155827.443: [15:58:27]* Without the owner's prior written consent,                                 *
155827.443: [15:58:27]* no decompiling or reverse-engineering shall be allowed.                    *
155827.443: [15:58:27]******************************************************************************
155827.443: [15:58:27]
160829.319: [16:08:29]<H3C>
160829.320: [16:08:29]Inactive timeout reached, logging out.
160834.748: [16:08:34][202602192.168.2.254-16:08:34]
160835.775: [16:08:35]
160835.778: [16:08:35]******************************************************************************
160835.778: [16:08:35]* Copyright (c) 2004-2024 New H3C Technologies Co., Ltd. All rights reserved.*
160835.778: [16:08:35]* Without the owner's prior written consent,                                 *
160835.778: [16:08:35]* no decompiling or reverse-engineering shall be allowed.                    *
160835.779: [16:08:35]******************************************************************************
160835.779: [16:08:35]
161837.589: [16:18:37]<H3C>
161837.590: [16:18:37]Inactive timeout reached, logging out.
161843.328: [16:18:43][202602192.168.2.254-16:18:43]
161844.373: [16:18:44]
161844.374: [16:18:44]******************************************************************************
161844.374: [16:18:44]* Copyright (c) 2004-2024 New H3C Technologies Co., Ltd. All rights reserved.*
161844.374: [16:18:44]* Without the owner's prior written consent,                                 *
161844.374: [16:18:44]* no decompiling or reverse-engineering shall be allowed.                    *
161844.374: [16:18:44]******************************************************************************
161844.374: [16:18:44]
162846.182: [16:28:46]<H3C>
162846.184: [16:28:46]Inactive timeout reached, logging out.
162851.870: [16:28:51][202602192.168.2.254-16:28:51]
162852.898: [16:28:52]
162852.898: [16:28:52]******************************************************************************
162852.898: [16:28:52]* Copyright (c) 2004-2024 New H3C Technologies Co., Ltd. All rights reserved.*
162852.898: [16:28:52]* Without the owner's prior written consent,                                 *
162852.899: [16:28:52]* no decompiling or reverse-engineering shall be allowed.                    *
162852.900: [16:28:52]******************************************************************************
162852.900: [16:28:52]
163854.807: [16:38:54]<H3C>
163854.808: [16:38:54]Inactive timeout reached, logging out.
163900.408: [16:39:00][202602192.168.2.254-16:39:00]
163901.434: [16:39:01]
163901.435: [16:39:01]******************************************************************************
163901.435: [16:39:01]* Copyright (c) 2004-2024 New H3C Technologies Co., Ltd. All rights reserved.*
163901.435: [16:39:01]* Without the owner's prior written consent,                                 *
163901.436: [16:39:01]* no decompiling or reverse-engineering shall be allowed.                    *
163901.436: [16:39:01]******************************************************************************
163901.436: [16:39:01]
164903.299: [16:49:03]<H3C>
164903.301: [16:49:03]Inactive timeout reached, logging out.
164908.790: [16:49:08][202602192.168.2.254-16:49:08]
164909.816: [16:49:09]
164909.817: [16:49:09]******************************************************************************
164909.817: [16:49:09]* Copyright (c) 2004-2024 New H3C Technologies Co., Ltd. All rights reserved.*
164909.817: [16:49:09]* Without the owner's prior written consent,                                 *
164909.817: [16:49:09]* no decompiling or reverse-engineering shall be allowed.                    *
164909.817: [16:49:09]******************************************************************************
164909.817: [16:49:09]
165911.727: [16:59:11]<H3C>
165911.728: [16:59:11]Inactive timeout reached, logging out.
165917.571: [16:59:17][202602192.168.2.254-16:59:17]
165918.600: [16:59:18]
165918.601: [16:59:18]******************************************************************************
165918.601: [16:59:18]* Copyright (c) 2004-2024 New H3C Technologies Co., Ltd. All rights reserved.*
165918.601: [16:59:18]* Without the owner's prior written consent,                                 *
165918.601: [16:59:18]* no decompiling or reverse-engineering shall be allowed.                    *
165918.601: [16:59:18]******************************************************************************
165918.601: [16:59:18]
170920.411: [17:09:20]<H3C>
170920.412: [17:09:20]Inactive timeout reached, logging out.
170925.813: [17:09:25][202602192.168.2.254-17:09:25]
170926.843: [17:09:26]
170926.843: [17:09:26]******************************************************************************
170926.843: [17:09:26]* Copyright (c) 2004-2024 New H3C Technologies Co., Ltd. All rights reserved.*
170926.844: [17:09:26]* Without the owner's prior written consent,                                 *
170926.844: [17:09:26]* no decompiling or reverse-engineering shall be allowed.                    *
170926.844: [17:09:26]******************************************************************************
170926.844: [17:09:26]
171928.787: [17:19:28]<H3C>
171928.787: [17:19:28]Inactive timeout reached, logging out.
171934.307: [17:19:34][202602192.168.2.254-17:19:34]
171935.378: [17:19:35]
171935.379: [17:19:35]******************************************************************************
171935.379: [17:19:35]* Copyright (c) 2004-2024 New H3C Technologies Co., Ltd. All rights reserved.*
171935.379: [17:19:35]* Without the owner's prior written consent,                                 *
171935.380: [17:19:35]* no decompiling or reverse-engineering shall be allowed.                    *
171935.380: [17:19:35]******************************************************************************
171935.380: [17:19:35]
172937.204: [17:29:37]<H3C>
172937.205: [17:29:37]Inactive timeout reached, logging out.
172942.878: [17:29:42][202602192.168.2.254-17:29:42]
172943.923: [17:29:43]
172943.923: [17:29:43]******************************************************************************
172943.924: [17:29:43]* Copyright (c) 2004-2024 New H3C Technologies Co., Ltd. All rights reserved.*
172943.924: [17:29:43]* Without the owner's prior written consent,                                 *
172943.924: [17:29:43]* no decompiling or reverse-engineering shall be allowed.                    *
172943.925: [17:29:43]******************************************************************************
172943.925: [17:29:43]
173945.768: [17:39:45]<H3C>
173945.769: [17:39:45]Inactive timeout reached, logging out.
173951.425: [17:39:51][202602192.168.2.254-17:39:51]
173952.451: [17:39:52]
173952.453: [17:39:52]******************************************************************************
173952.453: [17:39:52]* Copyright (c) 2004-2024 New H3C Technologies Co., Ltd. All rights reserved.*
173952.453: [17:39:52]* Without the owner's prior written consent,                                 *
173952.454: [17:39:52]* no decompiling or reverse-engineering shall be allowed.                    *
173952.454: [17:39:52]******************************************************************************
173952.454: [17:39:52]
174954.277: [17:49:54]<H3C>
174954.277: [17:49:54]Inactive timeout reached, logging out.
174959.898: [17:49:59][202602192.168.2.254-17:49:59]
175000.924: [17:50:00]
175000.924: [17:50:00]******************************************************************************
175000.924: [17:50:00]* Copyright (c) 2004-2024 New H3C Technologies Co., Ltd. All rights reserved.*
175000.924: [17:50:00]* Without the owner's prior written consent,                                 *
175000.926: [17:50:00]* no decompiling or reverse-engineering shall be allowed.                    *
175000.926: [17:50:00]******************************************************************************
175000.926: [17:50:00]
180002.752: [18:00:02]<H3C>
180002.753: [18:00:02]Inactive timeout reached, logging out.
180008.367: [18:00:08][202602192.168.2.254-18:00:08]
180009.405: [18:00:09]
180009.405: [18:00:09]******************************************************************************
180009.405: [18:00:09]* Copyright (c) 2004-2024 New H3C Technologies Co., Ltd. All rights reserved.*
180009.405: [18:00:09]* Without the owner's prior written consent,                                 *
180009.406: [18:00:09]* no decompiling or reverse-engineering shall be allowed.                    *
180009.406: [18:00:09]******************************************************************************
180009.406: [18:00:09]
181011.542: [18:10:11]<H3C>
181011.543: [18:10:11]Inactive timeout reached, logging out.
181017.192: [18:10:17][202602192.168.2.254-18:10:17]
181018.217: [18:10:18]
181018.218: [18:10:18]******************************************************************************
181018.218: [18:10:18]* Copyright (c) 2004-2024 New H3C Technologies Co., Ltd. All rights reserved.*
181018.219: [18:10:18]* Without the owner's prior written consent,                                 *
181018.219: [18:10:18]* no decompiling or reverse-engineering shall be allowed.                    *
181018.219: [18:10:18]******************************************************************************
181018.219: [18:10:18]
182020.036: [18:20:20]<H3C>
182020.038: [18:20:20]Inactive timeout reached, logging out.
182025.974: [18:20:25][202602192.168.2.254-18:20:25]
182027.017: [18:20:27]
182027.018: [18:20:27]******************************************************************************
182027.018: [18:20:27]* Copyright (c) 2004-2024 New H3C Technologies Co., Ltd. All rights reserved.*
182027.018: [18:20:27]* Without the owner's prior written consent,                                 *
182027.019: [18:20:27]* no decompiling or reverse-engineering shall be allowed.                    *
182027.019: [18:20:27]******************************************************************************
182027.019: [18:20:27]
183029.050: [18:30:29]<H3C>
183029.051: [18:30:29]Inactive timeout reached, logging out.
183034.829: [18:30:34][202602192.168.2.254-18:30:34]
183035.857: [18:30:35]
183035.858: [18:30:35]******************************************************************************
183035.858: [18:30:35]* Copyright (c) 2004-2024 New H3C Technologies Co., Ltd. All rights reserved.*
183035.858: [18:30:35]* Without the owner's prior written consent,                                 *
183035.859: [18:30:35]* no decompiling or reverse-engineering shall be allowed.                    *
183035.859: [18:30:35]******************************************************************************
183035.859: [18:30:35]
184037.760: [18:40:37]<H3C>
184037.761: [18:40:37]Inactive timeout reached, logging out.
184043.308: [18:40:43][202602192.168.2.254-18:40:43]
184044.336: [18:40:44]
184044.337: [18:40:44]******************************************************************************
184044.337: [18:40:44]* Copyright (c) 2004-2024 New H3C Technologies Co., Ltd. All rights reserved.*
184044.337: [18:40:44]* Without the owner's prior written consent,                                 *
184044.337: [18:40:44]* no decompiling or reverse-engineering shall be allowed.                    *
184044.338: [18:40:44]******************************************************************************
184044.338: [18:40:44]
185046.244: [18:50:46]<H3C>
185046.245: [18:50:46]Inactive timeout reached, logging out.
185051.872: [18:50:51][202602192.168.2.254-18:50:51]
185052.904: [18:50:52]
185052.904: [18:50:52]******************************************************************************
185052.905: [18:50:52]* Copyright (c) 2004-2024 New H3C Technologies Co., Ltd. All rights reserved.*
185052.905: [18:50:52]* Without the owner's prior written consent,                                 *
185052.905: [18:50:52]* no decompiling or reverse-engineering shall be allowed.                    *
185052.905: [18:50:52]******************************************************************************
185052.905: [18:50:52]
190054.767: [19:00:54]<H3C>
190054.768: [19:00:54]Inactive timeout reached, logging out.
190100.592: [19:01:00][202602192.168.2.254-19:01:00]
190101.616: [19:01:01]
190101.618: [19:01:01]******************************************************************************
190101.618: [19:01:01]* Copyright (c) 2004-2024 New H3C Technologies Co., Ltd. All rights reserved.*
190101.619: [19:01:01]* Without the owner's prior written consent,                                 *
190101.619: [19:01:01]* no decompiling or reverse-engineering shall be allowed.                    *
190101.619: [19:01:01]******************************************************************************
190101.619: [19:01:01]
191103.559: [19:11:03]<H3C>
191103.560: [19:11:03]Inactive timeout reached, logging out.
191108.785: [19:11:08][202602192.168.2.254-19:11:08]
191109.842: [19:11:09]
191109.842: [19:11:09]******************************************************************************
191109.842: [19:11:09]* Copyright (c) 2004-2024 New H3C Technologies Co., Ltd. All rights reserved.*
191109.842: [19:11:09]* Without the owner's prior written consent,                                 *
191109.843: [19:11:09]* no decompiling or reverse-engineering shall be allowed.                    *
191109.843: [19:11:09]******************************************************************************
191109.843: [19:11:09]
192111.771: [19:21:11]<H3C>
192111.772: [19:21:11]Inactive timeout reached, logging out.
192117.472: [19:21:17][202602192.168.2.254-19:21:17]
192118.503: [19:21:18]
192118.503: [19:21:18]******************************************************************************
192118.503: [19:21:18]* Copyright (c) 2004-2024 New H3C Technologies Co., Ltd. All rights reserved.*
192118.503: [19:21:18]* Without the owner's prior written consent,                                 *
192118.504: [19:21:18]* no decompiling or reverse-engineering shall be allowed.                    *
192118.504: [19:21:18]******************************************************************************
192118.504: [19:21:18]
193120.511: [19:31:20]<H3C>
193120.512: [19:31:20]Inactive timeout reached, logging out.
193125.827: [19:31:25][202602192.168.2.254-19:31:25]
193126.855: [19:31:26]
193126.855: [19:31:26]******************************************************************************
193126.855: [19:31:26]* Copyright (c) 2004-2024 New H3C Technologies Co., Ltd. All rights reserved.*
193126.855: [19:31:26]* Without the owner's prior written consent,                                 *
193126.855: [19:31:26]* no decompiling or reverse-engineering shall be allowed.                    *
193126.856: [19:31:26]******************************************************************************
193126.856: [19:31:26]
194128.904: [19:41:28]<H3C>
194128.905: [19:41:28]Inactive timeout reached, logging out.
194134.467: [19:41:34][202602192.168.2.254-19:41:34]
194135.495: [19:41:35]
194135.495: [19:41:35]******************************************************************************
194135.495: [19:41:35]* Copyright (c) 2004-2024 New H3C Technologies Co., Ltd. All rights reserved.*
194135.495: [19:41:35]* Without the owner's prior written consent,                                 *
194135.496: [19:41:35]* no decompiling or reverse-engineering shall be allowed.                    *
194135.496: [19:41:35]******************************************************************************
194135.496: [19:41:35]
195137.397: [19:51:37]<H3C>
195137.397: [19:51:37]Inactive timeout reached, logging out.
195142.899: [19:51:42][202602192.168.2.254-19:51:42]
195143.922: [19:51:43]
195143.923: [19:51:43]******************************************************************************
195143.923: [19:51:43]* Copyright (c) 2004-2024 New H3C Technologies Co., Ltd. All rights reserved.*
195143.923: [19:51:43]* Without the owner's prior written consent,                                 *
195143.923: [19:51:43]* no decompiling or reverse-engineering shall be allowed.                    *
195143.924: [19:51:43]******************************************************************************
195143.924: [19:51:43]
200145.788: [20:01:45]<H3C>
200145.789: [20:01:45]Inactive timeout reached, logging out.
200151.315: [20:01:51][202602192.168.2.254-20:01:51]
200152.341: [20:01:52]
200152.341: [20:01:52]******************************************************************************
200152.342: [20:01:52]* Copyright (c) 2004-2024 New H3C Technologies Co., Ltd. All rights reserved.*
200152.342: [20:01:52]* Without the owner's prior written consent,                                 *
200152.342: [20:01:52]* no decompiling or reverse-engineering shall be allowed.                    *
200152.342: [20:01:52]******************************************************************************
200152.342: [20:01:52]
201154.443: [20:11:54]<H3C>
201154.445: [20:11:54]Inactive timeout reached, logging out.
201159.812: [20:11:59][202602192.168.2.254-20:11:59]
201200.851: [20:12:00]
201200.852: [20:12:00]******************************************************************************
201200.852: [20:12:00]* Copyright (c) 2004-2024 New H3C Technologies Co., Ltd. All rights reserved.*
201200.852: [20:12:00]* Without the owner's prior written consent,                                 *
201200.852: [20:12:00]* no decompiling or reverse-engineering shall be allowed.                    *
201200.853: [20:12:00]******************************************************************************
201200.853: [20:12:00]
202202.723: [20:22:02]<H3C>
202202.724: [20:22:02]Inactive timeout reached, logging out.
202208.545: [20:22:08][202602192.168.2.254-20:22:08]
202209.572: [20:22:09]
202209.572: [20:22:09]******************************************************************************
202209.572: [20:22:09]* Copyright (c) 2004-2024 New H3C Technologies Co., Ltd. All rights reserved.*
202209.572: [20:22:09]* Without the owner's prior written consent,                                 *
202209.573: [20:22:09]* no decompiling or reverse-engineering shall be allowed.                    *
202209.573: [20:22:09]******************************************************************************
202209.573: [20:22:09]
203211.574: [20:32:11]<H3C>
203211.575: [20:32:11]Inactive timeout reached, logging out.
203216.957: [20:32:16][202602192.168.2.254-20:32:16]
203217.985: [20:32:17]
203217.985: [20:32:17]******************************************************************************
203217.986: [20:32:17]* Copyright (c) 2004-2024 New H3C Technologies Co., Ltd. All rights reserved.*
203217.986: [20:32:17]* Without the owner's prior written consent,                                 *
203217.986: [20:32:17]* no decompiling or reverse-engineering shall be allowed.                    *
203217.986: [20:32:17]******************************************************************************
203217.986: [20:32:17]
204220.176: [20:42:20]<H3C>
204220.177: [20:42:20]Inactive timeout reached, logging out.
204225.789: [20:42:25][202602192.168.2.254-20:42:25]
204226.818: [20:42:26]
204226.819: [20:42:26]******************************************************************************
204226.819: [20:42:26]* Copyright (c) 2004-2024 New H3C Technologies Co., Ltd. All rights reserved.*
204226.820: [20:42:26]* Without the owner's prior written consent,                                 *
204226.820: [20:42:26]* no decompiling or reverse-engineering shall be allowed.                    *
204226.820: [20:42:26]******************************************************************************
204226.820: [20:42:26]
205228.990: [20:52:28]<H3C>
205228.991: [20:52:28]Inactive timeout reached, logging out.
205234.372: [20:52:34][202602192.168.2.254-20:52:34]
205235.401: [20:52:35]
205235.401: [20:52:35]******************************************************************************
205235.401: [20:52:35]* Copyright (c) 2004-2024 New H3C Technologies Co., Ltd. All rights reserved.*
205235.402: [20:52:35]* Without the owner's prior written consent,                                 *
205235.402: [20:52:35]* no decompiling or reverse-engineering shall be allowed.                    *
205235.402: [20:52:35]******************************************************************************
205235.402: [20:52:35]
210237.542: [21:02:37]<H3C>
210237.544: [21:02:37]Inactive timeout reached, logging out.
210242.794: [21:02:42][202602192.168.2.254-21:02:42]
210243.821: [21:02:43]
210243.822: [21:02:43]******************************************************************************
210243.822: [21:02:43]* Copyright (c) 2004-2024 New H3C Technologies Co., Ltd. All rights reserved.*
210243.822: [21:02:43]* Without the owner's prior written consent,                                 *
210243.822: [21:02:43]* no decompiling or reverse-engineering shall be allowed.                    *
210243.823: [21:02:43]******************************************************************************
210243.823: [21:02:43]
211245.830: [21:12:45]<H3C>
211245.830: [21:12:45]Inactive timeout reached, logging out.
211251.461: [21:12:51][202602192.168.2.254-21:12:51]
211252.490: [21:12:52]
211252.491: [21:12:52]******************************************************************************
211252.491: [21:12:52]* Copyright (c) 2004-2024 New H3C Technologies Co., Ltd. All rights reserved.*
211252.491: [21:12:52]* Without the owner's prior written consent,                                 *
211252.491: [21:12:52]* no decompiling or reverse-engineering shall be allowed.                    *
211252.491: [21:12:52]******************************************************************************
211252.492: [21:12:52]
212254.330: [21:22:54]<H3C>
212254.331: [21:22:54]Inactive timeout reached, logging out.
212259.823: [21:22:59][202602192.168.2.254-21:22:59]
212300.850: [21:23:00]
212300.851: [21:23:00]******************************************************************************
212300.851: [21:23:00]* Copyright (c) 2004-2024 New H3C Technologies Co., Ltd. All rights reserved.*
212300.851: [21:23:00]* Without the owner's prior written consent,                                 *
212300.851: [21:23:00]* no decompiling or reverse-engineering shall be allowed.                    *
212300.852: [21:23:00]******************************************************************************
212300.852: [21:23:00]
213303.084: [21:33:03]<H3C>
213303.086: [21:33:03]Inactive timeout reached, logging out.
213308.420: [21:33:08][202602192.168.2.254-21:33:08]
213309.447: [21:33:09]
213309.448: [21:33:09]******************************************************************************
213309.448: [21:33:09]* Copyright (c) 2004-2024 New H3C Technologies Co., Ltd. All rights reserved.*
213309.448: [21:33:09]* Without the owner's prior written consent,                                 *
213309.448: [21:33:09]* no decompiling or reverse-engineering shall be allowed.                    *
213309.448: [21:33:09]******************************************************************************
213309.448: [21:33:09]
214311.460: [21:43:11]<H3C>
214311.461: [21:43:11]Inactive timeout reached, logging out.
214316.801: [21:43:16][202602192.168.2.254-21:43:16]
214317.829: [21:43:17]
214317.830: [21:43:17]******************************************************************************
214317.830: [21:43:17]* Copyright (c) 2004-2024 New H3C Technologies Co., Ltd. All rights reserved.*
214317.830: [21:43:17]* Without the owner's prior written consent,                                 *
214317.830: [21:43:17]* no decompiling or reverse-engineering shall be allowed.                    *
214317.830: [21:43:17]******************************************************************************
214317.830: [21:43:17]
215319.964: [21:53:19]<H3C>
215319.965: [21:53:19]Inactive timeout reached, logging out.
215325.406: [21:53:25][202602192.168.2.254-21:53:25]
215326.434: [21:53:26]
215326.441: [21:53:26]******************************************************************************
215326.441: [21:53:26]* Copyright (c) 2004-2024 New H3C Technologies Co., Ltd. All rights reserved.*
215326.441: [21:53:26]* Without the owner's prior written consent,                                 *
215326.441: [21:53:26]* no decompiling or reverse-engineering shall be allowed.                    *
215326.442: [21:53:26]******************************************************************************
215326.442: [21:53:26]
220328.392: [22:03:28]<H3C>
220328.392: [22:03:28]Inactive timeout reached, logging out.
220333.797: [22:03:33][202602192.168.2.254-22:03:33]
220334.824: [22:03:34]
220334.824: [22:03:34]******************************************************************************
220334.824: [22:03:34]* Copyright (c) 2004-2024 New H3C Technologies Co., Ltd. All rights reserved.*
220334.824: [22:03:34]* Without the owner's prior written consent,                                 *
220334.824: [22:03:34]* no decompiling or reverse-engineering shall be allowed.                    *
220334.825: [22:03:34]******************************************************************************
220334.825: [22:03:34]
221337.236: [22:13:37]<H3C>
221337.238: [22:13:37]Inactive timeout reached, logging out.
221342.791: [22:13:42][202602192.168.2.254-22:13:42]
221343.817: [22:13:43]
221343.817: [22:13:43]******************************************************************************
221343.818: [22:13:43]* Copyright (c) 2004-2024 New H3C Technologies Co., Ltd. All rights reserved.*
221343.818: [22:13:43]* Without the owner's prior written consent,                                 *
221343.818: [22:13:43]* no decompiling or reverse-engineering shall be allowed.                    *
221343.818: [22:13:43]******************************************************************************
221343.818: [22:13:43]
222345.736: [22:23:45]<H3C>
222345.737: [22:23:45]Inactive timeout reached, logging out.
222351.290: [22:23:51][202602192.168.2.254-22:23:51]
222352.317: [22:23:52]
222352.318: [22:23:52]******************************************************************************
222352.318: [22:23:52]* Copyright (c) 2004-2024 New H3C Technologies Co., Ltd. All rights reserved.*
222352.318: [22:23:52]* Without the owner's prior written consent,                                 *
222352.318: [22:23:52]* no decompiling or reverse-engineering shall be allowed.                    *
222352.319: [22:23:52]******************************************************************************
222352.319: [22:23:52]
223354.164: [22:33:54]<H3C>
223354.165: [22:33:54]Inactive timeout reached, logging out.
223359.809: [22:33:59][202602192.168.2.254-22:33:59]
223400.843: [22:34:00]
223400.844: [22:34:00]******************************************************************************
223400.844: [22:34:00]* Copyright (c) 2004-2024 New H3C Technologies Co., Ltd. All rights reserved.*
223400.844: [22:34:00]* Without the owner's prior written consent,                                 *
223400.844: [22:34:00]* no decompiling or reverse-engineering shall be allowed.                    *
223400.844: [22:34:00]******************************************************************************
223400.844: [22:34:00]
224402.736: [22:44:02]<H3C>
224402.737: [22:44:02]Inactive timeout reached, logging out.
224408.332: [22:44:08][202602192.168.2.254-22:44:08]
224409.369: [22:44:09]
224409.372: [22:44:09]******************************************************************************
224409.372: [22:44:09]* Copyright (c) 2004-2024 New H3C Technologies Co., Ltd. All rights reserved.*
224409.373: [22:44:09]* Without the owner's prior written consent,                                 *
224409.373: [22:44:09]* no decompiling or reverse-engineering shall be allowed.                    *
224409.375: [22:44:09]******************************************************************************
224409.375: [22:44:09]
225411.323: [22:54:11]<H3C>
225411.325: [22:54:11]Inactive timeout reached, logging out.
225416.779: [22:54:16][202602192.168.2.254-22:54:16]
225417.806: [22:54:17]
225417.807: [22:54:17]******************************************************************************
225417.807: [22:54:17]* Copyright (c) 2004-2024 New H3C Technologies Co., Ltd. All rights reserved.*
225417.807: [22:54:17]* Without the owner's prior written consent,                                 *
225417.807: [22:54:17]* no decompiling or reverse-engineering shall be allowed.                    *
225417.808: [22:54:17]******************************************************************************
225417.808: [22:54:17]
230419.899: [23:04:19]<H3C>
230419.900: [23:04:19]Inactive timeout reached, logging out.
230425.540: [23:04:25][202602192.168.2.254-23:04:25]
230426.565: [23:04:26]
230426.566: [23:04:26]******************************************************************************
230426.566: [23:04:26]* Copyright (c) 2004-2024 New H3C Technologies Co., Ltd. All rights reserved.*
230426.566: [23:04:26]* Without the owner's prior written consent,                                 *
230426.566: [23:04:26]* no decompiling or reverse-engineering shall be allowed.                    *
230426.566: [23:04:26]******************************************************************************
230426.566: [23:04:26]
231428.825: [23:14:28]<H3C>
231428.827: [23:14:28]Inactive timeout reached, logging out.
231434.302: [23:14:34][202602192.168.2.254-23:14:34]
231435.328: [23:14:35]
231435.328: [23:14:35]******************************************************************************
231435.328: [23:14:35]* Copyright (c) 2004-2024 New H3C Technologies Co., Ltd. All rights reserved.*
231435.329: [23:14:35]* Without the owner's prior written consent,                                 *
231435.329: [23:14:35]* no decompiling or reverse-engineering shall be allowed.                    *
231435.330: [23:14:35]******************************************************************************
231435.330: [23:14:35]
232437.214: [23:24:37]<H3C>
232437.216: [23:24:37]Inactive timeout reached, logging out.
232442.789: [23:24:42][202602192.168.2.254-23:24:42]
232443.817: [23:24:43]
232443.818: [23:24:43]******************************************************************************
232443.818: [23:24:43]* Copyright (c) 2004-2024 New H3C Technologies Co., Ltd. All rights reserved.*
232443.818: [23:24:43]* Without the owner's prior written consent,                                 *
232443.818: [23:24:43]* no decompiling or reverse-engineering shall be allowed.                    *
232443.819: [23:24:43]******************************************************************************
232443.819: [23:24:43]
233445.710: [23:34:45]<H3C>
233445.712: [23:34:45]Inactive timeout reached, logging out.
233451.273: [23:34:51][202602192.168.2.254-23:34:51]
233452.300: [23:34:52]
233452.300: [23:34:52]******************************************************************************
233452.301: [23:34:52]* Copyright (c) 2004-2024 New H3C Technologies Co., Ltd. All rights reserved.*
233452.301: [23:34:52]* Without the owner's prior written consent,                                 *
233452.301: [23:34:52]* no decompiling or reverse-engineering shall be allowed.                    *
233452.301: [23:34:52]******************************************************************************
233452.301: [23:34:52]
234454.099: [23:44:54]<H3C>
234454.101: [23:44:54]Inactive timeout reached, logging out.
234459.287: [23:44:59][202602192.168.2.254-23:44:59]
234500.312: [23:45:00]
234500.312: [23:45:00]******************************************************************************
234500.312: [23:45:00]* Copyright (c) 2004-2024 New H3C Technologies Co., Ltd. All rights reserved.*
234500.313: [23:45:00]* Without the owner's prior written consent,                                 *
234500.313: [23:45:00]* no decompiling or reverse-engineering shall be allowed.                    *
234500.313: [23:45:00]******************************************************************************
234500.313: [23:45:00]
235502.211: [23:55:02]<H3C>
235502.212: [23:55:02]Inactive timeout reached, logging out.
235508.090: [23:55:08][202602192.168.2.254-23:55:08]
235509.115: [23:55:09]
235509.115: [23:55:09]******************************************************************************
235509.115: [23:55:09]* Copyright (c) 2004-2024 New H3C Technologies Co., Ltd. All rights reserved.*
235509.116: [23:55:09]* Without the owner's prior written consent,                                 *
235509.116: [23:55:09]* no decompiling or reverse-engineering shall be allowed.                    *
235509.116: [23:55:09]******************************************************************************
235509.116: [23:55:09]
