000044.008: [00:00:44]<Core-SW>
000605.614: [00:06:05]<Core-SW>
000611.777: [00:06:11][202603192.168.231.1-黄埭-核心交换机-00:06:11]
000611.878: [00:06:11]
000611.879: [00:06:11]Info: The max number of VTY users is 5, the number of current VTY users online is 2, and total number of terminal users online is 2.
000611.880: [00:06:11]      The current login time is 2025-12-04 07:17:38.
001611.931: [00:16:11]<Core-SW>
001617.991: [00:16:17][202603192.168.231.1-黄埭-核心交换机-00:16:17]
001618.049: [00:16:18]
001618.050: [00:16:18]Info: The max number of VTY users is 5, the number of current VTY users online is 2, and total number of terminal users online is 2.
001618.091: [00:16:18]      The current login time is 2025-12-04 07:27:44.
002618.277: [00:26:18]<Core-SW>
002624.304: [00:26:24][202603192.168.231.1-黄埭-核心交换机-00:26:24]
002624.357: [00:26:24]
002624.368: [00:26:24]Info: The max number of VTY users is 5, the number of current VTY users online is 2, and total number of terminal users online is 2.
002624.379: [00:26:24]      The current login time is 2025-12-04 07:37:51.
003624.454: [00:36:24]<Core-SW>
003630.312: [00:36:30][202603192.168.231.1-黄埭-核心交换机-00:36:30]
003630.372: [00:36:30]
003630.373: [00:36:30]Info: The max number of VTY users is 5, the number of current VTY users online is 2, and total number of terminal users online is 2.
003630.396: [00:36:30]      The current login time is 2025-12-04 07:47:57.
004630.458: [00:46:30]<Core-SW>
004636.247: [00:46:36][202603192.168.231.1-黄埭-核心交换机-00:46:36]
004636.302: [00:46:36]
004636.312: [00:46:36]Info: The max number of VTY users is 5, the number of current VTY users online is 2, and total number of terminal users online is 2.
004636.344: [00:46:36]      The current login time is 2025-12-04 07:58:03.
005636.572: [00:56:36]<Core-SW>
005642.839: [00:56:42][202603192.168.231.1-黄埭-核心交换机-00:56:42]
005642.892: [00:56:42]
005642.903: [00:56:42]Info: The max number of VTY users is 5, the number of current VTY users online is 2, and total number of terminal users online is 2.
005642.916: [00:56:42]      The current login time is 2025-12-04 08:08:09.
010642.986: [01:06:42]<Core-SW>
010648.744: [01:06:48][202603192.168.231.1-黄埭-核心交换机-01:06:48]
010648.855: [01:06:48]
010648.856: [01:06:48]Info: The max number of VTY users is 5, the number of current VTY users online is 2, and total number of terminal users online is 2.
010648.856: [01:06:48]      The current login time is 2025-12-04 08:18:15.
011648.891: [01:16:48]<Core-SW>
011654.953: [01:16:54][202603192.168.231.1-黄埭-核心交换机-01:16:54]
011655.016: [01:16:55]
011655.017: [01:16:55]Info: The max number of VTY users is 5, the number of current VTY users online is 2, and total number of terminal users online is 2.
011655.040: [01:16:55]      The current login time is 2025-12-04 08:28:21.
012655.112: [01:26:55]<Core-SW>
012701.371: [01:27:01][202603192.168.231.1-黄埭-核心交换机-01:27:01]
012701.431: [01:27:01]
012701.432: [01:27:01]Info: The max number of VTY users is 5, the number of current VTY users online is 2, and total number of terminal users online is 2.
012701.534: [01:27:01]      The current login time is 2025-12-04 08:38:28.
013701.623: [01:37:01]<Core-SW>
013707.887: [01:37:07][202603192.168.231.1-黄埭-核心交换机-01:37:07]
013707.955: [01:37:07]
013707.967: [01:37:07]Info: The max number of VTY users is 5, the number of current VTY users online is 2, and total number of terminal users online is 2.
013707.988: [01:37:07]      The current login time is 2025-12-04 08:48:34.
014708.037: [01:47:08]<Core-SW>
014714.232: [01:47:14][202603192.168.231.1-黄埭-核心交换机-01:47:14]
014714.279: [01:47:14]
014714.280: [01:47:14]Info: The max number of VTY users is 5, the number of current VTY users online is 2, and total number of terminal users online is 2.
014714.309: [01:47:14]      The current login time is 2025-12-04 08:58:41.
015714.560: [01:57:14]<Core-SW>
015720.931: [01:57:20][202603192.168.231.1-黄埭-核心交换机-01:57:20]
015720.984: [01:57:20]
015720.985: [01:57:20]Info: The max number of VTY users is 5, the number of current VTY users online is 2, and total number of terminal users online is 2.
015721.018: [01:57:21]      The current login time is 2025-12-04 09:08:47.
020721.185: [02:07:21]<Core-SW>
020727.429: [02:07:27][202603192.168.231.1-黄埭-核心交换机-02:07:27]
020727.474: [02:07:27]
020727.475: [02:07:27]Info: The max number of VTY users is 5, the number of current VTY users online is 2, and total number of terminal users online is 2.
020727.501: [02:07:27]      The current login time is 2025-12-04 09:18:54.
021727.599: [02:17:27]<Core-SW>
021733.700: [02:17:33][202603192.168.231.1-黄埭-核心交换机-02:17:33]
021733.774: [02:17:33]
021733.786: [02:17:33]Info: The max number of VTY users is 5, the number of current VTY users online is 2, and total number of terminal users online is 2.
021733.802: [02:17:33]      The current login time is 2025-12-04 09:29:00.
022733.840: [02:27:33]<Core-SW>
022739.733: [02:27:39][202603192.168.231.1-黄埭-核心交换机-02:27:39]
022739.795: [02:27:39]
022739.804: [02:27:39]Info: The max number of VTY users is 5, the number of current VTY users online is 2, and total number of terminal users online is 2.
022739.805: [02:27:39]      The current login time is 2025-12-04 09:39:06.
023739.874: [02:37:39]<Core-SW>
023745.880: [02:37:45][202603192.168.231.1-黄埭-核心交换机-02:37:45]
023745.921: [02:37:45]
023745.933: [02:37:45]Info: The max number of VTY users is 5, the number of current VTY users online is 2, and total number of terminal users online is 2.
023745.958: [02:37:45]      The current login time is 2025-12-04 09:49:12.
024746.028: [02:47:46]<Core-SW>
024752.299: [02:47:52][202603192.168.231.1-黄埭-核心交换机-02:47:52]
024752.340: [02:47:52]
024752.351: [02:47:52]Info: The max number of VTY users is 5, the number of current VTY users online is 2, and total number of terminal users online is 2.
024752.380: [02:47:52]      The current login time is 2025-12-04 09:59:19.
025752.445: [02:57:52]<Core-SW>
025758.360: [02:57:58][202603192.168.231.1-黄埭-核心交换机-02:57:58]
025758.430: [02:57:58]
025758.442: [02:57:58]Info: The max number of VTY users is 5, the number of current VTY users online is 2, and total number of terminal users online is 2.
025758.458: [02:57:58]      The current login time is 2025-12-04 10:09:25.
030758.632: [03:07:58]<Core-SW>
030804.826: [03:08:04][202603192.168.231.1-黄埭-核心交换机-03:08:04]
030804.963: [03:08:04]
030804.973: [03:08:04]Info: The max number of VTY users is 5, the number of current VTY users online is 2, and total number of terminal users online is 2.
030804.989: [03:08:04]      The current login time is 2025-12-04 10:19:31.
031805.075: [03:18:05]<Core-SW>
031811.232: [03:18:11][202603192.168.231.1-黄埭-核心交换机-03:18:11]
031811.276: [03:18:11]
031811.276: [03:18:11]Info: The max number of VTY users is 5, the number of current VTY users online is 2, and total number of terminal users online is 2.
031811.303: [03:18:11]      The current login time is 2025-12-04 10:29:38.
032811.344: [03:28:11]<Core-SW>
032817.247: [03:28:17][202603192.168.231.1-黄埭-核心交换机-03:28:17]
032817.289: [03:28:17]
032817.290: [03:28:17]Info: The max number of VTY users is 5, the number of current VTY users online is 2, and total number of terminal users online is 2.
032817.325: [03:28:17]      The current login time is 2025-12-04 10:39:44.
033817.379: [03:38:17]<Core-SW>
033823.301: [03:38:23][202603192.168.231.1-黄埭-核心交换机-03:38:23]
033823.350: [03:38:23]
033823.361: [03:38:23]Info: The max number of VTY users is 5, the number of current VTY users online is 2, and total number of terminal users online is 2.
033823.372: [03:38:23]      The current login time is 2025-12-04 10:49:50.
034823.457: [03:48:23]<Core-SW>
034829.266: [03:48:29][202603192.168.231.1-黄埭-核心交换机-03:48:29]
034829.329: [03:48:29]
034829.330: [03:48:29]Info: The max number of VTY users is 5, the number of current VTY users online is 2, and total number of terminal users online is 2.
034829.371: [03:48:29]      The current login time is 2025-12-04 10:59:56.
035829.407: [03:58:29]<Core-SW>
035835.380: [03:58:35][202603192.168.231.1-黄埭-核心交换机-03:58:35]
035835.444: [03:58:35]
035835.456: [03:58:35]Info: The max number of VTY users is 5, the number of current VTY users online is 2, and total number of terminal users online is 2.
035835.476: [03:58:35]      The current login time is 2025-12-04 11:10:02.
040835.518: [04:08:35]<Core-SW>
040841.919: [04:08:41][202603192.168.231.1-黄埭-核心交换机-04:08:41]
040841.970: [04:08:41]
040841.977: [04:08:41]Info: The max number of VTY users is 5, the number of current VTY users online is 2, and total number of terminal users online is 2.
040841.999: [04:08:41]      The current login time is 2025-12-04 11:20:09.
041842.056: [04:18:42]<Core-SW>
041848.227: [04:18:48][202603192.168.231.1-黄埭-核心交换机-04:18:48]
041848.275: [04:18:48]
041848.276: [04:18:48]Info: The max number of VTY users is 5, the number of current VTY users online is 2, and total number of terminal users online is 2.
041848.295: [04:18:48]      The current login time is 2025-12-04 11:30:15.
042848.339: [04:28:48]<Core-SW>
042854.330: [04:28:54][202603192.168.231.1-黄埭-核心交换机-04:28:54]
042854.387: [04:28:54]
042854.398: [04:28:54]Info: The max number of VTY users is 5, the number of current VTY users online is 2, and total number of terminal users online is 2.
042854.418: [04:28:54]      The current login time is 2025-12-04 11:40:21.
043854.564: [04:38:54]<Core-SW>
043900.733: [04:39:00][202603192.168.231.1-黄埭-核心交换机-04:39:00]
043900.782: [04:39:00]
043900.783: [04:39:00]Info: The max number of VTY users is 5, the number of current VTY users online is 2, and total number of terminal users online is 2.
043900.816: [04:39:00]      The current login time is 2025-12-04 11:50:27.
044900.983: [04:49:00]<Core-SW>
044906.840: [04:49:06][202603192.168.231.1-黄埭-核心交换机-04:49:06]
044906.897: [04:49:06]
044906.907: [04:49:06]Info: The max number of VTY users is 5, the number of current VTY users online is 2, and total number of terminal users online is 2.
044906.936: [04:49:06]      The current login time is 2025-12-04 12:00:33.
045907.039: [04:59:07]<Core-SW>
045913.336: [04:59:13][202603192.168.231.1-黄埭-核心交换机-04:59:13]
045913.384: [04:59:13]
045913.395: [04:59:13]Info: The max number of VTY users is 5, the number of current VTY users online is 2, and total number of terminal users online is 2.
045913.411: [04:59:13]      The current login time is 2025-12-04 12:10:40.
050913.511: [05:09:13]<Core-SW>
050919.784: [05:09:19][202603192.168.231.1-黄埭-核心交换机-05:09:19]
050919.839: [05:09:19]
050919.851: [05:09:19]Info: The max number of VTY users is 5, the number of current VTY users online is 2, and total number of terminal users online is 2.
050919.930: [05:09:19]      The current login time is 2025-12-04 12:20:46.
051919.930: [05:19:19]<Core-SW>
051925.721: [05:19:25][202603192.168.231.1-黄埭-核心交换机-05:19:25]
051925.774: [05:19:25]
051925.785: [05:19:25]Info: The max number of VTY users is 5, the number of current VTY users online is 2, and total number of terminal users online is 2.
051925.818: [05:19:25]      The current login time is 2025-12-04 12:30:52.
052925.864: [05:29:25]<Core-SW>
052931.719: [05:29:31][202603192.168.231.1-黄埭-核心交换机-05:29:31]
052931.770: [05:29:31]
052931.771: [05:29:31]Info: The max number of VTY users is 5, the number of current VTY users online is 2, and total number of terminal users online is 2.
052931.794: [05:29:31]      The current login time is 2025-12-04 12:40:58.
053931.940: [05:39:31]<Core-SW>
053937.829: [05:39:37][202603192.168.231.1-黄埭-核心交换机-05:39:37]
053937.884: [05:39:37]
053937.896: [05:39:37]Info: The max number of VTY users is 5, the number of current VTY users online is 2, and total number of terminal users online is 2.
053937.926: [05:39:37]      The current login time is 2025-12-04 12:51:04.
054937.998: [05:49:37]<Core-SW>
054944.315: [05:49:44][202603192.168.231.1-黄埭-核心交换机-05:49:44]
054944.354: [05:49:44]
054944.366: [05:49:44]Info: The max number of VTY users is 5, the number of current VTY users online is 2, and total number of terminal users online is 2.
054944.380: [05:49:44]      The current login time is 2025-12-04 13:01:11.
055944.551: [05:59:44]<Core-SW>
055951.026: [05:59:51][202603192.168.231.1-黄埭-核心交换机-05:59:51]
055951.085: [05:59:51]
055951.101: [05:59:51]Info: The max number of VTY users is 5, the number of current VTY users online is 2, and total number of terminal users online is 2.
055951.129: [05:59:51]      The current login time is 2025-12-04 13:11:18.
060951.202: [06:09:51]<Core-SW>
060957.436: [06:09:57][202603192.168.231.1-黄埭-核心交换机-06:09:57]
060957.507: [06:09:57]
060957.508: [06:09:57]Info: The max number of VTY users is 5, the number of current VTY users online is 2, and total number of terminal users online is 2.
060957.536: [06:09:57]      The current login time is 2025-12-04 13:21:24.
061957.607: [06:19:57]<Core-SW>
062003.736: [06:20:03][202603192.168.231.1-黄埭-核心交换机-06:20:03]
062003.789: [06:20:03]
062003.801: [06:20:03]Info: The max number of VTY users is 5, the number of current VTY users online is 2, and total number of terminal users online is 2.
062003.813: [06:20:03]      The current login time is 2025-12-04 13:31:30.
063003.922: [06:30:03]<Core-SW>
063009.752: [06:30:09][202603192.168.231.1-黄埭-核心交换机-06:30:09]
063009.794: [06:30:09]
063009.805: [06:30:09]Info: The max number of VTY users is 5, the number of current VTY users online is 2, and total number of terminal users online is 2.
063009.831: [06:30:09]      The current login time is 2025-12-04 13:41:36.
064009.928: [06:40:09]<Core-SW>
064015.690: [06:40:15][202603192.168.231.1-黄埭-核心交换机-06:40:15]
064015.745: [06:40:15]
064015.746: [06:40:15]Info: The max number of VTY users is 5, the number of current VTY users online is 2, and total number of terminal users online is 2.
064015.770: [06:40:15]      The current login time is 2025-12-04 13:51:42.
065015.826: [06:50:15]<Core-SW>
065021.758: [06:50:21][202603192.168.231.1-黄埭-核心交换机-06:50:21]
065021.797: [06:50:21]
065021.809: [06:50:21]Info: The max number of VTY users is 5, the number of current VTY users online is 2, and total number of terminal users online is 2.
065021.832: [06:50:21]      The current login time is 2025-12-04 14:01:48.
070021.941: [07:00:21]<Core-SW>
070027.899: [07:00:27][202603192.168.231.1-黄埭-核心交换机-07:00:27]
070027.941: [07:00:27]
070027.953: [07:00:27]Info: The max number of VTY users is 5, the number of current VTY users online is 2, and total number of terminal users online is 2.
070027.975: [07:00:27]      The current login time is 2025-12-04 14:11:55.
071028.167: [07:10:28]<Core-SW>
071034.319: [07:10:34][202603192.168.231.1-黄埭-核心交换机-07:10:34]
071034.450: [07:10:34]
071034.451: [07:10:34]Info: The max number of VTY users is 5, the number of current VTY users online is 2, and total number of terminal users online is 2.
071034.477: [07:10:34]      The current login time is 2025-12-04 14:22:01.
072034.573: [07:20:34]<Core-SW>
072040.839: [07:20:40][202603192.168.231.1-黄埭-核心交换机-07:20:40]
072040.902: [07:20:40]
072040.913: [07:20:40]Info: The max number of VTY users is 5, the number of current VTY users online is 2, and total number of terminal users online is 2.
072041.012: [07:20:41]      The current login time is 2025-12-04 14:32:08.
073040.965: [07:30:40]<Core-SW>
073046.845: [07:30:46][202603192.168.231.1-黄埭-核心交换机-07:30:46]
073046.888: [07:30:46]
073046.899: [07:30:46]Info: The max number of VTY users is 5, the number of current VTY users online is 2, and total number of terminal users online is 2.
073046.922: [07:30:46]      The current login time is 2025-12-04 14:42:14.
074046.962: [07:40:46]<Core-SW>
074052.956: [07:40:52][202603192.168.231.1-黄埭-核心交换机-07:40:52]
074052.998: [07:40:52]
074052.999: [07:40:52]Info: The max number of VTY users is 5, the number of current VTY users online is 2, and total number of terminal users online is 2.
074053.079: [07:40:53]      The current login time is 2025-12-04 14:52:20.
075053.209: [07:50:53]<Core-SW>
075059.272: [07:50:59][202603192.168.231.1-黄埭-核心交换机-07:50:59]
075059.317: [07:50:59]
075059.318: [07:50:59]Info: The max number of VTY users is 5, the number of current VTY users online is 2, and total number of terminal users online is 2.
075059.376: [07:50:59]      The current login time is 2025-12-04 15:02:26.
080059.422: [08:00:59]<Core-SW>
080105.332: [08:01:05][202603192.168.231.1-黄埭-核心交换机-08:01:05]
080105.382: [08:01:05]
080105.392: [08:01:05]Info: The max number of VTY users is 5, the number of current VTY users online is 2, and total number of terminal users online is 2.
080105.408: [08:01:05]      The current login time is 2025-12-04 15:12:32.
081105.529: [08:11:05]<Core-SW>
081111.767: [08:11:11][202603192.168.231.1-黄埭-核心交换机-08:11:11]
081111.814: [08:11:11]
081111.815: [08:11:11]Info: The max number of VTY users is 5, the number of current VTY users online is 2, and total number of terminal users online is 2.
081111.922: [08:11:11]      The current login time is 2025-12-04 15:22:38.
082111.881: [08:21:11]<Core-SW>
082117.801: [08:21:17][202603192.168.231.1-黄埭-核心交换机-08:21:17]
082117.848: [08:21:17]
082117.849: [08:21:17]Info: The max number of VTY users is 5, the number of current VTY users online is 2, and total number of terminal users online is 2.
082117.873: [08:21:17]      The current login time is 2025-12-04 15:32:45.
083117.949: [08:31:17]<Core-SW>
083123.812: [08:31:23][202603192.168.231.1-黄埭-核心交换机-08:31:23]
083123.863: [08:31:23]
083123.874: [08:31:23]Info: The max number of VTY users is 5, the number of current VTY users online is 2, and total number of terminal users online is 2.
083123.893: [08:31:23]      The current login time is 2025-12-04 15:42:51.
084123.958: [08:41:23]<Core-SW>
084129.917: [08:41:29][202603192.168.231.1-黄埭-核心交换机-08:41:29]
084129.976: [08:41:29]
084129.988: [08:41:29]Info: The max number of VTY users is 5, the number of current VTY users online is 2, and total number of terminal users online is 2.
084130.006: [08:41:30]      The current login time is 2025-12-04 15:52:57.
085130.170: [08:51:30]<Core-SW>
085136.337: [08:51:36][202603192.168.231.1-黄埭-核心交换机-08:51:36]
085136.401: [08:51:36]
085136.413: [08:51:36]Info: The max number of VTY users is 5, the number of current VTY users online is 2, and total number of terminal users online is 2.
085136.413: [08:51:36]      The current login time is 2025-12-04 16:03:03.
090136.532: [09:01:36]<Core-SW>
090142.835: [09:01:42][202603192.168.231.1-黄埭-核心交换机-09:01:42]
090142.880: [09:01:42]
090142.893: [09:01:42]Info: The max number of VTY users is 5, the number of current VTY users online is 2, and total number of terminal users online is 2.
090142.904: [09:01:42]      The current login time is 2025-12-04 16:13:10.
091143.007: [09:11:43]<Core-SW>
091149.500: [09:11:49][202603192.168.231.1-黄埭-核心交换机-09:11:49]
091149.555: [09:11:49]
091149.567: [09:11:49]Info: The max number of VTY users is 5, the number of current VTY users online is 2, and total number of terminal users online is 2.
091149.608: [09:11:49]      The current login time is 2025-12-04 16:23:16.
092149.737: [09:21:49]<Core-SW>
092155.684: [09:21:55][202603192.168.231.1-黄埭-核心交换机-09:21:55]
092155.740: [09:21:55]
092155.752: [09:21:55]Info: The max number of VTY users is 5, the number of current VTY users online is 2, and total number of terminal users online is 2.
092155.768: [09:21:55]      The current login time is 2025-12-04 16:33:22.
093155.818: [09:31:55]<Core-SW>
093201.798: [09:32:01][202603192.168.231.1-黄埭-核心交换机-09:32:01]
093201.848: [09:32:01]
093201.860: [09:32:01]Info: The max number of VTY users is 5, the number of current VTY users online is 2, and total number of terminal users online is 2.
093201.896: [09:32:01]      The current login time is 2025-12-04 16:43:29.
094201.979: [09:42:01]<Core-SW>
094208.498: [09:42:08][202603192.168.231.1-黄埭-核心交换机-09:42:08]
094208.547: [09:42:08]
094208.558: [09:42:08]Info: The max number of VTY users is 5, the number of current VTY users online is 2, and total number of terminal users online is 2.
094208.576: [09:42:08]      The current login time is 2025-12-04 16:53:35.
095208.643: [09:52:08]<Core-SW>
095214.829: [09:52:14][202603192.168.231.1-黄埭-核心交换机-09:52:14]
095214.876: [09:52:14]
095214.882: [09:52:14]Info: The max number of VTY users is 5, the number of current VTY users online is 2, and total number of terminal users online is 2.
095214.910: [09:52:14]      The current login time is 2025-12-04 17:03:42.
100214.961: [10:02:14]<Core-SW>
100220.767: [10:02:20][202603192.168.231.1-黄埭-核心交换机-10:02:20]
100220.924: [10:02:20]
100220.935: [10:02:20]Info: The max number of VTY users is 5, the number of current VTY users online is 2, and total number of terminal users online is 2.
100220.957: [10:02:20]      The current login time is 2025-12-04 17:13:48.
101221.201: [10:12:21]<Core-SW>
101227.257: [10:12:27][202603192.168.231.1-黄埭-核心交换机-10:12:27]
101227.316: [10:12:27]
101227.317: [10:12:27]Info: The max number of VTY users is 5, the number of current VTY users online is 2, and total number of terminal users online is 2.
101227.348: [10:12:27]      The current login time is 2025-12-04 17:23:54.
102227.408: [10:22:27]<Core-SW>
102233.196: [10:22:33][202603192.168.231.1-黄埭-核心交换机-10:22:33]
102233.239: [10:22:33]
102233.240: [10:22:33]Info: The max number of VTY users is 5, the number of current VTY users online is 2, and total number of terminal users online is 2.
102233.278: [10:22:33]      The current login time is 2025-12-04 17:34:00.
103233.342: [10:32:33]<Core-SW>
103239.375: [10:32:39][202603192.168.231.1-黄埭-核心交换机-10:32:39]
103239.424: [10:32:39]
103239.436: [10:32:39]Info: The max number of VTY users is 5, the number of current VTY users online is 2, and total number of terminal users online is 2.
103239.454: [10:32:39]      The current login time is 2025-12-04 17:44:06.
104239.515: [10:42:39]<Core-SW>
104245.834: [10:42:45][202603192.168.231.1-黄埭-核心交换机-10:42:45]
104245.893: [10:42:45]
104245.906: [10:42:45]Info: The max number of VTY users is 5, the number of current VTY users online is 2, and total number of terminal users online is 2.
104245.935: [10:42:45]      The current login time is 2025-12-04 17:54:13.
105246.048: [10:52:46]<Core-SW>
105252.195: [10:52:52][202603192.168.231.1-黄埭-核心交换机-10:52:52]
105252.351: [10:52:52]
105252.352: [10:52:52]Info: The max number of VTY users is 5, the number of current VTY users online is 2, and total number of terminal users online is 2.
105252.379: [10:52:52]      The current login time is 2025-12-04 18:04:19.
110252.444: [11:02:52]<Core-SW>
110258.426: [11:02:58][202603192.168.231.1-黄埭-核心交换机-11:02:58]
110258.472: [11:02:58]
110258.473: [11:02:58]Info: The max number of VTY users is 5, the number of current VTY users online is 2, and total number of terminal users online is 2.
110258.491: [11:02:58]      The current login time is 2025-12-04 18:14:25.
111258.546: [11:12:58]<Core-SW>
111304.747: [11:13:04][202603192.168.231.1-黄埭-核心交换机-11:13:04]
111304.792: [11:13:04]
111304.804: [11:13:04]Info: The max number of VTY users is 5, the number of current VTY users online is 2, and total number of terminal users online is 2.
111304.847: [11:13:04]      The current login time is 2025-12-04 18:24:32.
112304.902: [11:23:04]<Core-SW>
112310.742: [11:23:10][202603192.168.231.1-黄埭-核心交换机-11:23:10]
112310.820: [11:23:10]
112310.831: [11:23:10]Info: The max number of VTY users is 5, the number of current VTY users online is 2, and total number of terminal users online is 2.
112310.844: [11:23:10]      The current login time is 2025-12-04 18:34:38.
113310.995: [11:33:10]<Core-SW>
113317.257: [11:33:17][202603192.168.231.1-黄埭-核心交换机-11:33:17]
113317.305: [11:33:17]
113317.317: [11:33:17]Info: The max number of VTY users is 5, the number of current VTY users online is 2, and total number of terminal users online is 2.
113317.332: [11:33:17]      The current login time is 2025-12-04 18:44:44.
114317.513: [11:43:17]<Core-SW>
114323.747: [11:43:23][202603192.168.231.1-黄埭-核心交换机-11:43:23]
114323.797: [11:43:23]
114323.809: [11:43:23]Info: The max number of VTY users is 5, the number of current VTY users online is 2, and total number of terminal users online is 2.
114323.836: [11:43:23]      The current login time is 2025-12-04 18:54:51.
115323.931: [11:53:23]<Core-SW>
115329.698: [11:53:29][202603192.168.231.1-黄埭-核心交换机-11:53:29]
115329.804: [11:53:29]
115329.805: [11:53:29]Info: The max number of VTY users is 5, the number of current VTY users online is 2, and total number of terminal users online is 2.
115329.805: [11:53:29]      The current login time is 2025-12-04 19:04:57.
120329.818: [12:03:29]<Core-SW>
120335.898: [12:03:35][202603192.168.231.1-黄埭-核心交换机-12:03:35]
120335.945: [12:03:35]
120335.947: [12:03:35]Info: The max number of VTY users is 5, the number of current VTY users online is 2, and total number of terminal users online is 2.
120335.980: [12:03:35]      The current login time is 2025-12-04 19:15:03.
121336.046: [12:13:36]<Core-SW>
121342.221: [12:13:42][202603192.168.231.1-黄埭-核心交换机-12:13:42]
121342.278: [12:13:42]
121342.279: [12:13:42]Info: The max number of VTY users is 5, the number of current VTY users online is 2, and total number of terminal users online is 2.
121342.305: [12:13:42]      The current login time is 2025-12-04 19:25:09.
122342.397: [12:23:42]<Core-SW>
122348.324: [12:23:48][202603192.168.231.1-黄埭-核心交换机-12:23:48]
122348.375: [12:23:48]
122348.387: [12:23:48]Info: The max number of VTY users is 5, the number of current VTY users online is 2, and total number of terminal users online is 2.
122348.399: [12:23:48]      The current login time is 2025-12-04 19:35:15.
123348.472: [12:33:48]<Core-SW>
123354.781: [12:33:54][202603192.168.231.1-黄埭-核心交换机-12:33:54]
123354.828: [12:33:54]
123354.841: [12:33:54]Info: The max number of VTY users is 5, the number of current VTY users online is 2, and total number of terminal users online is 2.
123354.855: [12:33:54]      The current login time is 2025-12-04 19:45:22.
124354.945: [12:43:54]<Core-SW>
124400.750: [12:44:00][202603192.168.231.1-黄埭-核心交换机-12:44:00]
124400.799: [12:44:00]
124400.800: [12:44:00]Info: The max number of VTY users is 5, the number of current VTY users online is 2, and total number of terminal users online is 2.
124400.825: [12:44:00]      The current login time is 2025-12-04 19:55:28.
125400.893: [12:54:00]<Core-SW>
125406.782: [12:54:06][202603192.168.231.1-黄埭-核心交换机-12:54:06]
125406.826: [12:54:06]
125406.827: [12:54:06]Info: The max number of VTY users is 5, the number of current VTY users online is 2, and total number of terminal users online is 2.
125406.855: [12:54:06]      The current login time is 2025-12-04 20:05:34.
130406.894: [13:04:06]<Core-SW>
130412.884: [13:04:12][202603192.168.231.1-黄埭-核心交换机-13:04:12]
130412.939: [13:04:12]
130412.940: [13:04:12]Info: The max number of VTY users is 5, the number of current VTY users online is 2, and total number of terminal users online is 2.
130412.963: [13:04:12]      The current login time is 2025-12-04 20:15:40.
131413.217: [13:14:13]<Core-SW>
131419.220: [13:14:19][202603192.168.231.1-黄埭-核心交换机-13:14:19]
131419.264: [13:14:19]
131419.265: [13:14:19]Info: The max number of VTY users is 5, the number of current VTY users online is 2, and total number of terminal users online is 2.
131419.291: [13:14:19]      The current login time is 2025-12-04 20:25:46.
132419.339: [13:24:19]<Core-SW>
132425.183: [13:24:25][202603192.168.231.1-黄埭-核心交换机-13:24:25]
132425.227: [13:24:25]
132425.237: [13:24:25]Info: The max number of VTY users is 5, the number of current VTY users online is 2, and total number of terminal users online is 2.
132425.253: [13:24:25]      The current login time is 2025-12-04 20:35:52.
133425.329: [13:34:25]<Core-SW>
133431.264: [13:34:31][202603192.168.231.1-黄埭-核心交换机-13:34:31]
133431.305: [13:34:31]
133431.316: [13:34:31]Info: The max number of VTY users is 5, the number of current VTY users online is 2, and total number of terminal users online is 2.
133431.344: [13:34:31]      The current login time is 2025-12-04 20:45:58.
134431.442: [13:44:31]<Core-SW>
134437.200: [13:44:37][202603192.168.231.1-黄埭-核心交换机-13:44:37]
134437.254: [13:44:37]
134437.265: [13:44:37]Info: The max number of VTY users is 5, the number of current VTY users online is 2, and total number of terminal users online is 2.
134437.280: [13:44:37]      The current login time is 2025-12-04 20:56:04.
135437.312: [13:54:37]<Core-SW>
135443.407: [13:54:43][202603192.168.231.1-黄埭-核心交换机-13:54:43]
135443.473: [13:54:43]
135443.474: [13:54:43]Info: The max number of VTY users is 5, the number of current VTY users online is 2, and total number of terminal users online is 2.
135443.498: [13:54:43]      The current login time is 2025-12-04 21:06:10.
140443.662: [14:04:43]<Core-SW>
140449.867: [14:04:49][202603192.168.231.1-黄埭-核心交换机-14:04:49]
140449.918: [14:04:49]
140449.919: [14:04:49]Info: The max number of VTY users is 5, the number of current VTY users online is 2, and total number of terminal users online is 2.
140449.947: [14:04:49]      The current login time is 2025-12-04 21:16:17.
141450.178: [14:14:50]<Core-SW>
141456.253: [14:14:56][202603192.168.231.1-黄埭-核心交换机-14:14:56]
141456.312: [14:14:56]
141456.313: [14:14:56]Info: The max number of VTY users is 5, the number of current VTY users online is 2, and total number of terminal users online is 2.
141456.334: [14:14:56]      The current login time is 2025-12-04 21:26:23.
142456.393: [14:24:56]<Core-SW>
142502.187: [14:25:02][202603192.168.231.1-黄埭-核心交换机-14:25:02]
142502.234: [14:25:02]
142502.244: [14:25:02]Info: The max number of VTY users is 5, the number of current VTY users online is 2, and total number of terminal users online is 2.
142502.255: [14:25:02]      The current login time is 2025-12-04 21:36:29.
143502.413: [14:35:02]<Core-SW>
143508.263: [14:35:08][202603192.168.231.1-黄埭-核心交换机-14:35:08]
143508.321: [14:35:08]
143508.331: [14:35:08]Info: The max number of VTY users is 5, the number of current VTY users online is 2, and total number of terminal users online is 2.
143508.341: [14:35:08]      The current login time is 2025-12-04 21:46:35.
144508.405: [14:45:08]<Core-SW>
144514.264: [14:45:14][202603192.168.231.1-黄埭-核心交换机-14:45:14]
144514.313: [14:45:14]
144514.325: [14:45:14]Info: The max number of VTY users is 5, the number of current VTY users online is 2, and total number of terminal users online is 2.
144514.339: [14:45:14]      The current login time is 2025-12-04 21:56:41.
145514.459: [14:55:14]<Core-SW>
145520.269: [14:55:20][202603192.168.231.1-黄埭-核心交换机-14:55:20]
145520.322: [14:55:20]
145520.323: [14:55:20]Info: The max number of VTY users is 5, the number of current VTY users online is 2, and total number of terminal users online is 2.
145520.348: [14:55:20]      The current login time is 2025-12-04 22:06:47.
150520.380: [15:05:20]<Core-SW>
150526.379: [15:05:26][202603192.168.231.1-黄埭-核心交换机-15:05:26]
150526.418: [15:05:26]
150526.430: [15:05:26]Info: The max number of VTY users is 5, the number of current VTY users online is 2, and total number of terminal users online is 2.
150526.450: [15:05:26]      The current login time is 2025-12-04 22:16:53.
151526.485: [15:15:26]<Core-SW>
151532.802: [15:15:32][202603192.168.231.1-黄埭-核心交换机-15:15:32]
151532.903: [15:15:32]
151532.904: [15:15:32]Info: The max number of VTY users is 5, the number of current VTY users online is 2, and total number of terminal users online is 2.
151532.904: [15:15:32]      The current login time is 2025-12-04 22:27:00.
152532.945: [15:25:32]<Core-SW>
152538.800: [15:25:38][202603192.168.231.1-黄埭-核心交换机-15:25:38]
152538.855: [15:25:38]
152538.856: [15:25:38]Info: The max number of VTY users is 5, the number of current VTY users online is 2, and total number of terminal users online is 2.
152538.892: [15:25:38]      The current login time is 2025-12-04 22:37:06.
153538.956: [15:35:38]<Core-SW>
153545.239: [15:35:45][202603192.168.231.1-黄埭-核心交换机-15:35:45]
153545.284: [15:35:45]
153545.296: [15:35:45]Info: The max number of VTY users is 5, the number of current VTY users online is 2, and total number of terminal users online is 2.
153545.311: [15:35:45]      The current login time is 2025-12-04 22:47:12.
154545.370: [15:45:45]<Core-SW>
154551.231: [15:45:51][202603192.168.231.1-黄埭-核心交换机-15:45:51]
154551.295: [15:45:51]
154551.306: [15:45:51]Info: The max number of VTY users is 5, the number of current VTY users online is 2, and total number of terminal users online is 2.
154551.337: [15:45:51]      The current login time is 2025-12-04 22:57:18.
155551.451: [15:55:51]<Core-SW>
155557.236: [15:55:57][202603192.168.231.1-黄埭-核心交换机-15:55:57]
155557.281: [15:55:57]
155557.282: [15:55:57]Info: The max number of VTY users is 5, the number of current VTY users online is 2, and total number of terminal users online is 2.
155557.314: [15:55:57]      The current login time is 2025-12-04 23:07:24.
160557.369: [16:05:57]<Core-SW>
160603.315: [16:06:03][202603192.168.231.1-黄埭-核心交换机-16:06:03]
160603.371: [16:06:03]
160603.383: [16:06:03]Info: The max number of VTY users is 5, the number of current VTY users online is 2, and total number of terminal users online is 2.
160603.404: [16:06:03]      The current login time is 2025-12-04 23:17:30.
161603.493: [16:16:03]<Core-SW>
161609.775: [16:16:09][202603192.168.231.1-黄埭-核心交换机-16:16:09]
161609.894: [16:16:09]
161609.895: [16:16:09]Info: The max number of VTY users is 5, the number of current VTY users online is 2, and total number of terminal users online is 2.
161609.895: [16:16:09]      The current login time is 2025-12-04 23:27:37.
162610.011: [16:26:10]<Core-SW>
162616.180: [16:26:16][202603192.168.231.1-黄埭-核心交换机-16:26:16]
162616.237: [16:26:16]
162616.238: [16:26:16]Info: The max number of VTY users is 5, the number of current VTY users online is 2, and total number of terminal users online is 2.
162616.263: [16:26:16]      The current login time is 2025-12-04 23:37:43.
163616.325: [16:36:16]<Core-SW>
163622.287: [16:36:22][202603192.168.231.1-黄埭-核心交换机-16:36:22]
163622.334: [16:36:22]
163622.345: [16:36:22]Info: The max number of VTY users is 5, the number of current VTY users online is 2, and total number of terminal users online is 2.
163622.363: [16:36:22]      The current login time is 2025-12-04 23:47:49.
164622.538: [16:46:22]<Core-SW>
164628.910: [16:46:28][202603192.168.231.1-黄埭-核心交换机-16:46:28]
164629.010: [16:46:29]
164629.022: [16:46:29]Info: The max number of VTY users is 5, the number of current VTY users online is 2, and total number of terminal users online is 2.
164629.024: [16:46:29]      The current login time is 2025-12-04 23:57:56.
165629.077: [16:56:29]<Core-SW>
165635.327: [16:56:35][202603192.168.231.1-黄埭-核心交换机-16:56:35]
165635.378: [16:56:35]
165635.379: [16:56:35]Info: The max number of VTY users is 5, the number of current VTY users online is 2, and total number of terminal users online is 2.
165635.402: [16:56:35]      The current login time is 2025-12-05 00:08:02.
170635.555: [17:06:35]<Core-SW>
170641.745: [17:06:41][202603192.168.231.1-黄埭-核心交换机-17:06:41]
170641.870: [17:06:41]
170641.881: [17:06:41]Info: The max number of VTY users is 5, the number of current VTY users online is 2, and total number of terminal users online is 2.
170641.907: [17:06:41]      The current login time is 2025-12-05 00:18:09.
171641.969: [17:16:41]<Core-SW>
171648.251: [17:16:48][202603192.168.231.1-黄埭-核心交换机-17:16:48]
171648.300: [17:16:48]
171648.310: [17:16:48]Info: The max number of VTY users is 5, the number of current VTY users online is 2, and total number of terminal users online is 2.
171648.325: [17:16:48]      The current login time is 2025-12-05 00:28:15.
172648.411: [17:26:48]<Core-SW>
172654.265: [17:26:54][202603192.168.231.1-黄埭-核心交换机-17:26:54]
172654.310: [17:26:54]
172654.311: [17:26:54]Info: The max number of VTY users is 5, the number of current VTY users online is 2, and total number of terminal users online is 2.
172654.346: [17:26:54]      The current login time is 2025-12-05 00:38:21.
173654.519: [17:36:54]<Core-SW>
173700.888: [17:37:00][202603192.168.231.1-黄埭-核心交换机-17:37:00]
173700.931: [17:37:00]
173700.942: [17:37:00]Info: The max number of VTY users is 5, the number of current VTY users online is 2, and total number of terminal users online is 2.
173700.970: [17:37:00]      The current login time is 2025-12-05 00:48:28.
174701.140: [17:47:01]<Core-SW>
174707.509: [17:47:07][202603192.168.231.1-黄埭-核心交换机-17:47:07]
174707.556: [17:47:07]
174707.557: [17:47:07]Info: The max number of VTY users is 5, the number of current VTY users online is 2, and total number of terminal users online is 2.
174707.590: [17:47:07]      The current login time is 2025-12-05 00:58:35.
175707.659: [17:57:07]<Core-SW>
175713.804: [17:57:13][202603192.168.231.1-黄埭-核心交换机-17:57:13]
175713.872: [17:57:13]
175713.873: [17:57:13]Info: The max number of VTY users is 5, the number of current VTY users online is 2, and total number of terminal users online is 2.
175713.886: [17:57:13]      The current login time is 2025-12-05 01:08:41.
180713.936: [18:07:13]<Core-SW>
180719.761: [18:07:19][202603192.168.231.1-黄埭-核心交换机-18:07:19]
180719.879: [18:07:19]
180719.880: [18:07:19]Info: The max number of VTY users is 5, the number of current VTY users online is 2, and total number of terminal users online is 2.
180719.881: [18:07:19]      The current login time is 2025-12-05 01:18:47.
181719.981: [18:17:19]<Core-SW>
181726.245: [18:17:26][202603192.168.231.1-黄埭-核心交换机-18:17:26]
181726.286: [18:17:26]
181726.287: [18:17:26]Info: The max number of VTY users is 5, the number of current VTY users online is 2, and total number of terminal users online is 2.
181726.315: [18:17:26]      The current login time is 2025-12-05 01:28:53.
182726.396: [18:27:26]<Core-SW>
182732.248: [18:27:32][202603192.168.231.1-黄埭-核心交换机-18:27:32]
182732.301: [18:27:32]
182732.313: [18:27:32]Info: The max number of VTY users is 5, the number of current VTY users online is 2, and total number of terminal users online is 2.
182732.333: [18:27:32]      The current login time is 2025-12-05 01:38:59.
183732.406: [18:37:32]<Core-SW>
183738.363: [18:37:38][202603192.168.231.1-黄埭-核心交换机-18:37:38]
183738.419: [18:37:38]
183738.430: [18:37:38]Info: The max number of VTY users is 5, the number of current VTY users online is 2, and total number of terminal users online is 2.
183738.451: [18:37:38]      The current login time is 2025-12-05 01:49:05.
184738.506: [18:47:38]<Core-SW>
184744.727: [18:47:44][202603192.168.231.1-黄埭-核心交换机-18:47:44]
184744.779: [18:47:44]
184744.791: [18:47:44]Info: The max number of VTY users is 5, the number of current VTY users online is 2, and total number of terminal users online is 2.
184744.807: [18:47:44]      The current login time is 2025-12-05 01:59:12.
185744.849: [18:57:44]<Core-SW>
185750.700: [18:57:50][202603192.168.231.1-黄埭-核心交换机-18:57:50]
185750.828: [18:57:50]
185750.834: [18:57:50]Info: The max number of VTY users is 5, the number of current VTY users online is 2, and total number of terminal users online is 2.
185750.871: [18:57:50]      The current login time is 2025-12-05 02:09:18.
190750.939: [19:07:50]<Core-SW>
190756.767: [19:07:56][202603192.168.231.1-黄埭-核心交换机-19:07:56]
190756.912: [19:07:56]
190756.924: [19:07:56]Info: The max number of VTY users is 5, the number of current VTY users online is 2, and total number of terminal users online is 2.
190756.932: [19:07:56]      The current login time is 2025-12-05 02:19:24.
191757.001: [19:17:57]<Core-SW>
191803.247: [19:18:03][202603192.168.231.1-黄埭-核心交换机-19:18:03]
191803.286: [19:18:03]
191803.298: [19:18:03]Info: The max number of VTY users is 5, the number of current VTY users online is 2, and total number of terminal users online is 2.
191803.323: [19:18:03]      The current login time is 2025-12-05 02:29:30.
192803.498: [19:28:03]<Core-SW>
192809.850: [19:28:09][202603192.168.231.1-黄埭-核心交换机-19:28:09]
192809.899: [19:28:09]
192809.911: [19:28:09]Info: The max number of VTY users is 5, the number of current VTY users online is 2, and total number of terminal users online is 2.
192809.922: [19:28:09]      The current login time is 2025-12-05 02:39:37.
193809.984: [19:38:09]<Core-SW>
193816.254: [19:38:16][202603192.168.231.1-黄埭-核心交换机-19:38:16]
193816.297: [19:38:16]
193816.298: [19:38:16]Info: The max number of VTY users is 5, the number of current VTY users online is 2, and total number of terminal users online is 2.
193816.336: [19:38:16]      The current login time is 2025-12-05 02:49:43.
194816.511: [19:48:16]<Core-SW>
194822.770: [19:48:22][202603192.168.231.1-黄埭-核心交换机-19:48:22]
194822.830: [19:48:22]
194822.847: [19:48:22]Info: The max number of VTY users is 5, the number of current VTY users online is 2, and total number of terminal users online is 2.
194822.879: [19:48:22]      The current login time is 2025-12-05 02:59:50.
195823.129: [19:58:23]<Core-SW>
195829.394: [19:58:29][202603192.168.231.1-黄埭-核心交换机-19:58:29]
195829.450: [19:58:29]
195829.460: [19:58:29]Info: The max number of VTY users is 5, the number of current VTY users online is 2, and total number of terminal users online is 2.
195829.489: [19:58:29]      The current login time is 2025-12-05 03:09:57.
200829.542: [20:08:29]<Core-SW>
200835.810: [20:08:35][202603192.168.231.1-黄埭-核心交换机-20:08:35]
200835.948: [20:08:35]
200835.949: [20:08:35]Info: The max number of VTY users is 5, the number of current VTY users online is 2, and total number of terminal users online is 2.
200835.949: [20:08:35]      The current login time is 2025-12-05 03:20:03.
201835.962: [20:18:35]<Core-SW>
201842.236: [20:18:42][202603192.168.231.1-黄埭-核心交换机-20:18:42]
201842.297: [20:18:42]
201842.298: [20:18:42]Info: The max number of VTY users is 5, the number of current VTY users online is 2, and total number of terminal users online is 2.
201842.325: [20:18:42]      The current login time is 2025-12-05 03:30:09.
202842.386: [20:28:42]<Core-SW>
202848.259: [20:28:48][202603192.168.231.1-黄埭-核心交换机-20:28:48]
202848.311: [20:28:48]
202848.321: [20:28:48]Info: The max number of VTY users is 5, the number of current VTY users online is 2, and total number of terminal users online is 2.
202848.356: [20:28:48]      The current login time is 2025-12-05 03:40:15.
203848.409: [20:38:48]<Core-SW>
203854.239: [20:38:54][202603192.168.231.1-黄埭-核心交换机-20:38:54]
203854.281: [20:38:54]
203854.292: [20:38:54]Info: The max number of VTY users is 5, the number of current VTY users online is 2, and total number of terminal users online is 2.
203854.313: [20:38:54]      The current login time is 2025-12-05 03:50:21.
204854.369: [20:48:54]<Core-SW>
204900.350: [20:49:00][202603192.168.231.1-黄埭-核心交换机-20:49:00]
204900.390: [20:49:00]
204900.402: [20:49:00]Info: The max number of VTY users is 5, the number of current VTY users online is 2, and total number of terminal users online is 2.
204900.432: [20:49:00]      The current login time is 2025-12-05 04:00:28.
205900.606: [20:59:00]<Core-SW>
205906.873: [20:59:06][202603192.168.231.1-黄埭-核心交换机-20:59:06]
205906.923: [20:59:06]
205906.936: [20:59:06]Info: The max number of VTY users is 5, the number of current VTY users online is 2, and total number of terminal users online is 2.
205906.955: [20:59:06]      The current login time is 2025-12-05 04:10:34.
210907.002: [21:09:07]<Core-SW>
210913.697: [21:09:13][202603192.168.231.1-黄埭-核心交换机-21:09:13]
210913.757: [21:09:13]
210913.769: [21:09:13]Info: The max number of VTY users is 5, the number of current VTY users online is 2, and total number of terminal users online is 2.
210913.790: [21:09:13]      The current login time is 2025-12-05 04:20:41.
211913.826: [21:19:13]<Core-SW>
211919.719: [21:19:19][202603192.168.231.1-黄埭-核心交换机-21:19:19]
211919.769: [21:19:19]
211919.781: [21:19:19]Info: The max number of VTY users is 5, the number of current VTY users online is 2, and total number of terminal users online is 2.
211919.801: [21:19:19]      The current login time is 2025-12-05 04:30:47.
212919.892: [21:29:19]<Core-SW>
212925.712: [21:29:25][202603192.168.231.1-黄埭-核心交换机-21:29:25]
212925.762: [21:29:25]
212925.773: [21:29:25]Info: The max number of VTY users is 5, the number of current VTY users online is 2, and total number of terminal users online is 2.
212925.792: [21:29:25]      The current login time is 2025-12-05 04:40:53.
213925.917: [21:39:25]<Core-SW>
213931.985: [21:39:31][202603192.168.231.1-黄埭-核心交换机-21:39:31]
213932.061: [21:39:32]
213932.072: [21:39:32]Info: The max number of VTY users is 5, the number of current VTY users online is 2, and total number of terminal users online is 2.
213932.089: [21:39:32]      The current login time is 2025-12-05 04:50:59.
214932.177: [21:49:32]<Core-SW>
214938.345: [21:49:38][202603192.168.231.1-黄埭-核心交换机-21:49:38]
214938.396: [21:49:38]
214938.397: [21:49:38]Info: The max number of VTY users is 5, the number of current VTY users online is 2, and total number of terminal users online is 2.
214938.413: [21:49:38]      The current login time is 2025-12-05 05:01:06.
215938.695: [21:59:38]<Core-SW>
215944.761: [21:59:44][202603192.168.231.1-黄埭-核心交换机-21:59:44]
215944.890: [21:59:44]
215944.891: [21:59:44]Info: The max number of VTY users is 5, the number of current VTY users online is 2, and total number of terminal users online is 2.
215944.892: [21:59:44]      The current login time is 2025-12-05 05:11:12.
220945.010: [22:09:45]<Core-SW>
220951.276: [22:09:51][202603192.168.231.1-黄埭-核心交换机-22:09:51]
220951.329: [22:09:51]
220951.330: [22:09:51]Info: The max number of VTY users is 5, the number of current VTY users online is 2, and total number of terminal users online is 2.
220951.345: [22:09:51]      The current login time is 2025-12-05 05:21:18.
221951.381: [22:19:51]<Core-SW>
221957.284: [22:19:57][202603192.168.231.1-黄埭-核心交换机-22:19:57]
221957.338: [22:19:57]
221957.339: [22:19:57]Info: The max number of VTY users is 5, the number of current VTY users online is 2, and total number of terminal users online is 2.
221957.358: [22:19:57]      The current login time is 2025-12-05 05:31:24.
222957.434: [22:29:57]<Core-SW>
223003.421: [22:30:03][202603192.168.231.1-黄埭-核心交换机-22:30:03]
223003.462: [22:30:03]
223003.474: [22:30:03]Info: The max number of VTY users is 5, the number of current VTY users online is 2, and total number of terminal users online is 2.
223003.496: [22:30:03]      The current login time is 2025-12-05 05:41:31.
224003.622: [22:40:03]<Core-SW>
224009.733: [22:40:09][202603192.168.231.1-黄埭-核心交换机-22:40:09]
224009.776: [22:40:09]
224009.777: [22:40:09]Info: The max number of VTY users is 5, the number of current VTY users online is 2, and total number of terminal users online is 2.
224009.799: [22:40:09]      The current login time is 2025-12-05 05:51:37.
225010.059: [22:50:10]<Core-SW>
225016.329: [22:50:16][202603192.168.231.1-黄埭-核心交换机-22:50:16]
225016.383: [22:50:16]
225016.384: [22:50:16]Info: The max number of VTY users is 5, the number of current VTY users online is 2, and total number of terminal users online is 2.
225016.411: [22:50:16]      The current login time is 2025-12-05 06:01:44.
230016.457: [23:00:16]<Core-SW>
230022.743: [23:00:22][202603192.168.231.1-黄埭-核心交换机-23:00:22]
230022.785: [23:00:22]
230022.785: [23:00:22]Info: The max number of VTY users is 5, the number of current VTY users online is 2, and total number of terminal users online is 2.
230022.914: [23:00:22]      The current login time is 2025-12-05 06:11:50.
231022.892: [23:10:22]<Core-SW>
231028.752: [23:10:28][202603192.168.231.1-黄埭-核心交换机-23:10:28]
231028.791: [23:10:28]
231028.792: [23:10:28]Info: The max number of VTY users is 5, the number of current VTY users online is 2, and total number of terminal users online is 2.
231028.821: [23:10:28]      The current login time is 2025-12-05 06:21:56.
232028.898: [23:20:28]<Core-SW>
232034.859: [23:20:34][202603192.168.231.1-黄埭-核心交换机-23:20:34]
232034.918: [23:20:34]
232034.929: [23:20:34]Info: The max number of VTY users is 5, the number of current VTY users online is 2, and total number of terminal users online is 3.
232034.939: [23:20:34]      The current login time is 2025-12-05 06:32:02.
233034.990: [23:30:34]<Core-SW>
233041.173: [23:30:41][202603192.168.231.1-黄埭-核心交换机-23:30:41]
233041.231: [23:30:41]
233041.241: [23:30:41]Info: The max number of VTY users is 5, the number of current VTY users online is 2, and total number of terminal users online is 2.
233041.257: [23:30:41]      The current login time is 2025-12-05 06:42:08.
234041.529: [23:40:41]<Core-SW>
234047.805: [23:40:47][202603192.168.231.1-黄埭-核心交换机-23:40:47]
234047.863: [23:40:47]
234047.864: [23:40:47]Info: The max number of VTY users is 5, the number of current VTY users online is 2, and total number of terminal users online is 2.
234047.899: [23:40:47]      The current login time is 2025-12-05 06:52:15.
235047.945: [23:50:47]<Core-SW>
235053.907: [23:50:53][202603192.168.231.1-黄埭-核心交换机-23:50:53]
235053.968: [23:50:53]
235053.979: [23:50:53]Info: The max number of VTY users is 5, the number of current VTY users online is 2, and total number of terminal users online is 2.
235053.989: [23:50:53]      The current login time is 2025-12-05 07:02:21.
