000648.740: [00:06:48]<Core-SW>
000654.663: [00:06:54][202603192.168.231.1-黄埭-核心交换机-00:06:54]
000654.709: [00:06:54]
000654.709: [00:06:54]Info: The max number of VTY users is 5, the number of current VTY users online is 1, and total number of terminal users online is 1.
000654.747: [00:06:54]      The current login time is 2025-12-20 07:18:35.
001654.848: [00:16:54]<Core-SW>
001700.806: [00:17:00][202603192.168.231.1-黄埭-核心交换机-00:17:00]
001700.848: [00:17:00]
001700.849: [00:17:00]Info: The max number of VTY users is 5, the number of current VTY users online is 1, and total number of terminal users online is 1.
001700.908: [00:17:00]      The current login time is 2025-12-20 07:28:41.
002700.963: [00:27:00]<Core-SW>
002707.324: [00:27:07][202603192.168.231.1-黄埭-核心交换机-00:27:07]
002707.367: [00:27:07]
002707.368: [00:27:07]Info: The max number of VTY users is 5, the number of current VTY users online is 1, and total number of terminal users online is 1.
002707.411: [00:27:07]      The current login time is 2025-12-20 07:38:48.
003707.575: [00:37:07]<Core-SW>
003713.589: [00:37:13][202603192.168.231.1-黄埭-核心交换机-00:37:13]
003713.641: [00:37:13]
003713.651: [00:37:13]Info: The max number of VTY users is 5, the number of current VTY users online is 1, and total number of terminal users online is 1.
003713.699: [00:37:13]      The current login time is 2025-12-20 07:48:54.
004713.786: [00:47:13]<Core-SW>
004719.603: [00:47:19][202603192.168.231.1-黄埭-核心交换机-00:47:19]
004719.661: [00:47:19]
004719.671: [00:47:19]Info: The max number of VTY users is 5, the number of current VTY users online is 1, and total number of terminal users online is 1.
004719.689: [00:47:19]      The current login time is 2025-12-20 07:59:00.
005719.753: [00:57:19]<Core-SW>
005725.656: [00:57:25][202603192.168.231.1-黄埭-核心交换机-00:57:25]
005725.715: [00:57:25]
005725.716: [00:57:25]Info: The max number of VTY users is 5, the number of current VTY users online is 1, and total number of terminal users online is 1.
005725.751: [00:57:25]      The current login time is 2025-12-20 08:09:06.
010725.808: [01:07:25]<Core-SW>
010731.653: [01:07:31][202603192.168.231.1-黄埭-核心交换机-01:07:31]
010731.689: [01:07:31]
010731.697: [01:07:31]Info: The max number of VTY users is 5, the number of current VTY users online is 1, and total number of terminal users online is 1.
010731.754: [01:07:31]      The current login time is 2025-12-20 08:19:12.
011731.911: [01:17:31]<Core-SW>
011738.091: [01:17:38][202603192.168.231.1-黄埭-核心交换机-01:17:38]
011738.160: [01:17:38]
011738.161: [01:17:38]Info: The max number of VTY users is 5, the number of current VTY users online is 1, and total number of terminal users online is 1.
011738.194: [01:17:38]      The current login time is 2025-12-20 08:29:19.
012738.327: [01:27:38]<Core-SW>
012744.078: [01:27:44][202603192.168.231.1-黄埭-核心交换机-01:27:44]
012744.129: [01:27:44]
012744.130: [01:27:44]Info: The max number of VTY users is 5, the number of current VTY users online is 1, and total number of terminal users online is 1.
012744.172: [01:27:44]      The current login time is 2025-12-20 08:39:25.
013744.218: [01:37:44]<Core-SW>
013750.156: [01:37:50][202603192.168.231.1-黄埭-核心交换机-01:37:50]
013750.213: [01:37:50]
013750.222: [01:37:50]Info: The max number of VTY users is 5, the number of current VTY users online is 1, and total number of terminal users online is 1.
013750.248: [01:37:50]      The current login time is 2025-12-20 08:49:31.
014750.408: [01:47:50]<Core-SW>
014756.708: [01:47:56][202603192.168.231.1-黄埭-核心交换机-01:47:56]
014756.774: [01:47:56]
014756.775: [01:47:56]Info: The max number of VTY users is 5, the number of current VTY users online is 1, and total number of terminal users online is 1.
014756.825: [01:47:56]      The current login time is 2025-12-20 08:59:37.
015756.882: [01:57:56]<Core-SW>
015803.228: [01:58:03][202603192.168.231.1-黄埭-核心交换机-01:58:03]
015803.276: [01:58:03]
015803.284: [01:58:03]Info: The max number of VTY users is 5, the number of current VTY users online is 1, and total number of terminal users online is 1.
015803.324: [01:58:03]      The current login time is 2025-12-20 09:09:44.
020803.480: [02:08:03]<Core-SW>
020809.644: [02:08:09][202603192.168.231.1-黄埭-核心交换机-02:08:09]
020809.699: [02:08:09]
020809.700: [02:08:09]Info: The max number of VTY users is 5, the number of current VTY users online is 1, and total number of terminal users online is 1.
020809.733: [02:08:09]      The current login time is 2025-12-20 09:19:50.
021809.805: [02:18:09]<Core-SW>
021815.651: [02:18:15][202603192.168.231.1-黄埭-核心交换机-02:18:15]
021815.704: [02:18:15]
021815.713: [02:18:15]Info: The max number of VTY users is 5, the number of current VTY users online is 1, and total number of terminal users online is 1.
021815.741: [02:18:15]      The current login time is 2025-12-20 09:29:56.
022815.905: [02:28:15]<Core-SW>
022822.071: [02:28:22][202603192.168.231.1-黄埭-核心交换机-02:28:22]
022822.141: [02:28:22]
022822.150: [02:28:22]Info: The max number of VTY users is 5, the number of current VTY users online is 1, and total number of terminal users online is 2.
022822.189: [02:28:22]      The current login time is 2025-12-20 09:40:03.
023822.426: [02:38:22]<Core-SW>
023828.692: [02:38:28][202603192.168.231.1-黄埭-核心交换机-02:38:28]
023828.743: [02:38:28]
023828.752: [02:38:28]Info: The max number of VTY users is 5, the number of current VTY users online is 1, and total number of terminal users online is 1.
023828.788: [02:38:28]      The current login time is 2025-12-20 09:50:09.
024828.943: [02:48:28]<Core-SW>
024835.213: [02:48:35][202603192.168.231.1-黄埭-核心交换机-02:48:35]
024835.255: [02:48:35]
024835.256: [02:48:35]Info: The max number of VTY users is 5, the number of current VTY users online is 1, and total number of terminal users online is 1.
024835.299: [02:48:35]      The current login time is 2025-12-20 10:00:16.
025835.360: [02:58:35]<Core-SW>
025841.222: [02:58:41][202603192.168.231.1-黄埭-核心交换机-02:58:41]
025841.272: [02:58:41]
025841.281: [02:58:41]Info: The max number of VTY users is 5, the number of current VTY users online is 1, and total number of terminal users online is 1.
025841.305: [02:58:41]      The current login time is 2025-12-20 10:10:22.
030841.374: [03:08:41]<Core-SW>
030847.579: [03:08:47][202603192.168.231.1-黄埭-核心交换机-03:08:47]
030847.644: [03:08:47]
030847.645: [03:08:47]Info: The max number of VTY users is 5, the number of current VTY users online is 1, and total number of terminal users online is 1.
030847.668: [03:08:47]      The current login time is 2025-12-20 10:20:28.
031847.763: [03:18:47]<Core-SW>
031853.643: [03:18:53][202603192.168.231.1-黄埭-核心交换机-03:18:53]
031853.692: [03:18:53]
031853.699: [03:18:53]Info: The max number of VTY users is 5, the number of current VTY users online is 1, and total number of terminal users online is 1.
031853.731: [03:18:53]      The current login time is 2025-12-20 10:30:34.
032853.792: [03:28:53]<Core-SW>
032859.716: [03:28:59][202603192.168.231.1-黄埭-核心交换机-03:28:59]
032859.784: [03:28:59]
032859.785: [03:28:59]Info: The max number of VTY users is 5, the number of current VTY users online is 1, and total number of terminal users online is 1.
032859.851: [03:28:59]      The current login time is 2025-12-20 10:40:40.
033900.006: [03:39:00]<Core-SW>
033906.168: [03:39:06][202603192.168.231.1-黄埭-核心交换机-03:39:06]
033906.206: [03:39:06]
033906.216: [03:39:06]Info: The max number of VTY users is 5, the number of current VTY users online is 1, and total number of terminal users online is 1.
033906.243: [03:39:06]      The current login time is 2025-12-20 10:50:47.
034906.310: [03:49:06]<Core-SW>
034912.342: [03:49:12][202603192.168.231.1-黄埭-核心交换机-03:49:12]
034912.392: [03:49:12]
034912.401: [03:49:12]Info: The max number of VTY users is 5, the number of current VTY users online is 1, and total number of terminal users online is 1.
034912.487: [03:49:12]      The current login time is 2025-12-20 11:00:53.
035912.585: [03:59:12]<Core-SW>
035918.604: [03:59:18][202603192.168.231.1-黄埭-核心交换机-03:59:18]
035918.649: [03:59:18]
035918.659: [03:59:18]Info: The max number of VTY users is 5, the number of current VTY users online is 1, and total number of terminal users online is 1.
035918.686: [03:59:18]      The current login time is 2025-12-20 11:10:59.
040918.757: [04:09:18]<Core-SW>
040924.572: [04:09:24][202603192.168.231.1-黄埭-核心交换机-04:09:24]
040924.613: [04:09:24]
040924.623: [04:09:24]Info: The max number of VTY users is 5, the number of current VTY users online is 1, and total number of terminal users online is 1.
040924.662: [04:09:24]      The current login time is 2025-12-20 11:21:05.
041924.756: [04:19:24]<Core-SW>
041930.606: [04:19:30][202603192.168.231.1-黄埭-核心交换机-04:19:30]
041930.670: [04:19:30]
041930.678: [04:19:30]Info: The max number of VTY users is 5, the number of current VTY users online is 1, and total number of terminal users online is 1.
041930.691: [04:19:30]      The current login time is 2025-12-20 11:31:11.
042930.753: [04:29:30]<Core-SW>
042936.616: [04:29:36][202603192.168.231.1-黄埭-核心交换机-04:29:36]
042936.664: [04:29:36]
042936.665: [04:29:36]Info: The max number of VTY users is 5, the number of current VTY users online is 1, and total number of terminal users online is 1.
042936.696: [04:29:36]      The current login time is 2025-12-20 11:41:17.
043936.874: [04:39:36]<Core-SW>
043943.132: [04:39:43][202603192.168.231.1-黄埭-核心交换机-04:39:43]
043943.185: [04:39:43]
043943.195: [04:39:43]Info: The max number of VTY users is 5, the number of current VTY users online is 1, and total number of terminal users online is 1.
043943.227: [04:39:43]      The current login time is 2025-12-20 11:51:24.
044943.384: [04:49:43]<Core-SW>
044949.754: [04:49:49][202603192.168.231.1-黄埭-核心交换机-04:49:49]
044949.810: [04:49:49]
044949.811: [04:49:49]Info: The max number of VTY users is 5, the number of current VTY users online is 1, and total number of terminal users online is 1.
044949.835: [04:49:49]      The current login time is 2025-12-20 12:01:30.
045949.907: [04:59:49]<Core-SW>
045956.372: [04:59:56][202603192.168.231.1-黄埭-核心交换机-04:59:56]
045956.419: [04:59:56]
045956.428: [04:59:56]Info: The max number of VTY users is 5, the number of current VTY users online is 1, and total number of terminal users online is 1.
045956.478: [04:59:56]      The current login time is 2025-12-20 12:11:37.
050956.553: [05:09:56]<Core-SW>
051002.565: [05:10:02][202603192.168.231.1-黄埭-核心交换机-05:10:02]
051002.611: [05:10:02]
051002.619: [05:10:02]Info: The max number of VTY users is 5, the number of current VTY users online is 1, and total number of terminal users online is 1.
051002.644: [05:10:02]      The current login time is 2025-12-20 12:21:43.
052002.763: [05:20:02]<Core-SW>
052008.585: [05:20:08][202603192.168.231.1-黄埭-核心交换机-05:20:08]
052008.635: [05:20:08]
052008.636: [05:20:08]Info: The max number of VTY users is 5, the number of current VTY users online is 1, and total number of terminal users online is 1.
052008.673: [05:20:08]      The current login time is 2025-12-20 12:31:49.
053008.761: [05:30:08]<Core-SW>
053014.582: [05:30:14][202603192.168.231.1-黄埭-核心交换机-05:30:14]
053014.627: [05:30:14]
053014.628: [05:30:14]Info: The max number of VTY users is 5, the number of current VTY users online is 1, and total number of terminal users online is 1.
053014.672: [05:30:14]      The current login time is 2025-12-20 12:41:55.
054014.733: [05:40:14]<Core-SW>
054020.715: [05:40:20][202603192.168.231.1-黄埭-核心交换机-05:40:20]
054020.757: [05:40:20]
054020.758: [05:40:20]Info: The max number of VTY users is 5, the number of current VTY users online is 1, and total number of terminal users online is 1.
054020.794: [05:40:20]      The current login time is 2025-12-20 12:52:01.
055020.964: [05:50:20]<Core-SW>
055027.036: [05:50:27][202603192.168.231.1-黄埭-核心交换机-05:50:27]
055027.075: [05:50:27]
055027.084: [05:50:27]Info: The max number of VTY users is 5, the number of current VTY users online is 1, and total number of terminal users online is 1.
055027.110: [05:50:27]      The current login time is 2025-12-20 13:02:08.
060027.200: [06:00:27]<Core-SW>
060033.134: [06:00:33][202603192.168.231.1-黄埭-核心交换机-06:00:33]
060033.223: [06:00:33]
060033.232: [06:00:33]Info: The max number of VTY users is 5, the number of current VTY users online is 1, and total number of terminal users online is 1.
060033.259: [06:00:33]      The current login time is 2025-12-20 13:12:14.
061033.389: [06:10:33]<Core-SW>
061039.656: [06:10:39][202603192.168.231.1-黄埭-核心交换机-06:10:39]
061039.712: [06:10:39]
061039.713: [06:10:39]Info: The max number of VTY users is 5, the number of current VTY users online is 1, and total number of terminal users online is 1.
061039.762: [06:10:39]      The current login time is 2025-12-20 13:22:20.
062039.907: [06:20:39]<Core-SW>
062046.314: [06:20:46][202603192.168.231.1-黄埭-核心交换机-06:20:46]
062046.363: [06:20:46]
062046.364: [06:20:46]Info: The max number of VTY users is 5, the number of current VTY users online is 1, and total number of terminal users online is 1.
062046.417: [06:20:46]      The current login time is 2025-12-20 13:32:27.
063046.484: [06:30:46]<Core-SW>
063052.795: [06:30:52][202603192.168.231.1-黄埭-核心交换机-06:30:52]
063052.838: [06:30:52]
063052.862: [06:30:52]Info: The max number of VTY users is 5, the number of current VTY users online is 1, and total number of terminal users online is 1.
063052.906: [06:30:52]      The current login time is 2025-12-20 13:42:33.
064052.976: [06:40:52]<Core-SW>
064059.150: [06:40:59][202603192.168.231.1-黄埭-核心交换机-06:40:59]
064059.203: [06:40:59]
064059.204: [06:40:59]Info: The max number of VTY users is 5, the number of current VTY users online is 1, and total number of terminal users online is 1.
064059.254: [06:40:59]      The current login time is 2025-12-20 13:52:40.
065059.362: [06:50:59]<Core-SW>
065105.599: [06:51:05][202603192.168.231.1-黄埭-核心交换机-06:51:05]
065105.639: [06:51:05]
065105.640: [06:51:05]Info: The max number of VTY users is 5, the number of current VTY users online is 1, and total number of terminal users online is 1.
065105.683: [06:51:05]      The current login time is 2025-12-20 14:02:46.
070105.725: [07:01:05]<Core-SW>
070111.621: [07:01:11][202603192.168.231.1-黄埭-核心交换机-07:01:11]
070111.676: [07:01:11]
070111.685: [07:01:11]Info: The max number of VTY users is 5, the number of current VTY users online is 1, and total number of terminal users online is 1.
070111.710: [07:01:11]      The current login time is 2025-12-20 14:12:52.
071111.887: [07:11:11]<Core-SW>
071118.159: [07:11:18][202603192.168.231.1-黄埭-核心交换机-07:11:18]
071118.203: [07:11:18]
071118.204: [07:11:18]Info: The max number of VTY users is 5, the number of current VTY users online is 1, and total number of terminal users online is 1.
071118.236: [07:11:18]      The current login time is 2025-12-20 14:22:59.
072118.303: [07:21:18]<Core-SW>
072124.163: [07:21:24][202603192.168.231.1-黄埭-核心交换机-07:21:24]
072124.223: [07:21:24]
072124.232: [07:21:24]Info: The max number of VTY users is 5, the number of current VTY users online is 1, and total number of terminal users online is 1.
072124.255: [07:21:24]      The current login time is 2025-12-20 14:33:05.
073124.414: [07:31:24]<Core-SW>
073130.678: [07:31:30][202603192.168.231.1-黄埭-核心交换机-07:31:30]
073130.722: [07:31:30]
073130.729: [07:31:30]Info: The max number of VTY users is 5, the number of current VTY users online is 1, and total number of terminal users online is 1.
073130.771: [07:31:30]      The current login time is 2025-12-20 14:43:11.
074130.840: [07:41:30]<Core-SW>
074136.587: [07:41:36][202603192.168.231.1-黄埭-核心交换机-07:41:36]
074136.620: [07:41:36]
074136.627: [07:41:36]Info: The max number of VTY users is 5, the number of current VTY users online is 1, and total number of terminal users online is 1.
074136.659: [07:41:36]      The current login time is 2025-12-20 14:53:17.
075136.839: [07:51:36]<Core-SW>
075142.587: [07:51:42][202603192.168.231.1-黄埭-核心交换机-07:51:42]
075142.639: [07:51:42]
075142.640: [07:51:42]Info: The max number of VTY users is 5, the number of current VTY users online is 1, and total number of terminal users online is 1.
075142.668: [07:51:42]      The current login time is 2025-12-20 15:03:23.
080142.847: [08:01:42]<Core-SW>
080148.706: [08:01:48][202603192.168.231.1-黄埭-核心交换机-08:01:48]
080148.768: [08:01:48]
080148.777: [08:01:48]Info: The max number of VTY users is 5, the number of current VTY users online is 1, and total number of terminal users online is 1.
080148.811: [08:01:48]      The current login time is 2025-12-20 15:13:29.
081148.882: [08:11:48]<Core-SW>
081155.122: [08:11:55][202603192.168.231.1-黄埭-核心交换机-08:11:55]
081155.169: [08:11:55]
081155.170: [08:11:55]Info: The max number of VTY users is 5, the number of current VTY users online is 1, and total number of terminal users online is 1.
081155.217: [08:11:55]      The current login time is 2025-12-20 15:23:36.
082155.372: [08:21:55]<Core-SW>
082201.641: [08:22:01][202603192.168.231.1-黄埭-核心交换机-08:22:01]
082201.717: [08:22:01]
082201.727: [08:22:01]Info: The max number of VTY users is 5, the number of current VTY users online is 1, and total number of terminal users online is 1.
082201.743: [08:22:01]      The current login time is 2025-12-20 15:33:42.
083201.810: [08:32:01]<Core-SW>
083207.653: [08:32:07][202603192.168.231.1-黄埭-核心交换机-08:32:07]
083207.699: [08:32:07]
083207.707: [08:32:07]Info: The max number of VTY users is 5, the number of current VTY users online is 1, and total number of terminal users online is 1.
083207.756: [08:32:07]      The current login time is 2025-12-20 15:43:48.
084207.855: [08:42:07]<Core-SW>
084214.076: [08:42:14][202603192.168.231.1-黄埭-核心交换机-08:42:14]
084214.136: [08:42:14]
084214.146: [08:42:14]Info: The max number of VTY users is 5, the number of current VTY users online is 1, and total number of terminal users online is 1.
084214.170: [08:42:14]      The current login time is 2025-12-20 15:53:55.
085214.319: [08:52:14]<Core-SW>
085220.058: [08:52:20][202603192.168.231.1-黄埭-核心交换机-08:52:20]
085220.118: [08:52:20]
085220.126: [08:52:20]Info: The max number of VTY users is 5, the number of current VTY users online is 1, and total number of terminal users online is 1.
085220.151: [08:52:20]      The current login time is 2025-12-20 16:04:01.
090220.218: [09:02:20]<Core-SW>
090226.123: [09:02:26][202603192.168.231.1-黄埭-核心交换机-09:02:26]
090226.192: [09:02:26]
090226.193: [09:02:26]Info: The max number of VTY users is 5, the number of current VTY users online is 1, and total number of terminal users online is 1.
090226.225: [09:02:26]      The current login time is 2025-12-20 16:14:07.
091226.297: [09:12:26]<Core-SW>
091232.195: [09:12:32][202603192.168.231.1-黄埭-核心交换机-09:12:32]
091232.260: [09:12:32]
091232.261: [09:12:32]Info: The max number of VTY users is 5, the number of current VTY users online is 1, and total number of terminal users online is 1.
091232.305: [09:12:32]      The current login time is 2025-12-20 16:24:13.
092232.439: [09:22:32]<Core-SW>
092238.695: [09:22:38][202603192.168.231.1-黄埭-核心交换机-09:22:38]
092238.749: [09:22:38]
092238.758: [09:22:38]Info: The max number of VTY users is 5, the number of current VTY users online is 1, and total number of terminal users online is 1.
092238.804: [09:22:38]      The current login time is 2025-12-20 16:34:19.
093238.864: [09:32:38]<Core-SW>
093245.137: [09:32:45][202603192.168.231.1-黄埭-核心交换机-09:32:45]
093245.270: [09:32:45]
093245.279: [09:32:45]Info: The max number of VTY users is 5, the number of current VTY users online is 1, and total number of terminal users online is 1.
093245.280: [09:32:45]      The current login time is 2025-12-20 16:44:26.
094245.373: [09:42:45]<Core-SW>
094251.647: [09:42:51][202603192.168.231.1-黄埭-核心交换机-09:42:51]
094251.701: [09:42:51]
094251.711: [09:42:51]Info: The max number of VTY users is 5, the number of current VTY users online is 1, and total number of terminal users online is 1.
094251.739: [09:42:51]      The current login time is 2025-12-20 16:54:32.
095251.781: [09:52:51]<Core-SW>
095257.752: [09:52:57][202603192.168.231.1-黄埭-核心交换机-09:52:57]
095257.801: [09:52:57]
095257.811: [09:52:57]Info: The max number of VTY users is 5, the number of current VTY users online is 1, and total number of terminal users online is 1.
095257.836: [09:52:57]      The current login time is 2025-12-20 17:04:39.
100257.900: [10:02:57]<Core-SW>
100304.119: [10:03:04][202603192.168.231.1-黄埭-核心交换机-10:03:04]
100304.169: [10:03:04]
100304.170: [10:03:04]Info: The max number of VTY users is 5, the number of current VTY users online is 1, and total number of terminal users online is 1.
100304.206: [10:03:04]      The current login time is 2025-12-20 17:14:45.
101304.302: [10:13:04]<Core-SW>
101310.174: [10:13:10][202603192.168.231.1-黄埭-核心交换机-10:13:10]
101310.217: [10:13:10]
101310.227: [10:13:10]Info: The max number of VTY users is 5, the number of current VTY users online is 1, and total number of terminal users online is 1.
101310.264: [10:13:10]      The current login time is 2025-12-20 17:24:51.
102310.333: [10:23:10]<Core-SW>
102316.178: [10:23:16][202603192.168.231.1-黄埭-核心交换机-10:23:16]
102316.224: [10:23:16]
102316.225: [10:23:16]Info: The max number of VTY users is 5, the number of current VTY users online is 1, and total number of terminal users online is 1.
102316.270: [10:23:16]      The current login time is 2025-12-20 17:34:57.
103316.335: [10:33:16]<Core-SW>
103322.181: [10:33:22][202603192.168.231.1-黄埭-核心交换机-10:33:22]
103322.237: [10:33:22]
103322.246: [10:33:22]Info: The max number of VTY users is 5, the number of current VTY users online is 1, and total number of terminal users online is 1.
103322.281: [10:33:22]      The current login time is 2025-12-20 17:45:03.
104322.440: [10:43:22]<Core-SW>
104328.809: [10:43:28][202603192.168.231.1-黄埭-核心交换机-10:43:28]
104328.852: [10:43:28]
104328.853: [10:43:28]Info: The max number of VTY users is 5, the number of current VTY users online is 1, and total number of terminal users online is 1.
104328.935: [10:43:28]      The current login time is 2025-12-20 17:55:10.
105329.061: [10:53:29]<Core-SW>
105335.124: [10:53:35][202603192.168.231.1-黄埭-核心交换机-10:53:35]
105335.186: [10:53:35]
105335.192: [10:53:35]Info: The max number of VTY users is 5, the number of current VTY users online is 1, and total number of terminal users online is 2.
105335.236: [10:53:35]      The current login time is 2025-12-20 18:05:16.
110335.374: [11:03:35]<Core-SW>
110341.744: [11:03:41][202603192.168.231.1-黄埭-核心交换机-11:03:41]
110341.794: [11:03:41]
110341.795: [11:03:41]Info: The max number of VTY users is 5, the number of current VTY users online is 1, and total number of terminal users online is 2.
110341.830: [11:03:41]      The current login time is 2025-12-20 18:15:23.
111341.895: [11:13:41]<Core-SW>
111348.162: [11:13:48][202603192.168.231.1-黄埭-核心交换机-11:13:48]
111348.214: [11:13:48]
111348.226: [11:13:48]Info: The max number of VTY users is 5, the number of current VTY users online is 1, and total number of terminal users online is 1.
111348.252: [11:13:48]      The current login time is 2025-12-20 18:25:29.
112348.304: [11:23:48]<Core-SW>
112354.146: [11:23:54][202603192.168.231.1-黄埭-核心交换机-11:23:54]
112354.242: [11:23:54]
112354.252: [11:23:54]Info: The max number of VTY users is 5, the number of current VTY users online is 1, and total number of terminal users online is 1.
112354.274: [11:23:54]      The current login time is 2025-12-20 18:35:35.
113354.423: [11:33:54]<Core-SW>
113400.692: [11:34:00][202603192.168.231.1-黄埭-核心交换机-11:34:00]
113400.732: [11:34:00]
113400.733: [11:34:00]Info: The max number of VTY users is 5, the number of current VTY users online is 1, and total number of terminal users online is 1.
113400.771: [11:34:00]      The current login time is 2025-12-20 18:45:42.
114400.885: [11:44:00]<Core-SW>
114407.209: [11:44:07][202603192.168.231.1-黄埭-核心交换机-11:44:07]
114407.267: [11:44:07]
114407.268: [11:44:07]Info: The max number of VTY users is 5, the number of current VTY users online is 1, and total number of terminal users online is 2.
114407.321: [11:44:07]      The current login time is 2025-12-20 18:55:48.
115407.464: [11:54:07]<Core-SW>
115413.575: [11:54:13][202603192.168.231.1-黄埭-核心交换机-11:54:13]
115413.622: [11:54:13]
115413.631: [11:54:13]Info: The max number of VTY users is 5, the number of current VTY users online is 1, and total number of terminal users online is 2.
115413.676: [11:54:13]      The current login time is 2025-12-20 19:05:54.
120413.873: [12:04:13]<Core-SW>
120420.141: [12:04:20][202603192.168.231.1-黄埭-核心交换机-12:04:20]
120420.202: [12:04:20]
120420.203: [12:04:20]Info: The max number of VTY users is 5, the number of current VTY users online is 1, and total number of terminal users online is 2.
120420.233: [12:04:20]      The current login time is 2025-12-20 19:16:01.
121420.312: [12:14:20]<Core-SW>
121426.037: [12:14:26][202603192.168.231.1-黄埭-核心交换机-12:14:26]
121426.090: [12:14:26]
121426.099: [12:14:26]Info: The max number of VTY users is 5, the number of current VTY users online is 1, and total number of terminal users online is 2.
121426.128: [12:14:26]      The current login time is 2025-12-20 19:26:07.
122426.177: [12:24:26]<Core-SW>
122432.158: [12:24:32][202603192.168.231.1-黄埭-核心交换机-12:24:32]
122432.214: [12:24:32]
122432.224: [12:24:32]Info: The max number of VTY users is 5, the number of current VTY users online is 1, and total number of terminal users online is 2.
122432.245: [12:24:32]      The current login time is 2025-12-20 19:36:13.
123432.291: [12:34:32]<Core-SW>
123438.267: [12:34:38][202603192.168.231.1-黄埭-核心交换机-12:34:38]
123438.308: [12:34:38]
123438.317: [12:34:38]Info: The max number of VTY users is 5, the number of current VTY users online is 1, and total number of terminal users online is 1.
123438.358: [12:34:38]      The current login time is 2025-12-20 19:46:19.
124438.457: [12:44:38]<Core-SW>
124444.582: [12:44:44][202603192.168.231.1-黄埭-核心交换机-12:44:44]
124444.636: [12:44:44]
124444.646: [12:44:44]Info: The max number of VTY users is 5, the number of current VTY users online is 1, and total number of terminal users online is 1.
124444.681: [12:44:44]      The current login time is 2025-12-20 19:56:25.
125444.731: [12:54:44]<Core-SW>
125450.587: [12:54:50][202603192.168.231.1-黄埭-核心交换机-12:54:50]
125450.648: [12:54:50]
125450.649: [12:54:50]Info: The max number of VTY users is 5, the number of current VTY users online is 1, and total number of terminal users online is 1.
125450.682: [12:54:50]      The current login time is 2025-12-20 20:06:32.
130450.837: [13:04:50]<Core-SW>
130456.694: [13:04:56][202603192.168.231.1-黄埭-核心交换机-13:04:56]
130456.736: [13:04:56]
130456.746: [13:04:56]Info: The max number of VTY users is 5, the number of current VTY users online is 1, and total number of terminal users online is 1.
130456.775: [13:04:56]      The current login time is 2025-12-20 20:16:38.
131456.845: [13:14:56]<Core-SW>
131502.568: [13:15:02][202603192.168.231.1-黄埭-核心交换机-13:15:02]
131502.610: [13:15:02]
131502.617: [13:15:02]Info: The max number of VTY users is 5, the number of current VTY users online is 1, and total number of terminal users online is 1.
131502.653: [13:15:02]      The current login time is 2025-12-20 20:26:43.
132502.750: [13:25:02]<Core-SW>
132508.712: [13:25:08][202603192.168.231.1-黄埭-核心交换机-13:25:08]
132508.750: [13:25:08]
132508.751: [13:25:08]Info: The max number of VTY users is 5, the number of current VTY users online is 1, and total number of terminal users online is 2.
132508.776: [13:25:08]      The current login time is 2025-12-20 20:36:50.
133508.876: [13:35:08]<Core-SW>
133515.429: [13:35:15][202603192.168.231.1-黄埭-核心交换机-13:35:15]
133515.474: [13:35:15]
133515.480: [13:35:15]Info: The max number of VTY users is 5, the number of current VTY users online is 1, and total number of terminal users online is 1.
133515.539: [13:35:15]      The current login time is 2025-12-20 20:46:56.
134515.673: [13:45:15]<Core-SW>
134521.753: [13:45:21][202603192.168.231.1-黄埭-核心交换机-13:45:21]
134521.790: [13:45:21]
134521.796: [13:45:21]Info: The max number of VTY users is 5, the number of current VTY users online is 1, and total number of terminal users online is 2.
134521.820: [13:45:21]      The current login time is 2025-12-20 20:57:03.
135521.904: [13:55:21]<Core-SW>
135528.053: [13:55:28][202603192.168.231.1-黄埭-核心交换机-13:55:28]
135528.115: [13:55:28]
135528.121: [13:55:28]Info: The max number of VTY users is 5, the number of current VTY users online is 1, and total number of terminal users online is 1.
135528.144: [13:55:28]      The current login time is 2025-12-20 21:07:09.
140528.240: [14:05:28]<Core-SW>
140534.810: [14:05:34][202603192.168.231.1-黄埭-核心交换机-14:05:34]
140534.851: [14:05:34]
140534.856: [14:05:34]Info: The max number of VTY users is 5, the number of current VTY users online is 1, and total number of terminal users online is 1.
140534.886: [14:05:34]      The current login time is 2025-12-20 21:17:16.
141534.949: [14:15:34]<Core-SW>
141541.302: [14:15:41][202603192.168.231.1-黄埭-核心交换机-14:15:41]
141541.372: [14:15:41]
141541.372: [14:15:41]Info: The max number of VTY users is 5, the number of current VTY users online is 1, and total number of terminal users online is 2.
141541.407: [14:15:41]      The current login time is 2025-12-20 21:27:22.
