000906.395: [00:09:06]<Core-SW>
000912.287: [00:09:12][202602192.168.231.1-黄埭-核心交换机-00:09:12]
000912.341: [00:09:12]
000912.342: [00:09:12]Info: The max number of VTY users is 5, the number of current VTY users online is 2, and total number of terminal users online is 2.
000912.369: [00:09:12]      The current login time is 2025-12-02 07:20:37.
001912.418: [00:19:12]<Core-SW>
001918.239: [00:19:18][202602192.168.231.1-黄埭-核心交换机-00:19:18]
001918.339: [00:19:18]
001918.340: [00:19:18]Info: The max number of VTY users is 5, the number of current VTY users online is 2, and total number of terminal users online is 2.
001918.340: [00:19:18]      The current login time is 2025-12-02 07:30:43.
002918.383: [00:29:18]<Core-SW>
002924.418: [00:29:24][202602192.168.231.1-黄埭-核心交换机-00:29:24]
002924.463: [00:29:24]
002924.464: [00:29:24]Info: The max number of VTY users is 5, the number of current VTY users online is 2, and total number of terminal users online is 2.
002924.498: [00:29:24]      The current login time is 2025-12-02 07:40:49.
003924.567: [00:39:24]<Core-SW>
003930.783: [00:39:30][202602192.168.231.1-黄埭-核心交换机-00:39:30]
003930.838: [00:39:30]
003930.840: [00:39:30]Info: The max number of VTY users is 5, the number of current VTY users online is 2, and total number of terminal users online is 2.
003930.891: [00:39:30]      The current login time is 2025-12-02 07:50:56.
004930.981: [00:49:30]<Core-SW>
004936.752: [00:49:36][202602192.168.231.1-黄埭-核心交换机-00:49:36]
004936.808: [00:49:36]
004936.809: [00:49:36]Info: The max number of VTY users is 5, the number of current VTY users online is 2, and total number of terminal users online is 2.
004936.839: [00:49:36]      The current login time is 2025-12-02 08:01:02.
005936.943: [00:59:36]<Core-SW>
005942.825: [00:59:42][202602192.168.231.1-黄埭-核心交换机-00:59:42]
005942.876: [00:59:42]
005942.878: [00:59:42]Info: The max number of VTY users is 5, the number of current VTY users online is 2, and total number of terminal users online is 2.
005942.915: [00:59:42]      The current login time is 2025-12-02 08:11:08.
010942.969: [01:09:42]<Core-SW>
010948.744: [01:09:48][202602192.168.231.1-黄埭-核心交换机-01:09:48]
010948.786: [01:09:48]
010948.787: [01:09:48]Info: The max number of VTY users is 5, the number of current VTY users online is 2, and total number of terminal users online is 2.
010948.834: [01:09:48]      The current login time is 2025-12-02 08:21:14.
011948.893: [01:19:48]<Core-SW>
011954.701: [01:19:54][202602192.168.231.1-黄埭-核心交换机-01:19:54]
011954.861: [01:19:54]
011954.863: [01:19:54]Info: The max number of VTY users is 5, the number of current VTY users online is 2, and total number of terminal users online is 2.
011954.891: [01:19:54]      The current login time is 2025-12-02 08:31:20.
012954.936: [01:29:54]<Core-SW>
013000.744: [01:30:00][202602192.168.231.1-黄埭-核心交换机-01:30:00]
013000.791: [01:30:00]
013000.791: [01:30:00]Info: The max number of VTY users is 5, the number of current VTY users online is 2, and total number of terminal users online is 2.
013000.882: [01:30:00]      The current login time is 2025-12-02 08:41:26.
014000.910: [01:40:00]<Core-SW>
014006.790: [01:40:06][202602192.168.231.1-黄埭-核心交换机-01:40:06]
014006.826: [01:40:06]
014006.827: [01:40:06]Info: The max number of VTY users is 5, the number of current VTY users online is 2, and total number of terminal users online is 2.
014006.868: [01:40:06]      The current login time is 2025-12-02 08:51:32.
015006.936: [01:50:06]<Core-SW>
015012.718: [01:50:12][202602192.168.231.1-黄埭-核心交换机-01:50:12]
015012.812: [01:50:12]
015012.813: [01:50:12]Info: The max number of VTY users is 5, the number of current VTY users online is 2, and total number of terminal users online is 2.
015012.860: [01:50:12]      The current login time is 2025-12-02 09:01:38.
020012.936: [02:00:12]<Core-SW>
020018.731: [02:00:18][202602192.168.231.1-黄埭-核心交换机-02:00:18]
020018.774: [02:00:18]
020018.777: [02:00:18]Info: The max number of VTY users is 5, the number of current VTY users online is 2, and total number of terminal users online is 2.
020018.838: [02:00:18]      The current login time is 2025-12-02 09:11:44.
021018.903: [02:10:18]<Core-SW>
021024.964: [02:10:24][202602192.168.231.1-黄埭-核心交换机-02:10:24]
021025.039: [02:10:25]
021025.040: [02:10:25]Info: The max number of VTY users is 5, the number of current VTY users online is 2, and total number of terminal users online is 2.
021025.055: [02:10:25]      The current login time is 2025-12-02 09:21:50.
022025.117: [02:20:25]<Core-SW>
022031.305: [02:20:31][202602192.168.231.1-黄埭-核心交换机-02:20:31]
022031.357: [02:20:31]
022031.359: [02:20:31]Info: The max number of VTY users is 5, the number of current VTY users online is 2, and total number of terminal users online is 2.
022031.440: [02:20:31]      The current login time is 2025-12-02 09:31:56.
023031.584: [02:30:31]<Core-SW>
023037.722: [02:30:37][202602192.168.231.1-黄埭-核心交换机-02:30:37]
023037.873: [02:30:37]
023037.874: [02:30:37]Info: The max number of VTY users is 5, the number of current VTY users online is 2, and total number of terminal users online is 2.
023037.874: [02:30:37]      The current login time is 2025-12-02 09:42:03.
024037.909: [02:40:37]<Core-SW>
024043.783: [02:40:43][202602192.168.231.1-黄埭-核心交换机-02:40:43]
024043.843: [02:40:43]
024043.846: [02:40:43]Info: The max number of VTY users is 5, the number of current VTY users online is 2, and total number of terminal users online is 2.
024043.955: [02:40:43]      The current login time is 2025-12-02 09:52:09.
025043.949: [02:50:43]<Core-SW>
025049.682: [02:50:49][202602192.168.231.1-黄埭-核心交换机-02:50:49]
025049.730: [02:50:49]
025049.730: [02:50:49]Info: The max number of VTY users is 5, the number of current VTY users online is 2, and total number of terminal users online is 2.
025049.772: [02:50:49]      The current login time is 2025-12-02 10:02:15.
030049.823: [03:00:49]<Core-SW>
030055.796: [03:00:55][202602192.168.231.1-黄埭-核心交换机-03:00:55]
030055.844: [03:00:55]
030055.845: [03:00:55]Info: The max number of VTY users is 5, the number of current VTY users online is 2, and total number of terminal users online is 2.
030055.878: [03:00:55]      The current login time is 2025-12-02 10:12:21.
031055.927: [03:10:55]<Core-SW>
031101.857: [03:11:01][202602192.168.231.1-黄埭-核心交换机-03:11:01]
031101.940: [03:11:01]
031101.943: [03:11:01]Info: The max number of VTY users is 5, the number of current VTY users online is 2, and total number of terminal users online is 2.
031101.980: [03:11:01]      The current login time is 2025-12-02 10:22:27.
032102.037: [03:21:02]<Core-SW>
032108.321: [03:21:08][202602192.168.231.1-黄埭-核心交换机-03:21:08]
032108.367: [03:21:08]
032108.367: [03:21:08]Info: The max number of VTY users is 5, the number of current VTY users online is 2, and total number of terminal users online is 2.
032108.408: [03:21:08]      The current login time is 2025-12-02 10:32:33.
033108.472: [03:31:08]<Core-SW>
033114.225: [03:31:14][202602192.168.231.1-黄埭-核心交换机-03:31:14]
033114.333: [03:31:14]
033114.334: [03:31:14]Info: The max number of VTY users is 5, the number of current VTY users online is 2, and total number of terminal users online is 2.
033114.335: [03:31:14]      The current login time is 2025-12-02 10:42:39.
034114.372: [03:41:14]<Core-SW>
034120.312: [03:41:20][202602192.168.231.1-黄埭-核心交换机-03:41:20]
034120.411: [03:41:20]
034120.412: [03:41:20]Info: The max number of VTY users is 5, the number of current VTY users online is 2, and total number of terminal users online is 2.
034120.412: [03:41:20]      The current login time is 2025-12-02 10:52:45.
035120.460: [03:51:20]<Core-SW>
035126.510: [03:51:26][202602192.168.231.1-黄埭-核心交换机-03:51:26]
035126.571: [03:51:26]
035126.574: [03:51:26]Info: The max number of VTY users is 5, the number of current VTY users online is 2, and total number of terminal users online is 2.
035126.616: [03:51:26]      The current login time is 2025-12-02 11:02:51.
040126.903: [04:01:26]<Core-SW>
040132.759: [04:01:32][202602192.168.231.1-黄埭-核心交换机-04:01:32]
040132.837: [04:01:32]
040132.838: [04:01:32]Info: The max number of VTY users is 5, the number of current VTY users online is 2, and total number of terminal users online is 2.
040132.872: [04:01:32]      The current login time is 2025-12-02 11:12:58.
041132.957: [04:11:32]<Core-SW>
041138.864: [04:11:38][202602192.168.231.1-黄埭-核心交换机-04:11:38]
041138.905: [04:11:38]
041138.906: [04:11:38]Info: The max number of VTY users is 5, the number of current VTY users online is 2, and total number of terminal users online is 2.
041138.944: [04:11:38]      The current login time is 2025-12-02 11:23:04.
042138.988: [04:21:38]<Core-SW>
042144.740: [04:21:44][202602192.168.231.1-黄埭-核心交换机-04:21:44]
042144.789: [04:21:44]
042144.791: [04:21:44]Info: The max number of VTY users is 5, the number of current VTY users online is 2, and total number of terminal users online is 2.
042144.824: [04:21:44]      The current login time is 2025-12-02 11:33:10.
043144.925: [04:31:44]<Core-SW>
043150.802: [04:31:50][202602192.168.231.1-黄埭-核心交换机-04:31:50]
043150.841: [04:31:50]
043150.842: [04:31:50]Info: The max number of VTY users is 5, the number of current VTY users online is 2, and total number of terminal users online is 2.
043150.881: [04:31:50]      The current login time is 2025-12-02 11:43:16.
044150.954: [04:41:50]<Core-SW>
044156.749: [04:41:56][202602192.168.231.1-黄埭-核心交换机-04:41:56]
044156.785: [04:41:56]
044156.787: [04:41:56]Info: The max number of VTY users is 5, the number of current VTY users online is 2, and total number of terminal users online is 2.
044156.875: [04:41:56]      The current login time is 2025-12-02 11:53:22.
045156.881: [04:51:56]<Core-SW>
045202.864: [04:52:02][202602192.168.231.1-黄埭-核心交换机-04:52:02]
045202.998: [04:52:02]
045203.001: [04:52:03]Info: The max number of VTY users is 5, the number of current VTY users online is 2, and total number of terminal users online is 2.
045203.043: [04:52:03]      The current login time is 2025-12-02 12:03:28.
050203.166: [05:02:03]<Core-SW>
050209.220: [05:02:09][202602192.168.231.1-黄埭-核心交换机-05:02:09]
050209.273: [05:02:09]
050209.275: [05:02:09]Info: The max number of VTY users is 5, the number of current VTY users online is 2, and total number of terminal users online is 2.
050209.310: [05:02:09]      The current login time is 2025-12-02 12:13:34.
051209.359: [05:12:09]<Core-SW>
051215.320: [05:12:15][202602192.168.231.1-黄埭-核心交换机-05:12:15]
051215.366: [05:12:15]
051215.368: [05:12:15]Info: The max number of VTY users is 5, the number of current VTY users online is 2, and total number of terminal users online is 2.
051215.408: [05:12:15]      The current login time is 2025-12-02 12:23:40.
052215.477: [05:22:15]<Core-SW>
052221.220: [05:22:21][202602192.168.231.1-黄埭-核心交换机-05:22:21]
052221.255: [05:22:21]
052221.256: [05:22:21]Info: The max number of VTY users is 5, the number of current VTY users online is 2, and total number of terminal users online is 2.
052221.289: [05:22:21]      The current login time is 2025-12-02 12:33:46.
053221.346: [05:32:21]<Core-SW>
053227.311: [05:32:27][202602192.168.231.1-黄埭-核心交换机-05:32:27]
053227.398: [05:32:27]
053227.400: [05:32:27]Info: The max number of VTY users is 5, the number of current VTY users online is 2, and total number of terminal users online is 2.
053227.486: [05:32:27]      The current login time is 2025-12-02 12:43:52.
054227.580: [05:42:27]<Core-SW>
054233.768: [05:42:33][202602192.168.231.1-黄埭-核心交换机-05:42:33]
054233.872: [05:42:33]
054233.873: [05:42:33]Info: The max number of VTY users is 5, the number of current VTY users online is 2, and total number of terminal users online is 2.
054233.873: [05:42:33]      The current login time is 2025-12-02 12:53:59.
055233.913: [05:52:33]<Core-SW>
055239.828: [05:52:39][202602192.168.231.1-黄埭-核心交换机-05:52:39]
055239.947: [05:52:39]
055239.947: [05:52:39]Info: The max number of VTY users is 5, the number of current VTY users online is 2, and total number of terminal users online is 2.
055239.948: [05:52:39]      The current login time is 2025-12-02 13:04:05.
060240.016: [06:02:40]<Core-SW>
060245.763: [06:02:45][202602192.168.231.1-黄埭-核心交换机-06:02:45]
060245.816: [06:02:45]
060245.819: [06:02:45]Info: The max number of VTY users is 5, the number of current VTY users online is 2, and total number of terminal users online is 2.
060245.846: [06:02:45]      The current login time is 2025-12-02 13:14:11.
061245.920: [06:12:45]<Core-SW>
061251.769: [06:12:51][202602192.168.231.1-黄埭-核心交换机-06:12:51]
061251.812: [06:12:51]
061251.814: [06:12:51]Info: The max number of VTY users is 5, the number of current VTY users online is 2, and total number of terminal users online is 2.
061251.848: [06:12:51]      The current login time is 2025-12-02 13:24:17.
062251.924: [06:22:51]<Core-SW>
062257.897: [06:22:57][202602192.168.231.1-黄埭-核心交换机-06:22:57]
062257.943: [06:22:57]
062257.943: [06:22:57]Info: The max number of VTY users is 5, the number of current VTY users online is 2, and total number of terminal users online is 2.
062257.977: [06:22:57]      The current login time is 2025-12-02 13:34:23.
063258.031: [06:32:58]<Core-SW>
063304.274: [06:33:04][202602192.168.231.1-黄埭-核心交换机-06:33:04]
063304.314: [06:33:04]
063304.316: [06:33:04]Info: The max number of VTY users is 5, the number of current VTY users online is 2, and total number of terminal users online is 2.
063304.350: [06:33:04]      The current login time is 2025-12-02 13:44:29.
064304.409: [06:43:04]<Core-SW>
064310.407: [06:43:10][202602192.168.231.1-黄埭-核心交换机-06:43:10]
064310.445: [06:43:10]
064310.447: [06:43:10]Info: The max number of VTY users is 5, the number of current VTY users online is 2, and total number of terminal users online is 2.
064310.507: [06:43:10]      The current login time is 2025-12-02 13:54:35.
065310.645: [06:53:10]<Core-SW>
065316.933: [06:53:16][202602192.168.231.1-黄埭-核心交换机-06:53:16]
065317.004: [06:53:17]
065317.012: [06:53:17]Info: The max number of VTY users is 5, the number of current VTY users online is 2, and total number of terminal users online is 2.
065317.030: [06:53:17]      The current login time is 2025-12-02 14:04:42.
070317.287: [07:03:17]<Core-SW>
070323.378: [07:03:23][202602192.168.231.1-黄埭-核心交换机-07:03:23]
070323.536: [07:03:23]
070323.537: [07:03:23]Info: The max number of VTY users is 5, the number of current VTY users online is 2, and total number of terminal users online is 2.
070323.545: [07:03:23]      The current login time is 2025-12-02 14:14:48.
071323.600: [07:13:23]<Core-SW>
071329.864: [07:13:29][202602192.168.231.1-黄埭-核心交换机-07:13:29]
071329.920: [07:13:29]
071329.943: [07:13:29]Info: The max number of VTY users is 5, the number of current VTY users online is 2, and total number of terminal users online is 2.
071329.988: [07:13:29]      The current login time is 2025-12-02 14:24:55.
072330.093: [07:23:30]<Core-SW>
072336.274: [07:23:36][202602192.168.231.1-黄埭-核心交换机-07:23:36]
072336.361: [07:23:36]
072336.371: [07:23:36]Info: The max number of VTY users is 5, the number of current VTY users online is 2, and total number of terminal users online is 2.
072336.404: [07:23:36]      The current login time is 2025-12-02 14:35:01.
073336.535: [07:33:36]<Core-SW>
073342.873: [07:33:42][202602192.168.231.1-黄埭-核心交换机-07:33:42]
073342.967: [07:33:42]
073342.967: [07:33:42]Info: The max number of VTY users is 5, the number of current VTY users online is 2, and total number of terminal users online is 2.
073343.052: [07:33:43]      The current login time is 2025-12-02 14:45:08.
074343.261: [07:43:43]<Core-SW>
074349.294: [07:43:49][202602192.168.231.1-黄埭-核心交换机-07:43:49]
074349.417: [07:43:49]
074349.418: [07:43:49]Info: The max number of VTY users is 5, the number of current VTY users online is 2, and total number of terminal users online is 2.
074349.418: [07:43:49]      The current login time is 2025-12-02 14:55:14.
075349.510: [07:53:49]<Core-SW>
075355.291: [07:53:55][202602192.168.231.1-黄埭-核心交换机-07:53:55]
075355.333: [07:53:55]
075355.339: [07:53:55]Info: The max number of VTY users is 5, the number of current VTY users online is 2, and total number of terminal users online is 2.
075355.367: [07:53:55]      The current login time is 2025-12-02 15:05:20.
080355.429: [08:03:55]<Core-SW>
080401.433: [08:04:01][202602192.168.231.1-黄埭-核心交换机-08:04:01]
080401.502: [08:04:01]
080401.510: [08:04:01]Info: The max number of VTY users is 5, the number of current VTY users online is 2, and total number of terminal users online is 2.
080401.534: [08:04:01]      The current login time is 2025-12-02 15:15:26.
081112.692: [08:11:12]<Core-SW>
082112.706: [08:21:12]<Core-SW>
082118.770: [08:21:18][202602192.168.231.1-黄埭-核心交换机-08:21:18]
082118.920: [08:21:18]
082118.920: [08:21:18]Info: The max number of VTY users is 5, the number of current VTY users online is 2, and total number of terminal users online is 2.
082118.920: [08:21:18]      The current login time is 2025-12-02 15:32:44.
083119.018: [08:31:19]<Core-SW>
083124.915: [08:31:24][202602192.168.231.1-黄埭-核心交换机-08:31:24]
083125.052: [08:31:25]
083125.052: [08:31:25]Info: The max number of VTY users is 5, the number of current VTY users online is 2, and total number of terminal users online is 2.
083125.074: [08:31:25]      The current login time is 2025-12-02 15:42:50.
084125.325: [08:41:25]<Core-SW>
084131.385: [08:41:31][202602192.168.231.1-黄埭-核心交换机-08:41:31]
084131.467: [08:41:31]
084131.479: [08:41:31]Info: The max number of VTY users is 5, the number of current VTY users online is 2, and total number of terminal users online is 2.
084131.496: [08:41:31]      The current login time is 2025-12-02 15:52:56.
085131.543: [08:51:31]<Core-SW>
085137.913: [08:51:37][202602192.168.231.1-黄埭-核心交换机-08:51:37]
085137.962: [08:51:37]
085137.970: [08:51:37]Info: The max number of VTY users is 5, the number of current VTY users online is 2, and total number of terminal users online is 2.
085138.008: [08:51:38]      The current login time is 2025-12-02 16:03:03.
090138.053: [09:01:38]<Core-SW>
090144.303: [09:01:44][202602192.168.231.1-黄埭-核心交换机-09:01:44]
090144.360: [09:01:44]
090144.360: [09:01:44]Info: The max number of VTY users is 5, the number of current VTY users online is 2, and total number of terminal users online is 2.
090144.387: [09:01:44]      The current login time is 2025-12-02 16:13:09.
091144.430: [09:11:44]<Core-SW>
091150.277: [09:11:50][202602192.168.231.1-黄埭-核心交换机-09:11:50]
091150.384: [09:11:50]
091150.385: [09:11:50]Info: The max number of VTY users is 5, the number of current VTY users online is 2, and total number of terminal users online is 2.
091150.386: [09:11:50]      The current login time is 2025-12-02 16:23:15.
092150.439: [09:21:50]<Core-SW>
092156.559: [09:21:56][202602192.168.231.1-黄埭-核心交换机-09:21:56]
092156.681: [09:21:56]
092156.682: [09:21:56]Info: The max number of VTY users is 5, the number of current VTY users online is 2, and total number of terminal users online is 2.
092156.704: [09:21:56]      The current login time is 2025-12-02 16:33:22.
093156.772: [09:31:56]<Core-SW>
093202.857: [09:32:02][202602192.168.231.1-黄埭-核心交换机-09:32:02]
093202.902: [09:32:02]
093202.903: [09:32:02]Info: The max number of VTY users is 5, the number of current VTY users online is 2, and total number of terminal users online is 2.
093202.963: [09:32:02]      The current login time is 2025-12-02 16:43:28.
094203.014: [09:42:03]<Core-SW>
094208.903: [09:42:08][202602192.168.231.1-黄埭-核心交换机-09:42:08]
094208.964: [09:42:08]
094208.964: [09:42:08]Info: The max number of VTY users is 5, the number of current VTY users online is 2, and total number of terminal users online is 2.
094208.994: [09:42:08]      The current login time is 2025-12-02 16:53:34.
095209.035: [09:52:09]<Core-SW>
095215.309: [09:52:15][202602192.168.231.1-黄埭-核心交换机-09:52:15]
095215.347: [09:52:15]
095215.348: [09:52:15]Info: The max number of VTY users is 5, the number of current VTY users online is 2, and total number of terminal users online is 2.
095215.396: [09:52:15]      The current login time is 2025-12-02 17:03:40.
100215.540: [10:02:15]<Core-SW>
100221.855: [10:02:21][202602192.168.231.1-黄埭-核心交换机-10:02:21]
100221.910: [10:02:21]
100221.911: [10:02:21]Info: The max number of VTY users is 5, the number of current VTY users online is 2, and total number of terminal users online is 2.
100221.936: [10:02:21]      The current login time is 2025-12-02 17:13:47.
101221.994: [10:12:21]<Core-SW>
101227.820: [10:12:27][202602192.168.231.1-黄埭-核心交换机-10:12:27]
101227.969: [10:12:27]
101227.970: [10:12:27]Info: The max number of VTY users is 5, the number of current VTY users online is 2, and total number of terminal users online is 2.
101227.997: [10:12:27]      The current login time is 2025-12-02 17:23:53.
102228.077: [10:22:28]<Core-SW>
102234.238: [10:22:34][202602192.168.231.1-黄埭-核心交换机-10:22:34]
102234.273: [10:22:34]
102234.278: [10:22:34]Info: The max number of VTY users is 5, the number of current VTY users online is 2, and total number of terminal users online is 2.
102234.311: [10:22:34]      The current login time is 2025-12-02 17:33:59.
103234.355: [10:32:34]<Core-SW>
103240.325: [10:32:40][202602192.168.231.1-黄埭-核心交换机-10:32:40]
103240.383: [10:32:40]
103240.385: [10:32:40]Info: The max number of VTY users is 5, the number of current VTY users online is 2, and total number of terminal users online is 2.
103240.413: [10:32:40]      The current login time is 2025-12-02 17:44:05.
104240.464: [10:42:40]<Core-SW>
104246.367: [10:42:46][202602192.168.231.1-黄埭-核心交换机-10:42:46]
104246.419: [10:42:46]
104246.430: [10:42:46]Info: The max number of VTY users is 5, the number of current VTY users online is 2, and total number of terminal users online is 2.
104246.492: [10:42:46]      The current login time is 2025-12-02 17:54:12.
105246.587: [10:52:46]<Core-SW>
105252.856: [10:52:52][202602192.168.231.1-黄埭-核心交换机-10:52:52]
105252.937: [10:52:52]
105252.948: [10:52:52]Info: The max number of VTY users is 5, the number of current VTY users online is 2, and total number of terminal users online is 2.
105253.000: [10:52:53]      The current login time is 2025-12-02 18:04:18.
110253.100: [11:02:53]<Core-SW>
110259.411: [11:02:59][202602192.168.231.1-黄埭-核心交换机-11:02:59]
110259.453: [11:02:59]
110259.463: [11:02:59]Info: The max number of VTY users is 5, the number of current VTY users online is 2, and total number of terminal users online is 2.
110259.493: [11:02:59]      The current login time is 2025-12-02 18:14:25.
111259.746: [11:12:59]<Core-SW>
111306.102: [11:13:06][202602192.168.231.1-黄埭-核心交换机-11:13:06]
111306.146: [11:13:06]
111306.147: [11:13:06]Info: The max number of VTY users is 5, the number of current VTY users online is 2, and total number of terminal users online is 2.
111306.195: [11:13:06]      The current login time is 2025-12-02 18:24:31.
112306.364: [11:23:06]<Core-SW>
112312.511: [11:23:12][202602192.168.231.1-黄埭-核心交换机-11:23:12]
112312.641: [11:23:12]
112312.650: [11:23:12]Info: The max number of VTY users is 5, the number of current VTY users online is 2, and total number of terminal users online is 2.
112312.673: [11:23:12]      The current login time is 2025-12-02 18:34:38.
113312.779: [11:33:12]<Core-SW>
113319.030: [11:33:19][202602192.168.231.1-黄埭-核心交换机-11:33:19]
113319.083: [11:33:19]
113319.085: [11:33:19]Info: The max number of VTY users is 5, the number of current VTY users online is 2, and total number of terminal users online is 2.
113319.111: [11:33:19]      The current login time is 2025-12-02 18:44:44.
114319.260: [11:43:19]<Core-SW>
114325.381: [11:43:25][202602192.168.231.1-黄埭-核心交换机-11:43:25]
114325.449: [11:43:25]
114325.450: [11:43:25]Info: The max number of VTY users is 5, the number of current VTY users online is 2, and total number of terminal users online is 2.
114325.487: [11:43:25]      The current login time is 2025-12-02 18:54:51.
115325.598: [11:53:25]<Core-SW>
115331.764: [11:53:31][202602192.168.231.1-黄埭-核心交换机-11:53:31]
115331.809: [11:53:31]
115331.817: [11:53:31]Info: The max number of VTY users is 5, the number of current VTY users online is 2, and total number of terminal users online is 2.
115331.848: [11:53:31]      The current login time is 2025-12-02 19:04:57.
120331.913: [12:03:31]<Core-SW>
120337.868: [12:03:37][202602192.168.231.1-黄埭-核心交换机-12:03:37]
120337.912: [12:03:37]
120337.920: [12:03:37]Info: The max number of VTY users is 5, the number of current VTY users online is 2, and total number of terminal users online is 2.
120337.932: [12:03:37]      The current login time is 2025-12-02 19:15:03.
121338.026: [12:13:38]<Core-SW>
121343.981: [12:13:43][202602192.168.231.1-黄埭-核心交换机-12:13:43]
121344.034: [12:13:44]
121344.045: [12:13:44]Info: The max number of VTY users is 5, the number of current VTY users online is 2, and total number of terminal users online is 2.
121344.083: [12:13:44]      The current login time is 2025-12-02 19:25:09.
122344.231: [12:23:44]<Core-SW>
122350.348: [12:23:50][202602192.168.231.1-黄埭-核心交换机-12:23:50]
122350.413: [12:23:50]
122350.424: [12:23:50]Info: The max number of VTY users is 5, the number of current VTY users online is 2, and total number of terminal users online is 2.
122350.459: [12:23:50]      The current login time is 2025-12-02 19:35:16.
123350.547: [12:33:50]<Core-SW>
123356.813: [12:33:56][202602192.168.231.1-黄埭-核心交换机-12:33:56]
123356.938: [12:33:56]
123356.939: [12:33:56]Info: The max number of VTY users is 5, the number of current VTY users online is 2, and total number of terminal users online is 2.
123356.939: [12:33:56]      The current login time is 2025-12-02 19:45:22.
124356.905: [12:43:56]<Core-SW>
124402.933: [12:44:02][202602192.168.231.1-黄埭-核心交换机-12:44:02]
124403.073: [12:44:03]
124403.074: [12:44:03]Info: The max number of VTY users is 5, the number of current VTY users online is 2, and total number of terminal users online is 2.
124403.104: [12:44:03]      The current login time is 2025-12-02 19:55:28.
125403.174: [12:54:03]<Core-SW>
125409.276: [12:54:09][202602192.168.231.1-黄埭-核心交换机-12:54:09]
125409.358: [12:54:09]
125409.358: [12:54:09]Info: The max number of VTY users is 5, the number of current VTY users online is 2, and total number of terminal users online is 2.
125409.392: [12:54:09]      The current login time is 2025-12-02 20:05:35.
130409.453: [13:04:09]<Core-SW>
130415.446: [13:04:15][202602192.168.231.1-黄埭-核心交换机-13:04:15]
130415.501: [13:04:15]
130415.502: [13:04:15]Info: The max number of VTY users is 5, the number of current VTY users online is 2, and total number of terminal users online is 2.
130415.550: [13:04:15]      The current login time is 2025-12-02 20:15:41.
131415.588: [13:14:15]<Core-SW>
131421.869: [13:14:21][202602192.168.231.1-黄埭-核心交换机-13:14:21]
131421.926: [13:14:21]
131421.927: [13:14:21]Info: The max number of VTY users is 5, the number of current VTY users online is 2, and total number of terminal users online is 2.
131421.951: [13:14:21]      The current login time is 2025-12-02 20:25:47.
132422.016: [13:24:22]<Core-SW>
132427.784: [13:24:27][202602192.168.231.1-黄埭-核心交换机-13:24:27]
132427.922: [13:24:27]
132427.931: [13:24:27]Info: The max number of VTY users is 5, the number of current VTY users online is 2, and total number of terminal users online is 2.
132427.943: [13:24:27]      The current login time is 2025-12-02 20:35:53.
133428.026: [13:34:28]<Core-SW>
133434.093: [13:34:34][202602192.168.231.1-黄埭-核心交换机-13:34:34]
133434.148: [13:34:34]
133434.155: [13:34:34]Info: The max number of VTY users is 5, the number of current VTY users online is 2, and total number of terminal users online is 2.
133434.165: [13:34:34]      The current login time is 2025-12-02 20:45:59.
134434.250: [13:44:34]<Core-SW>
134440.399: [13:44:40][202602192.168.231.1-黄埭-核心交换机-13:44:40]
134440.503: [13:44:40]
134440.503: [13:44:40]Info: The max number of VTY users is 5, the number of current VTY users online is 2, and total number of terminal users online is 2.
134440.503: [13:44:40]      The current login time is 2025-12-02 20:56:06.
135440.506: [13:54:40]<Core-SW>
135446.220: [13:54:46][202602192.168.231.1-黄埭-核心交换机-13:54:46]
135446.273: [13:54:46]
135446.273: [13:54:46]Info: The max number of VTY users is 5, the number of current VTY users online is 2, and total number of terminal users online is 2.
135446.295: [13:54:46]      The current login time is 2025-12-02 21:06:11.
140446.383: [14:04:46]<Core-SW>
140452.896: [14:04:52][202602192.168.231.1-黄埭-核心交换机-14:04:52]
140452.939: [14:04:52]
140452.948: [14:04:52]Info: The max number of VTY users is 5, the number of current VTY users online is 2, and total number of terminal users online is 2.
140452.966: [14:04:52]      The current login time is 2025-12-02 21:16:18.
141453.189: [14:14:53]<Core-SW>
141459.323: [14:14:59][202602192.168.231.1-黄埭-核心交换机-14:14:59]
141459.379: [14:14:59]
141459.391: [14:14:59]Info: The max number of VTY users is 5, the number of current VTY users online is 2, and total number of terminal users online is 2.
141459.393: [14:14:59]      The current login time is 2025-12-02 21:26:25.
142459.492: [14:24:59]<Core-SW>
142505.452: [14:25:05][202602192.168.231.1-黄埭-核心交换机-14:25:05]
142505.503: [14:25:05]
142505.504: [14:25:05]Info: The max number of VTY users is 5, the number of current VTY users online is 2, and total number of terminal users online is 2.
142505.547: [14:25:05]      The current login time is 2025-12-02 21:36:31.
143505.602: [14:35:05]<Core-SW>
143511.881: [14:35:11][202602192.168.231.1-黄埭-核心交换机-14:35:11]
143512.000: [14:35:12]
143512.001: [14:35:12]Info: The max number of VTY users is 5, the number of current VTY users online is 2, and total number of terminal users online is 2.
143512.001: [14:35:12]      The current login time is 2025-12-02 21:46:37.
144511.991: [14:45:11]<Core-SW>
144517.844: [14:45:17][202602192.168.231.1-黄埭-核心交换机-14:45:17]
144517.968: [14:45:17]
144517.969: [14:45:17]Info: The max number of VTY users is 5, the number of current VTY users online is 2, and total number of terminal users online is 2.
144517.969: [14:45:17]      The current login time is 2025-12-02 21:56:43.
145518.024: [14:55:18]<Core-SW>
145523.766: [14:55:23][202602192.168.231.1-黄埭-核心交换机-14:55:23]
145523.817: [14:55:23]
145523.817: [14:55:23]Info: The max number of VTY users is 5, the number of current VTY users online is 2, and total number of terminal users online is 2.
145523.851: [14:55:23]      The current login time is 2025-12-02 22:06:49.
150523.897: [15:05:23]<Core-SW>
150529.748: [15:05:29][202602192.168.231.1-黄埭-核心交换机-15:05:29]
150529.801: [15:05:29]
150529.802: [15:05:29]Info: The max number of VTY users is 5, the number of current VTY users online is 2, and total number of terminal users online is 2.
150529.832: [15:05:29]      The current login time is 2025-12-02 22:16:55.
151529.931: [15:15:29]<Core-SW>
151535.919: [15:15:35][202602192.168.231.1-黄埭-核心交换机-15:15:35]
151535.966: [15:15:35]
151535.966: [15:15:35]Info: The max number of VTY users is 5, the number of current VTY users online is 2, and total number of terminal users online is 2.
151535.991: [15:15:35]      The current login time is 2025-12-02 22:27:01.
152536.143: [15:25:36]<Core-SW>
152542.318: [15:25:42][202602192.168.231.1-黄埭-核心交换机-15:25:42]
152542.373: [15:25:42]
152542.384: [15:25:42]Info: The max number of VTY users is 5, the number of current VTY users online is 2, and total number of terminal users online is 2.
152542.407: [15:25:42]      The current login time is 2025-12-02 22:37:08.
153542.446: [15:35:42]<Core-SW>
153548.255: [15:35:48][202602192.168.231.1-黄埭-核心交换机-15:35:48]
153548.381: [15:35:48]
153548.381: [15:35:48]Info: The max number of VTY users is 5, the number of current VTY users online is 2, and total number of terminal users online is 2.
153548.382: [15:35:48]      The current login time is 2025-12-02 22:47:14.
154548.368: [15:45:48]<Core-SW>
154554.377: [15:45:54][202602192.168.231.1-黄埭-核心交换机-15:45:54]
154554.517: [15:45:54]
154554.527: [15:45:54]Info: The max number of VTY users is 5, the number of current VTY users online is 2, and total number of terminal users online is 2.
154554.552: [15:45:54]      The current login time is 2025-12-02 22:57:20.
155554.586: [15:55:54]<Core-SW>
155600.808: [15:56:00][202602192.168.231.1-黄埭-核心交换机-15:56:00]
155600.862: [15:56:00]
155600.862: [15:56:00]Info: The max number of VTY users is 5, the number of current VTY users online is 2, and total number of terminal users online is 2.
155600.881: [15:56:00]      The current login time is 2025-12-02 23:07:26.
160600.934: [16:06:00]<Core-SW>
160606.901: [16:06:06][202602192.168.231.1-黄埭-核心交换机-16:06:06]
160606.952: [16:06:06]
160606.953: [16:06:06]Info: The max number of VTY users is 5, the number of current VTY users online is 2, and total number of terminal users online is 2.
160606.981: [16:06:06]      The current login time is 2025-12-02 23:17:32.
161607.049: [16:16:07]<Core-SW>
161613.303: [16:16:13][202602192.168.231.1-黄埭-核心交换机-16:16:13]
161613.316: [16:16:13]
161613.316: [16:16:13]Info: The max number of VTY users is 5, the number of current VTY users online is 2, and total number of terminal users online is 2.
161613.352: [16:16:13]      The current login time is 2025-12-02 23:27:39.
162613.374: [16:26:13]<Core-SW>
162619.345: [16:26:19][202602192.168.231.1-黄埭-核心交换机-16:26:19]
162619.389: [16:26:19]
162619.389: [16:26:19]Info: The max number of VTY users is 5, the number of current VTY users online is 2, and total number of terminal users online is 2.
162619.466: [16:26:19]      The current login time is 2025-12-02 23:37:45.
163619.498: [16:36:19]<Core-SW>
163625.302: [16:36:25][202602192.168.231.1-黄埭-核心交换机-16:36:25]
163625.428: [16:36:25]
163625.429: [16:36:25]Info: The max number of VTY users is 5, the number of current VTY users online is 2, and total number of terminal users online is 2.
163625.429: [16:36:25]      The current login time is 2025-12-02 23:47:51.
164625.471: [16:46:25]<Core-SW>
164631.202: [16:46:31][202602192.168.231.1-黄埭-核心交换机-16:46:31]
164631.263: [16:46:31]
164631.264: [16:46:31]Info: The max number of VTY users is 5, the number of current VTY users online is 2, and total number of terminal users online is 2.
164631.300: [16:46:31]      The current login time is 2025-12-02 23:57:57.
165631.354: [16:56:31]<Core-SW>
165637.244: [16:56:37][202602192.168.231.1-黄埭-核心交换机-16:56:37]
165637.296: [16:56:37]
165637.300: [16:56:37]Info: The max number of VTY users is 5, the number of current VTY users online is 2, and total number of terminal users online is 2.
165637.322: [16:56:37]      The current login time is 2025-12-03 00:08:03.
170637.384: [17:06:37]<Core-SW>
170643.410: [17:06:43][202602192.168.231.1-黄埭-核心交换机-17:06:43]
170643.463: [17:06:43]
170643.474: [17:06:43]Info: The max number of VTY users is 5, the number of current VTY users online is 2, and total number of terminal users online is 2.
170643.481: [17:06:43]      The current login time is 2025-12-03 00:18:09.
171643.538: [17:16:43]<Core-SW>
171649.378: [17:16:49][202602192.168.231.1-黄埭-核心交换机-17:16:49]
171649.430: [17:16:49]
171649.458: [17:16:49]Info: The max number of VTY users is 5, the number of current VTY users online is 2, and total number of terminal users online is 2.
171649.458: [17:16:49]      The current login time is 2025-12-03 00:28:15.
172649.560: [17:26:49]<Core-SW>
172655.866: [17:26:55][202602192.168.231.1-黄埭-核心交换机-17:26:55]
172655.914: [17:26:55]
172655.915: [17:26:55]Info: The max number of VTY users is 5, the number of current VTY users online is 2, and total number of terminal users online is 2.
172655.941: [17:26:55]      The current login time is 2025-12-03 00:38:21.
173655.975: [17:36:55]<Core-SW>
173702.022: [17:37:02][202602192.168.231.1-黄埭-核心交换机-17:37:02]
173702.103: [17:37:02]
173702.105: [17:37:02]Info: The max number of VTY users is 5, the number of current VTY users online is 2, and total number of terminal users online is 2.
173702.138: [17:37:02]      The current login time is 2025-12-03 00:48:27.
174702.262: [17:47:02]<Core-SW>
174708.356: [17:47:08][202602192.168.231.1-黄埭-核心交换机-17:47:08]
174708.419: [17:47:08]
174708.420: [17:47:08]Info: The max number of VTY users is 5, the number of current VTY users online is 2, and total number of terminal users online is 2.
174708.452: [17:47:08]      The current login time is 2025-12-03 00:58:34.
175708.528: [17:57:08]<Core-SW>
175714.261: [17:57:14][202602192.168.231.1-黄埭-核心交换机-17:57:14]
175714.300: [17:57:14]
175714.300: [17:57:14]Info: The max number of VTY users is 5, the number of current VTY users online is 2, and total number of terminal users online is 2.
175714.321: [17:57:14]      The current login time is 2025-12-03 01:08:40.
180714.403: [18:07:14]<Core-SW>
180720.330: [18:07:20][202602192.168.231.1-黄埭-核心交换机-18:07:20]
180720.565: [18:07:20]
180720.565: [18:07:20]Info: The max number of VTY users is 5, the number of current VTY users online is 2, and total number of terminal users online is 2.
180720.606: [18:07:20]      The current login time is 2025-12-03 01:18:46.
181720.633: [18:17:20]<Core-SW>
181726.792: [18:17:26][202602192.168.231.1-黄埭-核心交换机-18:17:26]
181726.843: [18:17:26]
181726.844: [18:17:26]Info: The max number of VTY users is 5, the number of current VTY users online is 2, and total number of terminal users online is 2.
181726.866: [18:17:26]      The current login time is 2025-12-03 01:28:52.
182726.938: [18:27:26]<Core-SW>
182732.727: [18:27:32][202602192.168.231.1-黄埭-核心交换机-18:27:32]
182732.760: [18:27:32]
182732.761: [18:27:32]Info: The max number of VTY users is 5, the number of current VTY users online is 2, and total number of terminal users online is 2.
182732.851: [18:27:32]      The current login time is 2025-12-03 01:38:58.
183732.866: [18:37:32]<Core-SW>
183738.803: [18:37:38][202602192.168.231.1-黄埭-核心交换机-18:37:38]
183738.931: [18:37:38]
183738.932: [18:37:38]Info: The max number of VTY users is 5, the number of current VTY users online is 2, and total number of terminal users online is 2.
183738.932: [18:37:38]      The current login time is 2025-12-03 01:49:04.
184738.906: [18:47:38]<Core-SW>
184744.703: [18:47:44][202602192.168.231.1-黄埭-核心交换机-18:47:44]
184744.748: [18:47:44]
184744.748: [18:47:44]Info: The max number of VTY users is 5, the number of current VTY users online is 2, and total number of terminal users online is 2.
184744.789: [18:47:44]      The current login time is 2025-12-03 01:59:10.
185744.867: [18:57:44]<Core-SW>
185750.717: [18:57:50][202602192.168.231.1-黄埭-核心交换机-18:57:50]
185750.768: [18:57:50]
185750.768: [18:57:50]Info: The max number of VTY users is 5, the number of current VTY users online is 2, and total number of terminal users online is 2.
185750.804: [18:57:50]      The current login time is 2025-12-03 02:09:16.
190750.872: [19:07:50]<Core-SW>
190757.010: [19:07:57][202602192.168.231.1-黄埭-核心交换机-19:07:57]
190757.048: [19:07:57]
190757.050: [19:07:57]Info: The max number of VTY users is 5, the number of current VTY users online is 2, and total number of terminal users online is 2.
190757.162: [19:07:57]      The current login time is 2025-12-03 02:19:22.
191757.172: [19:17:57]<Core-SW>
191803.299: [19:18:03][202602192.168.231.1-黄埭-核心交换机-19:18:03]
191803.330: [19:18:03]
191803.342: [19:18:03]Info: The max number of VTY users is 5, the number of current VTY users online is 2, and total number of terminal users online is 2.
191803.370: [19:18:03]      The current login time is 2025-12-03 02:29:29.
192803.469: [19:28:03]<Core-SW>
192809.347: [19:28:09][202602192.168.231.1-黄埭-核心交换机-19:28:09]
192809.396: [19:28:09]
192809.396: [19:28:09]Info: The max number of VTY users is 5, the number of current VTY users online is 2, and total number of terminal users online is 2.
192809.426: [19:28:09]      The current login time is 2025-12-03 02:39:35.
193809.474: [19:38:09]<Core-SW>
193815.266: [19:38:15][202602192.168.231.1-黄埭-核心交换机-19:38:15]
193815.395: [19:38:15]
193815.395: [19:38:15]Info: The max number of VTY users is 5, the number of current VTY users online is 2, and total number of terminal users online is 2.
193815.395: [19:38:15]      The current login time is 2025-12-03 02:49:41.
194815.409: [19:48:15]<Core-SW>
194821.501: [19:48:21][202602192.168.231.1-黄埭-核心交换机-19:48:21]
194821.539: [19:48:21]
194821.539: [19:48:21]Info: The max number of VTY users is 5, the number of current VTY users online is 2, and total number of terminal users online is 2.
194821.587: [19:48:21]      The current login time is 2025-12-03 02:59:47.
195821.626: [19:58:21]<Core-SW>
195827.774: [19:58:27][202602192.168.231.1-黄埭-核心交换机-19:58:27]
195827.836: [19:58:27]
195827.837: [19:58:27]Info: The max number of VTY users is 5, the number of current VTY users online is 2, and total number of terminal users online is 2.
195827.839: [19:58:27]      The current login time is 2025-12-03 03:09:53.
200828.033: [20:08:28]<Core-SW>
200833.777: [20:08:33][202602192.168.231.1-黄埭-核心交换机-20:08:33]
200833.839: [20:08:33]
200833.840: [20:08:33]Info: The max number of VTY users is 5, the number of current VTY users online is 2, and total number of terminal users online is 2.
200833.862: [20:08:33]      The current login time is 2025-12-03 03:19:59.
201833.932: [20:18:33]<Core-SW>
201839.897: [20:18:39][202602192.168.231.1-黄埭-核心交换机-20:18:39]
201839.954: [20:18:39]
201839.966: [20:18:39]Info: The max number of VTY users is 5, the number of current VTY users online is 2, and total number of terminal users online is 2.
201839.983: [20:18:39]      The current login time is 2025-12-03 03:30:05.
202840.020: [20:28:40]<Core-SW>
202846.928: [20:28:46][202602192.168.231.1-黄埭-核心交换机-20:28:46]
202846.978: [20:28:46]
202846.991: [20:28:46]Info: The max number of VTY users is 5, the number of current VTY users online is 2, and total number of terminal users online is 2.
202847.009: [20:28:47]      The current login time is 2025-12-03 03:40:12.
203847.174: [20:38:47]<Core-SW>
203853.754: [20:38:53][202602192.168.231.1-黄埭-核心交换机-20:38:53]
203853.793: [20:38:53]
203853.794: [20:38:53]Info: The max number of VTY users is 5, the number of current VTY users online is 2, and total number of terminal users online is 2.
203853.824: [20:38:53]      The current login time is 2025-12-03 03:50:19.
204853.900: [20:48:53]<Core-SW>
204859.796: [20:48:59][202602192.168.231.1-黄埭-核心交换机-20:48:59]
204859.884: [20:48:59]
204859.899: [20:48:59]Info: The max number of VTY users is 5, the number of current VTY users online is 2, and total number of terminal users online is 2.
204859.918: [20:48:59]      The current login time is 2025-12-03 04:00:25.
205859.994: [20:58:59]<Core-SW>
205905.871: [20:59:05][202602192.168.231.1-黄埭-核心交换机-20:59:05]
205905.909: [20:59:05]
205905.920: [20:59:05]Info: The max number of VTY users is 5, the number of current VTY users online is 2, and total number of terminal users online is 2.
205905.939: [20:59:05]      The current login time is 2025-12-03 04:10:31.
210905.989: [21:09:05]<Core-SW>
210911.925: [21:09:11][202602192.168.231.1-黄埭-核心交换机-21:09:11]
210911.979: [21:09:11]
210911.981: [21:09:11]Info: The max number of VTY users is 5, the number of current VTY users online is 2, and total number of terminal users online is 2.
210912.006: [21:09:12]      The current login time is 2025-12-03 04:20:37.
211912.142: [21:19:12]<Core-SW>
211918.294: [21:19:18][202602192.168.231.1-黄埭-核心交换机-21:19:18]
211918.340: [21:19:18]
211918.340: [21:19:18]Info: The max number of VTY users is 5, the number of current VTY users online is 2, and total number of terminal users online is 2.
211918.369: [21:19:18]      The current login time is 2025-12-03 04:30:44.
212918.433: [21:29:18]<Core-SW>
212924.404: [21:29:24][202602192.168.231.1-黄埭-核心交换机-21:29:24]
212924.462: [21:29:24]
212924.463: [21:29:24]Info: The max number of VTY users is 5, the number of current VTY users online is 2, and total number of terminal users online is 2.
212924.486: [21:29:24]      The current login time is 2025-12-03 04:40:50.
213924.549: [21:39:24]<Core-SW>
213931.024: [21:39:31][202602192.168.231.1-黄埭-核心交换机-21:39:31]
213931.073: [21:39:31]
213931.075: [21:39:31]Info: The max number of VTY users is 5, the number of current VTY users online is 2, and total number of terminal users online is 2.
213931.117: [21:39:31]      The current login time is 2025-12-03 04:50:57.
214931.246: [21:49:31]<Core-SW>
214937.287: [21:49:37][202602192.168.231.1-黄埭-核心交换机-21:49:37]
214937.327: [21:49:37]
214937.328: [21:49:37]Info: The max number of VTY users is 5, the number of current VTY users online is 2, and total number of terminal users online is 2.
214937.363: [21:49:37]      The current login time is 2025-12-03 05:01:03.
215937.593: [21:59:37]<Core-SW>
215943.806: [21:59:43][202602192.168.231.1-黄埭-核心交换机-21:59:43]
215943.846: [21:59:43]
215943.853: [21:59:43]Info: The max number of VTY users is 5, the number of current VTY users online is 2, and total number of terminal users online is 2.
215943.879: [21:59:43]      The current login time is 2025-12-03 05:11:09.
220943.971: [22:09:43]<Core-SW>
220949.864: [22:09:49][202602192.168.231.1-黄埭-核心交换机-22:09:49]
220949.905: [22:09:49]
220949.916: [22:09:49]Info: The max number of VTY users is 5, the number of current VTY users online is 2, and total number of terminal users online is 2.
220949.944: [22:09:49]      The current login time is 2025-12-03 05:21:15.
221950.116: [22:19:50]<Core-SW>
221956.440: [22:19:56][202602192.168.231.1-黄埭-核心交换机-22:19:56]
221956.488: [22:19:56]
221956.497: [22:19:56]Info: The max number of VTY users is 5, the number of current VTY users online is 2, and total number of terminal users online is 2.
221956.525: [22:19:56]      The current login time is 2025-12-03 05:31:22.
222956.610: [22:29:56]<Core-SW>
223002.798: [22:30:02][202602192.168.231.1-黄埭-核心交换机-22:30:02]
223002.923: [22:30:02]
223002.935: [22:30:02]Info: The max number of VTY users is 5, the number of current VTY users online is 2, and total number of terminal users online is 2.
223002.956: [22:30:02]      The current login time is 2025-12-03 05:41:28.
224003.035: [22:40:03]<Core-SW>
224009.114: [22:40:09][202602192.168.231.1-黄埭-核心交换机-22:40:09]
224009.160: [22:40:09]
224009.161: [22:40:09]Info: The max number of VTY users is 5, the number of current VTY users online is 2, and total number of terminal users online is 2.
224009.224: [22:40:09]      The current login time is 2025-12-03 05:51:35.
225009.365: [22:50:09]<Core-SW>
225015.321: [22:50:15][202602192.168.231.1-黄埭-核心交换机-22:50:15]
225015.374: [22:50:15]
225015.385: [22:50:15]Info: The max number of VTY users is 5, the number of current VTY users online is 2, and total number of terminal users online is 2.
225015.398: [22:50:15]      The current login time is 2025-12-03 06:01:41.
230015.474: [23:00:15]<Core-SW>
230021.333: [23:00:21][202602192.168.231.1-黄埭-核心交换机-23:00:21]
230021.410: [23:00:21]
230021.423: [23:00:21]Info: The max number of VTY users is 5, the number of current VTY users online is 2, and total number of terminal users online is 3.
230021.439: [23:00:21]      The current login time is 2025-12-03 06:11:47.
231021.583: [23:10:21]<Core-SW>
231027.849: [23:10:27][202602192.168.231.1-黄埭-核心交换机-23:10:27]
231027.921: [23:10:27]
231027.922: [23:10:27]Info: The max number of VTY users is 5, the number of current VTY users online is 2, and total number of terminal users online is 2.
231027.944: [23:10:27]      The current login time is 2025-12-03 06:21:53.
232028.107: [23:20:28]<Core-SW>
232034.374: [23:20:34][202602192.168.231.1-黄埭-核心交换机-23:20:34]
232034.440: [23:20:34]
232034.441: [23:20:34]Info: The max number of VTY users is 5, the number of current VTY users online is 2, and total number of terminal users online is 2.
232034.459: [23:20:34]      The current login time is 2025-12-03 06:32:00.
233034.505: [23:30:34]<Core-SW>
233040.428: [23:30:40][202602192.168.231.1-黄埭-核心交换机-23:30:40]
233040.503: [23:30:40]
233040.522: [23:30:40]Info: The max number of VTY users is 5, the number of current VTY users online is 2, and total number of terminal users online is 2.
233040.563: [23:30:40]      The current login time is 2025-12-03 06:42:06.
234040.734: [23:40:40]<Core-SW>
234046.898: [23:40:46][202602192.168.231.1-黄埭-核心交换机-23:40:46]
234046.997: [23:40:46]
234046.998: [23:40:46]Info: The max number of VTY users is 5, the number of current VTY users online is 2, and total number of terminal users online is 2.
234046.999: [23:40:46]      The current login time is 2025-12-03 06:52:12.
235047.044: [23:50:47]<Core-SW>
235053.608: [23:50:53][202602192.168.231.1-黄埭-核心交换机-23:50:53]
235053.676: [23:50:53]
235053.687: [23:50:53]Info: The max number of VTY users is 5, the number of current VTY users online is 2, and total number of terminal users online is 2.
235053.699: [23:50:53]      The current login time is 2025-12-03 07:02:19.
