000315.245: [00:03:15]<H3C>
000315.247: [00:03:15]Inactive timeout reached, logging out.
000320.861: [00:03:20][202602192.168.2.254-00:03:20]
000321.889: [00:03:21]
000321.890: [00:03:21]******************************************************************************
000321.890: [00:03:21]* Copyright (c) 2004-2024 New H3C Technologies Co., Ltd. All rights reserved.*
000321.890: [00:03:21]* Without the owner's prior written consent,                                 *
000321.890: [00:03:21]* no decompiling or reverse-engineering shall be allowed.                    *
000321.890: [00:03:21]******************************************************************************
000321.890: [00:03:21]
001323.741: [00:13:23]<H3C>
001323.742: [00:13:23]Inactive timeout reached, logging out.
001329.510: [00:13:29][202602192.168.2.254-00:13:29]
001330.537: [00:13:30]
001330.538: [00:13:30]******************************************************************************
001330.538: [00:13:30]* Copyright (c) 2004-2024 New H3C Technologies Co., Ltd. All rights reserved.*
001330.538: [00:13:30]* Without the owner's prior written consent,                                 *
001330.538: [00:13:30]* no decompiling or reverse-engineering shall be allowed.                    *
001330.539: [00:13:30]******************************************************************************
001330.539: [00:13:30]
002332.323: [00:23:32]<H3C>
002332.323: [00:23:32]Inactive timeout reached, logging out.
002337.894: [00:23:37][202602192.168.2.254-00:23:37]
002338.923: [00:23:38]
002338.923: [00:23:38]******************************************************************************
002338.923: [00:23:38]* Copyright (c) 2004-2024 New H3C Technologies Co., Ltd. All rights reserved.*
002338.923: [00:23:38]* Without the owner's prior written consent,                                 *
002338.924: [00:23:38]* no decompiling or reverse-engineering shall be allowed.                    *
002338.924: [00:23:38]******************************************************************************
002338.924: [00:23:38]
003341.038: [00:33:41]<H3C>
003341.039: [00:33:41]Inactive timeout reached, logging out.
003346.477: [00:33:46][202602192.168.2.254-00:33:46]
003347.504: [00:33:47]
003347.504: [00:33:47]******************************************************************************
003347.504: [00:33:47]* Copyright (c) 2004-2024 New H3C Technologies Co., Ltd. All rights reserved.*
003347.504: [00:33:47]* Without the owner's prior written consent,                                 *
003347.504: [00:33:47]* no decompiling or reverse-engineering shall be allowed.                    *
003347.505: [00:33:47]******************************************************************************
003347.505: [00:33:47]
004349.405: [00:43:49]<H3C>
004349.406: [00:43:49]Inactive timeout reached, logging out.
004354.870: [00:43:54][202602192.168.2.254-00:43:54]
004355.897: [00:43:55]
004355.898: [00:43:55]******************************************************************************
004355.898: [00:43:55]* Copyright (c) 2004-2024 New H3C Technologies Co., Ltd. All rights reserved.*
004355.898: [00:43:55]* Without the owner's prior written consent,                                 *
004355.898: [00:43:55]* no decompiling or reverse-engineering shall be allowed.                    *
004355.899: [00:43:55]******************************************************************************
004355.899: [00:43:55]
005357.814: [00:53:57]<H3C>
005357.815: [00:53:57]Inactive timeout reached, logging out.
005403.400: [00:54:03][202602192.168.2.254-00:54:03]
005404.427: [00:54:04]
005404.427: [00:54:04]******************************************************************************
005404.427: [00:54:04]* Copyright (c) 2004-2024 New H3C Technologies Co., Ltd. All rights reserved.*
005404.428: [00:54:04]* Without the owner's prior written consent,                                 *
005404.428: [00:54:04]* no decompiling or reverse-engineering shall be allowed.                    *
005404.428: [00:54:04]******************************************************************************
005404.428: [00:54:04]
010406.202: [01:04:06]<H3C>
010406.203: [01:04:06]Inactive timeout reached, logging out.
010411.858: [01:04:11][202602192.168.2.254-01:04:11]
010412.883: [01:04:12]
010412.891: [01:04:12]******************************************************************************
010412.891: [01:04:12]* Copyright (c) 2004-2024 New H3C Technologies Co., Ltd. All rights reserved.*
010412.891: [01:04:12]* Without the owner's prior written consent,                                 *
010412.891: [01:04:12]* no decompiling or reverse-engineering shall be allowed.                    *
010412.891: [01:04:12]******************************************************************************
010412.891: [01:04:12]
011414.683: [01:14:14]<H3C>
011414.684: [01:14:14]Inactive timeout reached, logging out.
011420.463: [01:14:20][202602192.168.2.254-01:14:20]
011421.501: [01:14:21]
011421.507: [01:14:21]******************************************************************************
011421.507: [01:14:21]* Copyright (c) 2004-2024 New H3C Technologies Co., Ltd. All rights reserved.*
011421.507: [01:14:21]* Without the owner's prior written consent,                                 *
011421.508: [01:14:21]* no decompiling or reverse-engineering shall be allowed.                    *
011421.508: [01:14:21]******************************************************************************
011421.508: [01:14:21]
012423.273: [01:24:23]<H3C>
012423.273: [01:24:23]Inactive timeout reached, logging out.
012428.834: [01:24:28][202602192.168.2.254-01:24:28]
012429.861: [01:24:29]
012429.867: [01:24:29]******************************************************************************
012429.867: [01:24:29]* Copyright (c) 2004-2024 New H3C Technologies Co., Ltd. All rights reserved.*
012429.867: [01:24:29]* Without the owner's prior written consent,                                 *
012429.867: [01:24:29]* no decompiling or reverse-engineering shall be allowed.                    *
012429.867: [01:24:29]******************************************************************************
012429.867: [01:24:29]
013431.655: [01:34:31]<H3C>
013431.655: [01:34:31]Inactive timeout reached, logging out.
013436.829: [01:34:36][202602192.168.2.254-01:34:36]
013437.856: [01:34:37]
013437.861: [01:34:37]******************************************************************************
013437.861: [01:34:37]* Copyright (c) 2004-2024 New H3C Technologies Co., Ltd. All rights reserved.*
013437.862: [01:34:37]* Without the owner's prior written consent,                                 *
013437.862: [01:34:37]* no decompiling or reverse-engineering shall be allowed.                    *
013437.862: [01:34:37]******************************************************************************
013437.862: [01:34:37]
014439.640: [01:44:39]<H3C>
014439.640: [01:44:39]Inactive timeout reached, logging out.
014444.916: [01:44:44][202602192.168.2.254-01:44:44]
014445.945: [01:44:45]
014445.945: [01:44:45]******************************************************************************
014445.946: [01:44:45]* Copyright (c) 2004-2024 New H3C Technologies Co., Ltd. All rights reserved.*
014445.946: [01:44:45]* Without the owner's prior written consent,                                 *
014445.946: [01:44:45]* no decompiling or reverse-engineering shall be allowed.                    *
014445.946: [01:44:45]******************************************************************************
014445.946: [01:44:45]
015447.860: [01:54:47]<H3C>
015447.861: [01:54:47]Inactive timeout reached, logging out.
015453.338: [01:54:53][202602192.168.2.254-01:54:53]
015454.371: [01:54:54]
015454.377: [01:54:54]******************************************************************************
015454.377: [01:54:54]* Copyright (c) 2004-2024 New H3C Technologies Co., Ltd. All rights reserved.*
015454.377: [01:54:54]* Without the owner's prior written consent,                                 *
015454.377: [01:54:54]* no decompiling or reverse-engineering shall be allowed.                    *
015454.378: [01:54:54]******************************************************************************
015454.378: [01:54:54]
020456.182: [02:04:56]<H3C>
020456.183: [02:04:56]Inactive timeout reached, logging out.
020501.781: [02:05:01][202602192.168.2.254-02:05:01]
020502.809: [02:05:02]
020502.809: [02:05:02]******************************************************************************
020502.809: [02:05:02]* Copyright (c) 2004-2024 New H3C Technologies Co., Ltd. All rights reserved.*
020502.809: [02:05:02]* Without the owner's prior written consent,                                 *
020502.810: [02:05:02]* no decompiling or reverse-engineering shall be allowed.                    *
020502.810: [02:05:02]******************************************************************************
020502.810: [02:05:02]
021504.600: [02:15:04]<H3C>
021504.600: [02:15:04]Inactive timeout reached, logging out.
021510.310: [02:15:10][202602192.168.2.254-02:15:10]
021511.351: [02:15:11]
021511.351: [02:15:11]******************************************************************************
021511.352: [02:15:11]* Copyright (c) 2004-2024 New H3C Technologies Co., Ltd. All rights reserved.*
021511.352: [02:15:11]* Without the owner's prior written consent,                                 *
021511.352: [02:15:11]* no decompiling or reverse-engineering shall be allowed.                    *
021511.352: [02:15:11]******************************************************************************
021511.352: [02:15:11]
022514.297: [02:25:14]<H3C>
022514.298: [02:25:14]Inactive timeout reached, logging out.
022520.071: [02:25:20][202602192.168.2.254-02:25:20]
022521.105: [02:25:21]
022521.105: [02:25:21]******************************************************************************
022521.105: [02:25:21]* Copyright (c) 2004-2024 New H3C Technologies Co., Ltd. All rights reserved.*
022521.105: [02:25:21]* Without the owner's prior written consent,                                 *
022521.106: [02:25:21]* no decompiling or reverse-engineering shall be allowed.                    *
022521.106: [02:25:21]******************************************************************************
022521.106: [02:25:21]
023523.709: [02:35:23]<H3C>
023523.710: [02:35:23]Inactive timeout reached, logging out.
023529.727: [02:35:29][202602192.168.2.254-02:35:29]
023530.754: [02:35:30]
023530.754: [02:35:30]******************************************************************************
023530.754: [02:35:30]* Copyright (c) 2004-2024 New H3C Technologies Co., Ltd. All rights reserved.*
023530.754: [02:35:30]* Without the owner's prior written consent,                                 *
023530.754: [02:35:30]* no decompiling or reverse-engineering shall be allowed.                    *
023530.755: [02:35:30]******************************************************************************
023530.755: [02:35:30]
024533.369: [02:45:33]<H3C>
024533.370: [02:45:33]Inactive timeout reached, logging out.
024539.338: [02:45:39][202602192.168.2.254-02:45:39]
024540.364: [02:45:40]
024540.370: [02:45:40]******************************************************************************
024540.371: [02:45:40]* Copyright (c) 2004-2024 New H3C Technologies Co., Ltd. All rights reserved.*
024540.371: [02:45:40]* Without the owner's prior written consent,                                 *
024540.371: [02:45:40]* no decompiling or reverse-engineering shall be allowed.                    *
024540.371: [02:45:40]******************************************************************************
024540.371: [02:45:40]
025542.955: [02:55:42]<H3C>
025542.956: [02:55:42]Inactive timeout reached, logging out.
025548.836: [02:55:48][202602192.168.2.254-02:55:48]
025549.907: [02:55:49]
025549.915: [02:55:49]******************************************************************************
025549.916: [02:55:49]* Copyright (c) 2004-2024 New H3C Technologies Co., Ltd. All rights reserved.*
025549.916: [02:55:49]* Without the owner's prior written consent,                                 *
025549.916: [02:55:49]* no decompiling or reverse-engineering shall be allowed.                    *
025549.916: [02:55:49]******************************************************************************
025549.916: [02:55:49]
030553.447: [03:05:53]<H3C>
030553.448: [03:05:53]Inactive timeout reached, logging out.
030559.100: [03:05:59][202602192.168.2.254-03:05:59]
030600.130: [03:06:00]
030600.139: [03:06:00]******************************************************************************
030600.140: [03:06:00]* Copyright (c) 2004-2024 New H3C Technologies Co., Ltd. All rights reserved.*
030600.140: [03:06:00]* Without the owner's prior written consent,                                 *
030600.140: [03:06:00]* no decompiling or reverse-engineering shall be allowed.                    *
030600.140: [03:06:00]******************************************************************************
030600.140: [03:06:00]
031603.222: [03:16:03]<H3C>
031603.223: [03:16:03]Inactive timeout reached, logging out.
031609.064: [03:16:09][202602192.168.2.254-03:16:09]
031610.197: [03:16:10]
031610.198: [03:16:10]******************************************************************************
031610.198: [03:16:10]* Copyright (c) 2004-2024 New H3C Technologies Co., Ltd. All rights reserved.*
031610.198: [03:16:10]* Without the owner's prior written consent,                                 *
031610.198: [03:16:10]* no decompiling or reverse-engineering shall be allowed.                    *
031610.199: [03:16:10]******************************************************************************
031610.199: [03:16:10]
032612.806: [03:26:12]<H3C>
032612.808: [03:26:12]Inactive timeout reached, logging out.
032618.883: [03:26:18][202602192.168.2.254-03:26:18]
032619.927: [03:26:19]
032619.928: [03:26:19]******************************************************************************
032619.928: [03:26:19]* Copyright (c) 2004-2024 New H3C Technologies Co., Ltd. All rights reserved.*
032619.928: [03:26:19]* Without the owner's prior written consent,                                 *
032619.928: [03:26:19]* no decompiling or reverse-engineering shall be allowed.                    *
032619.928: [03:26:19]******************************************************************************
032619.929: [03:26:19]
033623.011: [03:36:23]<H3C>
033623.012: [03:36:23]Inactive timeout reached, logging out.
033629.015: [03:36:29][202602192.168.2.254-03:36:29]
033630.096: [03:36:30]
033630.104: [03:36:30]******************************************************************************
033630.104: [03:36:30]* Copyright (c) 2004-2024 New H3C Technologies Co., Ltd. All rights reserved.*
033630.104: [03:36:30]* Without the owner's prior written consent,                                 *
033630.104: [03:36:30]* no decompiling or reverse-engineering shall be allowed.                    *
033630.105: [03:36:30]******************************************************************************
033630.105: [03:36:30]
034633.728: [03:46:33]<H3C>
034633.729: [03:46:33]Inactive timeout reached, logging out.
034640.040: [03:46:40][202602192.168.2.254-03:46:40]
034641.097: [03:46:41]
034641.102: [03:46:41]******************************************************************************
034641.103: [03:46:41]* Copyright (c) 2004-2024 New H3C Technologies Co., Ltd. All rights reserved.*
034641.103: [03:46:41]* Without the owner's prior written consent,                                 *
034641.103: [03:46:41]* no decompiling or reverse-engineering shall be allowed.                    *
034641.103: [03:46:41]******************************************************************************
034641.103: [03:46:41]
035644.722: [03:56:44]<H3C>
035644.723: [03:56:44]Inactive timeout reached, logging out.
035651.261: [03:56:51][202602192.168.2.254-03:56:51]
035652.335: [03:56:52]
035652.336: [03:56:52]******************************************************************************
035652.336: [03:56:52]* Copyright (c) 2004-2024 New H3C Technologies Co., Ltd. All rights reserved.*
035652.336: [03:56:52]* Without the owner's prior written consent,                                 *
035652.336: [03:56:52]* no decompiling or reverse-engineering shall be allowed.                    *
035652.337: [03:56:52]******************************************************************************
035652.337: [03:56:52]
040656.327: [04:06:56]<H3C>
040656.328: [04:06:56]Inactive timeout reached, logging out.
040702.705: [04:07:02][202602192.168.2.254-04:07:02]
040703.763: [04:07:03]
040703.768: [04:07:03]******************************************************************************
040703.769: [04:07:03]* Copyright (c) 2004-2024 New H3C Technologies Co., Ltd. All rights reserved.*
040703.769: [04:07:03]* Without the owner's prior written consent,                                 *
040703.769: [04:07:03]* no decompiling or reverse-engineering shall be allowed.                    *
040703.769: [04:07:03]******************************************************************************
040703.769: [04:07:03]
041707.625: [04:17:07]<H3C>
041707.626: [04:17:07]Inactive timeout reached, logging out.
041713.313: [04:17:13][202602192.168.2.254-04:17:13]
041714.344: [04:17:14]
041714.350: [04:17:14]******************************************************************************
041714.350: [04:17:14]* Copyright (c) 2004-2024 New H3C Technologies Co., Ltd. All rights reserved.*
041714.350: [04:17:14]* Without the owner's prior written consent,                                 *
041714.350: [04:17:14]* no decompiling or reverse-engineering shall be allowed.                    *
041714.350: [04:17:14]******************************************************************************
041714.350: [04:17:14]
042716.883: [04:27:16]<H3C>
042722.737: [04:27:22][202602192.168.2.254-04:27:22]
042723.805: [04:27:23]
042723.806: [04:27:23]******************************************************************************
042723.806: [04:27:23]* Copyright (c) 2004-2024 New H3C Technologies Co., Ltd. All rights reserved.*
042723.806: [04:27:23]* Without the owner's prior written consent,                                 *
042723.806: [04:27:23]* no decompiling or reverse-engineering shall be allowed.                    *
042723.807: [04:27:23]******************************************************************************
042723.807: [04:27:23]
043726.318: [04:37:26]<H3C>
043726.319: [04:37:26]Inactive timeout reached, logging out.
043732.266: [04:37:32][202602192.168.2.254-04:37:32]
043733.312: [04:37:33]
043733.312: [04:37:33]******************************************************************************
043733.313: [04:37:33]* Copyright (c) 2004-2024 New H3C Technologies Co., Ltd. All rights reserved.*
043733.313: [04:37:33]* Without the owner's prior written consent,                                 *
043733.313: [04:37:33]* no decompiling or reverse-engineering shall be allowed.                    *
043733.314: [04:37:33]******************************************************************************
043733.314: [04:37:33]
044735.731: [04:47:35]<H3C>
044735.731: [04:47:35]Inactive timeout reached, logging out.
044741.816: [04:47:41][202602192.168.2.254-04:47:41]
044742.844: [04:47:42]
044742.850: [04:47:42]******************************************************************************
044742.850: [04:47:42]* Copyright (c) 2004-2024 New H3C Technologies Co., Ltd. All rights reserved.*
044742.850: [04:47:42]* Without the owner's prior written consent,                                 *
044742.851: [04:47:42]* no decompiling or reverse-engineering shall be allowed.                    *
044742.851: [04:47:42]******************************************************************************
044742.851: [04:47:42]
045745.238: [04:57:45]<H3C>
045745.239: [04:57:45]Inactive timeout reached, logging out.
045751.449: [04:57:51][202602192.168.2.254-04:57:51]
045752.502: [04:57:52]
045752.509: [04:57:52]******************************************************************************
045752.509: [04:57:52]* Copyright (c) 2004-2024 New H3C Technologies Co., Ltd. All rights reserved.*
045752.509: [04:57:52]* Without the owner's prior written consent,                                 *
045752.509: [04:57:52]* no decompiling or reverse-engineering shall be allowed.                    *
045752.510: [04:57:52]******************************************************************************
045752.510: [04:57:52]
050754.456: [05:07:54]<H3C>
050800.321: [05:08:00][202602192.168.2.254-05:08:00]
050801.351: [05:08:01]
050801.358: [05:08:01]******************************************************************************
050801.358: [05:08:01]* Copyright (c) 2004-2024 New H3C Technologies Co., Ltd. All rights reserved.*
050801.359: [05:08:01]* Without the owner's prior written consent,                                 *
050801.359: [05:08:01]* no decompiling or reverse-engineering shall be allowed.                    *
050801.359: [05:08:01]******************************************************************************
050801.359: [05:08:01]
051803.830: [05:18:03]<H3C>
051803.831: [05:18:03]Inactive timeout reached, logging out.
051809.881: [05:18:09][202602192.168.2.254-05:18:09]
051811.015: [05:18:11]
051811.015: [05:18:11]******************************************************************************
051811.016: [05:18:11]* Copyright (c) 2004-2024 New H3C Technologies Co., Ltd. All rights reserved.*
051811.016: [05:18:11]* Without the owner's prior written consent,                                 *
051811.016: [05:18:11]* no decompiling or reverse-engineering shall be allowed.                    *
051811.016: [05:18:11]******************************************************************************
051811.016: [05:18:11]
052813.520: [05:28:13]<H3C>
052813.521: [05:28:13]Inactive timeout reached, logging out.
052819.365: [05:28:19][202602192.168.2.254-05:28:19]
052820.393: [05:28:20]
052820.393: [05:28:20]******************************************************************************
052820.394: [05:28:20]* Copyright (c) 2004-2024 New H3C Technologies Co., Ltd. All rights reserved.*
052820.394: [05:28:20]* Without the owner's prior written consent,                                 *
052820.394: [05:28:20]* no decompiling or reverse-engineering shall be allowed.                    *
052820.394: [05:28:20]******************************************************************************
052820.394: [05:28:20]
053823.130: [05:38:23]<H3C>
053823.131: [05:38:23]Inactive timeout reached, logging out.
053829.208: [05:38:29][202602192.168.2.254-05:38:29]
053830.330: [05:38:30]
053830.331: [05:38:30]******************************************************************************
053830.331: [05:38:30]* Copyright (c) 2004-2024 New H3C Technologies Co., Ltd. All rights reserved.*
053830.331: [05:38:30]* Without the owner's prior written consent,                                 *
053830.331: [05:38:30]* no decompiling or reverse-engineering shall be allowed.                    *
053830.331: [05:38:30]******************************************************************************
053830.331: [05:38:30]
054832.814: [05:48:32]<H3C>
054832.815: [05:48:32]Inactive timeout reached, logging out.
054839.039: [05:48:39][202602192.168.2.254-05:48:39]
054840.117: [05:48:40]
054840.122: [05:48:40]******************************************************************************
054840.123: [05:48:40]* Copyright (c) 2004-2024 New H3C Technologies Co., Ltd. All rights reserved.*
054840.123: [05:48:40]* Without the owner's prior written consent,                                 *
054840.123: [05:48:40]* no decompiling or reverse-engineering shall be allowed.                    *
054840.123: [05:48:40]******************************************************************************
054840.123: [05:48:40]
055842.688: [05:58:42]<H3C>
055842.688: [05:58:42]Inactive timeout reached, logging out.
055848.121: [05:58:48][202602192.168.2.254-05:58:48]
055849.177: [05:58:49]
055849.183: [05:58:49]******************************************************************************
055849.183: [05:58:49]* Copyright (c) 2004-2024 New H3C Technologies Co., Ltd. All rights reserved.*
055849.183: [05:58:49]* Without the owner's prior written consent,                                 *
055849.184: [05:58:49]* no decompiling or reverse-engineering shall be allowed.                    *
055849.184: [05:58:49]******************************************************************************
055849.184: [05:58:49]
060851.800: [06:08:51]<H3C>
060851.801: [06:08:51]Inactive timeout reached, logging out.
060857.676: [06:08:57][202602192.168.2.254-06:08:57]
060858.709: [06:08:58]
060858.710: [06:08:58]******************************************************************************
060858.710: [06:08:58]* Copyright (c) 2004-2024 New H3C Technologies Co., Ltd. All rights reserved.*
060858.710: [06:08:58]* Without the owner's prior written consent,                                 *
060858.710: [06:08:58]* no decompiling or reverse-engineering shall be allowed.                    *
060858.711: [06:08:58]******************************************************************************
060858.711: [06:08:58]
061901.781: [06:19:01]<H3C>
061901.782: [06:19:01]Inactive timeout reached, logging out.
061908.021: [06:19:08][202602192.168.2.254-06:19:08]
061909.057: [06:19:09]
061909.058: [06:19:09]******************************************************************************
061909.058: [06:19:09]* Copyright (c) 2004-2024 New H3C Technologies Co., Ltd. All rights reserved.*
061909.058: [06:19:09]* Without the owner's prior written consent,                                 *
061909.058: [06:19:09]* no decompiling or reverse-engineering shall be allowed.                    *
061909.058: [06:19:09]******************************************************************************
061909.058: [06:19:09]
062911.711: [06:29:11]<H3C>
062911.711: [06:29:11]Inactive timeout reached, logging out.
062917.325: [06:29:17][202602192.168.2.254-06:29:17]
062918.370: [06:29:18]
062918.375: [06:29:18]******************************************************************************
062918.376: [06:29:18]* Copyright (c) 2004-2024 New H3C Technologies Co., Ltd. All rights reserved.*
062918.376: [06:29:18]* Without the owner's prior written consent,                                 *
062918.376: [06:29:18]* no decompiling or reverse-engineering shall be allowed.                    *
062918.376: [06:29:18]******************************************************************************
062918.376: [06:29:18]
063921.169: [06:39:21]<H3C>
063921.170: [06:39:21]Inactive timeout reached, logging out.
063926.560: [06:39:26][202602192.168.2.254-06:39:26]
063927.588: [06:39:27]
063927.588: [06:39:27]******************************************************************************
063927.589: [06:39:27]* Copyright (c) 2004-2024 New H3C Technologies Co., Ltd. All rights reserved.*
063927.589: [06:39:27]* Without the owner's prior written consent,                                 *
063927.589: [06:39:27]* no decompiling or reverse-engineering shall be allowed.                    *
063927.589: [06:39:27]******************************************************************************
063927.589: [06:39:27]
064930.156: [06:49:30]<H3C>
064930.157: [06:49:30]Inactive timeout reached, logging out.
064935.894: [06:49:35][202602192.168.2.254-06:49:35]
064936.936: [06:49:36]
064936.936: [06:49:36]******************************************************************************
064936.937: [06:49:36]* Copyright (c) 2004-2024 New H3C Technologies Co., Ltd. All rights reserved.*
064936.937: [06:49:36]* Without the owner's prior written consent,                                 *
064936.938: [06:49:36]* no decompiling or reverse-engineering shall be allowed.                    *
064936.938: [06:49:36]******************************************************************************
064936.938: [06:49:36]
065939.869: [06:59:39]<H3C>
065939.870: [06:59:39]Inactive timeout reached, logging out.
065945.687: [06:59:45][202602192.168.2.254-06:59:45]
065946.715: [06:59:46]
065946.715: [06:59:46]******************************************************************************
065946.716: [06:59:46]* Copyright (c) 2004-2024 New H3C Technologies Co., Ltd. All rights reserved.*
065946.716: [06:59:46]* Without the owner's prior written consent,                                 *
065946.716: [06:59:46]* no decompiling or reverse-engineering shall be allowed.                    *
065946.716: [06:59:46]******************************************************************************
065946.716: [06:59:46]
070949.649: [07:09:49]<H3C>
070949.650: [07:09:49]Inactive timeout reached, logging out.
070955.037: [07:09:55][202602192.168.2.254-07:09:55]
070956.094: [07:09:56]
070956.094: [07:09:56]******************************************************************************
070956.094: [07:09:56]* Copyright (c) 2004-2024 New H3C Technologies Co., Ltd. All rights reserved.*
070956.094: [07:09:56]* Without the owner's prior written consent,                                 *
070956.095: [07:09:56]* no decompiling or reverse-engineering shall be allowed.                    *
070956.095: [07:09:56]******************************************************************************
070956.095: [07:09:56]
071958.928: [07:19:58]<H3C>
072004.649: [07:20:04][202602192.168.2.254-07:20:04]
072005.693: [07:20:05]
072005.693: [07:20:05]******************************************************************************
072005.693: [07:20:05]* Copyright (c) 2004-2024 New H3C Technologies Co., Ltd. All rights reserved.*
072005.694: [07:20:05]* Without the owner's prior written consent,                                 *
072005.694: [07:20:05]* no decompiling or reverse-engineering shall be allowed.                    *
072005.694: [07:20:05]******************************************************************************
072005.694: [07:20:05]
073008.551: [07:30:08]<H3C>
073008.552: [07:30:08]Inactive timeout reached, logging out.
073014.645: [07:30:14][202602192.168.2.254-07:30:14]
073015.675: [07:30:15]
073015.681: [07:30:15]******************************************************************************
073015.681: [07:30:15]* Copyright (c) 2004-2024 New H3C Technologies Co., Ltd. All rights reserved.*
073015.681: [07:30:15]* Without the owner's prior written consent,                                 *
073015.681: [07:30:15]* no decompiling or reverse-engineering shall be allowed.                    *
073015.681: [07:30:15]******************************************************************************
073015.682: [07:30:15]
074018.553: [07:40:18]<H3C>
074018.553: [07:40:18]Inactive timeout reached, logging out.
074024.098: [07:40:24][202602192.168.2.254-07:40:24]
074025.126: [07:40:25]
074025.126: [07:40:25]******************************************************************************
074025.127: [07:40:25]* Copyright (c) 2004-2024 New H3C Technologies Co., Ltd. All rights reserved.*
074025.127: [07:40:25]* Without the owner's prior written consent,                                 *
074025.127: [07:40:25]* no decompiling or reverse-engineering shall be allowed.                    *
074025.127: [07:40:25]******************************************************************************
074025.127: [07:40:25]
075028.125: [07:50:28]<H3C>
075028.126: [07:50:28]Inactive timeout reached, logging out.
075033.709: [07:50:33][202602192.168.2.254-07:50:33]
075034.784: [07:50:34]
075034.784: [07:50:34]******************************************************************************
075034.785: [07:50:34]* Copyright (c) 2004-2024 New H3C Technologies Co., Ltd. All rights reserved.*
075034.785: [07:50:34]* Without the owner's prior written consent,                                 *
075034.785: [07:50:34]* no decompiling or reverse-engineering shall be allowed.                    *
075034.785: [07:50:34]******************************************************************************
075034.785: [07:50:34]
080037.517: [08:00:37]<H3C>
080037.518: [08:00:37]Inactive timeout reached, logging out.
080043.442: [08:00:43][202602192.168.2.254-08:00:43]
080044.549: [08:00:44]
080044.549: [08:00:44]******************************************************************************
080044.549: [08:00:44]* Copyright (c) 2004-2024 New H3C Technologies Co., Ltd. All rights reserved.*
080044.549: [08:00:44]* Without the owner's prior written consent,                                 *
080044.550: [08:00:44]* no decompiling or reverse-engineering shall be allowed.                    *
080044.550: [08:00:44]******************************************************************************
080044.550: [08:00:44]
081046.329: [08:10:46]<H3C>
081046.330: [08:10:46]Inactive timeout reached, logging out.
081052.207: [08:10:52][202602192.168.2.254-08:10:52]
081053.236: [08:10:53]
081053.237: [08:10:53]******************************************************************************
081053.237: [08:10:53]* Copyright (c) 2004-2024 New H3C Technologies Co., Ltd. All rights reserved.*
081053.237: [08:10:53]* Without the owner's prior written consent,                                 *
081053.237: [08:10:53]* no decompiling or reverse-engineering shall be allowed.                    *
081053.237: [08:10:53]******************************************************************************
081053.237: [08:10:53]
082055.641: [08:20:55]<H3C>
082055.642: [08:20:55]Inactive timeout reached, logging out.
082101.346: [08:21:01][202602192.168.2.254-08:21:01]
082102.385: [08:21:02]
082102.386: [08:21:02]******************************************************************************
082102.386: [08:21:02]* Copyright (c) 2004-2024 New H3C Technologies Co., Ltd. All rights reserved.*
082102.386: [08:21:02]* Without the owner's prior written consent,                                 *
082102.386: [08:21:02]* no decompiling or reverse-engineering shall be allowed.                    *
082102.387: [08:21:02]******************************************************************************
082102.387: [08:21:02]
083104.612: [08:31:04]<H3C>
083104.612: [08:31:04]Inactive timeout reached, logging out.
083110.241: [08:31:10][202602192.168.2.254-08:31:10]
083111.285: [08:31:11]
083111.286: [08:31:11]******************************************************************************
083111.286: [08:31:11]* Copyright (c) 2004-2024 New H3C Technologies Co., Ltd. All rights reserved.*
083111.286: [08:31:11]* Without the owner's prior written consent,                                 *
083111.286: [08:31:11]* no decompiling or reverse-engineering shall be allowed.                    *
083111.286: [08:31:11]******************************************************************************
083111.286: [08:31:11]
084113.613: [08:41:13]<H3C>
084113.614: [08:41:13]Inactive timeout reached, logging out.
084119.293: [08:41:19][202602192.168.2.254-08:41:19]
084120.339: [08:41:20]
084120.344: [08:41:20]******************************************************************************
084120.344: [08:41:20]* Copyright (c) 2004-2024 New H3C Technologies Co., Ltd. All rights reserved.*
084120.344: [08:41:20]* Without the owner's prior written consent,                                 *
084120.344: [08:41:20]* no decompiling or reverse-engineering shall be allowed.                    *
084120.345: [08:41:20]******************************************************************************
084120.345: [08:41:20]
085123.509: [08:51:23]<H3C>
085123.509: [08:51:23]Inactive timeout reached, logging out.
085129.484: [08:51:29][202602192.168.2.254-08:51:29]
085130.518: [08:51:30]
085130.518: [08:51:30]******************************************************************************
085130.519: [08:51:30]* Copyright (c) 2004-2024 New H3C Technologies Co., Ltd. All rights reserved.*
085130.519: [08:51:30]* Without the owner's prior written consent,                                 *
085130.519: [08:51:30]* no decompiling or reverse-engineering shall be allowed.                    *
085130.519: [08:51:30]******************************************************************************
085130.519: [08:51:30]
090134.291: [09:01:34]<H3C>
090134.296: [09:01:34]Inactive timeout reached, logging out.
090140.509: [09:01:40][202602192.168.2.254-09:01:40]
090141.600: [09:01:41]
090141.600: [09:01:41]******************************************************************************
090141.600: [09:01:41]* Copyright (c) 2004-2024 New H3C Technologies Co., Ltd. All rights reserved.*
090141.600: [09:01:41]* Without the owner's prior written consent,                                 *
090141.601: [09:01:41]* no decompiling or reverse-engineering shall be allowed.                    *
090141.601: [09:01:41]******************************************************************************
090141.601: [09:01:41]
091144.403: [09:11:44]<H3C>
091144.403: [09:11:44]Inactive timeout reached, logging out.
091150.250: [09:11:50][202602192.168.2.254-09:11:50]
091151.310: [09:11:51]
091151.316: [09:11:51]******************************************************************************
091151.316: [09:11:51]* Copyright (c) 2004-2024 New H3C Technologies Co., Ltd. All rights reserved.*
091151.316: [09:11:51]* Without the owner's prior written consent,                                 *
091151.317: [09:11:51]* no decompiling or reverse-engineering shall be allowed.                    *
091151.317: [09:11:51]******************************************************************************
091151.317: [09:11:51]
092154.188: [09:21:54]<H3C>
092154.189: [09:21:54]Inactive timeout reached, logging out.
092159.951: [09:21:59][202602192.168.2.254-09:21:59]
092200.996: [09:22:00]
092200.997: [09:22:00]******************************************************************************
092200.997: [09:22:00]* Copyright (c) 2004-2024 New H3C Technologies Co., Ltd. All rights reserved.*
092200.997: [09:22:00]* Without the owner's prior written consent,                                 *
092200.997: [09:22:00]* no decompiling or reverse-engineering shall be allowed.                    *
092200.998: [09:22:00]******************************************************************************
092200.998: [09:22:00]
093203.604: [09:32:03]<H3C>
093203.604: [09:32:03]Inactive timeout reached, logging out.
093209.329: [09:32:09][202602192.168.2.254-09:32:09]
093210.374: [09:32:10]
093210.375: [09:32:10]******************************************************************************
093210.375: [09:32:10]* Copyright (c) 2004-2024 New H3C Technologies Co., Ltd. All rights reserved.*
093210.375: [09:32:10]* Without the owner's prior written consent,                                 *
093210.376: [09:32:10]* no decompiling or reverse-engineering shall be allowed.                    *
093210.376: [09:32:10]******************************************************************************
093210.376: [09:32:10]
094213.176: [09:42:13]<H3C>
094218.722: [09:42:18][202602192.168.2.254-09:42:18]
094219.752: [09:42:19]
094219.752: [09:42:19]******************************************************************************
094219.752: [09:42:19]* Copyright (c) 2004-2024 New H3C Technologies Co., Ltd. All rights reserved.*
094219.752: [09:42:19]* Without the owner's prior written consent,                                 *
094219.752: [09:42:19]* no decompiling or reverse-engineering shall be allowed.                    *
094219.753: [09:42:19]******************************************************************************
094219.753: [09:42:19]
095223.285: [09:52:23]<H3C>
095223.286: [09:52:23]Inactive timeout reached, logging out.
095228.962: [09:52:28][202602192.168.2.254-09:52:28]
095230.023: [09:52:30]
095230.024: [09:52:30]******************************************************************************
095230.024: [09:52:30]* Copyright (c) 2004-2024 New H3C Technologies Co., Ltd. All rights reserved.*
095230.024: [09:52:30]* Without the owner's prior written consent,                                 *
095230.024: [09:52:30]* no decompiling or reverse-engineering shall be allowed.                    *
095230.025: [09:52:30]******************************************************************************
095230.025: [09:52:30]
100232.577: [10:02:32]<H3C>
100232.577: [10:02:32]Inactive timeout reached, logging out.
100238.294: [10:02:38][202602192.168.2.254-10:02:38]
100239.355: [10:02:39]
100239.355: [10:02:39]******************************************************************************
100239.355: [10:02:39]* Copyright (c) 2004-2024 New H3C Technologies Co., Ltd. All rights reserved.*
100239.356: [10:02:39]* Without the owner's prior written consent,                                 *
100239.356: [10:02:39]* no decompiling or reverse-engineering shall be allowed.                    *
100239.356: [10:02:39]******************************************************************************
100239.356: [10:02:39]
101241.668: [10:12:41]<H3C>
101241.669: [10:12:41]Inactive timeout reached, logging out.
101247.658: [10:12:47][202602192.168.2.254-10:12:47]
101248.706: [10:12:48]
101248.706: [10:12:48]******************************************************************************
101248.706: [10:12:48]* Copyright (c) 2004-2024 New H3C Technologies Co., Ltd. All rights reserved.*
101248.706: [10:12:48]* Without the owner's prior written consent,                                 *
101248.707: [10:12:48]* no decompiling or reverse-engineering shall be allowed.                    *
101248.707: [10:12:48]******************************************************************************
101248.707: [10:12:48]
102251.694: [10:22:51]<H3C>
102251.695: [10:22:51]Inactive timeout reached, logging out.
102257.313: [10:22:57][202602192.168.2.254-10:22:57]
102258.345: [10:22:58]
102258.345: [10:22:58]******************************************************************************
102258.345: [10:22:58]* Copyright (c) 2004-2024 New H3C Technologies Co., Ltd. All rights reserved.*
102258.346: [10:22:58]* Without the owner's prior written consent,                                 *
102258.346: [10:22:58]* no decompiling or reverse-engineering shall be allowed.                    *
102258.346: [10:22:58]******************************************************************************
102258.346: [10:22:58]
103301.163: [10:33:01]<H3C>
103301.164: [10:33:01]Inactive timeout reached, logging out.
103306.823: [10:33:06][202602192.168.2.254-10:33:06]
103307.924: [10:33:07]
103307.925: [10:33:07]******************************************************************************
103307.925: [10:33:07]* Copyright (c) 2004-2024 New H3C Technologies Co., Ltd. All rights reserved.*
103307.925: [10:33:07]* Without the owner's prior written consent,                                 *
103307.926: [10:33:07]* no decompiling or reverse-engineering shall be allowed.                    *
103307.926: [10:33:07]******************************************************************************
103307.926: [10:33:07]
104310.361: [10:43:10]<H3C>
104310.361: [10:43:10]Inactive timeout reached, logging out.
104316.200: [10:43:16][202602192.168.2.254-10:43:16]
104317.229: [10:43:17]
104317.230: [10:43:17]******************************************************************************
104317.230: [10:43:17]* Copyright (c) 2004-2024 New H3C Technologies Co., Ltd. All rights reserved.*
104317.230: [10:43:17]* Without the owner's prior written consent,                                 *
104317.230: [10:43:17]* no decompiling or reverse-engineering shall be allowed.                    *
104317.230: [10:43:17]******************************************************************************
104317.230: [10:43:17]
105319.560: [10:53:19]<H3C>
105319.561: [10:53:19]Inactive timeout reached, logging out.
105325.420: [10:53:25][202602192.168.2.254-10:53:25]
105326.453: [10:53:26]
105326.460: [10:53:26]******************************************************************************
105326.460: [10:53:26]* Copyright (c) 2004-2024 New H3C Technologies Co., Ltd. All rights reserved.*
105326.460: [10:53:26]* Without the owner's prior written consent,                                 *
105326.460: [10:53:26]* no decompiling or reverse-engineering shall be allowed.                    *
105326.460: [10:53:26]******************************************************************************
105326.461: [10:53:26]
110329.049: [11:03:29]<H3C>
110329.050: [11:03:29]Inactive timeout reached, logging out.
110334.924: [11:03:34][202602192.168.2.254-11:03:34]
110335.974: [11:03:35]
110335.975: [11:03:35]******************************************************************************
110335.975: [11:03:35]* Copyright (c) 2004-2024 New H3C Technologies Co., Ltd. All rights reserved.*
110335.975: [11:03:35]* Without the owner's prior written consent,                                 *
110335.976: [11:03:35]* no decompiling or reverse-engineering shall be allowed.                    *
110335.976: [11:03:35]******************************************************************************
110335.976: [11:03:35]
111338.855: [11:13:38]<H3C>
111338.857: [11:13:38]Inactive timeout reached, logging out.
111345.064: [11:13:45][202602192.168.2.254-11:13:45]
111346.096: [11:13:46]
111346.099: [11:13:46]******************************************************************************
111346.099: [11:13:46]* Copyright (c) 2004-2024 New H3C Technologies Co., Ltd. All rights reserved.*
111346.099: [11:13:46]* Without the owner's prior written consent,                                 *
111346.099: [11:13:46]* no decompiling or reverse-engineering shall be allowed.                    *
111346.099: [11:13:46]******************************************************************************
111346.099: [11:13:46]
112349.339: [11:23:49]<H3C>
112349.345: [11:23:49]Inactive timeout reached, logging out.
112355.316: [11:23:55][202602192.168.2.254-11:23:55]
112356.347: [11:23:56]
112356.352: [11:23:56]******************************************************************************
112356.352: [11:23:56]* Copyright (c) 2004-2024 New H3C Technologies Co., Ltd. All rights reserved.*
112356.353: [11:23:56]* Without the owner's prior written consent,                                 *
112356.353: [11:23:56]* no decompiling or reverse-engineering shall be allowed.                    *
112356.353: [11:23:56]******************************************************************************
112356.353: [11:23:56]
113358.842: [11:33:58]<H3C>
113358.843: [11:33:58]Inactive timeout reached, logging out.
113404.825: [11:34:04][202602192.168.2.254-11:34:04]
113405.860: [11:34:05]
113405.860: [11:34:05]******************************************************************************
113405.860: [11:34:05]* Copyright (c) 2004-2024 New H3C Technologies Co., Ltd. All rights reserved.*
113405.861: [11:34:05]* Without the owner's prior written consent,                                 *
113405.861: [11:34:05]* no decompiling or reverse-engineering shall be allowed.                    *
113405.861: [11:34:05]******************************************************************************
113405.861: [11:34:05]
114408.345: [11:44:08]<H3C>
114414.346: [11:44:14][202602192.168.2.254-11:44:14]
114415.402: [11:44:15]
114415.402: [11:44:15]******************************************************************************
114415.402: [11:44:15]* Copyright (c) 2004-2024 New H3C Technologies Co., Ltd. All rights reserved.*
114415.402: [11:44:15]* Without the owner's prior written consent,                                 *
114415.403: [11:44:15]* no decompiling or reverse-engineering shall be allowed.                    *
114415.403: [11:44:15]******************************************************************************
114415.403: [11:44:15]
115418.267: [11:54:18]<H3C>
115418.267: [11:54:18]Inactive timeout reached, logging out.
115424.045: [11:54:24][202602192.168.2.254-11:54:24]
115425.075: [11:54:25]
115425.075: [11:54:25]******************************************************************************
115425.075: [11:54:25]* Copyright (c) 2004-2024 New H3C Technologies Co., Ltd. All rights reserved.*
115425.076: [11:54:25]* Without the owner's prior written consent,                                 *
115425.076: [11:54:25]* no decompiling or reverse-engineering shall be allowed.                    *
115425.076: [11:54:25]******************************************************************************
115425.076: [11:54:25]
120428.049: [12:04:28]<H3C>
120428.050: [12:04:28]Inactive timeout reached, logging out.
120433.848: [12:04:33][202602192.168.2.254-12:04:33]
120434.877: [12:04:34]
120434.877: [12:04:34]******************************************************************************
120434.877: [12:04:34]* Copyright (c) 2004-2024 New H3C Technologies Co., Ltd. All rights reserved.*
120434.877: [12:04:34]* Without the owner's prior written consent,                                 *
120434.878: [12:04:34]* no decompiling or reverse-engineering shall be allowed.                    *
120434.878: [12:04:34]******************************************************************************
120434.878: [12:04:34]
121436.725: [12:14:36]<H3C>
121436.733: [12:14:36]Inactive timeout reached, logging out.
121442.418: [12:14:42][202602192.168.2.254-12:14:42]
121443.447: [12:14:43]
121443.453: [12:14:43]******************************************************************************
121443.453: [12:14:43]* Copyright (c) 2004-2024 New H3C Technologies Co., Ltd. All rights reserved.*
121443.453: [12:14:43]* Without the owner's prior written consent,                                 *
121443.453: [12:14:43]* no decompiling or reverse-engineering shall be allowed.                    *
121443.453: [12:14:43]******************************************************************************
121443.453: [12:14:43]
122445.524: [12:24:45]<H3C>
122445.525: [12:24:45]Inactive timeout reached, logging out.
122450.871: [12:24:50][202602192.168.2.254-12:24:50]
122451.900: [12:24:51]
122451.900: [12:24:51]******************************************************************************
122451.900: [12:24:51]* Copyright (c) 2004-2024 New H3C Technologies Co., Ltd. All rights reserved.*
122451.901: [12:24:51]* Without the owner's prior written consent,                                 *
122451.901: [12:24:51]* no decompiling or reverse-engineering shall be allowed.                    *
122451.901: [12:24:51]******************************************************************************
122451.901: [12:24:51]
123453.816: [12:34:53]<H3C>
123459.489: [12:34:59][202602192.168.2.254-12:34:59]
123500.517: [12:35:00]
123500.518: [12:35:00]******************************************************************************
123500.518: [12:35:00]* Copyright (c) 2004-2024 New H3C Technologies Co., Ltd. All rights reserved.*
123500.518: [12:35:00]* Without the owner's prior written consent,                                 *
123500.519: [12:35:00]* no decompiling or reverse-engineering shall be allowed.                    *
123500.519: [12:35:00]******************************************************************************
123500.519: [12:35:00]
124502.681: [12:45:02]<H3C>
124502.682: [12:45:02]Inactive timeout reached, logging out.
124508.027: [12:45:08][202602192.168.2.254-12:45:08]
124509.086: [12:45:09]
124509.087: [12:45:09]******************************************************************************
124509.087: [12:45:09]* Copyright (c) 2004-2024 New H3C Technologies Co., Ltd. All rights reserved.*
124509.087: [12:45:09]* Without the owner's prior written consent,                                 *
124509.087: [12:45:09]* no decompiling or reverse-engineering shall be allowed.                    *
124509.087: [12:45:09]******************************************************************************
124509.087: [12:45:09]
125511.097: [12:55:11]<H3C>
125511.097: [12:55:11]Inactive timeout reached, logging out.
125516.515: [12:55:16][202602192.168.2.254-12:55:16]
125517.550: [12:55:17]
125517.550: [12:55:17]******************************************************************************
125517.550: [12:55:17]* Copyright (c) 2004-2024 New H3C Technologies Co., Ltd. All rights reserved.*
125517.551: [12:55:17]* Without the owner's prior written consent,                                 *
125517.551: [12:55:17]* no decompiling or reverse-engineering shall be allowed.                    *
125517.551: [12:55:17]******************************************************************************
125517.551: [12:55:17]
130519.441: [13:05:19]<H3C>
130525.248: [13:05:25][202602192.168.2.254-13:05:25]
130526.384: [13:05:26]
130526.384: [13:05:26]******************************************************************************
130526.385: [13:05:26]* Copyright (c) 2004-2024 New H3C Technologies Co., Ltd. All rights reserved.*
130526.385: [13:05:26]* Without the owner's prior written consent,                                 *
130526.385: [13:05:26]* no decompiling or reverse-engineering shall be allowed.                    *
130526.385: [13:05:26]******************************************************************************
130526.385: [13:05:26]
131528.387: [13:15:28]<H3C>
131528.388: [13:15:28]Inactive timeout reached, logging out.
131534.101: [13:15:34][202602192.168.2.254-13:15:34]
131535.131: [13:15:35]
131535.131: [13:15:35]******************************************************************************
131535.131: [13:15:35]* Copyright (c) 2004-2024 New H3C Technologies Co., Ltd. All rights reserved.*
131535.131: [13:15:35]* Without the owner's prior written consent,                                 *
131535.132: [13:15:35]* no decompiling or reverse-engineering shall be allowed.                    *
131535.132: [13:15:35]******************************************************************************
131535.132: [13:15:35]
132537.738: [13:25:37]<H3C>
132543.410: [13:25:43][202602192.168.2.254-13:25:43]
132544.439: [13:25:44]
132544.440: [13:25:44]******************************************************************************
132544.440: [13:25:44]* Copyright (c) 2004-2024 New H3C Technologies Co., Ltd. All rights reserved.*
132544.440: [13:25:44]* Without the owner's prior written consent,                                 *
132544.440: [13:25:44]* no decompiling or reverse-engineering shall be allowed.                    *
132544.440: [13:25:44]******************************************************************************
132544.440: [13:25:44]
133546.376: [13:35:46]<H3C>
133546.377: [13:35:46]Inactive timeout reached, logging out.
133552.008: [13:35:52][202602192.168.2.254-13:35:52]
133553.037: [13:35:53]
133553.038: [13:35:53]******************************************************************************
133553.038: [13:35:53]* Copyright (c) 2004-2024 New H3C Technologies Co., Ltd. All rights reserved.*
133553.038: [13:35:53]* Without the owner's prior written consent,                                 *
133553.038: [13:35:53]* no decompiling or reverse-engineering shall be allowed.                    *
133553.038: [13:35:53]******************************************************************************
133553.038: [13:35:53]
134554.960: [13:45:54]<H3C>
134554.961: [13:45:54]Inactive timeout reached, logging out.
134600.426: [13:46:00][202602192.168.2.254-13:46:00]
134601.454: [13:46:01]
134601.454: [13:46:01]******************************************************************************
134601.454: [13:46:01]* Copyright (c) 2004-2024 New H3C Technologies Co., Ltd. All rights reserved.*
134601.454: [13:46:01]* Without the owner's prior written consent,                                 *
134601.455: [13:46:01]* no decompiling or reverse-engineering shall be allowed.                    *
134601.455: [13:46:01]******************************************************************************
134601.455: [13:46:01]
135603.312: [13:56:03]<H3C>
135609.105: [13:56:09][202602192.168.2.254-13:56:09]
135610.205: [13:56:10]
135610.205: [13:56:10]******************************************************************************
135610.205: [13:56:10]* Copyright (c) 2004-2024 New H3C Technologies Co., Ltd. All rights reserved.*
135610.206: [13:56:10]* Without the owner's prior written consent,                                 *
135610.206: [13:56:10]* no decompiling or reverse-engineering shall be allowed.                    *
135610.206: [13:56:10]******************************************************************************
135610.206: [13:56:10]
140612.074: [14:06:12]<H3C>
140612.075: [14:06:12]Inactive timeout reached, logging out.
140618.359: [14:06:18][202602192.168.2.254-14:06:18]
140619.388: [14:06:19]
140619.395: [14:06:19]******************************************************************************
140619.395: [14:06:19]* Copyright (c) 2004-2024 New H3C Technologies Co., Ltd. All rights reserved.*
140619.395: [14:06:19]* Without the owner's prior written consent,                                 *
140619.395: [14:06:19]* no decompiling or reverse-engineering shall be allowed.                    *
140619.395: [14:06:19]******************************************************************************
140619.395: [14:06:19]
141621.261: [14:16:21]<H3C>
141621.262: [14:16:21]Inactive timeout reached, logging out.
141626.991: [14:16:26][202602192.168.2.254-14:16:26]
141628.020: [14:16:28]
141628.020: [14:16:28]******************************************************************************
141628.020: [14:16:28]* Copyright (c) 2004-2024 New H3C Technologies Co., Ltd. All rights reserved.*
141628.021: [14:16:28]* Without the owner's prior written consent,                                 *
141628.021: [14:16:28]* no decompiling or reverse-engineering shall be allowed.                    *
141628.021: [14:16:28]******************************************************************************
141628.021: [14:16:28]
142630.153: [14:26:30]<H3C>
142630.165: [14:26:30]Inactive timeout reached, logging out.
142635.458: [14:26:35][202602192.168.2.254-14:26:35]
142636.507: [14:26:36]
142636.507: [14:26:36]******************************************************************************
142636.508: [14:26:36]* Copyright (c) 2004-2024 New H3C Technologies Co., Ltd. All rights reserved.*
142636.508: [14:26:36]* Without the owner's prior written consent,                                 *
142636.508: [14:26:36]* no decompiling or reverse-engineering shall be allowed.                    *
142636.508: [14:26:36]******************************************************************************
142636.508: [14:26:36]
143638.465: [14:36:38]<H3C>
143638.466: [14:36:38]Inactive timeout reached, logging out.
143644.075: [14:36:44][202602192.168.2.254-14:36:44]
143645.196: [14:36:45]
143645.196: [14:36:45]******************************************************************************
143645.196: [14:36:45]* Copyright (c) 2004-2024 New H3C Technologies Co., Ltd. All rights reserved.*
143645.196: [14:36:45]* Without the owner's prior written consent,                                 *
143645.196: [14:36:45]* no decompiling or reverse-engineering shall be allowed.                    *
143645.197: [14:36:45]******************************************************************************
143645.197: [14:36:45]
