000558.263: [00:05:58]<Core-SW>
000604.168: [00:06:04][202602192.168.231.1-黄埭-核心交换机-00:06:04]
000604.227: [00:06:04]
000604.233: [00:06:04]Info: The max number of VTY users is 5, the number of current VTY users online is 1, and total number of terminal users online is 1.
000604.258: [00:06:04]      The current login time is 2025-12-01 07:17:28.
001604.313: [00:16:04]<Core-SW>
001610.303: [00:16:10][202602192.168.231.1-黄埭-核心交换机-00:16:10]
001610.349: [00:16:10]
001610.354: [00:16:10]Info: The max number of VTY users is 5, the number of current VTY users online is 1, and total number of terminal users online is 1.
001610.387: [00:16:10]      The current login time is 2025-12-01 07:27:34.
002610.454: [00:26:10]<Core-SW>
002616.712: [00:26:16][202602192.168.231.1-黄埭-核心交换机-00:26:16]
002616.772: [00:26:16]
002616.773: [00:26:16]Info: The max number of VTY users is 5, the number of current VTY users online is 1, and total number of terminal users online is 1.
002616.807: [00:26:16]      The current login time is 2025-12-01 07:37:41.
003616.977: [00:36:16]<Core-SW>
003623.343: [00:36:23][202602192.168.231.1-黄埭-核心交换机-00:36:23]
003623.388: [00:36:23]
003623.388: [00:36:23]Info: The max number of VTY users is 5, the number of current VTY users online is 1, and total number of terminal users online is 1.
003623.423: [00:36:23]      The current login time is 2025-12-01 07:47:47.
004623.600: [00:46:23]<Core-SW>
004629.960: [00:46:29][202602192.168.231.1-黄埭-核心交换机-00:46:29]
004630.009: [00:46:30]
004630.014: [00:46:30]Info: The max number of VTY users is 5, the number of current VTY users online is 1, and total number of terminal users online is 1.
004630.050: [00:46:30]      The current login time is 2025-12-01 07:57:54.
005630.221: [00:56:30]<Core-SW>
005636.137: [00:56:36][202602192.168.231.1-黄埭-核心交换机-00:56:36]
005636.192: [00:56:36]
005636.199: [00:56:36]Info: The max number of VTY users is 5, the number of current VTY users online is 1, and total number of terminal users online is 1.
005636.224: [00:56:36]      The current login time is 2025-12-01 08:08:00.
010636.329: [01:06:36]<Core-SW>
010642.280: [01:06:42][202602192.168.231.1-黄埭-核心交换机-01:06:42]
010642.337: [01:06:42]
010642.337: [01:06:42]Info: The max number of VTY users is 5, the number of current VTY users online is 1, and total number of terminal users online is 1.
010642.388: [01:06:42]      The current login time is 2025-12-01 08:18:06.
011642.441: [01:16:42]<Core-SW>
011648.702: [01:16:48][202602192.168.231.1-黄埭-核心交换机-01:16:48]
011648.750: [01:16:48]
011648.751: [01:16:48]Info: The max number of VTY users is 5, the number of current VTY users online is 1, and total number of terminal users online is 1.
011648.798: [01:16:48]      The current login time is 2025-12-01 08:28:13.
012648.955: [01:26:48]<Core-SW>
012655.110: [01:26:55][202602192.168.231.1-黄埭-核心交换机-01:26:55]
012655.213: [01:26:55]
012655.214: [01:26:55]Info: The max number of VTY users is 5, the number of current VTY users online is 1, and total number of terminal users online is 1.
012655.214: [01:26:55]      The current login time is 2025-12-01 08:38:19.
013655.248: [01:36:55]<Core-SW>
013701.331: [01:37:01][202602192.168.231.1-黄埭-核心交换机-01:37:01]
013701.376: [01:37:01]
013701.377: [01:37:01]Info: The max number of VTY users is 5, the number of current VTY users online is 1, and total number of terminal users online is 1.
013701.424: [01:37:01]      The current login time is 2025-12-01 08:48:25.
014701.503: [01:47:01]<Core-SW>
014707.749: [01:47:07][202602192.168.231.1-黄埭-核心交换机-01:47:07]
014707.891: [01:47:07]
014707.892: [01:47:07]Info: The max number of VTY users is 5, the number of current VTY users online is 1, and total number of terminal users online is 1.
014707.893: [01:47:07]      The current login time is 2025-12-01 08:58:32.
015707.898: [01:57:07]<Core-SW>
015713.676: [01:57:13][202602192.168.231.1-黄埭-核心交换机-01:57:13]
015713.719: [01:57:13]
015713.720: [01:57:13]Info: The max number of VTY users is 5, the number of current VTY users online is 1, and total number of terminal users online is 1.
015713.776: [01:57:13]      The current login time is 2025-12-01 09:08:38.
020713.845: [02:07:13]<Core-SW>
020719.684: [02:07:19][202602192.168.231.1-黄埭-核心交换机-02:07:19]
020719.730: [02:07:19]
020719.731: [02:07:19]Info: The max number of VTY users is 5, the number of current VTY users online is 1, and total number of terminal users online is 1.
020719.765: [02:07:19]      The current login time is 2025-12-01 09:18:44.
021719.916: [02:17:19]<Core-SW>
021725.666: [02:17:25][202602192.168.231.1-黄埭-核心交换机-02:17:25]
021725.726: [02:17:25]
021725.732: [02:17:25]Info: The max number of VTY users is 5, the number of current VTY users online is 1, and total number of terminal users online is 1.
021725.753: [02:17:25]      The current login time is 2025-12-01 09:28:50.
022725.819: [02:27:25]<Core-SW>
022731.699: [02:27:31][202602192.168.231.1-黄埭-核心交换机-02:27:31]
022731.742: [02:27:31]
022731.747: [02:27:31]Info: The max number of VTY users is 5, the number of current VTY users online is 1, and total number of terminal users online is 1.
022731.774: [02:27:31]      The current login time is 2025-12-01 09:38:56.
023731.833: [02:37:31]<Core-SW>
023737.783: [02:37:37][202602192.168.231.1-黄埭-核心交换机-02:37:37]
023737.838: [02:37:37]
023737.838: [02:37:37]Info: The max number of VTY users is 5, the number of current VTY users online is 1, and total number of terminal users online is 1.
023737.876: [02:37:37]      The current login time is 2025-12-01 09:49:02.
024738.141: [02:47:38]<Core-SW>
024744.370: [02:47:44][202602192.168.231.1-黄埭-核心交换机-02:47:44]
024744.463: [02:47:44]
024744.469: [02:47:44]Info: The max number of VTY users is 5, the number of current VTY users online is 1, and total number of terminal users online is 1.
024744.539: [02:47:44]      The current login time is 2025-12-01 09:59:08.
025744.763: [02:57:44]<Core-SW>
025750.725: [02:57:50][202602192.168.231.1-黄埭-核心交换机-02:57:50]
025750.790: [02:57:50]
025750.791: [02:57:50]Info: The max number of VTY users is 5, the number of current VTY users online is 1, and total number of terminal users online is 1.
025750.822: [02:57:50]      The current login time is 2025-12-01 10:09:15.
030750.974: [03:07:50]<Core-SW>
030757.239: [03:07:57][202602192.168.231.1-黄埭-核心交换机-03:07:57]
030757.289: [03:07:57]
030757.290: [03:07:57]Info: The max number of VTY users is 5, the number of current VTY users online is 1, and total number of terminal users online is 1.
030757.330: [03:07:57]      The current login time is 2025-12-01 10:19:21.
031757.509: [03:17:57]<Core-SW>
031803.711: [03:18:03][202602192.168.231.1-黄埭-核心交换机-03:18:03]
031803.758: [03:18:03]
031803.762: [03:18:03]Info: The max number of VTY users is 5, the number of current VTY users online is 1, and total number of terminal users online is 1.
031803.815: [03:18:03]      The current login time is 2025-12-01 10:29:28.
032803.942: [03:28:03]<Core-SW>
032810.277: [03:28:10][202602192.168.231.1-黄埭-核心交换机-03:28:10]
032810.318: [03:28:10]
032810.319: [03:28:10]Info: The max number of VTY users is 5, the number of current VTY users online is 1, and total number of terminal users online is 1.
032810.377: [03:28:10]      The current login time is 2025-12-01 10:39:34.
033810.634: [03:38:10]<Core-SW>
033816.900: [03:38:16][202602192.168.231.1-黄埭-核心交换机-03:38:16]
033816.966: [03:38:16]
033816.967: [03:38:16]Info: The max number of VTY users is 5, the number of current VTY users online is 1, and total number of terminal users online is 1.
033816.998: [03:38:16]      The current login time is 2025-12-01 10:49:41.
034817.142: [03:48:17]<Core-SW>
034823.213: [03:48:23][202602192.168.231.1-黄埭-核心交换机-03:48:23]
034823.260: [03:48:23]
034823.264: [03:48:23]Info: The max number of VTY users is 5, the number of current VTY users online is 1, and total number of terminal users online is 1.
034823.289: [03:48:23]      The current login time is 2025-12-01 10:59:47.
035823.369: [03:58:23]<Core-SW>
035829.177: [03:58:29][202602192.168.231.1-黄埭-核心交换机-03:58:29]
035829.278: [03:58:29]
035829.284: [03:58:29]Info: The max number of VTY users is 5, the number of current VTY users online is 1, and total number of terminal users online is 1.
035829.285: [03:58:29]      The current login time is 2025-12-01 11:09:53.
040829.320: [04:08:29]<Core-SW>
040835.430: [04:08:35][202602192.168.231.1-黄埭-核心交换机-04:08:35]
040835.485: [04:08:35]
040835.486: [04:08:35]Info: The max number of VTY users is 5, the number of current VTY users online is 1, and total number of terminal users online is 1.
040835.583: [04:08:35]      The current login time is 2025-12-01 11:20:00.
041835.595: [04:18:35]<Core-SW>
041841.736: [04:18:41][202602192.168.231.1-黄埭-核心交换机-04:18:41]
041841.802: [04:18:41]
041841.808: [04:18:41]Info: The max number of VTY users is 5, the number of current VTY users online is 1, and total number of terminal users online is 1.
041841.845: [04:18:41]      The current login time is 2025-12-01 11:30:06.
042841.981: [04:28:41]<Core-SW>
042848.164: [04:28:48][202602192.168.231.1-黄埭-核心交换机-04:28:48]
042848.268: [04:28:48]
042848.268: [04:28:48]Info: The max number of VTY users is 5, the number of current VTY users online is 1, and total number of terminal users online is 1.
042848.279: [04:28:48]      The current login time is 2025-12-01 11:40:12.
043848.419: [04:38:48]<Core-SW>
043854.345: [04:38:54][202602192.168.231.1-黄埭-核心交换机-04:38:54]
043854.389: [04:38:54]
043854.390: [04:38:54]Info: The max number of VTY users is 5, the number of current VTY users online is 1, and total number of terminal users online is 1.
043854.446: [04:38:54]      The current login time is 2025-12-01 11:50:18.
044854.489: [04:48:54]<Core-SW>
044900.615: [04:49:00][202602192.168.231.1-黄埭-核心交换机-04:49:00]
044900.658: [04:49:00]
044900.659: [04:49:00]Info: The max number of VTY users is 5, the number of current VTY users online is 1, and total number of terminal users online is 1.
044900.711: [04:49:00]      The current login time is 2025-12-01 12:00:25.
045900.842: [04:59:00]<Core-SW>
045906.699: [04:59:06][202602192.168.231.1-黄埭-核心交换机-04:59:06]
045906.744: [04:59:06]
045906.748: [04:59:06]Info: The max number of VTY users is 5, the number of current VTY users online is 1, and total number of terminal users online is 1.
045906.783: [04:59:06]      The current login time is 2025-12-01 12:10:31.
050906.830: [05:09:06]<Core-SW>
050912.800: [05:09:12][202602192.168.231.1-黄埭-核心交换机-05:09:12]
050912.839: [05:09:12]
050912.845: [05:09:12]Info: The max number of VTY users is 5, the number of current VTY users online is 1, and total number of terminal users online is 1.
050912.885: [05:09:12]      The current login time is 2025-12-01 12:20:37.
051912.931: [05:19:12]<Core-SW>
051918.825: [05:19:18][202602192.168.231.1-黄埭-核心交换机-05:19:18]
051918.866: [05:19:18]
051918.866: [05:19:18]Info: The max number of VTY users is 5, the number of current VTY users online is 1, and total number of terminal users online is 1.
051918.905: [05:19:18]      The current login time is 2025-12-01 12:30:43.
052919.069: [05:29:19]<Core-SW>
052925.331: [05:29:25][202602192.168.231.1-黄埭-核心交换机-05:29:25]
052925.379: [05:29:25]
052925.380: [05:29:25]Info: The max number of VTY users is 5, the number of current VTY users online is 1, and total number of terminal users online is 1.
052925.426: [05:29:25]      The current login time is 2025-12-01 12:40:49.
053925.566: [05:39:25]<Core-SW>
053931.748: [05:39:31][202602192.168.231.1-黄埭-核心交换机-05:39:31]
053931.857: [05:39:31]
053931.858: [05:39:31]Info: The max number of VTY users is 5, the number of current VTY users online is 1, and total number of terminal users online is 1.
053931.858: [05:39:31]      The current login time is 2025-12-01 12:50:56.
054931.913: [05:49:31]<Core-SW>
054937.656: [05:49:37][202602192.168.231.1-黄埭-核心交换机-05:49:37]
054937.713: [05:49:37]
054937.714: [05:49:37]Info: The max number of VTY users is 5, the number of current VTY users online is 1, and total number of terminal users online is 1.
054937.735: [05:49:37]      The current login time is 2025-12-01 13:01:02.
055937.790: [05:59:37]<Core-SW>
055943.691: [05:59:43][202602192.168.231.1-黄埭-核心交换机-05:59:43]
055943.749: [05:59:43]
055943.753: [05:59:43]Info: The max number of VTY users is 5, the number of current VTY users online is 1, and total number of terminal users online is 1.
055943.780: [05:59:43]      The current login time is 2025-12-01 13:11:08.
060943.864: [06:09:43]<Core-SW>
060949.769: [06:09:49][202602192.168.231.1-黄埭-核心交换机-06:09:49]
060949.824: [06:09:49]
060949.825: [06:09:49]Info: The max number of VTY users is 5, the number of current VTY users online is 1, and total number of terminal users online is 1.
060949.855: [06:09:49]      The current login time is 2025-12-01 13:21:14.
061950.025: [06:19:50]<Core-SW>
061956.181: [06:19:56][202602192.168.231.1-黄埭-核心交换机-06:19:56]
061956.232: [06:19:56]
061956.232: [06:19:56]Info: The max number of VTY users is 5, the number of current VTY users online is 1, and total number of terminal users online is 1.
061956.270: [06:19:56]      The current login time is 2025-12-01 13:31:20.
062956.373: [06:29:56]<Core-SW>
063002.296: [06:30:02][202602192.168.231.1-黄埭-核心交换机-06:30:02]
063002.339: [06:30:02]
063002.346: [06:30:02]Info: The max number of VTY users is 5, the number of current VTY users online is 1, and total number of terminal users online is 1.
063002.394: [06:30:02]      The current login time is 2025-12-01 13:41:26.
064002.546: [06:40:02]<Core-SW>
064008.716: [06:40:08][202602192.168.231.1-黄埭-核心交换机-06:40:08]
064008.838: [06:40:08]
064008.839: [06:40:08]Info: The max number of VTY users is 5, the number of current VTY users online is 1, and total number of terminal users online is 1.
064008.839: [06:40:08]      The current login time is 2025-12-01 13:51:33.
065008.980: [06:50:08]<Core-SW>
065015.334: [06:50:15][202602192.168.231.1-黄埭-核心交换机-06:50:15]
065015.445: [06:50:15]
065015.446: [06:50:15]Info: The max number of VTY users is 5, the number of current VTY users online is 1, and total number of terminal users online is 1.
065015.446: [06:50:15]      The current login time is 2025-12-01 14:01:40.
070015.487: [07:00:15]<Core-SW>
070021.753: [07:00:21][202602192.168.231.1-黄埭-核心交换机-07:00:21]
070021.804: [07:00:21]
070021.805: [07:00:21]Info: The max number of VTY users is 5, the number of current VTY users online is 1, and total number of terminal users online is 1.
070021.854: [07:00:21]      The current login time is 2025-12-01 14:11:46.
071021.898: [07:10:21]<Core-SW>
071027.756: [07:10:27][202602192.168.231.1-黄埭-核心交换机-07:10:27]
071027.808: [07:10:27]
071027.813: [07:10:27]Info: The max number of VTY users is 5, the number of current VTY users online is 1, and total number of terminal users online is 1.
071027.843: [07:10:27]      The current login time is 2025-12-01 14:21:52.
072028.015: [07:20:28]<Core-SW>
072034.198: [07:20:34][202602192.168.231.1-黄埭-核心交换机-07:20:34]
072034.245: [07:20:34]
072034.245: [07:20:34]Info: The max number of VTY users is 5, the number of current VTY users online is 1, and total number of terminal users online is 1.
072034.282: [07:20:34]      The current login time is 2025-12-01 14:31:58.
073034.411: [07:30:34]<Core-SW>
073040.182: [07:30:40][202602192.168.231.1-黄埭-核心交换机-07:30:40]
073040.308: [07:30:40]
073040.312: [07:30:40]Info: The max number of VTY users is 5, the number of current VTY users online is 1, and total number of terminal users online is 1.
073040.361: [07:30:40]      The current login time is 2025-12-01 14:42:04.
074040.642: [07:40:40]<Core-SW>
074046.881: [07:40:46][202602192.168.231.1-黄埭-核心交换机-07:40:46]
074046.922: [07:40:46]
074046.926: [07:40:46]Info: The max number of VTY users is 5, the number of current VTY users online is 1, and total number of terminal users online is 1.
074046.969: [07:40:46]      The current login time is 2025-12-01 14:52:11.
075047.059: [07:50:47]<Core-SW>
075053.129: [07:50:53][202602192.168.231.1-黄埭-核心交换机-07:50:53]
075053.168: [07:50:53]
075053.173: [07:50:53]Info: The max number of VTY users is 5, the number of current VTY users online is 1, and total number of terminal users online is 1.
075053.206: [07:50:53]      The current login time is 2025-12-01 15:02:17.
080053.268: [08:00:53]<Core-SW>
080059.391: [08:00:59][202602192.168.231.1-黄埭-核心交换机-08:00:59]
080059.436: [08:00:59]
080059.450: [08:00:59]Info: The max number of VTY users is 5, the number of current VTY users online is 1, and total number of terminal users online is 1.
080059.557: [08:00:59]      The current login time is 2025-12-01 15:12:24.
081059.541: [08:10:59]<Core-SW>
081105.849: [08:11:05][202602192.168.231.1-黄埭-核心交换机-08:11:05]
081105.894: [08:11:05]
081105.895: [08:11:05]Info: The max number of VTY users is 5, the number of current VTY users online is 1, and total number of terminal users online is 1.
081105.947: [08:11:05]      The current login time is 2025-12-01 15:22:30.
082106.015: [08:21:06]<Core-SW>
082112.269: [08:21:12][202602192.168.231.1-黄埭-核心交换机-08:21:12]
082112.318: [08:21:12]
082112.324: [08:21:12]Info: The max number of VTY users is 5, the number of current VTY users online is 1, and total number of terminal users online is 1.
082112.365: [08:21:12]      The current login time is 2025-12-01 15:32:36.
083112.566: [08:31:12]<Core-SW>
083118.762: [08:31:18][202602192.168.231.1-黄埭-核心交换机-08:31:18]
083118.907: [08:31:18]
083118.915: [08:31:18]Info: The max number of VTY users is 5, the number of current VTY users online is 1, and total number of terminal users online is 1.
083118.949: [08:31:18]      The current login time is 2025-12-01 15:42:43.
084119.011: [08:41:19]<Core-SW>
084125.484: [08:41:25][202602192.168.231.1-黄埭-核心交换机-08:41:25]
084125.540: [08:41:25]
084125.541: [08:41:25]Info: The max number of VTY users is 5, the number of current VTY users online is 1, and total number of terminal users online is 1.
084125.585: [08:41:25]      The current login time is 2025-12-01 15:52:50.
085125.687: [08:51:25]<Core-SW>
085132.140: [08:51:32][202602192.168.231.1-黄埭-核心交换机-08:51:32]
085132.187: [08:51:32]
085132.189: [08:51:32]Info: The max number of VTY users is 5, the number of current VTY users online is 1, and total number of terminal users online is 1.
085132.236: [08:51:32]      The current login time is 2025-12-01 16:02:56.
090132.354: [09:01:32]<Core-SW>
090139.186: [09:01:39][202602192.168.231.1-黄埭-核心交换机-09:01:39]
090139.233: [09:01:39]
090139.234: [09:01:39]Info: The max number of VTY users is 5, the number of current VTY users online is 1, and total number of terminal users online is 1.
090139.285: [09:01:39]      The current login time is 2025-12-01 16:13:03.
091139.771: [09:11:39]<Core-SW>
091145.895: [09:11:45][202602192.168.231.1-黄埭-核心交换机-09:11:45]
091145.940: [09:11:45]
091145.940: [09:11:45]Info: The max number of VTY users is 5, the number of current VTY users online is 1, and total number of terminal users online is 1.
091145.990: [09:11:45]      The current login time is 2025-12-01 16:23:10.
092146.048: [09:21:46]<Core-SW>
092152.258: [09:21:52][202602192.168.231.1-黄埭-核心交换机-09:21:52]
092152.336: [09:21:52]
092152.337: [09:21:52]Info: The max number of VTY users is 5, the number of current VTY users online is 1, and total number of terminal users online is 1.
092152.377: [09:21:52]      The current login time is 2025-12-01 16:33:17.
093152.434: [09:31:52]<Core-SW>
093158.407: [09:31:58][202602192.168.231.1-黄埭-核心交换机-09:31:58]
093158.449: [09:31:58]
093158.451: [09:31:58]Info: The max number of VTY users is 5, the number of current VTY users online is 1, and total number of terminal users online is 1.
093158.494: [09:31:58]      The current login time is 2025-12-01 16:43:23.
094158.552: [09:41:58]<Core-SW>
094205.021: [09:42:05][202602192.168.231.1-黄埭-核心交换机-09:42:05]
094205.059: [09:42:05]
094205.060: [09:42:05]Info: The max number of VTY users is 5, the number of current VTY users online is 1, and total number of terminal users online is 1.
094205.099: [09:42:05]      The current login time is 2025-12-01 16:53:29.
095205.165: [09:52:05]<Core-SW>
095211.260: [09:52:11][202602192.168.231.1-黄埭-核心交换机-09:52:11]
095211.320: [09:52:11]
095211.321: [09:52:11]Info: The max number of VTY users is 5, the number of current VTY users online is 1, and total number of terminal users online is 1.
095211.361: [09:52:11]      The current login time is 2025-12-01 17:03:36.
100211.425: [10:02:11]<Core-SW>
100217.856: [10:02:17][202602192.168.231.1-黄埭-核心交换机-10:02:17]
100217.906: [10:02:17]
100217.907: [10:02:17]Info: The max number of VTY users is 5, the number of current VTY users online is 1, and total number of terminal users online is 1.
100217.941: [10:02:17]      The current login time is 2025-12-01 17:13:42.
101218.018: [10:12:18]<Core-SW>
101224.399: [10:12:24][202602192.168.231.1-黄埭-核心交换机-10:12:24]
101224.461: [10:12:24]
101224.462: [10:12:24]Info: The max number of VTY users is 5, the number of current VTY users online is 1, and total number of terminal users online is 1.
101224.491: [10:12:24]      The current login time is 2025-12-01 17:23:49.
102224.573: [10:22:24]<Core-SW>
102230.771: [10:22:30][202602192.168.231.1-黄埭-核心交换机-10:22:30]
102230.906: [10:22:30]
102230.907: [10:22:30]Info: The max number of VTY users is 5, the number of current VTY users online is 1, and total number of terminal users online is 1.
102230.939: [10:22:30]      The current login time is 2025-12-01 17:33:55.
103230.990: [10:32:30]<Core-SW>
103237.151: [10:32:37][202602192.168.231.1-黄埭-核心交换机-10:32:37]
103237.202: [10:32:37]
103237.204: [10:32:37]Info: The max number of VTY users is 5, the number of current VTY users online is 1, and total number of terminal users online is 1.
103237.245: [10:32:37]      The current login time is 2025-12-01 17:44:01.
104237.591: [10:42:37]<Core-SW>
104243.697: [10:42:43][202602192.168.231.1-黄埭-核心交换机-10:42:43]
104243.742: [10:42:43]
104243.743: [10:42:43]Info: The max number of VTY users is 5, the number of current VTY users online is 1, and total number of terminal users online is 1.
104243.793: [10:42:43]      The current login time is 2025-12-01 17:54:08.
105243.861: [10:52:43]<Core-SW>
105249.750: [10:52:49][202602192.168.231.1-黄埭-核心交换机-10:52:49]
105249.821: [10:52:49]
105249.822: [10:52:49]Info: The max number of VTY users is 5, the number of current VTY users online is 1, and total number of terminal users online is 1.
105249.857: [10:52:49]      The current login time is 2025-12-01 18:04:14.
110249.960: [11:02:49]<Core-SW>
110256.454: [11:02:56][202602192.168.231.1-黄埭-核心交换机-11:02:56]
110256.516: [11:02:56]
110256.516: [11:02:56]Info: The max number of VTY users is 5, the number of current VTY users online is 1, and total number of terminal users online is 1.
110256.563: [11:02:56]      The current login time is 2025-12-01 18:14:21.
111256.805: [11:12:56]<Core-SW>
111303.380: [11:13:03][202602192.168.231.1-黄埭-核心交换机-11:13:03]
111303.426: [11:13:03]
111303.427: [11:13:03]Info: The max number of VTY users is 5, the number of current VTY users online is 1, and total number of terminal users online is 1.
111303.458: [11:13:03]      The current login time is 2025-12-01 18:24:28.
