000230.621: [00:02:30][202602Home-Dell-Public-00:02:30]
000230.680: [00:02:30]Linux anncara-computer 6.12.41+deb13-amd64 #1 SMP PREEMPT_DYNAMIC Debian 6.12.41-1 (2025-08-12) x86_64
000230.680: [00:02:30]
000230.680: [00:02:30]The programs included with the Debian GNU/Linux system are free software;
000230.681: [00:02:30]the exact distribution terms for each program are described in the
000230.681: [00:02:30]individual files in /usr/share/doc/*/copyright.
000230.681: [00:02:30]
000230.681: [00:02:30]Debian GNU/Linux comes with ABSOLUTELY NO WARRANTY, to the extent
000230.681: [00:02:30]permitted by applicable law.
000230.682: [00:02:30]Last login: Wed Feb 25 23:32:31 2026 from 223.107.68.194
003228.914: [00:32:28][202602Home-Dell-Public-00:32:28]
003229.022: [00:32:29]Linux anncara-computer 6.12.41+deb13-amd64 #1 SMP PREEMPT_DYNAMIC Debian 6.12.41-1 (2025-08-12) x86_64
003229.022: [00:32:29]
003229.022: [00:32:29]The programs included with the Debian GNU/Linux system are free software;
003229.022: [00:32:29]the exact distribution terms for each program are described in the
003229.023: [00:32:29]individual files in /usr/share/doc/*/copyright.
003229.023: [00:32:29]
003229.023: [00:32:29]Debian GNU/Linux comes with ABSOLUTELY NO WARRANTY, to the extent
003229.023: [00:32:29]permitted by applicable law.
003229.023: [00:32:29]Last login: Thu Feb 26 00:02:30 2026 from 223.107.68.194
010230.386: [01:02:30][202602Home-Dell-Public-01:02:30]
010230.489: [01:02:30]Linux anncara-computer 6.12.41+deb13-amd64 #1 SMP PREEMPT_DYNAMIC Debian 6.12.41-1 (2025-08-12) x86_64
010230.489: [01:02:30]
010230.489: [01:02:30]The programs included with the Debian GNU/Linux system are free software;
010230.489: [01:02:30]the exact distribution terms for each program are described in the
010230.489: [01:02:30]individual files in /usr/share/doc/*/copyright.
010230.489: [01:02:30]
010230.489: [01:02:30]Debian GNU/Linux comes with ABSOLUTELY NO WARRANTY, to the extent
010230.490: [01:02:30]permitted by applicable law.
010230.490: [01:02:30]Last login: Thu Feb 26 00:32:28 2026 from 223.107.68.194
013228.859: [01:32:28][202602Home-Dell-Public-01:32:28]
013228.964: [01:32:28]Linux anncara-computer 6.12.41+deb13-amd64 #1 SMP PREEMPT_DYNAMIC Debian 6.12.41-1 (2025-08-12) x86_64
013228.964: [01:32:28]
013228.964: [01:32:28]The programs included with the Debian GNU/Linux system are free software;
013228.964: [01:32:28]the exact distribution terms for each program are described in the
013228.965: [01:32:28]individual files in /usr/share/doc/*/copyright.
013228.965: [01:32:28]
013228.965: [01:32:28]Debian GNU/Linux comes with ABSOLUTELY NO WARRANTY, to the extent
013228.965: [01:32:28]permitted by applicable law.
013228.965: [01:32:28]Last login: Thu Feb 26 01:02:30 2026 from 223.107.68.194
020229.279: [02:02:29][202602Home-Dell-Public-02:02:29]
020229.378: [02:02:29]Linux anncara-computer 6.12.41+deb13-amd64 #1 SMP PREEMPT_DYNAMIC Debian 6.12.41-1 (2025-08-12) x86_64
020229.378: [02:02:29]
020229.378: [02:02:29]The programs included with the Debian GNU/Linux system are free software;
020229.378: [02:02:29]the exact distribution terms for each program are described in the
020229.379: [02:02:29]individual files in /usr/share/doc/*/copyright.
020229.379: [02:02:29]
020229.379: [02:02:29]Debian GNU/Linux comes with ABSOLUTELY NO WARRANTY, to the extent
020229.388: [02:02:29]permitted by applicable law.
020229.388: [02:02:29]Last login: Thu Feb 26 01:32:28 2026 from 223.107.68.194
023229.702: [02:32:29][202602Home-Dell-Public-02:32:29]
023229.754: [02:32:29]Linux anncara-computer 6.12.41+deb13-amd64 #1 SMP PREEMPT_DYNAMIC Debian 6.12.41-1 (2025-08-12) x86_64
023229.754: [02:32:29]
023229.754: [02:32:29]The programs included with the Debian GNU/Linux system are free software;
023229.755: [02:32:29]the exact distribution terms for each program are described in the
023229.755: [02:32:29]individual files in /usr/share/doc/*/copyright.
023229.755: [02:32:29]
023229.755: [02:32:29]Debian GNU/Linux comes with ABSOLUTELY NO WARRANTY, to the extent
023229.755: [02:32:29]permitted by applicable law.
023229.755: [02:32:29]Last login: Thu Feb 26 02:02:29 2026 from 223.107.68.194
030749.866: [03:07:49][202602Home-Dell-Public-03:07:49]
030749.964: [03:07:49]Linux anncara-computer 6.12.41+deb13-amd64 #1 SMP PREEMPT_DYNAMIC Debian 6.12.41-1 (2025-08-12) x86_64
030749.964: [03:07:49]
030749.965: [03:07:49]The programs included with the Debian GNU/Linux system are free software;
030749.965: [03:07:49]the exact distribution terms for each program are described in the
030749.965: [03:07:49]individual files in /usr/share/doc/*/copyright.
030749.965: [03:07:49]
030749.965: [03:07:49]Debian GNU/Linux comes with ABSOLUTELY NO WARRANTY, to the extent
030749.965: [03:07:49]permitted by applicable law.
030749.965: [03:07:49]Last login: Thu Feb 26 02:32:29 2026 from 223.107.68.194
033231.375: [03:32:31][202602Home-Dell-Public-03:32:31]
033231.489: [03:32:31]Linux anncara-computer 6.12.41+deb13-amd64 #1 SMP PREEMPT_DYNAMIC Debian 6.12.41-1 (2025-08-12) x86_64
033231.489: [03:32:31]
033231.490: [03:32:31]The programs included with the Debian GNU/Linux system are free software;
033231.490: [03:32:31]the exact distribution terms for each program are described in the
033231.490: [03:32:31]individual files in /usr/share/doc/*/copyright.
033231.490: [03:32:31]
033231.491: [03:32:31]Debian GNU/Linux comes with ABSOLUTELY NO WARRANTY, to the extent
033231.491: [03:32:31]permitted by applicable law.
033231.491: [03:32:31]Last login: Thu Feb 26 03:07:49 2026 from 223.107.68.194
040229.701: [04:02:29][202602Home-Dell-Public-04:02:29]
040229.761: [04:02:29]Linux anncara-computer 6.12.41+deb13-amd64 #1 SMP PREEMPT_DYNAMIC Debian 6.12.41-1 (2025-08-12) x86_64
040229.761: [04:02:29]
040229.761: [04:02:29]The programs included with the Debian GNU/Linux system are free software;
040229.761: [04:02:29]the exact distribution terms for each program are described in the
040229.761: [04:02:29]individual files in /usr/share/doc/*/copyright.
040229.761: [04:02:29]
040229.761: [04:02:29]Debian GNU/Linux comes with ABSOLUTELY NO WARRANTY, to the extent
040229.762: [04:02:29]permitted by applicable law.
040229.762: [04:02:29]Last login: Thu Feb 26 03:32:31 2026 from 223.107.68.194
043231.293: [04:32:31][202602Home-Dell-Public-04:32:31]
043231.396: [04:32:31]Linux anncara-computer 6.12.41+deb13-amd64 #1 SMP PREEMPT_DYNAMIC Debian 6.12.41-1 (2025-08-12) x86_64
043231.396: [04:32:31]
043231.396: [04:32:31]The programs included with the Debian GNU/Linux system are free software;
043231.396: [04:32:31]the exact distribution terms for each program are described in the
043231.396: [04:32:31]individual files in /usr/share/doc/*/copyright.
043231.396: [04:32:31]
043231.396: [04:32:31]Debian GNU/Linux comes with ABSOLUTELY NO WARRANTY, to the extent
043231.396: [04:32:31]permitted by applicable law.
043231.396: [04:32:31]Last login: Thu Feb 26 04:02:29 2026 from 223.107.68.194
050228.711: [05:02:28][202602Home-Dell-Public-05:02:28]
050228.897: [05:02:28]Linux anncara-computer 6.12.41+deb13-amd64 #1 SMP PREEMPT_DYNAMIC Debian 6.12.41-1 (2025-08-12) x86_64
050228.897: [05:02:28]
050228.897: [05:02:28]The programs included with the Debian GNU/Linux system are free software;
050228.897: [05:02:28]the exact distribution terms for each program are described in the
050228.897: [05:02:28]individual files in /usr/share/doc/*/copyright.
050228.897: [05:02:28]
050228.898: [05:02:28]Debian GNU/Linux comes with ABSOLUTELY NO WARRANTY, to the extent
050228.898: [05:02:28]permitted by applicable law.
050228.898: [05:02:28]Last login: Thu Feb 26 04:32:31 2026 from 223.107.68.194
053228.116: [05:32:28][202602Home-Dell-Public-05:32:28]
053228.254: [05:32:28]Linux anncara-computer 6.12.41+deb13-amd64 #1 SMP PREEMPT_DYNAMIC Debian 6.12.41-1 (2025-08-12) x86_64
053228.254: [05:32:28]
053228.255: [05:32:28]The programs included with the Debian GNU/Linux system are free software;
053228.255: [05:32:28]the exact distribution terms for each program are described in the
053228.255: [05:32:28]individual files in /usr/share/doc/*/copyright.
053228.255: [05:32:28]
053228.255: [05:32:28]Debian GNU/Linux comes with ABSOLUTELY NO WARRANTY, to the extent
053228.256: [05:32:28]permitted by applicable law.
053228.256: [05:32:28]Last login: Thu Feb 26 05:02:28 2026 from 223.107.68.194
060228.884: [06:02:28][202602Home-Dell-Public-06:02:28]
060228.981: [06:02:28]Linux anncara-computer 6.12.41+deb13-amd64 #1 SMP PREEMPT_DYNAMIC Debian 6.12.41-1 (2025-08-12) x86_64
060228.981: [06:02:28]
060228.981: [06:02:28]The programs included with the Debian GNU/Linux system are free software;
060228.981: [06:02:28]the exact distribution terms for each program are described in the
060228.981: [06:02:28]individual files in /usr/share/doc/*/copyright.
060228.981: [06:02:28]
060228.981: [06:02:28]Debian GNU/Linux comes with ABSOLUTELY NO WARRANTY, to the extent
060228.981: [06:02:28]permitted by applicable law.
060228.982: [06:02:28]Last login: Thu Feb 26 05:32:28 2026 from 223.107.68.194
063231.160: [06:32:31][202602Home-Dell-Public-06:32:31]
063231.215: [06:32:31]Linux anncara-computer 6.12.41+deb13-amd64 #1 SMP PREEMPT_DYNAMIC Debian 6.12.41-1 (2025-08-12) x86_64
063231.215: [06:32:31]
063231.215: [06:32:31]The programs included with the Debian GNU/Linux system are free software;
063231.216: [06:32:31]the exact distribution terms for each program are described in the
063231.216: [06:32:31]individual files in /usr/share/doc/*/copyright.
063231.216: [06:32:31]
063231.216: [06:32:31]Debian GNU/Linux comes with ABSOLUTELY NO WARRANTY, to the extent
063231.216: [06:32:31]permitted by applicable law.
063231.216: [06:32:31]Last login: Thu Feb 26 06:02:28 2026 from 223.107.68.194
070229.082: [07:02:29][202602Home-Dell-Public-07:02:29]
070229.145: [07:02:29]Linux anncara-computer 6.12.41+deb13-amd64 #1 SMP PREEMPT_DYNAMIC Debian 6.12.41-1 (2025-08-12) x86_64
070229.145: [07:02:29]
070229.145: [07:02:29]The programs included with the Debian GNU/Linux system are free software;
070229.146: [07:02:29]the exact distribution terms for each program are described in the
070229.146: [07:02:29]individual files in /usr/share/doc/*/copyright.
070229.146: [07:02:29]
070229.146: [07:02:29]Debian GNU/Linux comes with ABSOLUTELY NO WARRANTY, to the extent
070229.146: [07:02:29]permitted by applicable law.
070229.146: [07:02:29]Last login: Thu Feb 26 06:32:31 2026 from 223.107.68.194
073229.460: [07:32:29][202602Home-Dell-Public-07:32:29]
073229.580: [07:32:29]Linux anncara-computer 6.12.41+deb13-amd64 #1 SMP PREEMPT_DYNAMIC Debian 6.12.41-1 (2025-08-12) x86_64
073229.580: [07:32:29]
073229.580: [07:32:29]The programs included with the Debian GNU/Linux system are free software;
073229.581: [07:32:29]the exact distribution terms for each program are described in the
073229.581: [07:32:29]individual files in /usr/share/doc/*/copyright.
073229.581: [07:32:29]
073229.581: [07:32:29]Debian GNU/Linux comes with ABSOLUTELY NO WARRANTY, to the extent
073229.581: [07:32:29]permitted by applicable law.
073229.581: [07:32:29]Last login: Thu Feb 26 07:02:29 2026 from 223.107.68.194
080228.198: [08:02:28][202602Home-Dell-Public-08:02:28]
080228.302: [08:02:28]Linux anncara-computer 6.12.41+deb13-amd64 #1 SMP PREEMPT_DYNAMIC Debian 6.12.41-1 (2025-08-12) x86_64
080228.302: [08:02:28]
080228.302: [08:02:28]The programs included with the Debian GNU/Linux system are free software;
080228.302: [08:02:28]the exact distribution terms for each program are described in the
080228.303: [08:02:28]individual files in /usr/share/doc/*/copyright.
080228.303: [08:02:28]
080228.303: [08:02:28]Debian GNU/Linux comes with ABSOLUTELY NO WARRANTY, to the extent
080228.303: [08:02:28]permitted by applicable law.
080228.303: [08:02:28]Last login: Thu Feb 26 07:32:29 2026 from 223.107.68.194
083227.259: [08:32:27][202602Home-Dell-Public-08:32:27]
083227.362: [08:32:27]Linux anncara-computer 6.12.41+deb13-amd64 #1 SMP PREEMPT_DYNAMIC Debian 6.12.41-1 (2025-08-12) x86_64
083227.362: [08:32:27]
083227.362: [08:32:27]The programs included with the Debian GNU/Linux system are free software;
083227.363: [08:32:27]the exact distribution terms for each program are described in the
083227.363: [08:32:27]individual files in /usr/share/doc/*/copyright.
083227.363: [08:32:27]
083227.364: [08:32:27]Debian GNU/Linux comes with ABSOLUTELY NO WARRANTY, to the extent
083227.364: [08:32:27]permitted by applicable law.
083227.364: [08:32:27]Last login: Thu Feb 26 08:02:28 2026 from 223.107.68.194
091830.605: [09:18:30][202602Home-Dell-Public-09:18:30]
091830.663: [09:18:30]Linux anncara-computer 6.12.41+deb13-amd64 #1 SMP PREEMPT_DYNAMIC Debian 6.12.41-1 (2025-08-12) x86_64
091830.663: [09:18:30]
091830.663: [09:18:30]The programs included with the Debian GNU/Linux system are free software;
091830.663: [09:18:30]the exact distribution terms for each program are described in the
091830.664: [09:18:30]individual files in /usr/share/doc/*/copyright.
091830.664: [09:18:30]
091830.664: [09:18:30]Debian GNU/Linux comes with ABSOLUTELY NO WARRANTY, to the extent
091830.664: [09:18:30]permitted by applicable law.
091830.664: [09:18:30]Last login: Thu Feb 26 08:32:27 2026 from 223.107.68.194
094831.871: [09:48:31][202602Home-Dell-Public-09:48:31]
094831.954: [09:48:31]Linux anncara-computer 6.12.41+deb13-amd64 #1 SMP PREEMPT_DYNAMIC Debian 6.12.41-1 (2025-08-12) x86_64
094831.954: [09:48:31]
094831.954: [09:48:31]The programs included with the Debian GNU/Linux system are free software;
094831.955: [09:48:31]the exact distribution terms for each program are described in the
094831.955: [09:48:31]individual files in /usr/share/doc/*/copyright.
094831.955: [09:48:31]
094831.955: [09:48:31]Debian GNU/Linux comes with ABSOLUTELY NO WARRANTY, to the extent
094831.955: [09:48:31]permitted by applicable law.
094831.955: [09:48:31]Last login: Thu Feb 26 09:18:30 2026 from 223.107.68.194
101831.013: [10:18:31][202602Home-Dell-Public-10:18:31]
101831.076: [10:18:31]Linux anncara-computer 6.12.41+deb13-amd64 #1 SMP PREEMPT_DYNAMIC Debian 6.12.41-1 (2025-08-12) x86_64
101831.076: [10:18:31]
101831.076: [10:18:31]The programs included with the Debian GNU/Linux system are free software;
101831.076: [10:18:31]the exact distribution terms for each program are described in the
101831.077: [10:18:31]individual files in /usr/share/doc/*/copyright.
101831.077: [10:18:31]
101831.077: [10:18:31]Debian GNU/Linux comes with ABSOLUTELY NO WARRANTY, to the extent
101831.077: [10:18:31]permitted by applicable law.
101831.077: [10:18:31]Last login: Thu Feb 26 09:48:31 2026 from 223.107.68.194
104831.702: [10:48:31][202602Home-Dell-Public-10:48:31]
104831.765: [10:48:31]Linux anncara-computer 6.12.41+deb13-amd64 #1 SMP PREEMPT_DYNAMIC Debian 6.12.41-1 (2025-08-12) x86_64
104831.766: [10:48:31]
104831.766: [10:48:31]The programs included with the Debian GNU/Linux system are free software;
104831.766: [10:48:31]the exact distribution terms for each program are described in the
104831.766: [10:48:31]individual files in /usr/share/doc/*/copyright.
104831.766: [10:48:31]
104831.766: [10:48:31]Debian GNU/Linux comes with ABSOLUTELY NO WARRANTY, to the extent
104831.766: [10:48:31]permitted by applicable law.
104831.766: [10:48:31]Last login: Thu Feb 26 10:18:31 2026 from 223.107.68.194
111829.041: [11:18:29][202602Home-Dell-Public-11:18:29]
111829.098: [11:18:29]Linux anncara-computer 6.12.41+deb13-amd64 #1 SMP PREEMPT_DYNAMIC Debian 6.12.41-1 (2025-08-12) x86_64
111829.098: [11:18:29]
111829.099: [11:18:29]The programs included with the Debian GNU/Linux system are free software;
111829.099: [11:18:29]the exact distribution terms for each program are described in the
111829.099: [11:18:29]individual files in /usr/share/doc/*/copyright.
111829.099: [11:18:29]
111829.100: [11:18:29]Debian GNU/Linux comes with ABSOLUTELY NO WARRANTY, to the extent
111829.100: [11:18:29]permitted by applicable law.
111829.100: [11:18:29]Last login: Thu Feb 26 10:48:31 2026 from 223.107.68.194
114209.772: [11:42:09][202602Home-Dell-Public-11:42:09]
114209.829: [11:42:09]Linux anncara-computer 6.12.41+deb13-amd64 #1 SMP PREEMPT_DYNAMIC Debian 6.12.41-1 (2025-08-12) x86_64
114209.829: [11:42:09]
114209.829: [11:42:09]The programs included with the Debian GNU/Linux system are free software;
114209.829: [11:42:09]the exact distribution terms for each program are described in the
114209.830: [11:42:09]individual files in /usr/share/doc/*/copyright.
114209.830: [11:42:09]
114209.830: [11:42:09]Debian GNU/Linux comes with ABSOLUTELY NO WARRANTY, to the extent
114209.830: [11:42:09]permitted by applicable law.
114209.830: [11:42:09]Last login: Thu Feb 26 11:18:29 2026 from 223.107.68.194
114415.255: [11:44:15][202602Home-Dell-Public-11:44:15]
114415.356: [11:44:15]Linux anncara-computer 6.12.41+deb13-amd64 #1 SMP PREEMPT_DYNAMIC Debian 6.12.41-1 (2025-08-12) x86_64
114415.357: [11:44:15]
114415.357: [11:44:15]The programs included with the Debian GNU/Linux system are free software;
114415.357: [11:44:15]the exact distribution terms for each program are described in the
114415.357: [11:44:15]individual files in /usr/share/doc/*/copyright.
114415.357: [11:44:15]
114415.358: [11:44:15]Debian GNU/Linux comes with ABSOLUTELY NO WARRANTY, to the extent
114415.358: [11:44:15]permitted by applicable law.
114415.358: [11:44:15]Last login: Thu Feb 26 11:42:09 2026 from 223.107.68.194
132946.239: [13:29:46][202602Home-Dell-Public-13:29:46]
132946.315: [13:29:46]Linux anncara-computer 6.12.41+deb13-amd64 #1 SMP PREEMPT_DYNAMIC Debian 6.12.41-1 (2025-08-12) x86_64
132946.315: [13:29:46]
132946.316: [13:29:46]The programs included with the Debian GNU/Linux system are free software;
132946.316: [13:29:46]the exact distribution terms for each program are described in the
132946.316: [13:29:46]individual files in /usr/share/doc/*/copyright.
132946.316: [13:29:46]
132946.317: [13:29:46]Debian GNU/Linux comes with ABSOLUTELY NO WARRANTY, to the extent
132946.317: [13:29:46]permitted by applicable law.
132946.317: [13:29:46]Last login: Thu Feb 26 11:44:15 2026 from 223.107.68.194
133154.390: [13:31:54][202602Home-Dell-Public-13:31:54]
133154.498: [13:31:54]Linux anncara-computer 6.12.41+deb13-amd64 #1 SMP PREEMPT_DYNAMIC Debian 6.12.41-1 (2025-08-12) x86_64
133154.498: [13:31:54]
133154.499: [13:31:54]The programs included with the Debian GNU/Linux system are free software;
133154.499: [13:31:54]the exact distribution terms for each program are described in the
133154.499: [13:31:54]individual files in /usr/share/doc/*/copyright.
133154.499: [13:31:54]
133154.499: [13:31:54]Debian GNU/Linux comes with ABSOLUTELY NO WARRANTY, to the extent
133154.499: [13:31:54]permitted by applicable law.
133154.499: [13:31:54]Last login: Thu Feb 26 13:29:46 2026 from 223.107.68.194
134541.747: [13:45:41][202602Home-Dell-Public-13:45:41]
134541.852: [13:45:41]Linux anncara-computer 6.12.41+deb13-amd64 #1 SMP PREEMPT_DYNAMIC Debian 6.12.41-1 (2025-08-12) x86_64
134541.852: [13:45:41]
134541.852: [13:45:41]The programs included with the Debian GNU/Linux system are free software;
134541.852: [13:45:41]the exact distribution terms for each program are described in the
134541.852: [13:45:41]individual files in /usr/share/doc/*/copyright.
134541.852: [13:45:41]
134541.852: [13:45:41]Debian GNU/Linux comes with ABSOLUTELY NO WARRANTY, to the extent
134541.853: [13:45:41]permitted by applicable law.
134541.853: [13:45:41]Last login: Thu Feb 26 13:31:54 2026 from 223.107.68.194
141540.883: [14:15:40][202602Home-Dell-Public-14:15:40]
141540.941: [14:15:40]Linux anncara-computer 6.12.41+deb13-amd64 #1 SMP PREEMPT_DYNAMIC Debian 6.12.41-1 (2025-08-12) x86_64
141540.941: [14:15:40]
141540.941: [14:15:40]The programs included with the Debian GNU/Linux system are free software;
141540.942: [14:15:40]the exact distribution terms for each program are described in the
141540.942: [14:15:40]individual files in /usr/share/doc/*/copyright.
141540.942: [14:15:40]
141540.943: [14:15:40]Debian GNU/Linux comes with ABSOLUTELY NO WARRANTY, to the extent
141540.943: [14:15:40]permitted by applicable law.
141540.943: [14:15:40]Last login: Thu Feb 26 13:45:41 2026 from 223.107.68.194
144540.851: [14:45:40][202602Home-Dell-Public-14:45:40]
144540.910: [14:45:40]Linux anncara-computer 6.12.41+deb13-amd64 #1 SMP PREEMPT_DYNAMIC Debian 6.12.41-1 (2025-08-12) x86_64
144540.910: [14:45:40]
144540.910: [14:45:40]The programs included with the Debian GNU/Linux system are free software;
144540.910: [14:45:40]the exact distribution terms for each program are described in the
144540.910: [14:45:40]individual files in /usr/share/doc/*/copyright.
144540.910: [14:45:40]
144540.910: [14:45:40]Debian GNU/Linux comes with ABSOLUTELY NO WARRANTY, to the extent
144540.910: [14:45:40]permitted by applicable law.
144540.910: [14:45:40]Last login: Thu Feb 26 14:15:40 2026 from 223.107.68.194
151541.886: [15:15:41][202602Home-Dell-Public-15:15:41]
151541.990: [15:15:41]Linux anncara-computer 6.12.41+deb13-amd64 #1 SMP PREEMPT_DYNAMIC Debian 6.12.41-1 (2025-08-12) x86_64
151541.990: [15:15:41]
151541.990: [15:15:41]The programs included with the Debian GNU/Linux system are free software;
151541.991: [15:15:41]the exact distribution terms for each program are described in the
151541.991: [15:15:41]individual files in /usr/share/doc/*/copyright.
151541.991: [15:15:41]
151541.991: [15:15:41]Debian GNU/Linux comes with ABSOLUTELY NO WARRANTY, to the extent
151541.991: [15:15:41]permitted by applicable law.
151541.991: [15:15:41]Last login: Thu Feb 26 14:45:40 2026 from 223.107.68.194
154541.473: [15:45:41][202602Home-Dell-Public-15:45:41]
154541.581: [15:45:41]Linux anncara-computer 6.12.41+deb13-amd64 #1 SMP PREEMPT_DYNAMIC Debian 6.12.41-1 (2025-08-12) x86_64
154541.581: [15:45:41]
154541.581: [15:45:41]The programs included with the Debian GNU/Linux system are free software;
154541.581: [15:45:41]the exact distribution terms for each program are described in the
154541.581: [15:45:41]individual files in /usr/share/doc/*/copyright.
154541.581: [15:45:41]
154541.582: [15:45:41]Debian GNU/Linux comes with ABSOLUTELY NO WARRANTY, to the extent
154541.582: [15:45:41]permitted by applicable law.
154541.582: [15:45:41]Last login: Thu Feb 26 15:15:41 2026 from 223.107.68.194
161543.445: [16:15:43][202602Home-Dell-Public-16:15:43]
161543.554: [16:15:43]Linux anncara-computer 6.12.41+deb13-amd64 #1 SMP PREEMPT_DYNAMIC Debian 6.12.41-1 (2025-08-12) x86_64
161543.554: [16:15:43]
161543.554: [16:15:43]The programs included with the Debian GNU/Linux system are free software;
161543.554: [16:15:43]the exact distribution terms for each program are described in the
161543.554: [16:15:43]individual files in /usr/share/doc/*/copyright.
161543.554: [16:15:43]
161543.554: [16:15:43]Debian GNU/Linux comes with ABSOLUTELY NO WARRANTY, to the extent
161543.554: [16:15:43]permitted by applicable law.
161543.555: [16:15:43]Last login: Thu Feb 26 15:45:41 2026 from 223.107.68.194
164544.540: [16:45:44][202602Home-Dell-Public-16:45:44]
164544.641: [16:45:44]Linux anncara-computer 6.12.41+deb13-amd64 #1 SMP PREEMPT_DYNAMIC Debian 6.12.41-1 (2025-08-12) x86_64
164544.641: [16:45:44]
164544.642: [16:45:44]The programs included with the Debian GNU/Linux system are free software;
164544.642: [16:45:44]the exact distribution terms for each program are described in the
164544.642: [16:45:44]individual files in /usr/share/doc/*/copyright.
164544.642: [16:45:44]
164544.642: [16:45:44]Debian GNU/Linux comes with ABSOLUTELY NO WARRANTY, to the extent
164544.642: [16:45:44]permitted by applicable law.
164544.642: [16:45:44]Last login: Thu Feb 26 16:15:43 2026 from 223.107.68.194
171543.911: [17:15:43][202602Home-Dell-Public-17:15:43]
171543.975: [17:15:43]Linux anncara-computer 6.12.41+deb13-amd64 #1 SMP PREEMPT_DYNAMIC Debian 6.12.41-1 (2025-08-12) x86_64
171543.975: [17:15:43]
171543.975: [17:15:43]The programs included with the Debian GNU/Linux system are free software;
171543.975: [17:15:43]the exact distribution terms for each program are described in the
171543.975: [17:15:43]individual files in /usr/share/doc/*/copyright.
171543.975: [17:15:43]
171543.975: [17:15:43]Debian GNU/Linux comes with ABSOLUTELY NO WARRANTY, to the extent
171543.976: [17:15:43]permitted by applicable law.
171543.976: [17:15:43]Last login: Thu Feb 26 16:45:44 2026 from 223.107.68.194
174543.853: [17:45:43][202602Home-Dell-Public-17:45:43]
174543.960: [17:45:43]Linux anncara-computer 6.12.41+deb13-amd64 #1 SMP PREEMPT_DYNAMIC Debian 6.12.41-1 (2025-08-12) x86_64
174543.960: [17:45:43]
174543.961: [17:45:43]The programs included with the Debian GNU/Linux system are free software;
174543.961: [17:45:43]the exact distribution terms for each program are described in the
174543.961: [17:45:43]individual files in /usr/share/doc/*/copyright.
174543.961: [17:45:43]
174543.961: [17:45:43]Debian GNU/Linux comes with ABSOLUTELY NO WARRANTY, to the extent
174543.961: [17:45:43]permitted by applicable law.
174543.961: [17:45:43]Last login: Thu Feb 26 17:15:43 2026 from 223.107.68.194
181542.017: [18:15:42][202602Home-Dell-Public-18:15:42]
181542.146: [18:15:42]Linux anncara-computer 6.12.41+deb13-amd64 #1 SMP PREEMPT_DYNAMIC Debian 6.12.41-1 (2025-08-12) x86_64
181542.146: [18:15:42]
181542.146: [18:15:42]The programs included with the Debian GNU/Linux system are free software;
181542.146: [18:15:42]the exact distribution terms for each program are described in the
181542.146: [18:15:42]individual files in /usr/share/doc/*/copyright.
181542.146: [18:15:42]
181542.147: [18:15:42]Debian GNU/Linux comes with ABSOLUTELY NO WARRANTY, to the extent
181542.147: [18:15:42]permitted by applicable law.
181542.147: [18:15:42]Last login: Thu Feb 26 17:45:43 2026 from 223.107.68.194
184541.884: [18:45:41][202602Home-Dell-Public-18:45:41]
184542.058: [18:45:42]Linux anncara-computer 6.12.41+deb13-amd64 #1 SMP PREEMPT_DYNAMIC Debian 6.12.41-1 (2025-08-12) x86_64
184542.058: [18:45:42]
184542.058: [18:45:42]The programs included with the Debian GNU/Linux system are free software;
184542.059: [18:45:42]the exact distribution terms for each program are described in the
184542.059: [18:45:42]individual files in /usr/share/doc/*/copyright.
184542.059: [18:45:42]
184542.059: [18:45:42]Debian GNU/Linux comes with ABSOLUTELY NO WARRANTY, to the extent
184542.059: [18:45:42]permitted by applicable law.
184542.059: [18:45:42]Last login: Thu Feb 26 18:15:42 2026 from 223.107.68.194
191541.082: [19:15:41][202602Home-Dell-Public-19:15:41]
191541.208: [19:15:41]Linux anncara-computer 6.12.41+deb13-amd64 #1 SMP PREEMPT_DYNAMIC Debian 6.12.41-1 (2025-08-12) x86_64
191541.208: [19:15:41]
191541.208: [19:15:41]The programs included with the Debian GNU/Linux system are free software;
191541.209: [19:15:41]the exact distribution terms for each program are described in the
191541.209: [19:15:41]individual files in /usr/share/doc/*/copyright.
191541.209: [19:15:41]
191541.209: [19:15:41]Debian GNU/Linux comes with ABSOLUTELY NO WARRANTY, to the extent
191541.209: [19:15:41]permitted by applicable law.
191541.210: [19:15:41]Last login: Thu Feb 26 18:45:41 2026 from 223.107.68.194
194539.864: [19:45:39][202602Home-Dell-Public-19:45:39]
194539.961: [19:45:39]Linux anncara-computer 6.12.41+deb13-amd64 #1 SMP PREEMPT_DYNAMIC Debian 6.12.41-1 (2025-08-12) x86_64
194539.961: [19:45:39]
194539.961: [19:45:39]The programs included with the Debian GNU/Linux system are free software;
194539.961: [19:45:39]the exact distribution terms for each program are described in the
194539.961: [19:45:39]individual files in /usr/share/doc/*/copyright.
194539.961: [19:45:39]
194539.962: [19:45:39]Debian GNU/Linux comes with ABSOLUTELY NO WARRANTY, to the extent
194539.962: [19:45:39]permitted by applicable law.
194539.962: [19:45:39]Last login: Thu Feb 26 19:15:41 2026 from 223.107.68.194
201541.402: [20:15:41][202602Home-Dell-Public-20:15:41]
201541.465: [20:15:41]Linux anncara-computer 6.12.41+deb13-amd64 #1 SMP PREEMPT_DYNAMIC Debian 6.12.41-1 (2025-08-12) x86_64
201541.465: [20:15:41]
201541.465: [20:15:41]The programs included with the Debian GNU/Linux system are free software;
201541.465: [20:15:41]the exact distribution terms for each program are described in the
201541.465: [20:15:41]individual files in /usr/share/doc/*/copyright.
201541.465: [20:15:41]
201541.465: [20:15:41]Debian GNU/Linux comes with ABSOLUTELY NO WARRANTY, to the extent
201541.465: [20:15:41]permitted by applicable law.
201541.465: [20:15:41]Last login: Thu Feb 26 19:45:39 2026 from 223.107.68.194
204541.337: [20:45:41][202602Home-Dell-Public-20:45:41]
204541.392: [20:45:41]Linux anncara-computer 6.12.41+deb13-amd64 #1 SMP PREEMPT_DYNAMIC Debian 6.12.41-1 (2025-08-12) x86_64
204541.392: [20:45:41]
204541.392: [20:45:41]The programs included with the Debian GNU/Linux system are free software;
204541.392: [20:45:41]the exact distribution terms for each program are described in the
204541.393: [20:45:41]individual files in /usr/share/doc/*/copyright.
204541.393: [20:45:41]
204541.393: [20:45:41]Debian GNU/Linux comes with ABSOLUTELY NO WARRANTY, to the extent
204541.393: [20:45:41]permitted by applicable law.
204541.393: [20:45:41]Last login: Thu Feb 26 20:15:41 2026 from 223.107.68.194
211541.315: [21:15:41][202602Home-Dell-Public-21:15:41]
211541.489: [21:15:41]Linux anncara-computer 6.12.41+deb13-amd64 #1 SMP PREEMPT_DYNAMIC Debian 6.12.41-1 (2025-08-12) x86_64
211541.489: [21:15:41]
211541.490: [21:15:41]The programs included with the Debian GNU/Linux system are free software;
211541.490: [21:15:41]the exact distribution terms for each program are described in the
211541.490: [21:15:41]individual files in /usr/share/doc/*/copyright.
211541.490: [21:15:41]
211541.491: [21:15:41]Debian GNU/Linux comes with ABSOLUTELY NO WARRANTY, to the extent
211541.491: [21:15:41]permitted by applicable law.
211541.491: [21:15:41]Last login: Thu Feb 26 20:45:41 2026 from 223.107.68.194
214541.894: [21:45:41][202602Home-Dell-Public-21:45:41]
214541.991: [21:45:41]Linux anncara-computer 6.12.41+deb13-amd64 #1 SMP PREEMPT_DYNAMIC Debian 6.12.41-1 (2025-08-12) x86_64
214541.991: [21:45:41]
214541.992: [21:45:41]The programs included with the Debian GNU/Linux system are free software;
214541.992: [21:45:41]the exact distribution terms for each program are described in the
214541.992: [21:45:41]individual files in /usr/share/doc/*/copyright.
214541.992: [21:45:41]
214541.993: [21:45:41]Debian GNU/Linux comes with ABSOLUTELY NO WARRANTY, to the extent
214541.993: [21:45:41]permitted by applicable law.
214541.993: [21:45:41]Last login: Thu Feb 26 21:15:41 2026 from 223.107.68.194
221540.968: [22:15:40][202602Home-Dell-Public-22:15:40]
221541.073: [22:15:41]Linux anncara-computer 6.12.41+deb13-amd64 #1 SMP PREEMPT_DYNAMIC Debian 6.12.41-1 (2025-08-12) x86_64
221541.073: [22:15:41]
221541.073: [22:15:41]The programs included with the Debian GNU/Linux system are free software;
221541.073: [22:15:41]the exact distribution terms for each program are described in the
221541.074: [22:15:41]individual files in /usr/share/doc/*/copyright.
221541.074: [22:15:41]
221541.074: [22:15:41]Debian GNU/Linux comes with ABSOLUTELY NO WARRANTY, to the extent
221541.074: [22:15:41]permitted by applicable law.
221541.074: [22:15:41]Last login: Thu Feb 26 21:45:41 2026 from 223.107.68.194
224541.409: [22:45:41][202602Home-Dell-Public-22:45:41]
224541.513: [22:45:41]Linux anncara-computer 6.12.41+deb13-amd64 #1 SMP PREEMPT_DYNAMIC Debian 6.12.41-1 (2025-08-12) x86_64
224541.513: [22:45:41]
224541.514: [22:45:41]The programs included with the Debian GNU/Linux system are free software;
224541.514: [22:45:41]the exact distribution terms for each program are described in the
224541.514: [22:45:41]individual files in /usr/share/doc/*/copyright.
224541.514: [22:45:41]
224541.515: [22:45:41]Debian GNU/Linux comes with ABSOLUTELY NO WARRANTY, to the extent
224541.515: [22:45:41]permitted by applicable law.
224541.516: [22:45:41]Last login: Thu Feb 26 22:15:41 2026 from 223.107.68.194
231540.497: [23:15:40][202602Home-Dell-Public-23:15:40]
231540.611: [23:15:40]Linux anncara-computer 6.12.41+deb13-amd64 #1 SMP PREEMPT_DYNAMIC Debian 6.12.41-1 (2025-08-12) x86_64
231540.611: [23:15:40]
231540.611: [23:15:40]The programs included with the Debian GNU/Linux system are free software;
231540.611: [23:15:40]the exact distribution terms for each program are described in the
231540.611: [23:15:40]individual files in /usr/share/doc/*/copyright.
231540.611: [23:15:40]
231540.612: [23:15:40]Debian GNU/Linux comes with ABSOLUTELY NO WARRANTY, to the extent
231540.612: [23:15:40]permitted by applicable law.
231540.612: [23:15:40]Last login: Thu Feb 26 22:45:41 2026 from 223.107.68.194
234541.976: [23:45:41][202602Home-Dell-Public-23:45:41]
234542.098: [23:45:42]Linux anncara-computer 6.12.41+deb13-amd64 #1 SMP PREEMPT_DYNAMIC Debian 6.12.41-1 (2025-08-12) x86_64
234542.098: [23:45:42]
234542.098: [23:45:42]The programs included with the Debian GNU/Linux system are free software;
234542.098: [23:45:42]the exact distribution terms for each program are described in the
234542.098: [23:45:42]individual files in /usr/share/doc/*/copyright.
234542.098: [23:45:42]
234542.098: [23:45:42]Debian GNU/Linux comes with ABSOLUTELY NO WARRANTY, to the extent
234542.098: [23:45:42]permitted by applicable law.
234542.099: [23:45:42]Last login: Thu Feb 26 23:15:40 2026 from 223.107.68.194
