000439.320: [00:04:39]<Core-SW>
000445.087: [00:04:45][202603192.168.231.1-黄埭-核心交换机-00:04:45]
000445.130: [00:04:45]
000445.130: [00:04:45]Info: The max number of VTY users is 5, the number of current VTY users online is 1, and total number of terminal users online is 1.
000445.164: [00:04:45]      The current login time is 2025-12-14 07:16:20.
001445.277: [00:14:45]<Core-SW>
001451.697: [00:14:51][202603192.168.231.1-黄埭-核心交换机-00:14:51]
001451.755: [00:14:51]
001451.755: [00:14:51]Info: The max number of VTY users is 5, the number of current VTY users online is 1, and total number of terminal users online is 1.
001451.792: [00:14:51]      The current login time is 2025-12-14 07:26:27.
002451.906: [00:24:51]<Core-SW>
002458.529: [00:24:58][202603192.168.231.1-黄埭-核心交换机-00:24:58]
002458.588: [00:24:58]
002458.589: [00:24:58]Info: The max number of VTY users is 5, the number of current VTY users online is 1, and total number of terminal users online is 1.
002458.649: [00:24:58]      The current login time is 2025-12-14 07:36:34.
003458.720: [00:34:58]<Core-SW>
003504.536: [00:35:04][202603192.168.231.1-黄埭-核心交换机-00:35:04]
003504.576: [00:35:04]
003504.577: [00:35:04]Info: The max number of VTY users is 5, the number of current VTY users online is 1, and total number of terminal users online is 1.
003504.615: [00:35:04]      The current login time is 2025-12-14 07:46:40.
004504.722: [00:45:04]<Core-SW>
004510.631: [00:45:10][202603192.168.231.1-黄埭-核心交换机-00:45:10]
004510.683: [00:45:10]
004510.683: [00:45:10]Info: The max number of VTY users is 5, the number of current VTY users online is 1, and total number of terminal users online is 1.
004510.721: [00:45:10]      The current login time is 2025-12-14 07:56:46.
005510.800: [00:55:10]<Core-SW>
005516.704: [00:55:16][202603192.168.231.1-黄埭-核心交换机-00:55:16]
005516.740: [00:55:16]
005516.749: [00:55:16]Info: The max number of VTY users is 5, the number of current VTY users online is 1, and total number of terminal users online is 1.
005516.787: [00:55:16]      The current login time is 2025-12-14 08:06:52.
010516.857: [01:05:16]<Core-SW>
010523.132: [01:05:23][202603192.168.231.1-黄埭-核心交换机-01:05:23]
010523.180: [01:05:23]
010523.181: [01:05:23]Info: The max number of VTY users is 5, the number of current VTY users online is 1, and total number of terminal users online is 1.
010523.213: [01:05:23]      The current login time is 2025-12-14 08:16:58.
011523.273: [01:15:23]<Core-SW>
011529.201: [01:15:29][202603192.168.231.1-黄埭-核心交换机-01:15:29]
011529.242: [01:15:29]
011529.248: [01:15:29]Info: The max number of VTY users is 5, the number of current VTY users online is 1, and total number of terminal users online is 2.
011529.290: [01:15:29]      The current login time is 2025-12-14 08:27:04.
012529.335: [01:25:29]<Core-SW>
012535.276: [01:25:35][202603192.168.231.1-黄埭-核心交换机-01:25:35]
012535.327: [01:25:35]
012535.334: [01:25:35]Info: The max number of VTY users is 5, the number of current VTY users online is 1, and total number of terminal users online is 1.
012535.374: [01:25:35]      The current login time is 2025-12-14 08:37:11.
013535.430: [01:35:35]<Core-SW>
013541.556: [01:35:41][202603192.168.231.1-黄埭-核心交换机-01:35:41]
013541.600: [01:35:41]
013541.605: [01:35:41]Info: The max number of VTY users is 5, the number of current VTY users online is 1, and total number of terminal users online is 1.
013541.639: [01:35:41]      The current login time is 2025-12-14 08:47:17.
014541.698: [01:45:41]<Core-SW>
014547.755: [01:45:47][202603192.168.231.1-黄埭-核心交换机-01:45:47]
014547.839: [01:45:47]
014547.844: [01:45:47]Info: The max number of VTY users is 5, the number of current VTY users online is 1, and total number of terminal users online is 1.
014547.937: [01:45:47]      The current login time is 2025-12-14 08:57:23.
015547.946: [01:55:47]<Core-SW>
015554.201: [01:55:54][202603192.168.231.1-黄埭-核心交换机-01:55:54]
015554.245: [01:55:54]
015554.246: [01:55:54]Info: The max number of VTY users is 5, the number of current VTY users online is 1, and total number of terminal users online is 1.
015554.290: [01:55:54]      The current login time is 2025-12-14 09:07:29.
020554.358: [02:05:54]<Core-SW>
020600.638: [02:06:00][202603192.168.231.1-黄埭-核心交换机-02:06:00]
020600.676: [02:06:00]
020600.681: [02:06:00]Info: The max number of VTY users is 5, the number of current VTY users online is 1, and total number of terminal users online is 1.
020600.733: [02:06:00]      The current login time is 2025-12-14 09:17:36.
021600.790: [02:16:00]<Core-SW>
021606.582: [02:16:06][202603192.168.231.1-黄埭-核心交换机-02:16:06]
021606.695: [02:16:06]
021606.696: [02:16:06]Info: The max number of VTY users is 5, the number of current VTY users online is 1, and total number of terminal users online is 1.
021606.696: [02:16:06]      The current login time is 2025-12-14 09:27:42.
022606.740: [02:26:06]<Core-SW>
022612.793: [02:26:12][202603192.168.231.1-黄埭-核心交换机-02:26:12]
022612.845: [02:26:12]
022612.846: [02:26:12]Info: The max number of VTY users is 5, the number of current VTY users online is 1, and total number of terminal users online is 1.
022612.872: [02:26:12]      The current login time is 2025-12-14 09:37:48.
023612.937: [02:36:12]<Core-SW>
023619.093: [02:36:19][202603192.168.231.1-黄埭-核心交换机-02:36:19]
023619.156: [02:36:19]
023619.156: [02:36:19]Info: The max number of VTY users is 5, the number of current VTY users online is 1, and total number of terminal users online is 1.
023619.194: [02:36:19]      The current login time is 2025-12-14 09:47:54.
024619.241: [02:46:19]<Core-SW>
024625.100: [02:46:25][202603192.168.231.1-黄埭-核心交换机-02:46:25]
024625.134: [02:46:25]
024625.140: [02:46:25]Info: The max number of VTY users is 5, the number of current VTY users online is 1, and total number of terminal users online is 1.
024625.182: [02:46:25]      The current login time is 2025-12-14 09:58:00.
025625.255: [02:56:25]<Core-SW>
025631.223: [02:56:31][202603192.168.231.1-黄埭-核心交换机-02:56:31]
025631.325: [02:56:31]
025631.325: [02:56:31]Info: The max number of VTY users is 5, the number of current VTY users online is 1, and total number of terminal users online is 1.
025631.368: [02:56:31]      The current login time is 2025-12-14 10:08:07.
030631.430: [03:06:31]<Core-SW>
030637.624: [03:06:37][202603192.168.231.1-黄埭-核心交换机-03:06:37]
030637.669: [03:06:37]
030637.669: [03:06:37]Info: The max number of VTY users is 5, the number of current VTY users online is 1, and total number of terminal users online is 1.
030637.707: [03:06:37]      The current login time is 2025-12-14 10:18:13.
031637.783: [03:16:37]<Core-SW>
031643.705: [03:16:43][202603192.168.231.1-黄埭-核心交换机-03:16:43]
031643.781: [03:16:43]
031643.782: [03:16:43]Info: The max number of VTY users is 5, the number of current VTY users online is 1, and total number of terminal users online is 1.
031643.824: [03:16:43]      The current login time is 2025-12-14 10:28:19.
032643.876: [03:26:43]<Core-SW>
032650.177: [03:26:50][202603192.168.231.1-黄埭-核心交换机-03:26:50]
032650.283: [03:26:50]
032650.284: [03:26:50]Info: The max number of VTY users is 5, the number of current VTY users online is 1, and total number of terminal users online is 1.
032650.284: [03:26:50]      The current login time is 2025-12-14 10:38:26.
033650.298: [03:36:50]<Core-SW>
033656.123: [03:36:56][202603192.168.231.1-黄埭-核心交换机-03:36:56]
033656.159: [03:36:56]
033656.164: [03:36:56]Info: The max number of VTY users is 5, the number of current VTY users online is 1, and total number of terminal users online is 1.
033656.214: [03:36:56]      The current login time is 2025-12-14 10:48:31.
034656.265: [03:46:56]<Core-SW>
034702.100: [03:47:02][202603192.168.231.1-黄埭-核心交换机-03:47:02]
034702.152: [03:47:02]
034702.152: [03:47:02]Info: The max number of VTY users is 5, the number of current VTY users online is 1, and total number of terminal users online is 1.
034702.191: [03:47:02]      The current login time is 2025-12-14 10:58:37.
035702.246: [03:57:02]<Core-SW>
035708.150: [03:57:08][202603192.168.231.1-黄埭-核心交换机-03:57:08]
035708.213: [03:57:08]
035708.219: [03:57:08]Info: The max number of VTY users is 5, the number of current VTY users online is 1, and total number of terminal users online is 1.
035708.245: [03:57:08]      The current login time is 2025-12-14 11:08:44.
040708.301: [04:07:08]<Core-SW>
040714.084: [04:07:14][202603192.168.231.1-黄埭-核心交换机-04:07:14]
040714.119: [04:07:14]
040714.120: [04:07:14]Info: The max number of VTY users is 5, the number of current VTY users online is 1, and total number of terminal users online is 1.
040714.165: [04:07:14]      The current login time is 2025-12-14 11:18:49.
041714.222: [04:17:14]<Core-SW>
041720.056: [04:17:20][202603192.168.231.1-黄埭-核心交换机-04:17:20]
041720.191: [04:17:20]
041720.196: [04:17:20]Info: The max number of VTY users is 5, the number of current VTY users online is 1, and total number of terminal users online is 1.
041720.233: [04:17:20]      The current login time is 2025-12-14 11:28:56.
042720.285: [04:27:20]<Core-SW>
042726.238: [04:27:26][202603192.168.231.1-黄埭-核心交换机-04:27:26]
042726.285: [04:27:26]
042726.285: [04:27:26]Info: The max number of VTY users is 5, the number of current VTY users online is 1, and total number of terminal users online is 1.
042726.323: [04:27:26]      The current login time is 2025-12-14 11:39:02.
043726.360: [04:37:26]<Core-SW>
043732.570: [04:37:32][202603192.168.231.1-黄埭-核心交换机-04:37:32]
043732.609: [04:37:32]
043732.614: [04:37:32]Info: The max number of VTY users is 5, the number of current VTY users online is 1, and total number of terminal users online is 1.
043732.653: [04:37:32]      The current login time is 2025-12-14 11:49:08.
044732.745: [04:47:32]<Core-SW>
044738.657: [04:47:38][202603192.168.231.1-黄埭-核心交换机-04:47:38]
044738.703: [04:47:38]
044738.709: [04:47:38]Info: The max number of VTY users is 5, the number of current VTY users online is 1, and total number of terminal users online is 1.
044738.764: [04:47:38]      The current login time is 2025-12-14 11:59:14.
045738.831: [04:57:38]<Core-SW>
045744.669: [04:57:44][202603192.168.231.1-黄埭-核心交换机-04:57:44]
045744.715: [04:57:44]
045744.719: [04:57:44]Info: The max number of VTY users is 5, the number of current VTY users online is 1, and total number of terminal users online is 1.
045744.756: [04:57:44]      The current login time is 2025-12-14 12:09:20.
050744.813: [05:07:44]<Core-SW>
050750.708: [05:07:50][202603192.168.231.1-黄埭-核心交换机-05:07:50]
050750.758: [05:07:50]
050750.759: [05:07:50]Info: The max number of VTY users is 5, the number of current VTY users online is 1, and total number of terminal users online is 1.
050750.797: [05:07:50]      The current login time is 2025-12-14 12:19:26.
051750.857: [05:17:50]<Core-SW>
051757.156: [05:17:57][202603192.168.231.1-黄埭-核心交换机-05:17:57]
051757.197: [05:17:57]
051757.197: [05:17:57]Info: The max number of VTY users is 5, the number of current VTY users online is 1, and total number of terminal users online is 1.
051757.238: [05:17:57]      The current login time is 2025-12-14 12:29:33.
052757.300: [05:27:57]<Core-SW>
052803.283: [05:28:03][202603192.168.231.1-黄埭-核心交换机-05:28:03]
052803.333: [05:28:03]
052803.340: [05:28:03]Info: The max number of VTY users is 5, the number of current VTY users online is 1, and total number of terminal users online is 1.
052803.373: [05:28:03]      The current login time is 2025-12-14 12:39:39.
053803.523: [05:38:03]<Core-SW>
053809.628: [05:38:09][202603192.168.231.1-黄埭-核心交换机-05:38:09]
053809.694: [05:38:09]
053809.694: [05:38:09]Info: The max number of VTY users is 5, the number of current VTY users online is 1, and total number of terminal users online is 1.
053809.720: [05:38:09]      The current login time is 2025-12-14 12:49:45.
054809.787: [05:48:09]<Core-SW>
054815.778: [05:48:15][202603192.168.231.1-黄埭-核心交换机-05:48:15]
054815.891: [05:48:15]
054815.892: [05:48:15]Info: The max number of VTY users is 5, the number of current VTY users online is 1, and total number of terminal users online is 1.
054815.892: [05:48:15]      The current login time is 2025-12-14 12:59:51.
055815.923: [05:58:15]<Core-SW>
055822.136: [05:58:22][202603192.168.231.1-黄埭-核心交换机-05:58:22]
055822.178: [05:58:22]
055822.183: [05:58:22]Info: The max number of VTY users is 5, the number of current VTY users online is 1, and total number of terminal users online is 1.
055822.233: [05:58:22]      The current login time is 2025-12-14 13:09:58.
060822.293: [06:08:22]<Core-SW>
060828.098: [06:08:28][202603192.168.231.1-黄埭-核心交换机-06:08:28]
060828.143: [06:08:28]
060828.148: [06:08:28]Info: The max number of VTY users is 5, the number of current VTY users online is 1, and total number of terminal users online is 1.
060828.175: [06:08:28]      The current login time is 2025-12-14 13:20:04.
061828.251: [06:18:28]<Core-SW>
061834.307: [06:18:34][202603192.168.231.1-黄埭-核心交换机-06:18:34]
061834.387: [06:18:34]
061834.392: [06:18:34]Info: The max number of VTY users is 5, the number of current VTY users online is 1, and total number of terminal users online is 1.
061834.433: [06:18:34]      The current login time is 2025-12-14 13:30:10.
062834.485: [06:28:34]<Core-SW>
062840.741: [06:28:40][202603192.168.231.1-黄埭-核心交换机-06:28:40]
062840.796: [06:28:40]
062840.802: [06:28:40]Info: The max number of VTY users is 5, the number of current VTY users online is 1, and total number of terminal users online is 1.
062840.835: [06:28:40]      The current login time is 2025-12-14 13:40:16.
063840.893: [06:38:40]<Core-SW>
063847.342: [06:38:47][202603192.168.231.1-黄埭-核心交换机-06:38:47]
063847.391: [06:38:47]
063847.399: [06:38:47]Info: The max number of VTY users is 5, the number of current VTY users online is 1, and total number of terminal users online is 1.
063847.466: [06:38:47]      The current login time is 2025-12-14 13:50:23.
064847.542: [06:48:47]<Core-SW>
064853.590: [06:48:53][202603192.168.231.1-黄埭-核心交换机-06:48:53]
064853.655: [06:48:53]
064853.661: [06:48:53]Info: The max number of VTY users is 5, the number of current VTY users online is 1, and total number of terminal users online is 1.
064853.705: [06:48:53]      The current login time is 2025-12-14 14:00:29.
065853.766: [06:58:53]<Core-SW>
065859.714: [06:58:59][202603192.168.231.1-黄埭-核心交换机-06:58:59]
065859.764: [06:58:59]
065859.765: [06:58:59]Info: The max number of VTY users is 5, the number of current VTY users online is 1, and total number of terminal users online is 1.
065859.800: [06:58:59]      The current login time is 2025-12-14 14:10:35.
070859.870: [07:08:59]<Core-SW>
070906.103: [07:09:06][202603192.168.231.1-黄埭-核心交换机-07:09:06]
070906.140: [07:09:06]
070906.141: [07:09:06]Info: The max number of VTY users is 5, the number of current VTY users online is 1, and total number of terminal users online is 1.
070906.177: [07:09:06]      The current login time is 2025-12-14 14:20:42.
071906.251: [07:19:06]<Core-SW>
071912.177: [07:19:12][202603192.168.231.1-黄埭-核心交换机-07:19:12]
071912.222: [07:19:12]
071912.223: [07:19:12]Info: The max number of VTY users is 5, the number of current VTY users online is 1, and total number of terminal users online is 1.
071912.257: [07:19:12]      The current login time is 2025-12-14 14:30:48.
072912.325: [07:29:12]<Core-SW>
072918.088: [07:29:18][202603192.168.231.1-黄埭-核心交换机-07:29:18]
072918.132: [07:29:18]
072918.137: [07:29:18]Info: The max number of VTY users is 5, the number of current VTY users online is 1, and total number of terminal users online is 1.
072918.236: [07:29:18]      The current login time is 2025-12-14 14:40:54.
073918.199: [07:39:18]<Core-SW>
073924.188: [07:39:24][202603192.168.231.1-黄埭-核心交换机-07:39:24]
073924.312: [07:39:24]
073924.312: [07:39:24]Info: The max number of VTY users is 5, the number of current VTY users online is 1, and total number of terminal users online is 1.
073924.313: [07:39:24]      The current login time is 2025-12-14 14:51:00.
074924.332: [07:49:24]<Core-SW>
074930.394: [07:49:30][202603192.168.231.1-黄埭-核心交换机-07:49:30]
074930.468: [07:49:30]
074930.477: [07:49:30]Info: The max number of VTY users is 5, the number of current VTY users online is 1, and total number of terminal users online is 1.
074930.511: [07:49:30]      The current login time is 2025-12-14 15:01:06.
075930.588: [07:59:30]<Core-SW>
075936.666: [07:59:36][202603192.168.231.1-黄埭-核心交换机-07:59:36]
075936.710: [07:59:36]
075936.710: [07:59:36]Info: The max number of VTY users is 5, the number of current VTY users online is 1, and total number of terminal users online is 1.
075936.748: [07:59:36]      The current login time is 2025-12-14 15:11:12.
080936.803: [08:09:36]<Core-SW>
080943.263: [08:09:43][202603192.168.231.1-黄埭-核心交换机-08:09:43]
080943.331: [08:09:43]
080943.332: [08:09:43]Info: The max number of VTY users is 5, the number of current VTY users online is 1, and total number of terminal users online is 1.
080943.360: [08:09:43]      The current login time is 2025-12-14 15:21:19.
081943.428: [08:19:43]<Core-SW>
081950.622: [08:19:50][202603192.168.231.1-黄埭-核心交换机-08:19:50]
081950.687: [08:19:50]
081950.692: [08:19:50]Info: The max number of VTY users is 5, the number of current VTY users online is 1, and total number of terminal users online is 1.
081950.736: [08:19:50]      The current login time is 2025-12-14 15:31:26.
082950.873: [08:29:50]<Core-SW>
082957.542: [08:29:57][202603192.168.231.1-黄埭-核心交换机-08:29:57]
082957.585: [08:29:57]
082957.590: [08:29:57]Info: The max number of VTY users is 5, the number of current VTY users online is 1, and total number of terminal users online is 1.
082957.618: [08:29:57]      The current login time is 2025-12-14 15:41:33.
083957.721: [08:39:57]<Core-SW>
084004.663: [08:40:04][202603192.168.231.1-黄埭-核心交换机-08:40:04]
084004.711: [08:40:04]
084004.717: [08:40:04]Info: The max number of VTY users is 5, the number of current VTY users online is 1, and total number of terminal users online is 1.
084004.746: [08:40:04]      The current login time is 2025-12-14 15:51:40.
085004.823: [08:50:04]<Core-SW>
085011.462: [08:50:11][202603192.168.231.1-黄埭-核心交换机-08:50:11]
085011.535: [08:50:11]
085011.536: [08:50:11]Info: The max number of VTY users is 5, the number of current VTY users online is 1, and total number of terminal users online is 1.
085011.568: [08:50:11]      The current login time is 2025-12-14 16:01:47.
090011.698: [09:00:11]<Core-SW>
090018.411: [09:00:18][202603192.168.231.1-黄埭-核心交换机-09:00:18]
090018.464: [09:00:18]
090018.472: [09:00:18]Info: The max number of VTY users is 5, the number of current VTY users online is 1, and total number of terminal users online is 1.
090018.569: [09:00:18]      The current login time is 2025-12-14 16:11:54.
091018.588: [09:10:18]<Core-SW>
091024.870: [09:10:24][202603192.168.231.1-黄埭-核心交换机-09:10:24]
091024.980: [09:10:24]
091024.980: [09:10:24]Info: The max number of VTY users is 5, the number of current VTY users online is 1, and total number of terminal users online is 1.
091024.989: [09:10:24]      The current login time is 2025-12-14 16:22:00.
092025.087: [09:20:25]<Core-SW>
092031.270: [09:20:31][202603192.168.231.1-黄埭-核心交换机-09:20:31]
092031.306: [09:20:31]
092031.306: [09:20:31]Info: The max number of VTY users is 5, the number of current VTY users online is 1, and total number of terminal users online is 1.
092031.347: [09:20:31]      The current login time is 2025-12-14 16:32:07.
093031.479: [09:30:31]<Core-SW>
093038.556: [09:30:38][202603192.168.231.1-黄埭-核心交换机-09:30:38]
093038.617: [09:30:38]
093038.622: [09:30:38]Info: The max number of VTY users is 5, the number of current VTY users online is 1, and total number of terminal users online is 1.
093038.711: [09:30:38]      The current login time is 2025-12-14 16:42:14.
094038.733: [09:40:38]<Core-SW>
094044.671: [09:40:44][202603192.168.231.1-黄埭-核心交换机-09:40:44]
094044.791: [09:40:44]
094044.792: [09:40:44]Info: The max number of VTY users is 5, the number of current VTY users online is 1, and total number of terminal users online is 1.
094044.792: [09:40:44]      The current login time is 2025-12-14 16:52:20.
095044.887: [09:50:44]<Core-SW>
095051.425: [09:50:51][202603192.168.231.1-黄埭-核心交换机-09:50:51]
095051.492: [09:50:51]
095051.494: [09:50:51]Info: The max number of VTY users is 5, the number of current VTY users online is 1, and total number of terminal users online is 1.
095051.529: [09:50:51]      The current login time is 2025-12-14 17:02:27.
100051.731: [10:00:51]<Core-SW>
100057.828: [10:00:57][202603192.168.231.1-黄埭-核心交换机-10:00:57]
100057.868: [10:00:57]
100057.869: [10:00:57]Info: The max number of VTY users is 5, the number of current VTY users online is 1, and total number of terminal users online is 1.
100057.902: [10:00:57]      The current login time is 2025-12-14 17:12:33.
101057.977: [10:10:57]<Core-SW>
101104.336: [10:11:04][202603192.168.231.1-黄埭-核心交换机-10:11:04]
101104.373: [10:11:04]
101104.374: [10:11:04]Info: The max number of VTY users is 5, the number of current VTY users online is 1, and total number of terminal users online is 1.
101104.412: [10:11:04]      The current login time is 2025-12-14 17:22:40.
102104.495: [10:21:04]<Core-SW>
102110.942: [10:21:10][202603192.168.231.1-黄埭-核心交换机-10:21:10]
102111.011: [10:21:11]
102111.012: [10:21:11]Info: The max number of VTY users is 5, the number of current VTY users online is 1, and total number of terminal users online is 1.
102111.046: [10:21:11]      The current login time is 2025-12-14 17:32:47.
103111.247: [10:31:11]<Core-SW>
103117.185: [10:31:17][202603192.168.231.1-黄埭-核心交换机-10:31:17]
103117.318: [10:31:17]
103117.319: [10:31:17]Info: The max number of VTY users is 5, the number of current VTY users online is 1, and total number of terminal users online is 1.
103117.360: [10:31:17]      The current login time is 2025-12-14 17:42:53.
104117.566: [10:41:17]<Core-SW>
104123.716: [10:41:23][202603192.168.231.1-黄埭-核心交换机-10:41:23]
104123.830: [10:41:23]
104123.831: [10:41:23]Info: The max number of VTY users is 5, the number of current VTY users online is 1, and total number of terminal users online is 1.
104123.832: [10:41:23]      The current login time is 2025-12-14 17:52:59.
105123.843: [10:51:23]<Core-SW>
105129.614: [10:51:29][202603192.168.231.1-黄埭-核心交换机-10:51:29]
105129.782: [10:51:29]
105129.789: [10:51:29]Info: The max number of VTY users is 5, the number of current VTY users online is 1, and total number of terminal users online is 1.
105129.823: [10:51:29]      The current login time is 2025-12-14 18:03:05.
110129.900: [11:01:29]<Core-SW>
110136.355: [11:01:36][202603192.168.231.1-黄埭-核心交换机-11:01:36]
110136.430: [11:01:36]
110136.436: [11:01:36]Info: The max number of VTY users is 5, the number of current VTY users online is 1, and total number of terminal users online is 1.
110136.476: [11:01:36]      The current login time is 2025-12-14 18:13:12.
111136.561: [11:11:36]<Core-SW>
111142.760: [11:11:42][202603192.168.231.1-黄埭-核心交换机-11:11:42]
111142.833: [11:11:42]
111142.834: [11:11:42]Info: The max number of VTY users is 5, the number of current VTY users online is 1, and total number of terminal users online is 1.
111142.868: [11:11:42]      The current login time is 2025-12-14 18:23:18.
112142.936: [11:21:42]<Core-SW>
112149.190: [11:21:49][202603192.168.231.1-黄埭-核心交换机-11:21:49]
112149.236: [11:21:49]
112149.248: [11:21:49]Info: The max number of VTY users is 5, the number of current VTY users online is 1, and total number of terminal users online is 1.
112149.285: [11:21:49]      The current login time is 2025-12-14 18:33:25.
113149.346: [11:31:49]<Core-SW>
113155.122: [11:31:55][202603192.168.231.1-黄埭-核心交换机-11:31:55]
113155.259: [11:31:55]
113155.260: [11:31:55]Info: The max number of VTY users is 5, the number of current VTY users online is 2, and total number of terminal users online is 2.
113155.260: [11:31:55]      The current login time is 2025-12-14 18:43:31.
114155.254: [11:41:55]<Core-SW>
114201.200: [11:42:01][202603192.168.231.1-黄埭-核心交换机-11:42:01]
114201.249: [11:42:01]
114201.250: [11:42:01]Info: The max number of VTY users is 5, the number of current VTY users online is 2, and total number of terminal users online is 2.
114201.273: [11:42:01]      The current login time is 2025-12-14 18:53:37.
115201.316: [11:52:01]<Core-SW>
115207.230: [11:52:07][202603192.168.231.1-黄埭-核心交换机-11:52:07]
115207.275: [11:52:07]
115207.286: [11:52:07]Info: The max number of VTY users is 5, the number of current VTY users online is 2, and total number of terminal users online is 2.
115207.317: [11:52:07]      The current login time is 2025-12-14 19:03:43.
120207.334: [12:02:07]<Core-SW>
120213.116: [12:02:13][202603192.168.231.1-黄埭-核心交换机-12:02:13]
120213.159: [12:02:13]
120213.170: [12:02:13]Info: The max number of VTY users is 5, the number of current VTY users online is 2, and total number of terminal users online is 2.
120213.202: [12:02:13]      The current login time is 2025-12-14 19:13:49.
121213.276: [12:12:13]<Core-SW>
121219.196: [12:12:19][202603192.168.231.1-黄埭-核心交换机-12:12:19]
121219.253: [12:12:19]
121219.254: [12:12:19]Info: The max number of VTY users is 5, the number of current VTY users online is 2, and total number of terminal users online is 2.
121219.283: [12:12:19]      The current login time is 2025-12-14 19:23:55.
122219.347: [12:22:19]<Core-SW>
122225.135: [12:22:25][202603192.168.231.1-黄埭-核心交换机-12:22:25]
122225.189: [12:22:25]
122225.190: [12:22:25]Info: The max number of VTY users is 5, the number of current VTY users online is 2, and total number of terminal users online is 2.
122225.217: [12:22:25]      The current login time is 2025-12-14 19:34:01.
123225.271: [12:32:25]<Core-SW>
123231.225: [12:32:31][202603192.168.231.1-黄埭-核心交换机-12:32:31]
123231.283: [12:32:31]
123231.292: [12:32:31]Info: The max number of VTY users is 5, the number of current VTY users online is 2, and total number of terminal users online is 2.
123231.330: [12:32:31]      The current login time is 2025-12-14 19:44:07.
124231.353: [12:42:31]<Core-SW>
124237.174: [12:42:37][202603192.168.231.1-黄埭-核心交换机-12:42:37]
124237.313: [12:42:37]
124237.324: [12:42:37]Info: The max number of VTY users is 5, the number of current VTY users online is 2, and total number of terminal users online is 2.
124237.354: [12:42:37]      The current login time is 2025-12-14 19:54:13.
125237.428: [12:52:37]<Core-SW>
125243.571: [12:52:43][202603192.168.231.1-黄埭-核心交换机-12:52:43]
125243.647: [12:52:43]
125243.648: [12:52:43]Info: The max number of VTY users is 5, the number of current VTY users online is 2, and total number of terminal users online is 2.
125243.679: [12:52:43]      The current login time is 2025-12-14 20:04:19.
130243.722: [13:02:43]<Core-SW>
130249.602: [13:02:49][202603192.168.231.1-黄埭-核心交换机-13:02:49]
130249.661: [13:02:49]
130249.662: [13:02:49]Info: The max number of VTY users is 5, the number of current VTY users online is 2, and total number of terminal users online is 2.
130249.695: [13:02:49]      The current login time is 2025-12-14 20:14:25.
131249.748: [13:12:49]<Core-SW>
131255.722: [13:12:55][202603192.168.231.1-黄埭-核心交换机-13:12:55]
131255.765: [13:12:55]
131255.765: [13:12:55]Info: The max number of VTY users is 5, the number of current VTY users online is 2, and total number of terminal users online is 2.
131255.790: [13:12:55]      The current login time is 2025-12-14 20:24:31.
132255.923: [13:22:55]<Core-SW>
132302.139: [13:23:02][202603192.168.231.1-黄埭-核心交换机-13:23:02]
132302.191: [13:23:02]
132302.191: [13:23:02]Info: The max number of VTY users is 5, the number of current VTY users online is 2, and total number of terminal users online is 2.
132302.215: [13:23:02]      The current login time is 2025-12-14 20:34:38.
133302.286: [13:33:02]<Core-SW>
133308.282: [13:33:08][202603192.168.231.1-黄埭-核心交换机-13:33:08]
133308.337: [13:33:08]
133308.338: [13:33:08]Info: The max number of VTY users is 5, the number of current VTY users online is 2, and total number of terminal users online is 2.
133308.382: [13:33:08]      The current login time is 2025-12-14 20:44:44.
134308.464: [13:43:08]<Core-SW>
134314.665: [13:43:14][202603192.168.231.1-黄埭-核心交换机-13:43:14]
134314.770: [13:43:14]
134314.779: [13:43:14]Info: The max number of VTY users is 5, the number of current VTY users online is 2, and total number of terminal users online is 2.
134314.810: [13:43:14]      The current login time is 2025-12-14 20:54:50.
135314.981: [13:53:14]<Core-SW>
135321.132: [13:53:21][202603192.168.231.1-黄埭-核心交换机-13:53:21]
135321.251: [13:53:21]
135321.252: [13:53:21]Info: The max number of VTY users is 5, the number of current VTY users online is 2, and total number of terminal users online is 2.
135321.252: [13:53:21]      The current login time is 2025-12-14 21:04:57.
140321.277: [14:03:21]<Core-SW>
140327.251: [14:03:27][202603192.168.231.1-黄埭-核心交换机-14:03:27]
140327.394: [14:03:27]
140327.406: [14:03:27]Info: The max number of VTY users is 5, the number of current VTY users online is 2, and total number of terminal users online is 2.
140327.426: [14:03:27]      The current login time is 2025-12-14 21:15:03.
141327.508: [14:13:27]<Core-SW>
141333.673: [14:13:33][202603192.168.231.1-黄埭-核心交换机-14:13:33]
141333.715: [14:13:33]
141333.727: [14:13:33]Info: The max number of VTY users is 5, the number of current VTY users online is 2, and total number of terminal users online is 2.
141333.752: [14:13:33]      The current login time is 2025-12-14 21:25:09.
142333.794: [14:23:33]<Core-SW>
142339.635: [14:23:39][202603192.168.231.1-黄埭-核心交换机-14:23:39]
142339.682: [14:23:39]
142339.692: [14:23:39]Info: The max number of VTY users is 5, the number of current VTY users online is 2, and total number of terminal users online is 2.
142339.723: [14:23:39]      The current login time is 2025-12-14 21:35:15.
143339.829: [14:33:39]<Core-SW>
143345.685: [14:33:45][202603192.168.231.1-黄埭-核心交换机-14:33:45]
143345.823: [14:33:45]
143345.833: [14:33:45]Info: The max number of VTY users is 5, the number of current VTY users online is 2, and total number of terminal users online is 2.
143345.858: [14:33:45]      The current login time is 2025-12-14 21:45:22.
144345.922: [14:43:45]<Core-SW>
144352.245: [14:43:52][202603192.168.231.1-黄埭-核心交换机-14:43:52]
144352.294: [14:43:52]
144352.295: [14:43:52]Info: The max number of VTY users is 5, the number of current VTY users online is 2, and total number of terminal users online is 2.
144352.326: [14:43:52]      The current login time is 2025-12-14 21:55:28.
145352.464: [14:53:52]<Core-SW>
145358.721: [14:53:58][202603192.168.231.1-黄埭-核心交换机-14:53:58]
145358.771: [14:53:58]
145358.773: [14:53:58]Info: The max number of VTY users is 5, the number of current VTY users online is 2, and total number of terminal users online is 2.
145358.799: [14:53:58]      The current login time is 2025-12-14 22:05:34.
150358.868: [15:03:58]<Core-SW>
150404.644: [15:04:04][202603192.168.231.1-黄埭-核心交换机-15:04:04]
150404.691: [15:04:04]
150404.692: [15:04:04]Info: The max number of VTY users is 5, the number of current VTY users online is 2, and total number of terminal users online is 2.
150404.731: [15:04:04]      The current login time is 2025-12-14 22:15:40.
151404.792: [15:14:04]<Core-SW>
151410.614: [15:14:10][202603192.168.231.1-黄埭-核心交换机-15:14:10]
151410.661: [15:14:10]
151410.678: [15:14:10]Info: The max number of VTY users is 5, the number of current VTY users online is 2, and total number of terminal users online is 2.
151410.704: [15:14:10]      The current login time is 2025-12-14 22:25:46.
152410.778: [15:24:10]<Core-SW>
152416.708: [15:24:16][202603192.168.231.1-黄埭-核心交换机-15:24:16]
152416.764: [15:24:16]
152416.771: [15:24:16]Info: The max number of VTY users is 5, the number of current VTY users online is 2, and total number of terminal users online is 2.
152416.797: [15:24:16]      The current login time is 2025-12-14 22:35:52.
153416.838: [15:34:16]<Core-SW>
153422.760: [15:34:22][202603192.168.231.1-黄埭-核心交换机-15:34:22]
153422.832: [15:34:22]
153422.843: [15:34:22]Info: The max number of VTY users is 5, the number of current VTY users online is 2, and total number of terminal users online is 2.
153422.862: [15:34:22]      The current login time is 2025-12-14 22:45:59.
154423.108: [15:44:23]<Core-SW>
154429.211: [15:44:29][202603192.168.231.1-黄埭-核心交换机-15:44:29]
154429.347: [15:44:29]
154429.348: [15:44:29]Info: The max number of VTY users is 5, the number of current VTY users online is 2, and total number of terminal users online is 2.
154429.348: [15:44:29]      The current login time is 2025-12-14 22:56:05.
155429.359: [15:54:29]<Core-SW>
155435.269: [15:54:35][202603192.168.231.1-黄埭-核心交换机-15:54:35]
155435.319: [15:54:35]
155435.331: [15:54:35]Info: The max number of VTY users is 5, the number of current VTY users online is 2, and total number of terminal users online is 2.
155435.349: [15:54:35]      The current login time is 2025-12-14 23:06:11.
160435.392: [16:04:35]<Core-SW>
160441.176: [16:04:41][202603192.168.231.1-黄埭-核心交换机-16:04:41]
160441.224: [16:04:41]
160441.236: [16:04:41]Info: The max number of VTY users is 5, the number of current VTY users online is 2, and total number of terminal users online is 2.
160441.278: [16:04:41]      The current login time is 2025-12-14 23:16:17.
161441.371: [16:14:41]<Core-SW>
161447.401: [16:14:47][202603192.168.231.1-黄埭-核心交换机-16:14:47]
161447.452: [16:14:47]
161447.452: [16:14:47]Info: The max number of VTY users is 5, the number of current VTY users online is 2, and total number of terminal users online is 2.
161447.490: [16:14:47]      The current login time is 2025-12-14 23:26:23.
162447.559: [16:24:47]<Core-SW>
162453.759: [16:24:53][202603192.168.231.1-黄埭-核心交换机-16:24:53]
162453.818: [16:24:53]
162453.819: [16:24:53]Info: The max number of VTY users is 5, the number of current VTY users online is 2, and total number of terminal users online is 2.
162453.842: [16:24:53]      The current login time is 2025-12-14 23:36:30.
163453.892: [16:34:53]<Core-SW>
163459.687: [16:34:59][202603192.168.231.1-黄埭-核心交换机-16:34:59]
163459.818: [16:34:59]
163459.818: [16:34:59]Info: The max number of VTY users is 5, the number of current VTY users online is 2, and total number of terminal users online is 2.
163459.818: [16:34:59]      The current login time is 2025-12-14 23:46:36.
164459.862: [16:44:59]<Core-SW>
164505.648: [16:45:05][202603192.168.231.1-黄埭-核心交换机-16:45:05]
164505.696: [16:45:05]
164505.697: [16:45:05]Info: The max number of VTY users is 5, the number of current VTY users online is 2, and total number of terminal users online is 2.
164505.736: [16:45:05]      The current login time is 2025-12-14 23:56:41.
165505.780: [16:55:05]<Core-SW>
165511.724: [16:55:11][202603192.168.231.1-黄埭-核心交换机-16:55:11]
165511.776: [16:55:11]
165511.776: [16:55:11]Info: The max number of VTY users is 5, the number of current VTY users online is 2, and total number of terminal users online is 2.
165511.801: [16:55:11]      The current login time is 2025-12-15 00:06:48.
170511.864: [17:05:11]<Core-SW>
170518.026: [17:05:18][202603192.168.231.1-黄埭-核心交换机-17:05:18]
170518.178: [17:05:18]
170518.179: [17:05:18]Info: The max number of VTY users is 5, the number of current VTY users online is 2, and total number of terminal users online is 2.
170518.233: [17:05:18]      The current login time is 2025-12-15 00:16:54.
171518.306: [17:15:18]<Core-SW>
171524.239: [17:15:24][202603192.168.231.1-黄埭-核心交换机-17:15:24]
171524.298: [17:15:24]
171524.308: [17:15:24]Info: The max number of VTY users is 5, the number of current VTY users online is 2, and total number of terminal users online is 2.
171524.328: [17:15:24]      The current login time is 2025-12-15 00:27:00.
172524.391: [17:25:24]<Core-SW>
172530.169: [17:25:30][202603192.168.231.1-黄埭-核心交换机-17:25:30]
172530.231: [17:25:30]
172530.232: [17:25:30]Info: The max number of VTY users is 5, the number of current VTY users online is 2, and total number of terminal users online is 2.
172530.275: [17:25:30]      The current login time is 2025-12-15 00:37:06.
173530.333: [17:35:30]<Core-SW>
173536.186: [17:35:36][202603192.168.231.1-黄埭-核心交换机-17:35:36]
173536.241: [17:35:36]
173536.253: [17:35:36]Info: The max number of VTY users is 5, the number of current VTY users online is 2, and total number of terminal users online is 2.
173536.261: [17:35:36]      The current login time is 2025-12-15 00:47:12.
174536.414: [17:45:36]<Core-SW>
174542.639: [17:45:42][202603192.168.231.1-黄埭-核心交换机-17:45:42]
174542.701: [17:45:42]
174542.710: [17:45:42]Info: The max number of VTY users is 5, the number of current VTY users online is 2, and total number of terminal users online is 2.
174542.732: [17:45:42]      The current login time is 2025-12-15 00:57:19.
175542.773: [17:55:42]<Core-SW>
175548.683: [17:55:48][202603192.168.231.1-黄埭-核心交换机-17:55:48]
175548.727: [17:55:48]
175548.739: [17:55:48]Info: The max number of VTY users is 5, the number of current VTY users online is 2, and total number of terminal users online is 2.
175548.771: [17:55:48]      The current login time is 2025-12-15 01:07:25.
180548.837: [18:05:48]<Core-SW>
180554.756: [18:05:54][202603192.168.231.1-黄埭-核心交换机-18:05:54]
180554.808: [18:05:54]
180554.809: [18:05:54]Info: The max number of VTY users is 5, the number of current VTY users online is 2, and total number of terminal users online is 2.
180554.838: [18:05:54]      The current login time is 2025-12-15 01:17:31.
181554.888: [18:15:54]<Core-SW>
181600.839: [18:16:00][202603192.168.231.1-黄埭-核心交换机-18:16:00]
181600.881: [18:16:00]
181600.894: [18:16:00]Info: The max number of VTY users is 5, the number of current VTY users online is 2, and total number of terminal users online is 2.
181600.914: [18:16:00]      The current login time is 2025-12-15 01:27:37.
182600.971: [18:26:00]<Core-SW>
182607.117: [18:26:07][202603192.168.231.1-黄埭-核心交换机-18:26:07]
182607.161: [18:26:07]
182607.161: [18:26:07]Info: The max number of VTY users is 5, the number of current VTY users online is 2, and total number of terminal users online is 2.
182607.200: [18:26:07]      The current login time is 2025-12-15 01:37:43.
183607.234: [18:36:07]<Core-SW>
183613.225: [18:36:13][202603192.168.231.1-黄埭-核心交换机-18:36:13]
183613.273: [18:36:13]
183613.282: [18:36:13]Info: The max number of VTY users is 5, the number of current VTY users online is 2, and total number of terminal users online is 2.
183613.302: [18:36:13]      The current login time is 2025-12-15 01:47:49.
184613.358: [18:46:13]<Core-SW>
184619.303: [18:46:19][202603192.168.231.1-黄埭-核心交换机-18:46:19]
184619.377: [18:46:19]
184619.378: [18:46:19]Info: The max number of VTY users is 5, the number of current VTY users online is 2, and total number of terminal users online is 2.
184619.411: [18:46:19]      The current login time is 2025-12-15 01:57:55.
185619.480: [18:56:19]<Core-SW>
185625.653: [18:56:25][202603192.168.231.1-黄埭-核心交换机-18:56:25]
185625.710: [18:56:25]
185625.711: [18:56:25]Info: The max number of VTY users is 5, the number of current VTY users online is 2, and total number of terminal users online is 2.
185625.738: [18:56:25]      The current login time is 2025-12-15 02:08:02.
190625.803: [19:06:25]<Core-SW>
190631.731: [19:06:31][202603192.168.231.1-黄埭-核心交换机-19:06:31]
190631.777: [19:06:31]
190631.778: [19:06:31]Info: The max number of VTY users is 5, the number of current VTY users online is 2, and total number of terminal users online is 2.
190631.809: [19:06:31]      The current login time is 2025-12-15 02:18:08.
191631.865: [19:16:31]<Core-SW>
191637.708: [19:16:37][202603192.168.231.1-黄埭-核心交换机-19:16:37]
191637.832: [19:16:37]
191637.841: [19:16:37]Info: The max number of VTY users is 5, the number of current VTY users online is 2, and total number of terminal users online is 2.
191637.858: [19:16:37]      The current login time is 2025-12-15 02:28:14.
192638.023: [19:26:38]<Core-SW>
192644.157: [19:26:44][202603192.168.231.1-黄埭-核心交换机-19:26:44]
192644.206: [19:26:44]
192644.207: [19:26:44]Info: The max number of VTY users is 5, the number of current VTY users online is 2, and total number of terminal users online is 2.
192644.229: [19:26:44]      The current login time is 2025-12-15 02:38:20.
193644.295: [19:36:44]<Core-SW>
193650.126: [19:36:50][202603192.168.231.1-黄埭-核心交换机-19:36:50]
193650.181: [19:36:50]
193650.191: [19:36:50]Info: The max number of VTY users is 5, the number of current VTY users online is 2, and total number of terminal users online is 2.
193650.218: [19:36:50]      The current login time is 2025-12-15 02:48:26.
194650.346: [19:46:50]<Core-SW>
194656.225: [19:46:56][202603192.168.231.1-黄埭-核心交换机-19:46:56]
194656.268: [19:46:56]
194656.269: [19:46:56]Info: The max number of VTY users is 5, the number of current VTY users online is 2, and total number of terminal users online is 2.
194656.297: [19:46:56]      The current login time is 2025-12-15 02:58:32.
195656.457: [19:56:56]<Core-SW>
195702.742: [19:57:02][202603192.168.231.1-黄埭-核心交换机-19:57:02]
195702.803: [19:57:02]
195702.813: [19:57:02]Info: The max number of VTY users is 5, the number of current VTY users online is 2, and total number of terminal users online is 2.
195702.834: [19:57:02]      The current login time is 2025-12-15 03:08:39.
200702.959: [20:07:02]<Core-SW>
200709.271: [20:07:09][202603192.168.231.1-黄埭-核心交换机-20:07:09]
200709.342: [20:07:09]
200709.353: [20:07:09]Info: The max number of VTY users is 5, the number of current VTY users online is 2, and total number of terminal users online is 2.
200709.388: [20:07:09]      The current login time is 2025-12-15 03:18:45.
201709.451: [20:17:09]<Core-SW>
201715.730: [20:17:15][202603192.168.231.1-黄埭-核心交换机-20:17:15]
201715.850: [20:17:15]
201715.851: [20:17:15]Info: The max number of VTY users is 5, the number of current VTY users online is 2, and total number of terminal users online is 2.
201715.851: [20:17:15]      The current login time is 2025-12-15 03:28:52.
202716.010: [20:27:16]<Core-SW>
202722.172: [20:27:22][202603192.168.231.1-黄埭-核心交换机-20:27:22]
202722.244: [20:27:22]
202722.245: [20:27:22]Info: The max number of VTY users is 5, the number of current VTY users online is 2, and total number of terminal users online is 2.
202722.261: [20:27:22]      The current login time is 2025-12-15 03:38:58.
203722.324: [20:37:22]<Core-SW>
203728.171: [20:37:28][202603192.168.231.1-黄埭-核心交换机-20:37:28]
203728.217: [20:37:28]
203728.229: [20:37:28]Info: The max number of VTY users is 5, the number of current VTY users online is 2, and total number of terminal users online is 2.
203728.241: [20:37:28]      The current login time is 2025-12-15 03:49:04.
204728.315: [20:47:28]<Core-SW>
204734.177: [20:47:34][202603192.168.231.1-黄埭-核心交换机-20:47:34]
204734.231: [20:47:34]
204734.231: [20:47:34]Info: The max number of VTY users is 5, the number of current VTY users online is 2, and total number of terminal users online is 2.
204734.251: [20:47:34]      The current login time is 2025-12-15 03:59:10.
205734.290: [20:57:34]<Core-SW>
205740.179: [20:57:40][202603192.168.231.1-黄埭-核心交换机-20:57:40]
205740.235: [20:57:40]
205740.236: [20:57:40]Info: The max number of VTY users is 5, the number of current VTY users online is 2, and total number of terminal users online is 2.
205740.268: [20:57:40]      The current login time is 2025-12-15 04:09:16.
210740.342: [21:07:40]<Core-SW>
210746.107: [21:07:46][202603192.168.231.1-黄埭-核心交换机-21:07:46]
210746.247: [21:07:46]
210746.248: [21:07:46]Info: The max number of VTY users is 5, the number of current VTY users online is 2, and total number of terminal users online is 2.
210746.248: [21:07:46]      The current login time is 2025-12-15 04:19:22.
211746.316: [21:17:46]<Core-SW>
211752.220: [21:17:52][202603192.168.231.1-黄埭-核心交换机-21:17:52]
211752.324: [21:17:52]
211752.325: [21:17:52]Info: The max number of VTY users is 5, the number of current VTY users online is 2, and total number of terminal users online is 2.
211752.325: [21:17:52]      The current login time is 2025-12-15 04:29:28.
212752.345: [21:27:52]<Core-SW>
212758.398: [21:27:58][202603192.168.231.1-黄埭-核心交换机-21:27:58]
212758.447: [21:27:58]
212758.448: [21:27:58]Info: The max number of VTY users is 5, the number of current VTY users online is 2, and total number of terminal users online is 2.
212758.477: [21:27:58]      The current login time is 2025-12-15 04:39:34.
213758.516: [21:37:58]<Core-SW>
213804.788: [21:38:04][202603192.168.231.1-黄埭-核心交换机-21:38:04]
213804.848: [21:38:04]
213804.859: [21:38:04]Info: The max number of VTY users is 5, the number of current VTY users online is 2, and total number of terminal users online is 2.
213804.885: [21:38:04]      The current login time is 2025-12-15 04:49:41.
214804.941: [21:48:04]<Core-SW>
214811.252: [21:48:11][202603192.168.231.1-黄埭-核心交换机-21:48:11]
214811.295: [21:48:11]
214811.306: [21:48:11]Info: The max number of VTY users is 5, the number of current VTY users online is 2, and total number of terminal users online is 2.
214811.328: [21:48:11]      The current login time is 2025-12-15 04:59:47.
215811.407: [21:58:11]<Core-SW>
215817.260: [21:58:17][202603192.168.231.1-黄埭-核心交换机-21:58:17]
215817.299: [21:58:17]
215817.300: [21:58:17]Info: The max number of VTY users is 5, the number of current VTY users online is 2, and total number of terminal users online is 2.
215817.322: [21:58:17]      The current login time is 2025-12-15 05:09:53.
220817.370: [22:08:17]<Core-SW>
220823.642: [22:08:23][202603192.168.231.1-黄埭-核心交换机-22:08:23]
220823.761: [22:08:23]
220823.762: [22:08:23]Info: The max number of VTY users is 5, the number of current VTY users online is 2, and total number of terminal users online is 2.
220823.763: [22:08:23]      The current login time is 2025-12-15 05:20:00.
221823.763: [22:18:23]<Core-SW>
221829.888: [22:18:29][202603192.168.231.1-黄埭-核心交换机-22:18:29]
221829.942: [22:18:29]
221829.943: [22:18:29]Info: The max number of VTY users is 5, the number of current VTY users online is 2, and total number of terminal users online is 2.
221829.969: [22:18:29]      The current login time is 2025-12-15 05:30:06.
222830.040: [22:28:30]<Core-SW>
222836.122: [22:28:36][202603192.168.231.1-黄埭-核心交换机-22:28:36]
222836.184: [22:28:36]
222836.185: [22:28:36]Info: The max number of VTY users is 5, the number of current VTY users online is 2, and total number of terminal users online is 2.
222836.206: [22:28:36]      The current login time is 2025-12-15 05:40:12.
223836.255: [22:38:36]<Core-SW>
223842.210: [22:38:42][202603192.168.231.1-黄埭-核心交换机-22:38:42]
223842.256: [22:38:42]
223842.265: [22:38:42]Info: The max number of VTY users is 5, the number of current VTY users online is 2, and total number of terminal users online is 2.
223842.277: [22:38:42]      The current login time is 2025-12-15 05:50:18.
224842.337: [22:48:42]<Core-SW>
224848.236: [22:48:48][202603192.168.231.1-黄埭-核心交换机-22:48:48]
224848.274: [22:48:48]
224848.285: [22:48:48]Info: The max number of VTY users is 5, the number of current VTY users online is 2, and total number of terminal users online is 2.
224848.339: [22:48:48]      The current login time is 2025-12-15 06:00:24.
225848.474: [22:58:48]<Core-SW>
225854.710: [22:58:54][202603192.168.231.1-黄埭-核心交换机-22:58:54]
225854.756: [22:58:54]
225854.757: [22:58:54]Info: The max number of VTY users is 5, the number of current VTY users online is 2, and total number of terminal users online is 2.
225854.783: [22:58:54]      The current login time is 2025-12-15 06:10:31.
230854.839: [23:08:54]<Core-SW>
230900.858: [23:09:00][202603192.168.231.1-黄埭-核心交换机-23:09:00]
230900.932: [23:09:00]
230900.933: [23:09:00]Info: The max number of VTY users is 5, the number of current VTY users online is 2, and total number of terminal users online is 2.
230900.990: [23:09:00]      The current login time is 2025-12-15 06:20:37.
231901.060: [23:19:01]<Core-SW>
231907.373: [23:19:07][202603192.168.231.1-黄埭-核心交换机-23:19:07]
231907.420: [23:19:07]
231907.421: [23:19:07]Info: The max number of VTY users is 5, the number of current VTY users online is 2, and total number of terminal users online is 2.
231907.470: [23:19:07]      The current login time is 2025-12-15 06:30:43.
232907.514: [23:29:07]<Core-SW>
232913.661: [23:29:13][202603192.168.231.1-黄埭-核心交换机-23:29:13]
232913.707: [23:29:13]
232913.708: [23:29:13]Info: The max number of VTY users is 5, the number of current VTY users online is 2, and total number of terminal users online is 2.
232913.767: [23:29:13]      The current login time is 2025-12-15 06:40:50.
233913.824: [23:39:13]<Core-SW>
233919.687: [23:39:19][202603192.168.231.1-黄埭-核心交换机-23:39:19]
233919.724: [23:39:19]
233919.736: [23:39:19]Info: The max number of VTY users is 5, the number of current VTY users online is 2, and total number of terminal users online is 2.
233919.765: [23:39:19]      The current login time is 2025-12-15 06:50:56.
234919.810: [23:49:19]<Core-SW>
234925.698: [23:49:25][202603192.168.231.1-黄埭-核心交换机-23:49:25]
234925.738: [23:49:25]
234925.739: [23:49:25]Info: The max number of VTY users is 5, the number of current VTY users online is 2, and total number of terminal users online is 2.
234925.770: [23:49:25]      The current login time is 2025-12-15 07:01:02.
235925.949: [23:59:25]<Core-SW>
235932.213: [23:59:32][202603192.168.231.1-黄埭-核心交换机-23:59:32]
235932.264: [23:59:32]
235932.273: [23:59:32]Info: The max number of VTY users is 5, the number of current VTY users online is 2, and total number of terminal users online is 2.
235932.297: [23:59:32]      The current login time is 2025-12-15 07:11:08.
