030235.118: [03:02:35][202604Home-Dell-Public-03:02:35]
030235.222: [03:02:35]Linux anncara-computer 6.12.41+deb13-amd64 #1 SMP PREEMPT_DYNAMIC Debian 6.12.41-1 (2025-08-12) x86_64
030235.222: [03:02:35]
030235.222: [03:02:35]The programs included with the Debian GNU/Linux system are free software;
030235.223: [03:02:35]the exact distribution terms for each program are described in the
030235.223: [03:02:35]individual files in /usr/share/doc/*/copyright.
030235.223: [03:02:35]
030235.223: [03:02:35]Debian GNU/Linux comes with ABSOLUTELY NO WARRANTY, to the extent
030235.224: [03:02:35]permitted by applicable law.
030235.224: [03:02:35]Last login: Tue Apr  7 20:01:55 2026 from 223.107.68.194
083910.814: [08:39:10][202604Home-Dell-Public-08:39:10]
083910.864: [08:39:10]Linux anncara-computer 6.12.41+deb13-amd64 #1 SMP PREEMPT_DYNAMIC Debian 6.12.41-1 (2025-08-12) x86_64
083910.864: [08:39:10]
083910.864: [08:39:10]The programs included with the Debian GNU/Linux system are free software;
083910.865: [08:39:10]the exact distribution terms for each program are described in the
083910.865: [08:39:10]individual files in /usr/share/doc/*/copyright.
083910.865: [08:39:10]
083910.866: [08:39:10]Debian GNU/Linux comes with ABSOLUTELY NO WARRANTY, to the extent
083910.866: [08:39:10]permitted by applicable law.
083910.869: [08:39:10]Last login: Wed Apr  8 03:02:35 2026 from 223.107.68.194
