100538.547: [10:05:38][202603负一楼的浪潮交换机-10:05:38]
100538.845: [10:05:38]
100541.832: [10:05:41]SCN9300H-01# show running-config 
100541.871: [10:05:41]Building configuration...
100541.881: [10:05:41]version 10.011.003.24
100541.881: [10:05:41]!
100541.881: [10:05:41]no service password-encryption
100541.881: [10:05:41]!
100541.881: [10:05:41]!
100541.881: [10:05:41]!
100541.882: [10:05:41]hostname SCN9300H-01
100541.882: [10:05:41]!
100541.882: [10:05:41]!
100541.882: [10:05:41]username admin privilege 4 password inspur@123
100541.882: [10:05:41]!
100541.882: [10:05:41]!
100541.882: [10:05:41]ipv6 enable
100541.882: [10:05:41]management ip address 172.16.100.11/24
100541.882: [10:05:41]ip ssh server enable
100541.882: [10:05:41]!
100541.882: [10:05:41]!
100541.882: [10:05:41]vlan database
100541.882: [10:05:41] vlan 101
100541.882: [10:05:41]!
100541.882: [10:05:41]
100541.882: [10:05:41]interface eth-0-1
100541.882: [10:05:41] speed 25G
100541.882: [10:05:41] duplex full
100541.883: [10:05:41] switchport access vlan 101
100541.883: [10:05:41]!
100541.883: [10:05:41]interface eth-0-2
100541.883: [10:05:41] speed 25G
100541.883: [10:05:41] duplex full
100541.883: [10:05:41] switchport access vlan 101
100541.883: [10:05:41]!
100541.883: [10:05:41]interface eth-0-3
100541.883: [10:05:41] speed 25G
100541.883: [10:05:41] duplex full
100541.883: [10:05:41] switchport access vlan 101
100541.883: [10:05:41]!
100541.883: [10:05:41]interface eth-0-4
100541.883: [10:05:41] speed 25G
100541.883: [10:05:41] duplex full
100541.883: [10:05:41] switchport access vlan 101
100541.883: [10:05:41]!
100541.884: [10:05:41]interface eth-0-5
100541.884: [10:05:41] speed 25G
100541.884: [10:05:41] duplex full
100541.884: [10:05:41] switchport access vlan 101
100541.884: [10:05:41]!
100541.884: [10:05:41]interface eth-0-6
100541.884: [10:05:41] speed 25G
100541.884: [10:05:41] duplex full
100541.884: [10:05:41] switchport access vlan 101
100541.884: [10:05:41]!
100541.884: [10:05:41]interface eth-0-7
100541.884: [10:05:41] speed 25G
100541.884: [10:05:41] duplex full
100541.884: [10:05:41] switchport access vlan 101
100541.884: [10:05:41]!
100541.884: [10:05:41]interface eth-0-8
100541.898: [10:05:41] speed 25G
100541.898: [10:05:41] duplex full
100541.898: [10:05:41] switchport access vlan 101
100541.898: [10:05:41]!
100541.898: [10:05:41]interface eth-0-9
100541.898: [10:05:41] speed 25G
100541.898: [10:05:41] duplex full
100541.899: [10:05:41] switchport access vlan 101
100541.899: [10:05:41]!
100541.899: [10:05:41]interface eth-0-10
100541.899: [10:05:41] speed 25G
100541.899: [10:05:41] duplex full
100541.899: [10:05:41] switchport access vlan 101
100541.899: [10:05:41]!
100541.899: [10:05:41]interface eth-0-11
100541.899: [10:05:41] speed 25G
100541.899: [10:05:41] duplex full
100541.899: [10:05:41] switchport access vlan 101
100542.312: [10:05:42]!
100542.312: [10:05:42]interface eth-0-12
100542.312: [10:05:42] speed 25G
100542.312: [10:05:42] duplex full
100542.313: [10:05:42] switchport access vlan 101
100542.313: [10:05:42]!
100542.313: [10:05:42]interface eth-0-13
100542.313: [10:05:42] speed 25G
100542.313: [10:05:42] duplex full
100542.313: [10:05:42] switchport access vlan 101
100542.313: [10:05:42]!
100542.313: [10:05:42]interface eth-0-14
100542.313: [10:05:42] speed 25G
100542.313: [10:05:42] duplex full
100542.313: [10:05:42] switchport access vlan 101
100542.313: [10:05:42]!
100542.313: [10:05:42]interface eth-0-15
100542.313: [10:05:42] speed 25G
100542.313: [10:05:42] duplex full
100542.313: [10:05:42] switchport access vlan 101
100542.313: [10:05:42]!
100542.313: [10:05:42]interface eth-0-16
100542.313: [10:05:42] speed 25G
100542.314: [10:05:42] duplex full
100542.314: [10:05:42] fec rs-fec
100542.314: [10:05:42] switchport mode trunk
100542.314: [10:05:42] switchport trunk native vlan 101
100542.314: [10:05:42] switchport trunk allowed vlan add 1,101,300
100542.314: [10:05:42]!
100542.314: [10:05:42]interface eth-0-17
100542.314: [10:05:42] speed 25G
100542.314: [10:05:42] duplex full
100542.314: [10:05:42] switchport access vlan 101
100542.314: [10:05:42]!
100542.314: [10:05:42]interface eth-0-18
100542.314: [10:05:42] speed 25G
100542.314: [10:05:42] duplex full
100542.314: [10:05:42] switchport access vlan 101
100542.314: [10:05:42]!
100542.315: [10:05:42]interface eth-0-19
100542.315: [10:05:42] speed 25G
100542.315: [10:05:42] duplex full
100542.315: [10:05:42] switchport access vlan 101
100542.315: [10:05:42]!
100542.315: [10:05:42]interface eth-0-20
100542.315: [10:05:42] speed 25G
100542.315: [10:05:42] duplex full
100542.315: [10:05:42] switchport access vlan 101
100542.315: [10:05:42]!
100542.315: [10:05:42]interface eth-0-21
100542.315: [10:05:42] speed 25G
100542.315: [10:05:42] duplex full
100542.315: [10:05:42] switchport access vlan 101
100542.315: [10:05:42]!
100542.315: [10:05:42]interface eth-0-22
100542.315: [10:05:42] speed 25G
100542.315: [10:05:42] duplex full
100542.316: [10:05:42] switchport access vlan 101
100542.316: [10:05:42]!
100542.316: [10:05:42]interface eth-0-23
100542.316: [10:05:42] speed 25G
100542.316: [10:05:42] duplex full
100542.316: [10:05:42] switchport access vlan 101
100542.316: [10:05:42]!
100542.316: [10:05:42]interface eth-0-24
100542.316: [10:05:42] speed 25G
100542.316: [10:05:42] duplex full
100542.316: [10:05:42] switchport access vlan 101
100542.316: [10:05:42]!
100542.316: [10:05:42]interface eth-0-25
100542.316: [10:05:42] speed 1000
100542.316: [10:05:42] duplex full
100542.316: [10:05:42] switchport access vlan 101
100542.316: [10:05:42]!
100542.317: [10:05:42]interface eth-0-26
100542.317: [10:05:42] speed 25G
100542.819: [10:05:42] duplex full
100542.820: [10:05:42] switchport access vlan 101
100542.820: [10:05:42]!
100542.820: [10:05:42]interface eth-0-27
100542.820: [10:05:42] speed 25G
100542.820: [10:05:42] duplex full
100542.820: [10:05:42] switchport access vlan 101
100542.820: [10:05:42]!
100542.820: [10:05:42]interface eth-0-28
100542.820: [10:05:42] speed 25G
100542.820: [10:05:42] duplex full
100542.820: [10:05:42] switchport access vlan 101
100542.821: [10:05:42]!
100542.821: [10:05:42]interface eth-0-29
100542.821: [10:05:42] speed 10G
100542.821: [10:05:42] duplex full
100542.821: [10:05:42] switchport access vlan 101
100542.821: [10:05:42] channel-group 1 mode active
100542.821: [10:05:42]!
100542.821: [10:05:42]interface eth-0-30
100542.822: [10:05:42] speed 10G
100542.822: [10:05:42] duplex full
100542.822: [10:05:42] switchport access vlan 101
100542.822: [10:05:42] channel-group 1 mode active
100542.822: [10:05:42]!
100542.822: [10:05:42]interface eth-0-31
100542.822: [10:05:42] speed 10G
100542.822: [10:05:42] duplex full
100542.822: [10:05:42] switchport access vlan 101
100542.822: [10:05:42] channel-group 2 mode active
100542.822: [10:05:42]!
100542.822: [10:05:42]interface eth-0-32
100542.822: [10:05:42] speed 10G
100542.822: [10:05:42] duplex full
100542.823: [10:05:42] switchport access vlan 101
100542.823: [10:05:42] channel-group 2 mode active
100542.823: [10:05:42]!
100542.823: [10:05:42]interface eth-0-33
100542.823: [10:05:42] speed 10G
100542.823: [10:05:42] duplex full
100542.823: [10:05:42] switchport access vlan 101
100542.823: [10:05:42] channel-group 3 mode active
100542.823: [10:05:42]!
100542.823: [10:05:42]interface eth-0-34
100542.823: [10:05:42] speed 10G
100542.823: [10:05:42] duplex full
100542.823: [10:05:42] switchport access vlan 101
100542.823: [10:05:42] channel-group 3 mode active
100542.823: [10:05:42]!
100542.823: [10:05:42]interface eth-0-35
100542.823: [10:05:42] speed 10G
100542.823: [10:05:42] duplex full
100542.824: [10:05:42] switchport access vlan 101
100542.824: [10:05:42] channel-group 4 mode active
100542.824: [10:05:42]!
100542.824: [10:05:42]interface eth-0-36
100542.838: [10:05:42] speed 10G
100542.838: [10:05:42] duplex full
100542.838: [10:05:42] switchport access vlan 101
100542.838: [10:05:42] channel-group 4 mode active
100542.838: [10:05:42]!
100542.838: [10:05:42]interface eth-0-37
100542.838: [10:05:42] speed 10G
100542.838: [10:05:42] duplex full
100542.838: [10:05:42] switchport access vlan 101
100542.838: [10:05:42] channel-group 5 mode active
100542.838: [10:05:42]!
100542.838: [10:05:42]interface eth-0-38
100542.838: [10:05:42] speed 10G
100542.838: [10:05:42] duplex full
100542.839: [10:05:42] switchport access vlan 101
100542.839: [10:05:42] channel-group 5 mode active
100542.839: [10:05:42]!
100542.839: [10:05:42]interface eth-0-39
100542.839: [10:05:42] speed 10G
100542.839: [10:05:42] duplex full
100542.891: [10:05:42] switchport access vlan 101
100542.891: [10:05:42] channel-group 6 mode active
100542.891: [10:05:42]!
100542.891: [10:05:42]interface eth-0-40
100542.891: [10:05:42] speed 10G
100542.891: [10:05:42] duplex full
100542.891: [10:05:42] switchport access vlan 101
100542.891: [10:05:42] channel-group 6 mode active
100542.892: [10:05:42]!
100542.892: [10:05:42]interface eth-0-41
100542.892: [10:05:42] speed 25G
100542.892: [10:05:42] duplex full
100542.892: [10:05:42] switchport access vlan 101
100542.892: [10:05:42]!
100542.892: [10:05:42]interface eth-0-42
100542.892: [10:05:42] speed 25G
100542.892: [10:05:42] duplex full
100542.892: [10:05:42] switchport access vlan 101
100542.892: [10:05:42]!
100542.892: [10:05:42]interface eth-0-43
100542.892: [10:05:42] speed 25G
100542.892: [10:05:42] duplex full
100542.892: [10:05:42] switchport access vlan 101
100542.892: [10:05:42]!
100542.892: [10:05:42]interface eth-0-44
100542.892: [10:05:42] speed 25G
100542.892: [10:05:42] duplex full
100542.892: [10:05:42] switchport access vlan 101
100542.892: [10:05:42]!
100542.893: [10:05:42]interface eth-0-45
100542.893: [10:05:42] speed 25G
100542.893: [10:05:42] duplex full
100542.893: [10:05:42] switchport access vlan 101
100542.893: [10:05:42]!
100542.893: [10:05:42]interface eth-0-46
100542.893: [10:05:42] speed 25G
100542.893: [10:05:42] duplex full
100542.893: [10:05:42] switchport access vlan 101
100542.893: [10:05:42]!
100542.893: [10:05:42]interface eth-0-47
100542.893: [10:05:42] speed 25G
100542.893: [10:05:42] duplex full
100542.893: [10:05:42] fec rs-fec
100542.893: [10:05:42] switchport access vlan 101
100542.893: [10:05:42]!
100542.893: [10:05:42]interface eth-0-48
100542.893: [10:05:42] speed 10G
100542.903: [10:05:42] duplex full
100542.903: [10:05:42] switchport access vlan 101
100542.903: [10:05:42]!
100542.903: [10:05:42]interface eth-0-49
100542.903: [10:05:42]!
100542.904: [10:05:42]interface eth-0-50
100542.904: [10:05:42]!
100542.904: [10:05:42]interface eth-0-51
100542.904: [10:05:42]!
100542.904: [10:05:42]interface eth-0-52
100542.904: [10:05:42]!
100542.904: [10:05:42]interface eth-0-53
100542.904: [10:05:42]!
100542.904: [10:05:42]interface eth-0-54
100542.904: [10:05:42]!
100542.904: [10:05:42]interface eth-0-55
100542.904: [10:05:42]!
100542.904: [10:05:42]interface eth-0-56
100542.904: [10:05:42]!
100542.904: [10:05:42]interface agg1
100542.904: [10:05:42] switchport access vlan 101
100542.904: [10:05:42]!
100542.904: [10:05:42]interface agg2
100542.904: [10:05:42] switchport access vlan 101
100542.904: [10:05:42]!
100542.904: [10:05:42]interface agg3
100542.904: [10:05:42] switchport access vlan 101
100542.904: [10:05:42]!
100542.904: [10:05:42]interface agg4
100542.979: [10:05:42] switchport access vlan 101
100542.979: [10:05:42]!
100542.979: [10:05:42]interface agg5
100542.979: [10:05:42] switchport access vlan 101
100542.979: [10:05:42]!
100542.979: [10:05:42]interface agg6
100542.980: [10:05:42] switchport access vlan 101
100542.980: [10:05:42]!
100542.980: [10:05:42]interface vlan1
100542.980: [10:05:42] ip address dhcp
100542.980: [10:05:42]!
100542.980: [10:05:42]!
100542.980: [10:05:42]!
100542.980: [10:05:42]!
100542.980: [10:05:42]line con 0
100542.980: [10:05:42] no line-password
100542.980: [10:05:42] no login
100542.980: [10:05:42]line vty 0 4
100542.980: [10:05:42] exec-timeout 35791 0
100542.980: [10:05:42] privilege level 3
100542.980: [10:05:42] transport input ssh 
100542.980: [10:05:42] no line-password
100542.980: [10:05:42] login local
100542.980: [10:05:42]line vty 5 7
100542.980: [10:05:42] exec-timeout 35791 0
100542.980: [10:05:42] privilege level 4
100542.980: [10:05:42] no line-password
100542.980: [10:05:42] no login
100542.981: [10:05:42]!
100542.981: [10:05:42]!
100542.981: [10:05:42]end
100542.981: [10:05:42]
110131.949: [11:01:31]SCN9300H-01#       
110132.041: [11:01:32]SCN9300H-01# 
110132.203: [11:01:32]SCN9300H-01# 
110132.320: [11:01:32]SCN9300H-01# 
