144124.492: [14:41:24][202603Home-Dell--14:41:24]
144124.558: [14:41:24]Linux anncara-computer 6.12.41+deb13-amd64 #1 SMP PREEMPT_DYNAMIC Debian 6.12.41-1 (2025-08-12) x86_64
144124.558: [14:41:24]
144124.558: [14:41:24]The programs included with the Debian GNU/Linux system are free software;
144124.559: [14:41:24]the exact distribution terms for each program are described in the
144124.559: [14:41:24]individual files in /usr/share/doc/*/copyright.
144124.559: [14:41:24]
144124.559: [14:41:24]Debian GNU/Linux comes with ABSOLUTELY NO WARRANTY, to the extent
144124.559: [14:41:24]permitted by applicable law.
144124.559: [14:41:24]Last login: Mon Mar  2 08:08:28 2026 from 10.253.0.2
144214.681: [14:42:14][202603Home-Dell--14:42:14]
144214.717: [14:42:14]Linux anncara-computer 6.12.41+deb13-amd64 #1 SMP PREEMPT_DYNAMIC Debian 6.12.41-1 (2025-08-12) x86_64
144214.717: [14:42:14]
144214.717: [14:42:14]The programs included with the Debian GNU/Linux system are free software;
144214.717: [14:42:14]the exact distribution terms for each program are described in the
144214.717: [14:42:14]individual files in /usr/share/doc/*/copyright.
144214.717: [14:42:14]
144214.717: [14:42:14]Debian GNU/Linux comes with ABSOLUTELY NO WARRANTY, to the extent
144214.717: [14:42:14]permitted by applicable law.
144214.717: [14:42:14]Last login: Tue Mar  3 14:41:24 2026 from 223.107.68.194
144219.932: [14:42:19]root@anncara-computer:~# crontab -l
144219.943: [14:42:19]# Edit this file to introduce tasks to be run by cron.
144219.943: [14:42:19]# 
144219.943: [14:42:19]# Each task to run has to be defined through a single line
144219.943: [14:42:19]# indicating with different fields when the task will be run
144219.943: [14:42:19]# and what command to run for the task
144219.943: [14:42:19]# 
144219.943: [14:42:19]# To define the time you can provide concrete values for
144219.943: [14:42:19]# minute (m), hour (h), day of month (dom), month (mon),
144219.944: [14:42:19]# and day of week (dow) or use '*' in these fields (for 'any').
144219.944: [14:42:19]# 
144219.944: [14:42:19]# Notice that tasks will be started based on the cron's system
144219.944: [14:42:19]# daemon's notion of time and timezones.
144219.944: [14:42:19]# 
144219.944: [14:42:19]# Output of the crontab jobs (including errors) is sent through
144219.944: [14:42:19]# email to the user the crontab file belongs to (unless redirected).
144219.944: [14:42:19]# 
144219.944: [14:42:19]# For example, you can run a backup of all your user accounts
144219.945: [14:42:19]# at 5 a.m every week with:
144219.945: [14:42:19]# 0 5 * * 1 tar -zcf /var/backups/home.tgz /home/
144219.945: [14:42:19]# 
144219.945: [14:42:19]# For more information see the manual pages of crontab(5) and cron(8)
144219.945: [14:42:19]# 
144219.945: [14:42:19]# m h  dom mon dow   command
144219.945: [14:42:19]SHELL=/usr/bin/bash
144219.945: [14:42:19]PATH=/usr/local/sbin:/usr/local/bin:/usr/sbin:/usr/bin:/sbin:/bin
144219.945: [14:42:19]@reboot sleep 20 && /usr/bin/iw phy0 wowlan enable magic-packet
144219.945: [14:42:19]13 4 * * * bash /usr/local/bin/frp/frp_0.44.0_linux_amd64/frps.sh
144219.946: [14:42:19]@reboot sleep 30 && /usr/local/bin/nftables/svc_guard.sh start
144219.946: [14:42:19]0 5 * * * bash /DATA/xiaomi_camera_videos/rsync.sh
144219.946: [14:42:19]0 6 * * * /usr/bin/bash /root/.config/clash/add_routes_from_file.sh
144219.946: [14:42:19]0 4 * * * /usr/bin/bash /root/.config/clash/dns2.sh
144219.946: [14:42:19]0 * * * * /usr/bin/bash /usr/local/bin/wg0/check_wg0.sh >/dev/null 2>&1
144219.946: [14:42:19]5 4 * * * /usr/bin/bash /usr/local/bin/checkip/check_local_ip.sh
144233.761: [14:42:33]root@anncara-computer:~# bash /DATA/xiaomi_camera_videos/rsync.sh
144518.471: [14:45:18][202603Home-Dell--14:45:18]
144518.496: [14:45:18]Linux anncara-computer 6.12.41+deb13-amd64 #1 SMP PREEMPT_DYNAMIC Debian 6.12.41-1 (2025-08-12) x86_64
144518.496: [14:45:18]
144518.496: [14:45:18]The programs included with the Debian GNU/Linux system are free software;
144518.496: [14:45:18]the exact distribution terms for each program are described in the
144518.496: [14:45:18]individual files in /usr/share/doc/*/copyright.
144518.496: [14:45:18]
144518.496: [14:45:18]Debian GNU/Linux comes with ABSOLUTELY NO WARRANTY, to the extent
144518.496: [14:45:18]permitted by applicable law.
144518.497: [14:45:18]Last login: Tue Mar  3 14:44:33 2026 from 10.253.0.2
144526.681: [14:45:26]root@anncara-computer:~# less /var/log/rsync_project.log 
144526.697: [14:45:26][2025-10-09 17:16:22] Start rsync...
144526.697: [14:45:26]rsync.sh: line 16: rsync: command not found
144526.697: [14:45:26][2025-10-09 17:16:22] Rsync finished.
144526.697: [14:45:26]----------------------------------------
144526.697: [14:45:26][2025-10-09 17:16:46] Start rsync...
144526.697: [14:45:26]rsync.sh: line 16: rsync: command not found
144526.698: [14:45:26][2025-10-09 17:16:46] Rsync finished.
144526.698: [14:45:26]----------------------------------------
144526.698: [14:45:26][2025-10-09 17:18:16] Start rsync...
144526.698: [14:45:26]sending incremental file list
144526.698: [14:45:26]./
144526.698: [14:45:26]rsync.sh
144526.698: [14:45:26]^M            733 100%    0.00kB/s    0:00:00  ^M            733 100%    0.00kB/s    0:00:00 (xfr#1, ir-chk=1009/1011)
144526.698: [14:45:26]788b2ac9b9e6/
144526.698: [14:45:26]788b2ac9b9e6/2025090113/
144526.698: [14:45:26]788b2ac9b9e6/2025090113/39M41S_1756705181.mp4
144526.698: [14:45:26]^M          3,600   0%    0.00kB/s    0:00:00  ^M     12,993,366 100%  302.15MB/s    0:00:00 (xfr#2, ir-chk=1010/1019)
144526.698: [14:45:26]788b2ac9b9e6/2025090113/40M43S_1756705243.mp4
144526.698: [14:45:26]^M          3,592   0%   79.72kB/s    0:02:41  ^M     12,906,739 100%  143.13MB/s    0:00:00 (xfr#3, ir-chk=1009/1019)
144526.698: [14:45:26]788b2ac9b9e6/2025090113/42M01S_1756705321.mp4
144526.699: [14:45:26]^M          3,512   0%   38.97kB/s    0:05:17  ^M     12,389,041 100%  102.74MB/s    0:00:00 (xfr#4, ir-chk=1008/1019)
144526.699: [14:45:26]788b2ac9b9e6/2025090113/45M26S_1756705526.mp4
144526.699: [14:45:26]^M          3,248   0%   27.34kB/s    0:06:26  ^M     10,571,473 100%   80.01MB/s    0:00:00 (xfr#5, ir-chk=1007/1019)
144526.699: [14:45:26]788b2ac9b9e6/2025090113/47M36S_1756705656.mp4
144526.699: [14:45:26]^M          3,304   0%   25.41kB/s    0:07:10  ^M     10,943,991 100%   77.89MB/s    0:00:00 (xfr#6, ir-chk=1006/1019)
144526.699: [14:45:26]788b2ac9b9e6/2025090113/52M52S_1756705972.mp4
144526.699: [14:45:26]^M          3,352   0%   24.43kB/s    0:07:40  ^M     11,262,078 100%   76.72MB/s    0:00:00 (xfr#7, ir-chk=1005/1019)
144526.699: [14:45:26]788b2ac9b9e6/2025090113/58M05S_1756706285.mp4
144526.699: [14:45:26]^M          3,552   0%   12.52kB/s    0:16:50  ^M     12,662,782 100%   40.66MB/s    0:00:00 (xfr#8, ir-chk=1004/1019)
144526.699: [14:45:26]788b2ac9b9e6/2025090113/59M37S_1756706377.mp4
144526.700: [14:45:26]^M          2,688   0%    8.81kB/s    0:13:40  ^M      7,234,434 100%   22.33MB/s    0:00:00 (xfr#9, ir-chk=1003/1019)
144526.700: [14:45:26]788b2ac9b9e6/2025090114/
144526.700: [14:45:26]788b2ac9b9e6/2025090114/00M34S_1756706434.mp4
144526.700: [14:45:26]^M          2,064   0%    6.52kB/s    0:10:54  ^M      4,272,166 100%   12.98MB/s    0:00:00 (xfr#10, ir-chk=1007/1024)
144526.700: [14:45:26]788b2ac9b9e6/2025090114/02M27S_1756706547.mp4
144526.700: [14:45:26]^M          2,480   0%    7.71kB/s    0:13:18  ^M      6,162,445 100%   18.42MB/s    0:00:00 (xfr#11, ir-chk=1006/1024)
144526.700: [14:45:26]788b2ac9b9e6/2025090114/20M21S_1756707621.mp4
144526.700: [14:45:26]^M          3,592   0%    5.08kB/s    0:42:31  ^M     12,955,423 100%   17.65MB/s    0:00:00 (xfr#12, ir-chk=1005/1024)
144526.700: [14:45:26]788b2ac9b9e6/2025090114/29M40S_1756708180.mp4
144526.700: [14:45:26]^M          3,096   0%    4.31kB/s    0:37:09  ^M      9,619,218 100%   13.01MB/s    0:00:00 (xfr#13, ir-chk=1004/1024)
144526.700: [14:45:26]788b2ac9b9e6/2025090115/
144526.700: [14:45:26]788b2ac9b9e6/2025090115/05M36S_1756710336.mp4
144526.701: [14:45:26]^M          3,824   0%    5.29kB/s    0:46:07  ^M     14,644,272 100%   19.59MB/s    0:00:00 (xfr#14, ir-chk=1022/1043)
144526.701: [14:45:26]788b2ac9b9e6/2025090115/06M36S_1756710396.mp4
144526.701: [14:45:26]^M          3,072   0%    3.47kB/s    0:45:21  ^M      9,451,532 100%   10.25MB/s    0:00:00 (xfr#15, ir-chk=1021/1043)
144526.701: [14:45:26]788b2ac9b9e6/2025090115/10M03S_1756710603.mp4
144526.701: [14:45:26]^M          3,648   0%    4.05kB/s    0:54:47  ^M     13,313,094 100%   14.12MB/s    0:00:00 (xfr#16, ir-chk=1020/1043)
144526.701: [14:45:26]788b2ac9b9e6/2025090115/11M00S_1756710660.mp4
144526.701: [14:45:26]^M          2,896   0%    3.15kB/s    0:44:33  ^M      8,413,874 100%    8.86MB/s    0:00:00 (xfr#17, ir-chk=1019/1043)
144526.701: [14:45:26]788b2ac9b9e6/2025090115/13M10S_1756710790.mp4
144526.702: [14:45:26]^M          2,456   0%    2.65kB/s    0:38:06  ^M      6,054,943 100%    6.35MB/s    0:00:00 (xfr#18, ir-chk=1018/1043)
144526.702: [14:45:26]788b2ac9b9e6/2025090115/16M12S_1756710972.mp4
144526.702: [14:45:26]^M          3,104   0%    2.94kB/s    0:54:34  ^M          6,208   0%    5.89kB/s    0:27:16  ^M      9,640,033 100%    8.79MB/s    0:00:01 (xfr#19, ir-chk=1017/1043)
144526.702: [14:45:26]788b2ac9b9e6/2025090115/19M12S_1756711152.mp4
144526.702: [14:45:26]^M          3,672   0%  224.12kB/s    0:01:00  ^M     13,494,286 100%  357.48MB/s    0:00:00 (xfr#20, ir-chk=1016/1043)
144526.702: [14:45:26]788b2ac9b9e6/2025090115/20M07S_1756711207.mp4
144526.702: [14:45:26]^M          3,216   0%   87.24kB/s    0:01:58  ^M     10,349,177 100%  224.31MB/s    0:00:00 (xfr#21, ir-chk=1015/1043)
144526.702: [14:45:26]788b2ac9b9e6/2025090115/22M53S_1756711373.mp4
144526.702: [14:45:26]^M          3,064   0%   18.59kB/s    0:08:26  ^M      9,417,495 100%   51.03MB/s    0:00:00 (xfr#22, ir-chk=1014/1043)
144526.702: [14:45:26]788b2ac9b9e6/2025090115/25M13S_1756711513.mp4
144526.703: [14:45:26]^M          3,120   0%   17.21kB/s    0:09:25  ^M      9,743,227 100%   48.40MB/s    0:00:00 (xfr#23, ir-chk=1013/1043)
144526.703: [14:45:26]788b2ac9b9e6/2025090115/27M58S_1756711678.mp4
144526.703: [14:45:26]^M          3,376   0%   17.08kB/s    0:11:09  ^M     11,445,447 100%   53.77MB/s    0:00:00 (xfr#24, ir-chk=1012/1043)
144526.703: [14:45:26]788b2ac9b9e6/2025090115/30M50S_1756711850.mp4
144527.646: [14:45:27]...skipping...
144527.646: [14:45:27]^M         32,768   1%   54.42kB/s    0:00:39  ^M      2,186,514 100%    2.77MB/s    0:00:00 (xfr#248, to-chk=83/16644)
144527.646: [14:45:27]94f8277f09f8/2026030311/46M57S_1772509617.mp4
144527.646: [14:45:27]^M         32,768   1%   42.38kB/s    0:00:59  ^M      2,558,846 100%    2.64MB/s    0:00:00 (xfr#249, to-chk=82/16644)
144527.646: [14:45:27]94f8277f09f8/2026030311/53M54S_1772510034.mp4
144527.647: [14:45:27]^M         32,768   0%   34.56kB/s    0:01:57  ^M        655,360  15%  637.45kB/s    0:00:05  ^M      4,098,910 100%    2.53MB/s    0:00:01 (xfr#250, to-chk=81/16644)
144527.647: [14:45:27]94f8277f09f8/2026030311/54M54S_1772510094.mp4
144527.647: [14:45:27]^M         32,768   1%   59.26kB/s    0:00:40  ^M      2,431,226 100%    2.85MB/s    0:00:00 (xfr#251, to-chk=80/16644)
144527.647: [14:45:27]94f8277f09f8/2026030311/55M54S_1772510154.mp4
144527.647: [14:45:27]^M         32,768   1%   39.31kB/s    0:01:17  ^M      1,703,936  55%    1.60MB/s    0:00:00  ^M      3,075,762 100%    2.28MB/s    0:00:01 (xfr#252, to-chk=79/16644)
144527.647: [14:45:27]94f8277f09f8/2026030311/56M54S_1772510214.mp4
144527.647: [14:45:27]^M         32,768   1%  120.30kB/s    0:00:19  ^M      2,398,714 100%    4.01MB/s    0:00:00 (xfr#253, to-chk=78/16644)
144527.647: [14:45:27]94f8277f09f8/2026030311/57M56S_1772510276.mp4
144527.648: [14:45:27]^M         32,768   1%   56.04kB/s    0:00:53  ^M      3,022,643 100%    3.38MB/s    0:00:00 (xfr#254, to-chk=77/16644)
144527.648: [14:45:27]94f8277f09f8/2026030311/58M54S_1772510334.mp4
144527.648: [14:45:27]^M         32,768   1%   37.38kB/s    0:01:11  ^M        786,432  29%  768.00kB/s    0:00:02  ^M      2,696,297 100%    2.11MB/s    0:00:01 (xfr#255, to-chk=76/16644)
144527.648: [14:45:27]94f8277f09f8/2026030311/59M54S_1772510394.mp4
144527.648: [14:45:27]^M         32,768   1%  145.45kB/s    0:00:14  ^M      2,205,318 100%    4.11MB/s    0:00:00 (xfr#256, to-chk=75/16644)
144527.648: [14:45:27]94f8277f09f8/2026030312/
144527.648: [14:45:27]94f8277f09f8/2026030312/01M03S_1772510463.mp4
144527.648: [14:45:27]^M         32,768   1%   62.50kB/s    0:00:40  ^M      2,533,322 100%    2.89MB/s    0:00:00 (xfr#257, to-chk=74/16644)
144527.648: [14:45:27]94f8277f09f8/2026030312/36M38S_1772512598.mp4
144527.649: [14:45:27]^M         32,768   1%   38.19kB/s    0:01:06  ^M      1,310,720  50%    1.23MB/s    0:00:01  ^M      2,582,242 100%    2.10MB/s    0:00:01 (xfr#258, to-chk=73/16644)
144527.649: [14:45:27]94f8277f09f8/2026030312/37M38S_1772512658.mp4
144527.649: [14:45:27]^M         32,768   1%  203.82kB/s    0:00:13  ^M      2,691,928 100%    5.12MB/s    0:00:00 (xfr#259, to-chk=72/16644)
144527.649: [14:45:27]94f8277f09f8/2026030312/38M42S_1772512722.mp4
144527.649: [14:45:27]^M         32,768   1%   63.87kB/s    0:00:37  ^M      2,415,698 100%    3.05MB/s    0:00:00 (xfr#260, to-chk=71/16644)
144527.649: [14:45:27]94f8277f09f8/2026030312/39M41S_1772512781.mp4
144527.649: [14:45:27]^M         32,768   1%   42.33kB/s    0:01:02  ^M      1,703,936  64%    1.59MB/s    0:00:00  ^M      2,657,935 100%    2.24MB/s    0:00:01 (xfr#261, to-chk=70/16644)
144527.649: [14:45:27]94f8277f09f8/2026030312/40M41S_1772512841.mp4
144527.650: [14:45:27]^M         32,768   1%  285.71kB/s    0:00:08  ^M      2,485,146 100%    5.55MB/s    0:00:00 (xfr#262, to-chk=69/16644)
144527.650: [14:45:27]94f8277f09f8/2026030312/41M41S_1772512901.mp4
144527.650: [14:45:27]^M         32,768   1%   74.77kB/s    0:00:30  ^M      2,280,201 100%    3.10MB/s    0:00:00 (xfr#263, to-chk=68/16644)
144527.650: [14:45:27]94f8277f09f8/2026030312/42M41S_1772512961.mp4
144527.650: [14:45:27]^M         32,768   0%   45.58kB/s    0:01:18  ^M      2,490,368  68%    2.34MB/s    0:00:00  ^M      3,621,395 100%    3.00MB/s    0:00:01 (xfr#264, to-chk=67/16644)
144527.650: [14:45:27]94f8277f09f8/2026030312/43M41S_1772513021.mp4
144527.650: [14:45:27]^M         32,768   1%  237.04kB/s    0:00:10  ^M      2,563,612 100%    5.31MB/s    0:00:00 (xfr#265, to-chk=66/16644)
144527.650: [14:45:27]94f8277f09f8/2026030312/44M41S_1772513081.mp4
144527.651: [14:45:27]^M         32,768   1%   69.57kB/s    0:00:33  ^M      2,389,706 100%    2.93MB/s    0:00:00 (xfr#266, to-chk=65/16644)
144527.651: [14:45:27]94f8277f09f8/2026030312/45M41S_1772513141.mp4
144527.651: [14:45:27]^M         32,768   1%   41.13kB/s    0:00:52  ^M      1,835,008  84%    1.74MB/s    0:00:00  ^M      2,179,625 100%    2.03MB/s    0:00:01 (xfr#267, to-chk=64/16644)
144527.651: [14:45:27]94f8277f09f8/2026030312/47M01S_1772513221.mp4
144527.651: [14:45:27]^M         32,768   1%    1.49MB/s    0:00:01  ^M      2,429,058 100%    6.36MB/s    0:00:00 (xfr#268, to-chk=63/16644)
144527.651: [14:45:27]94f8277f09f8/2026030312/47M59S_1772513279.mp4
144527.651: [14:45:27]^M         32,768   1%   87.67kB/s    0:00:28  ^M      2,546,620 100%    3.51MB/s    0:00:00 (xfr#269, to-chk=62/16644)
144527.651: [14:45:27]94f8277f09f8/2026030312/48M59S_1772513339.mp4
144527.652: [14:45:27]^M         32,768   1%   46.18kB/s    0:00:57  ^M      2,621,440  98%    2.50MB/s    0:00:00  ^M      2,673,243 100%    2.54MB/s    0:00:01 (xfr#270, to-chk=61/16644)
144527.652: [14:45:27]94f8277f09f8/2026030312/49M59S_1772513399.mp4
144527.652: [14:45:27]^M         32,768   1%   10.42MB/s    0:00:00  ^M      2,497,121 100%    8.07MB/s    0:00:00 (xfr#271, to-chk=60/16644)
144527.652: [14:45:27]94f8277f09f8/2026030312/51M05S_1772513465.mp4
144527.652: [14:45:27]^M         32,768   1%  108.47kB/s    0:00:24  ^M      2,659,458 100%    3.83MB/s    0:00:00 (xfr#272, to-chk=59/16644)
144527.652: [14:45:27]94f8277f09f8/2026030312/52M04S_1772513524.mp4
144527.652: [14:45:27]^M         32,768   1%   48.27kB/s    0:00:48  ^M      2,361,197 100%    2.36MB/s    0:00:00 (xfr#273, to-chk=58/16644)
144527.652: [14:45:27]94f8277f09f8/2026030312/53M02S_1772513582.mp4
144527.653: [14:45:27]^M         32,768   1%   33.51kB/s    0:01:21  ^M        524,288  19%  506.43kB/s    0:00:04  ^M      2,756,132 100%    2.03MB/s    0:00:01 (xfr#274, to-chk=57/16644)
144527.653: [14:45:27]94f8277f09f8/2026030312/54M02S_1772513642.mp4
144527.653: [14:45:27]^M         32,768   1%  113.07kB/s    0:00:21  ^M      2,423,081 100%    3.63MB/s    0:00:00 (xfr#275, to-chk=56/16644)
144527.653: [14:45:27]94f8277f09f8/2026030312/55M02S_1772513702.mp4
144527.653: [14:45:27]^M         32,768   1%   50.08kB/s    0:00:43  ^M      2,205,251 100%    2.27MB/s    0:00:00 (xfr#276, to-chk=55/16644)
144527.653: [14:45:27]94f8277f09f8/2026030312/56M02S_1772513762.mp4
144527.653: [14:45:27]^M         32,768   1%   34.48kB/s    0:01:02  ^M        655,360  29%  628.68kB/s    0:00:02  ^M      2,202,094 100%    1.62MB/s    0:00:01 (xfr#277, to-chk=54/16644)
144527.653: [14:45:27]94f8277f09f8/2026030312/57M02S_1772513822.mp4
144527.653: [14:45:27]^M         32,768   1%  114.70kB/s    0:00:19  ^M      2,233,866 100%    4.30MB/s    0:00:00 (xfr#278, to-chk=53/16644)
144527.654: [14:45:27]94f8277f09f8/2026030312/58M02S_1772513882.mp4
144527.654: [14:45:27]^M         32,768   1%   64.52kB/s    0:00:34  rsync error: unexplained error (code 255) at rsync.c(716) [sender=3.4.1]
