103711.121: [10:37:11][202602118.31.115.234-Authoring服务器-阿里云-FRPS-10:37:11]
103711.222: [10:37:11]Last failed login: Tue Feb 10 07:38:53 CST 2026 from 159.65.196.31 on ssh:notty
103711.222: [10:37:11]There were 333 failed login attempts since the last successful login.
103711.222: [10:37:11]Last login: Tue Feb  3 14:14:26 2026 from 223.107.68.194
103711.222: [10:37:11]
103711.222: [10:37:11]Welcome to Alibaba Cloud Elastic Compute Service !
103711.222: [10:37:11]
103714.715: [10:37:14][root@iZbp1fvr0ojbaf96ys1erlZ ~]# ss -tlnp
103714.722: [10:37:14]State       Recv-Q Send-Q                                                            Local Address:Port                                                                           Peer Address:Port              
103714.722: [10:37:14]LISTEN      0      128                                                                           *:111                                                                                       *:*                   103714.722: users:(("rpcbind",pid=579,fd=8))
103714.722: [10:37:14]LISTEN      0      128                                                                           *:80                                                                                        *:*                   103714.722: users:(("nginx",pid=3894,fd=5),("nginx",pid=3893,fd=5))
103714.722: [10:37:14]LISTEN      0      128                                                                           *:22                                                                                        *:*                   103714.722: users:(("sshd",pid=23125,fd=3))
103714.722: [10:37:14]LISTEN      0      100                                                                   127.0.0.1:25                                                                                        *:*                   103714.722: users:(("master",pid=1106,fd=13))
103714.723: [10:37:14]LISTEN      0      128                                                                           *:443                                                                                       *:*                   103714.723: users:(("nginx",pid=3894,fd=6),("nginx",pid=3893,fd=6))
103714.723: [10:37:14]LISTEN      0      128                                                                        [::]:10622                                                                                  [::]:*                   103714.723: users:(("frps",pid=3100,fd=14))
103714.723: [10:37:14]LISTEN      0      128                                                                        [::]:8800                                                                                   [::]:*                   103714.723: users:(("frps",pid=3100,fd=17))
103714.723: [10:37:14]LISTEN      0      128                                                                        [::]:9090                                                                                   [::]:*                   103714.723: users:(("frps",pid=3100,fd=18))
103714.724: [10:37:14]LISTEN      0      128                                                                        [::]:9443                                                                                   [::]:*                   103714.724: users:(("frps",pid=3100,fd=12))
103714.724: [10:37:14]LISTEN      0      128                                                                        [::]:9000                                                                                   [::]:*                   103714.724: users:(("frps",pid=3100,fd=15))
103714.724: [10:37:14]LISTEN      0      128                                                                        [::]:3306                                                                                   [::]:*                   103714.724: users:(("frps",pid=3100,fd=16))
103714.724: [10:37:14]LISTEN      0      128                                                                        [::]:10122                                                                                  [::]:*                   103714.724: users:(("frps",pid=3100,fd=13))
103714.724: [10:37:14]LISTEN      0      128                                                                        [::]:10443                                                                                  [::]:*                   103714.725: users:(("frps",pid=3100,fd=7))
103714.725: [10:37:14]LISTEN      0      128                                                                        [::]:9999                                                                                   [::]:*                   103714.725: users:(("frps",pid=3100,fd=9))
103714.726: [10:37:14]LISTEN      0      128                                                                        [::]:111                                                                                    [::]:*                   103714.726: users:(("rpcbind",pid=579,fd=11))
103714.727: [10:37:14]LISTEN      0      128                                                                        [::]:6000                                                                                   [::]:*                   103714.727: users:(("frps",pid=3100,fd=6))
103714.727: [10:37:14]LISTEN      0      128                                                                        [::]:1202                                                                                   [::]:*                   103714.727: users:(("frps",pid=3100,fd=20))
103714.728: [10:37:14]LISTEN      0      128                                                                        [::]:1107                                                                                   [::]:*                   103714.728: users:(("frps",pid=3100,fd=19))
103714.728: [10:37:14]LISTEN      0      128                                                                        [::]:19443                                                                                  [::]:*                   103714.728: users:(("frps",pid=3100,fd=10))
103714.729: [10:37:14]LISTEN      0      128                                                                        [::]:22                                                                                     [::]:*                   103714.729: users:(("sshd",pid=23125,fd=4))
103714.730: [10:37:14]LISTEN      0      128                                                                        [::]:3000                                                                                   [::]:*                   103714.730: users:(("frps",pid=3100,fd=11))
103714.730: [10:37:14]LISTEN      0      100                                                                       [::1]:25                                                                                     [::]:*                   103714.730: users:(("master",pid=1106,fd=14))
103728.346: [10:37:28][root@iZbp1fvr0ojbaf96ys1erlZ ~]# ps -ef `
103730.363: [10:37:30]> ^C
103736.103: [10:37:36][root@iZbp1fvr0ojbaf96ys1erlZ ~]# ps -ef | grep frp
103736.113: [10:37:36]root      3100     1  0 Jan08 ?        00:09:14 /opt/frp_0.63.0_linux_amd64/frps -c /opt/frp_0.63.0_linux_amd64/frps.toml
103736.113: [10:37:36]root     18150 18127  0 10:37 pts/0    00:00:00 grep --color=auto frp
103745.226: [10:37:45][root@iZbp1fvr0ojbaf96ys1erlZ ~]# ss -tlnp | grep frps
103745.232: [10:37:45]LISTEN     0      128       [::]:10622                 [::]:*                   users:(("frps",pid=3100,fd=14))
103745.233: [10:37:45]LISTEN     0      128       [::]:8800                  [::]:*                   users:(("frps",pid=3100,fd=17))
103745.233: [10:37:45]LISTEN     0      128       [::]:9090                  [::]:*                   users:(("frps",pid=3100,fd=18))
103745.234: [10:37:45]LISTEN     0      128       [::]:9443                  [::]:*                   users:(("frps",pid=3100,fd=12))
103745.234: [10:37:45]LISTEN     0      128       [::]:9000                  [::]:*                   users:(("frps",pid=3100,fd=15))
103745.235: [10:37:45]LISTEN     0      128       [::]:3306                  [::]:*                   users:(("frps",pid=3100,fd=16))
103745.236: [10:37:45]LISTEN     0      128       [::]:10122                 [::]:*                   users:(("frps",pid=3100,fd=13))
103745.236: [10:37:45]LISTEN     0      128       [::]:10443                 [::]:*                   users:(("frps",pid=3100,fd=7))
103745.237: [10:37:45]LISTEN     0      128       [::]:9999                  [::]:*                   users:(("frps",pid=3100,fd=9))
103745.238: [10:37:45]LISTEN     0      128       [::]:6000                  [::]:*                   users:(("frps",pid=3100,fd=6))
103745.238: [10:37:45]LISTEN     0      128       [::]:1202                  [::]:*                   users:(("frps",pid=3100,fd=20))
103745.239: [10:37:45]LISTEN     0      128       [::]:1107                  [::]:*                   users:(("frps",pid=3100,fd=19))
103745.240: [10:37:45]LISTEN     0      128       [::]:19443                 [::]:*                   users:(("frps",pid=3100,fd=10))
103745.240: [10:37:45]LISTEN     0      128       [::]:3000                  [::]:*                   users:(("frps",pid=3100,fd=11))
103758.869: [10:37:58][root@iZbp1fvr0ojbaf96ys1erlZ ~]# curl cip .cc
103758.885: [10:37:58]curl: (6) Could not resolve host: cip; Unknown error
103758.885: [10:37:58]curl: (6) Could not resolve host: .cc; Unknown error
