000415.734: [00:04:15][202603103-172.16.101.45-00:04:15]
000415.743: [00:04:15]Welcome to Ubuntu 24.04.4 LTS (GNU/Linux 6.14.0-27-generic x86_64)
000415.743: [00:04:15]
000415.743: [00:04:15] * Documentation:  https://help.ubuntu.com
000415.743: [00:04:15] * Management:     https://landscape.canonical.com
000415.743: [00:04:15] * Support:        https://ubuntu.com/pro
000415.743: [00:04:15]
000415.743: [00:04:15]扩展安全维护（ESM）Applications 未启用。
000415.743: [00:04:15]
000415.743: [00:04:15]47 更新可以立即应用。
000415.744: [00:04:15]这些更新中有 32 个是标准安全更新。
000415.744: [00:04:15]要查看这些附加更新，请运行：apt list --upgradable
000415.744: [00:04:15]
000415.744: [00:04:15]启用 ESM Apps 来获取未来的额外安全更新
000415.744: [00:04:15]请参见 https://ubuntu.com/esm 或者运行: sudo pro status
000415.744: [00:04:15]
000415.744: [00:04:15]Last login: Tue Mar 24 23:59:06 2026 from 192.168.6.173
000957.763: [00:09:57][202603103-172.16.101.45-00:09:57]
000957.775: [00:09:57]Welcome to Ubuntu 24.04.4 LTS (GNU/Linux 6.14.0-27-generic x86_64)
000957.775: [00:09:57]
000957.775: [00:09:57] * Documentation:  https://help.ubuntu.com
000957.775: [00:09:57] * Management:     https://landscape.canonical.com
000957.776: [00:09:57] * Support:        https://ubuntu.com/pro
000957.776: [00:09:57]
000957.776: [00:09:57]扩展安全维护（ESM）Applications 未启用。
000957.776: [00:09:57]
000957.776: [00:09:57]47 更新可以立即应用。
000957.776: [00:09:57]这些更新中有 32 个是标准安全更新。
000957.777: [00:09:57]要查看这些附加更新，请运行：apt list --upgradable
000957.777: [00:09:57]
000957.777: [00:09:57]启用 ESM Apps 来获取未来的额外安全更新
000957.777: [00:09:57]请参见 https://ubuntu.com/esm 或者运行: sudo pro status
000957.777: [00:09:57]
000957.777: [00:09:57]Last login: Wed Mar 25 00:04:15 2026 from 192.168.6.173
001443.241: [00:14:43][202603103-172.16.101.45-00:14:43]
001443.255: [00:14:43]Welcome to Ubuntu 24.04.4 LTS (GNU/Linux 6.14.0-27-generic x86_64)
001443.255: [00:14:43]
001443.255: [00:14:43] * Documentation:  https://help.ubuntu.com
001443.255: [00:14:43] * Management:     https://landscape.canonical.com
001443.255: [00:14:43] * Support:        https://ubuntu.com/pro
001443.255: [00:14:43]
001443.255: [00:14:43]扩展安全维护（ESM）Applications 未启用。
001443.255: [00:14:43]
001443.256: [00:14:43]47 更新可以立即应用。
001443.256: [00:14:43]这些更新中有 32 个是标准安全更新。
001443.256: [00:14:43]要查看这些附加更新，请运行：apt list --upgradable
001443.256: [00:14:43]
001443.256: [00:14:43]启用 ESM Apps 来获取未来的额外安全更新
001443.256: [00:14:43]请参见 https://ubuntu.com/esm 或者运行: sudo pro status
001443.256: [00:14:43]
001443.257: [00:14:43]Last login: Wed Mar 25 00:09:57 2026 from 192.168.6.173
001955.714: [00:19:55][202603103-172.16.101.45-00:19:55]
001955.722: [00:19:55]Welcome to Ubuntu 24.04.4 LTS (GNU/Linux 6.14.0-27-generic x86_64)
001955.722: [00:19:55]
001955.722: [00:19:55] * Documentation:  https://help.ubuntu.com
001955.722: [00:19:55] * Management:     https://landscape.canonical.com
001955.722: [00:19:55] * Support:        https://ubuntu.com/pro
001955.722: [00:19:55]
001955.723: [00:19:55]扩展安全维护（ESM）Applications 未启用。
001955.723: [00:19:55]
001955.723: [00:19:55]47 更新可以立即应用。
001955.723: [00:19:55]这些更新中有 32 个是标准安全更新。
001955.723: [00:19:55]要查看这些附加更新，请运行：apt list --upgradable
001955.723: [00:19:55]
001955.724: [00:19:55]启用 ESM Apps 来获取未来的额外安全更新
001955.724: [00:19:55]请参见 https://ubuntu.com/esm 或者运行: sudo pro status
001955.724: [00:19:55]
001955.724: [00:19:55]Last login: Wed Mar 25 00:14:43 2026 from 192.168.6.173
002504.212: [00:25:04][202603103-172.16.101.45-00:25:04]
002504.223: [00:25:04]Welcome to Ubuntu 24.04.4 LTS (GNU/Linux 6.14.0-27-generic x86_64)
002504.223: [00:25:04]
002504.223: [00:25:04] * Documentation:  https://help.ubuntu.com
002504.223: [00:25:04] * Management:     https://landscape.canonical.com
002504.223: [00:25:04] * Support:        https://ubuntu.com/pro
002504.223: [00:25:04]
002504.223: [00:25:04]扩展安全维护（ESM）Applications 未启用。
002504.223: [00:25:04]
002504.223: [00:25:04]47 更新可以立即应用。
002504.223: [00:25:04]这些更新中有 32 个是标准安全更新。
002504.223: [00:25:04]要查看这些附加更新，请运行：apt list --upgradable
002504.223: [00:25:04]
002504.224: [00:25:04]启用 ESM Apps 来获取未来的额外安全更新
002504.224: [00:25:04]请参见 https://ubuntu.com/esm 或者运行: sudo pro status
002504.224: [00:25:04]
002504.224: [00:25:04]Last login: Wed Mar 25 00:19:55 2026 from 192.168.6.173
003012.248: [00:30:12][202603103-172.16.101.45-00:30:12]
003012.273: [00:30:12]Welcome to Ubuntu 24.04.4 LTS (GNU/Linux 6.14.0-27-generic x86_64)
003012.273: [00:30:12]
003012.274: [00:30:12] * Documentation:  https://help.ubuntu.com
003012.274: [00:30:12] * Management:     https://landscape.canonical.com
003012.274: [00:30:12] * Support:        https://ubuntu.com/pro
003012.274: [00:30:12]
003012.274: [00:30:12]扩展安全维护（ESM）Applications 未启用。
003012.274: [00:30:12]
003012.274: [00:30:12]47 更新可以立即应用。
003012.275: [00:30:12]这些更新中有 32 个是标准安全更新。
003012.275: [00:30:12]要查看这些附加更新，请运行：apt list --upgradable
003012.275: [00:30:12]
003012.275: [00:30:12]启用 ESM Apps 来获取未来的额外安全更新
003012.275: [00:30:12]请参见 https://ubuntu.com/esm 或者运行: sudo pro status
003012.276: [00:30:12]
003012.276: [00:30:12]Last login: Wed Mar 25 00:25:04 2026 from 192.168.6.173
003525.223: [00:35:25][202603103-172.16.101.45-00:35:25]
003525.233: [00:35:25]Welcome to Ubuntu 24.04.4 LTS (GNU/Linux 6.14.0-27-generic x86_64)
003525.233: [00:35:25]
003525.233: [00:35:25] * Documentation:  https://help.ubuntu.com
003525.233: [00:35:25] * Management:     https://landscape.canonical.com
003525.233: [00:35:25] * Support:        https://ubuntu.com/pro
003525.233: [00:35:25]
003525.234: [00:35:25]扩展安全维护（ESM）Applications 未启用。
003525.234: [00:35:25]
003525.234: [00:35:25]47 更新可以立即应用。
003525.234: [00:35:25]这些更新中有 32 个是标准安全更新。
003525.234: [00:35:25]要查看这些附加更新，请运行：apt list --upgradable
003525.234: [00:35:25]
003525.234: [00:35:25]启用 ESM Apps 来获取未来的额外安全更新
003525.234: [00:35:25]请参见 https://ubuntu.com/esm 或者运行: sudo pro status
003525.234: [00:35:25]
003525.234: [00:35:25]Last login: Wed Mar 25 00:30:12 2026 from 192.168.6.173
004028.725: [00:40:28][202603103-172.16.101.45-00:40:28]
004028.735: [00:40:28]Welcome to Ubuntu 24.04.4 LTS (GNU/Linux 6.14.0-27-generic x86_64)
004028.735: [00:40:28]
004028.735: [00:40:28] * Documentation:  https://help.ubuntu.com
004028.735: [00:40:28] * Management:     https://landscape.canonical.com
004028.735: [00:40:28] * Support:        https://ubuntu.com/pro
004028.735: [00:40:28]
004028.735: [00:40:28]扩展安全维护（ESM）Applications 未启用。
004028.735: [00:40:28]
004028.735: [00:40:28]47 更新可以立即应用。
004028.736: [00:40:28]这些更新中有 32 个是标准安全更新。
004028.736: [00:40:28]要查看这些附加更新，请运行：apt list --upgradable
004028.736: [00:40:28]
004028.736: [00:40:28]启用 ESM Apps 来获取未来的额外安全更新
004028.736: [00:40:28]请参见 https://ubuntu.com/esm 或者运行: sudo pro status
004028.736: [00:40:28]
004028.737: [00:40:28]Last login: Wed Mar 25 00:35:25 2026 from 192.168.6.173
004540.737: [00:45:40][202603103-172.16.101.45-00:45:40]
004540.747: [00:45:40]Welcome to Ubuntu 24.04.4 LTS (GNU/Linux 6.14.0-27-generic x86_64)
004540.747: [00:45:40]
004540.747: [00:45:40] * Documentation:  https://help.ubuntu.com
004540.747: [00:45:40] * Management:     https://landscape.canonical.com
004540.748: [00:45:40] * Support:        https://ubuntu.com/pro
004540.748: [00:45:40]
004540.748: [00:45:40]扩展安全维护（ESM）Applications 未启用。
004540.748: [00:45:40]
004540.748: [00:45:40]47 更新可以立即应用。
004540.748: [00:45:40]这些更新中有 32 个是标准安全更新。
004540.749: [00:45:40]要查看这些附加更新，请运行：apt list --upgradable
004540.749: [00:45:40]
004540.749: [00:45:40]启用 ESM Apps 来获取未来的额外安全更新
004540.749: [00:45:40]请参见 https://ubuntu.com/esm 或者运行: sudo pro status
004540.749: [00:45:40]
004540.750: [00:45:40]Last login: Wed Mar 25 00:40:28 2026 from 192.168.6.173
005053.358: [00:50:53][202603103-172.16.101.45-00:50:53]
005053.371: [00:50:53]Welcome to Ubuntu 24.04.4 LTS (GNU/Linux 6.14.0-27-generic x86_64)
005053.371: [00:50:53]
005053.371: [00:50:53] * Documentation:  https://help.ubuntu.com
005053.371: [00:50:53] * Management:     https://landscape.canonical.com
005053.372: [00:50:53] * Support:        https://ubuntu.com/pro
005053.372: [00:50:53]
005053.372: [00:50:53]扩展安全维护（ESM）Applications 未启用。
005053.372: [00:50:53]
005053.372: [00:50:53]47 更新可以立即应用。
005053.372: [00:50:53]这些更新中有 32 个是标准安全更新。
005053.372: [00:50:53]要查看这些附加更新，请运行：apt list --upgradable
005053.372: [00:50:53]
005053.372: [00:50:53]启用 ESM Apps 来获取未来的额外安全更新
005053.372: [00:50:53]请参见 https://ubuntu.com/esm 或者运行: sudo pro status
005053.372: [00:50:53]
005053.372: [00:50:53]Last login: Wed Mar 25 00:45:40 2026 from 192.168.6.173
005611.728: [00:56:11][202603103-172.16.101.45-00:56:11]
005611.738: [00:56:11]Welcome to Ubuntu 24.04.4 LTS (GNU/Linux 6.14.0-27-generic x86_64)
005611.738: [00:56:11]
005611.738: [00:56:11] * Documentation:  https://help.ubuntu.com
005611.738: [00:56:11] * Management:     https://landscape.canonical.com
005611.738: [00:56:11] * Support:        https://ubuntu.com/pro
005611.738: [00:56:11]
005611.739: [00:56:11]扩展安全维护（ESM）Applications 未启用。
005611.739: [00:56:11]
005611.739: [00:56:11]47 更新可以立即应用。
005611.739: [00:56:11]这些更新中有 32 个是标准安全更新。
005611.739: [00:56:11]要查看这些附加更新，请运行：apt list --upgradable
005611.739: [00:56:11]
005611.740: [00:56:11]启用 ESM Apps 来获取未来的额外安全更新
005611.740: [00:56:11]请参见 https://ubuntu.com/esm 或者运行: sudo pro status
005611.740: [00:56:11]
005611.740: [00:56:11]Last login: Wed Mar 25 00:50:53 2026 from 192.168.6.173
010113.267: [01:01:13][202603103-172.16.101.45-01:01:13]
010113.290: [01:01:13]Welcome to Ubuntu 24.04.4 LTS (GNU/Linux 6.14.0-27-generic x86_64)
010113.291: [01:01:13]
010113.291: [01:01:13] * Documentation:  https://help.ubuntu.com
010113.291: [01:01:13] * Management:     https://landscape.canonical.com
010113.291: [01:01:13] * Support:        https://ubuntu.com/pro
010113.291: [01:01:13]
010113.291: [01:01:13]扩展安全维护（ESM）Applications 未启用。
010113.291: [01:01:13]
010113.292: [01:01:13]47 更新可以立即应用。
010113.292: [01:01:13]这些更新中有 32 个是标准安全更新。
010113.292: [01:01:13]要查看这些附加更新，请运行：apt list --upgradable
010113.292: [01:01:13]
010113.292: [01:01:13]启用 ESM Apps 来获取未来的额外安全更新
010113.293: [01:01:13]请参见 https://ubuntu.com/esm 或者运行: sudo pro status
010113.293: [01:01:13]
010113.293: [01:01:13]Last login: Wed Mar 25 00:56:11 2026 from 192.168.6.173
010627.228: [01:06:27][202603103-172.16.101.45-01:06:27]
010627.242: [01:06:27]Welcome to Ubuntu 24.04.4 LTS (GNU/Linux 6.14.0-27-generic x86_64)
010627.242: [01:06:27]
010627.242: [01:06:27] * Documentation:  https://help.ubuntu.com
010627.242: [01:06:27] * Management:     https://landscape.canonical.com
010627.242: [01:06:27] * Support:        https://ubuntu.com/pro
010627.242: [01:06:27]
010627.243: [01:06:27]扩展安全维护（ESM）Applications 未启用。
010627.243: [01:06:27]
010627.243: [01:06:27]47 更新可以立即应用。
010627.243: [01:06:27]这些更新中有 32 个是标准安全更新。
010627.243: [01:06:27]要查看这些附加更新，请运行：apt list --upgradable
010627.243: [01:06:27]
010627.244: [01:06:27]启用 ESM Apps 来获取未来的额外安全更新
010627.244: [01:06:27]请参见 https://ubuntu.com/esm 或者运行: sudo pro status
010627.244: [01:06:27]
010627.244: [01:06:27]Last login: Wed Mar 25 01:01:13 2026 from 192.168.6.173
011139.270: [01:11:39][202603103-172.16.101.45-01:11:39]
011139.286: [01:11:39]Welcome to Ubuntu 24.04.4 LTS (GNU/Linux 6.14.0-27-generic x86_64)
011139.287: [01:11:39]
011139.287: [01:11:39] * Documentation:  https://help.ubuntu.com
011139.287: [01:11:39] * Management:     https://landscape.canonical.com
011139.287: [01:11:39] * Support:        https://ubuntu.com/pro
011139.287: [01:11:39]
011139.287: [01:11:39]扩展安全维护（ESM）Applications 未启用。
011139.288: [01:11:39]
011139.288: [01:11:39]47 更新可以立即应用。
011139.288: [01:11:39]这些更新中有 32 个是标准安全更新。
011139.288: [01:11:39]要查看这些附加更新，请运行：apt list --upgradable
011139.288: [01:11:39]
011139.289: [01:11:39]启用 ESM Apps 来获取未来的额外安全更新
011139.289: [01:11:39]请参见 https://ubuntu.com/esm 或者运行: sudo pro status
011139.289: [01:11:39]
011139.289: [01:11:39]Last login: Wed Mar 25 01:06:27 2026 from 192.168.6.173
011700.233: [01:17:00][202603103-172.16.101.45-01:17:00]
011700.247: [01:17:00]Welcome to Ubuntu 24.04.4 LTS (GNU/Linux 6.14.0-27-generic x86_64)
011700.247: [01:17:00]
011700.247: [01:17:00] * Documentation:  https://help.ubuntu.com
011700.247: [01:17:00] * Management:     https://landscape.canonical.com
011700.248: [01:17:00] * Support:        https://ubuntu.com/pro
011700.248: [01:17:00]
011700.248: [01:17:00]扩展安全维护（ESM）Applications 未启用。
011700.248: [01:17:00]
011700.248: [01:17:00]47 更新可以立即应用。
011700.248: [01:17:00]这些更新中有 32 个是标准安全更新。
011700.249: [01:17:00]要查看这些附加更新，请运行：apt list --upgradable
011700.249: [01:17:00]
011700.249: [01:17:00]启用 ESM Apps 来获取未来的额外安全更新
011700.249: [01:17:00]请参见 https://ubuntu.com/esm 或者运行: sudo pro status
011700.249: [01:17:00]
011700.250: [01:17:00]Last login: Wed Mar 25 01:11:39 2026 from 192.168.6.173
012200.215: [01:22:00][202603103-172.16.101.45-01:22:00]
012200.234: [01:22:00]Welcome to Ubuntu 24.04.4 LTS (GNU/Linux 6.14.0-27-generic x86_64)
012200.234: [01:22:00]
012200.234: [01:22:00] * Documentation:  https://help.ubuntu.com
012200.234: [01:22:00] * Management:     https://landscape.canonical.com
012200.235: [01:22:00] * Support:        https://ubuntu.com/pro
012200.235: [01:22:00]
012200.235: [01:22:00]扩展安全维护（ESM）Applications 未启用。
012200.235: [01:22:00]
012200.235: [01:22:00]47 更新可以立即应用。
012200.235: [01:22:00]这些更新中有 32 个是标准安全更新。
012200.236: [01:22:00]要查看这些附加更新，请运行：apt list --upgradable
012200.236: [01:22:00]
012200.236: [01:22:00]启用 ESM Apps 来获取未来的额外安全更新
012200.236: [01:22:00]请参见 https://ubuntu.com/esm 或者运行: sudo pro status
012200.236: [01:22:00]
012200.236: [01:22:00]Last login: Wed Mar 25 01:17:00 2026 from 192.168.6.173
012712.785: [01:27:12][202603103-172.16.101.45-01:27:12]
012712.789: [01:27:12]Welcome to Ubuntu 24.04.4 LTS (GNU/Linux 6.14.0-27-generic x86_64)
012712.789: [01:27:12]
012712.789: [01:27:12] * Documentation:  https://help.ubuntu.com
012712.790: [01:27:12] * Management:     https://landscape.canonical.com
012712.790: [01:27:12] * Support:        https://ubuntu.com/pro
012712.790: [01:27:12]
012712.790: [01:27:12]扩展安全维护（ESM）Applications 未启用。
012712.790: [01:27:12]
012712.790: [01:27:12]47 更新可以立即应用。
012712.790: [01:27:12]这些更新中有 32 个是标准安全更新。
012712.790: [01:27:12]要查看这些附加更新，请运行：apt list --upgradable
012712.790: [01:27:12]
012712.790: [01:27:12]启用 ESM Apps 来获取未来的额外安全更新
012712.790: [01:27:12]请参见 https://ubuntu.com/esm 或者运行: sudo pro status
012712.790: [01:27:12]
012712.791: [01:27:12]Last login: Wed Mar 25 01:22:00 2026 from 192.168.6.173
013227.732: [01:32:27][202603103-172.16.101.45-01:32:27]
013227.751: [01:32:27]Welcome to Ubuntu 24.04.4 LTS (GNU/Linux 6.14.0-27-generic x86_64)
013227.751: [01:32:27]
013227.751: [01:32:27] * Documentation:  https://help.ubuntu.com
013227.751: [01:32:27] * Management:     https://landscape.canonical.com
013227.751: [01:32:27] * Support:        https://ubuntu.com/pro
013227.751: [01:32:27]
013227.752: [01:32:27]扩展安全维护（ESM）Applications 未启用。
013227.752: [01:32:27]
013227.752: [01:32:27]47 更新可以立即应用。
013227.752: [01:32:27]这些更新中有 32 个是标准安全更新。
013227.752: [01:32:27]要查看这些附加更新，请运行：apt list --upgradable
013227.752: [01:32:27]
013227.753: [01:32:27]启用 ESM Apps 来获取未来的额外安全更新
013227.753: [01:32:27]请参见 https://ubuntu.com/esm 或者运行: sudo pro status
013227.753: [01:32:27]
013227.753: [01:32:27]Last login: Wed Mar 25 01:27:12 2026 from 192.168.6.173
013739.225: [01:37:39][202603103-172.16.101.45-01:37:39]
013739.239: [01:37:39]Welcome to Ubuntu 24.04.4 LTS (GNU/Linux 6.14.0-27-generic x86_64)
013739.239: [01:37:39]
013739.239: [01:37:39] * Documentation:  https://help.ubuntu.com
013739.240: [01:37:39] * Management:     https://landscape.canonical.com
013739.240: [01:37:39] * Support:        https://ubuntu.com/pro
013739.240: [01:37:39]
013739.240: [01:37:39]扩展安全维护（ESM）Applications 未启用。
013739.240: [01:37:39]
013739.240: [01:37:39]47 更新可以立即应用。
013739.240: [01:37:39]这些更新中有 32 个是标准安全更新。
013739.240: [01:37:39]要查看这些附加更新，请运行：apt list --upgradable
013739.240: [01:37:39]
013739.240: [01:37:39]启用 ESM Apps 来获取未来的额外安全更新
013739.240: [01:37:39]请参见 https://ubuntu.com/esm 或者运行: sudo pro status
013739.240: [01:37:39]
013739.240: [01:37:39]Last login: Wed Mar 25 01:32:27 2026 from 192.168.6.173
014252.716: [01:42:52][202603103-172.16.101.45-01:42:52]
014252.732: [01:42:52]Welcome to Ubuntu 24.04.4 LTS (GNU/Linux 6.14.0-27-generic x86_64)
014252.733: [01:42:52]
014252.733: [01:42:52] * Documentation:  https://help.ubuntu.com
014252.733: [01:42:52] * Management:     https://landscape.canonical.com
014252.733: [01:42:52] * Support:        https://ubuntu.com/pro
014252.733: [01:42:52]
014252.733: [01:42:52]扩展安全维护（ESM）Applications 未启用。
014252.733: [01:42:52]
014252.733: [01:42:52]47 更新可以立即应用。
014252.733: [01:42:52]这些更新中有 32 个是标准安全更新。
014252.734: [01:42:52]要查看这些附加更新，请运行：apt list --upgradable
014252.734: [01:42:52]
014252.734: [01:42:52]启用 ESM Apps 来获取未来的额外安全更新
014252.734: [01:42:52]请参见 https://ubuntu.com/esm 或者运行: sudo pro status
014252.734: [01:42:52]
014252.734: [01:42:52]Last login: Wed Mar 25 01:37:39 2026 from 192.168.6.173
014804.225: [01:48:04][202603103-172.16.101.45-01:48:04]
014804.240: [01:48:04]Welcome to Ubuntu 24.04.4 LTS (GNU/Linux 6.14.0-27-generic x86_64)
014804.240: [01:48:04]
014804.240: [01:48:04] * Documentation:  https://help.ubuntu.com
014804.240: [01:48:04] * Management:     https://landscape.canonical.com
014804.240: [01:48:04] * Support:        https://ubuntu.com/pro
014804.240: [01:48:04]
014804.241: [01:48:04]扩展安全维护（ESM）Applications 未启用。
014804.241: [01:48:04]
014804.241: [01:48:04]47 更新可以立即应用。
014804.241: [01:48:04]这些更新中有 32 个是标准安全更新。
014804.242: [01:48:04]要查看这些附加更新，请运行：apt list --upgradable
014804.242: [01:48:04]
014804.242: [01:48:04]启用 ESM Apps 来获取未来的额外安全更新
014804.242: [01:48:04]请参见 https://ubuntu.com/esm 或者运行: sudo pro status
014804.242: [01:48:04]
014804.242: [01:48:04]Last login: Wed Mar 25 01:42:52 2026 from 192.168.6.173
015314.734: [01:53:14][202603103-172.16.101.45-01:53:14]
015314.744: [01:53:14]Welcome to Ubuntu 24.04.4 LTS (GNU/Linux 6.14.0-27-generic x86_64)
015314.744: [01:53:14]
015314.744: [01:53:14] * Documentation:  https://help.ubuntu.com
015314.745: [01:53:14] * Management:     https://landscape.canonical.com
015314.745: [01:53:14] * Support:        https://ubuntu.com/pro
015314.745: [01:53:14]
015314.745: [01:53:14]扩展安全维护（ESM）Applications 未启用。
015314.745: [01:53:14]
015314.745: [01:53:14]47 更新可以立即应用。
015314.745: [01:53:14]这些更新中有 32 个是标准安全更新。
015314.745: [01:53:14]要查看这些附加更新，请运行：apt list --upgradable
015314.745: [01:53:14]
015314.746: [01:53:14]启用 ESM Apps 来获取未来的额外安全更新
015314.746: [01:53:14]请参见 https://ubuntu.com/esm 或者运行: sudo pro status
015314.746: [01:53:14]
015314.746: [01:53:14]Last login: Wed Mar 25 01:48:04 2026 from 192.168.6.173
015814.229: [01:58:14][202603103-172.16.101.45-01:58:14]
015814.240: [01:58:14]Welcome to Ubuntu 24.04.4 LTS (GNU/Linux 6.14.0-27-generic x86_64)
015814.240: [01:58:14]
015814.240: [01:58:14] * Documentation:  https://help.ubuntu.com
015814.241: [01:58:14] * Management:     https://landscape.canonical.com
015814.241: [01:58:14] * Support:        https://ubuntu.com/pro
015814.241: [01:58:14]
015814.241: [01:58:14]扩展安全维护（ESM）Applications 未启用。
015814.241: [01:58:14]
015814.241: [01:58:14]47 更新可以立即应用。
015814.241: [01:58:14]这些更新中有 32 个是标准安全更新。
015814.241: [01:58:14]要查看这些附加更新，请运行：apt list --upgradable
015814.241: [01:58:14]
015814.241: [01:58:14]启用 ESM Apps 来获取未来的额外安全更新
015814.241: [01:58:14]请参见 https://ubuntu.com/esm 或者运行: sudo pro status
015814.241: [01:58:14]
015814.242: [01:58:14]Last login: Wed Mar 25 01:53:14 2026 from 192.168.6.173
020326.729: [02:03:26][202603103-172.16.101.45-02:03:26]
020326.738: [02:03:26]Welcome to Ubuntu 24.04.4 LTS (GNU/Linux 6.14.0-27-generic x86_64)
020326.738: [02:03:26]
020326.738: [02:03:26] * Documentation:  https://help.ubuntu.com
020326.738: [02:03:26] * Management:     https://landscape.canonical.com
020326.738: [02:03:26] * Support:        https://ubuntu.com/pro
020326.738: [02:03:26]
020326.738: [02:03:26]扩展安全维护（ESM）Applications 未启用。
020326.738: [02:03:26]
020326.738: [02:03:26]47 更新可以立即应用。
020326.739: [02:03:26]这些更新中有 32 个是标准安全更新。
020326.739: [02:03:26]要查看这些附加更新，请运行：apt list --upgradable
020326.739: [02:03:26]
020326.739: [02:03:26]启用 ESM Apps 来获取未来的额外安全更新
020326.739: [02:03:26]请参见 https://ubuntu.com/esm 或者运行: sudo pro status
020326.739: [02:03:26]
020326.739: [02:03:26]Last login: Wed Mar 25 01:58:14 2026 from 192.168.6.173
020837.705: [02:08:37][202603103-172.16.101.45-02:08:37]
020837.716: [02:08:37]Welcome to Ubuntu 24.04.4 LTS (GNU/Linux 6.14.0-27-generic x86_64)
020837.716: [02:08:37]
020837.717: [02:08:37] * Documentation:  https://help.ubuntu.com
020837.717: [02:08:37] * Management:     https://landscape.canonical.com
020837.717: [02:08:37] * Support:        https://ubuntu.com/pro
020837.717: [02:08:37]
020837.717: [02:08:37]扩展安全维护（ESM）Applications 未启用。
020837.717: [02:08:37]
020837.717: [02:08:37]47 更新可以立即应用。
020837.718: [02:08:37]这些更新中有 32 个是标准安全更新。
020837.718: [02:08:37]要查看这些附加更新，请运行：apt list --upgradable
020837.718: [02:08:37]
020837.718: [02:08:37]启用 ESM Apps 来获取未来的额外安全更新
020837.719: [02:08:37]请参见 https://ubuntu.com/esm 或者运行: sudo pro status
020837.719: [02:08:37]
020837.719: [02:08:37]Last login: Wed Mar 25 02:03:26 2026 from 192.168.6.173
021348.715: [02:13:48][202603103-172.16.101.45-02:13:48]
021348.724: [02:13:48]Welcome to Ubuntu 24.04.4 LTS (GNU/Linux 6.14.0-27-generic x86_64)
021348.724: [02:13:48]
021348.724: [02:13:48] * Documentation:  https://help.ubuntu.com
021348.724: [02:13:48] * Management:     https://landscape.canonical.com
021348.725: [02:13:48] * Support:        https://ubuntu.com/pro
021348.725: [02:13:48]
021348.725: [02:13:48]扩展安全维护（ESM）Applications 未启用。
021348.725: [02:13:48]
021348.725: [02:13:48]47 更新可以立即应用。
021348.725: [02:13:48]这些更新中有 32 个是标准安全更新。
021348.726: [02:13:48]要查看这些附加更新，请运行：apt list --upgradable
021348.726: [02:13:48]
021348.726: [02:13:48]启用 ESM Apps 来获取未来的额外安全更新
021348.726: [02:13:48]请参见 https://ubuntu.com/esm 或者运行: sudo pro status
021348.726: [02:13:48]
021348.727: [02:13:48]Last login: Wed Mar 25 02:08:37 2026 from 192.168.6.173
021904.242: [02:19:04][202603103-172.16.101.45-02:19:04]
021904.258: [02:19:04]Welcome to Ubuntu 24.04.4 LTS (GNU/Linux 6.14.0-27-generic x86_64)
021904.258: [02:19:04]
021904.258: [02:19:04] * Documentation:  https://help.ubuntu.com
021904.258: [02:19:04] * Management:     https://landscape.canonical.com
021904.258: [02:19:04] * Support:        https://ubuntu.com/pro
021904.258: [02:19:04]
021904.258: [02:19:04]扩展安全维护（ESM）Applications 未启用。
021904.258: [02:19:04]
021904.259: [02:19:04]47 更新可以立即应用。
021904.259: [02:19:04]这些更新中有 32 个是标准安全更新。
021904.259: [02:19:04]要查看这些附加更新，请运行：apt list --upgradable
021904.259: [02:19:04]
021904.259: [02:19:04]启用 ESM Apps 来获取未来的额外安全更新
021904.259: [02:19:04]请参见 https://ubuntu.com/esm 或者运行: sudo pro status
021904.259: [02:19:04]
021904.260: [02:19:04]Last login: Wed Mar 25 02:13:48 2026 from 192.168.6.173
022415.710: [02:24:15][202603103-172.16.101.45-02:24:15]
022415.718: [02:24:15]Welcome to Ubuntu 24.04.4 LTS (GNU/Linux 6.14.0-27-generic x86_64)
022415.718: [02:24:15]
022415.719: [02:24:15] * Documentation:  https://help.ubuntu.com
022415.719: [02:24:15] * Management:     https://landscape.canonical.com
022415.719: [02:24:15] * Support:        https://ubuntu.com/pro
022415.719: [02:24:15]
022415.719: [02:24:15]扩展安全维护（ESM）Applications 未启用。
022415.719: [02:24:15]
022415.720: [02:24:15]47 更新可以立即应用。
022415.720: [02:24:15]这些更新中有 32 个是标准安全更新。
022415.720: [02:24:15]要查看这些附加更新，请运行：apt list --upgradable
022415.720: [02:24:15]
022415.720: [02:24:15]启用 ESM Apps 来获取未来的额外安全更新
022415.721: [02:24:15]请参见 https://ubuntu.com/esm 或者运行: sudo pro status
022415.721: [02:24:15]
022415.721: [02:24:15]Last login: Wed Mar 25 02:19:04 2026 from 192.168.6.173
022930.248: [02:29:30][202603103-172.16.101.45-02:29:30]
022930.262: [02:29:30]Welcome to Ubuntu 24.04.4 LTS (GNU/Linux 6.14.0-27-generic x86_64)
022930.262: [02:29:30]
022930.262: [02:29:30] * Documentation:  https://help.ubuntu.com
022930.263: [02:29:30] * Management:     https://landscape.canonical.com
022930.263: [02:29:30] * Support:        https://ubuntu.com/pro
022930.263: [02:29:30]
022930.263: [02:29:30]扩展安全维护（ESM）Applications 未启用。
022930.263: [02:29:30]
022930.264: [02:29:30]47 更新可以立即应用。
022930.264: [02:29:30]这些更新中有 32 个是标准安全更新。
022930.264: [02:29:30]要查看这些附加更新，请运行：apt list --upgradable
022930.264: [02:29:30]
022930.264: [02:29:30]启用 ESM Apps 来获取未来的额外安全更新
022930.265: [02:29:30]请参见 https://ubuntu.com/esm 或者运行: sudo pro status
022930.265: [02:29:30]
022930.265: [02:29:30]Last login: Wed Mar 25 02:24:15 2026 from 192.168.6.173
023426.248: [02:34:26][202603103-172.16.101.45-02:34:26]
023426.260: [02:34:26]Welcome to Ubuntu 24.04.4 LTS (GNU/Linux 6.14.0-27-generic x86_64)
023426.261: [02:34:26]
023426.261: [02:34:26] * Documentation:  https://help.ubuntu.com
023426.261: [02:34:26] * Management:     https://landscape.canonical.com
023426.261: [02:34:26] * Support:        https://ubuntu.com/pro
023426.261: [02:34:26]
023426.261: [02:34:26]扩展安全维护（ESM）Applications 未启用。
023426.261: [02:34:26]
023426.261: [02:34:26]47 更新可以立即应用。
023426.261: [02:34:26]这些更新中有 32 个是标准安全更新。
023426.262: [02:34:26]要查看这些附加更新，请运行：apt list --upgradable
023426.262: [02:34:26]
023426.262: [02:34:26]启用 ESM Apps 来获取未来的额外安全更新
023426.262: [02:34:26]请参见 https://ubuntu.com/esm 或者运行: sudo pro status
023426.262: [02:34:26]
023426.262: [02:34:26]Last login: Wed Mar 25 02:29:30 2026 from 192.168.6.173
023944.689: [02:39:44][202603103-172.16.101.45-02:39:44]
023944.697: [02:39:44]Welcome to Ubuntu 24.04.4 LTS (GNU/Linux 6.14.0-27-generic x86_64)
023944.697: [02:39:44]
023944.697: [02:39:44] * Documentation:  https://help.ubuntu.com
023944.698: [02:39:44] * Management:     https://landscape.canonical.com
023944.698: [02:39:44] * Support:        https://ubuntu.com/pro
023944.698: [02:39:44]
023944.698: [02:39:44]扩展安全维护（ESM）Applications 未启用。
023944.698: [02:39:44]
023944.698: [02:39:44]47 更新可以立即应用。
023944.698: [02:39:44]这些更新中有 32 个是标准安全更新。
023944.698: [02:39:44]要查看这些附加更新，请运行：apt list --upgradable
023944.698: [02:39:44]
023944.699: [02:39:44]启用 ESM Apps 来获取未来的额外安全更新
023944.699: [02:39:44]请参见 https://ubuntu.com/esm 或者运行: sudo pro status
023944.699: [02:39:44]
023944.699: [02:39:44]Last login: Wed Mar 25 02:34:26 2026 from 192.168.6.173
024452.219: [02:44:52][202603103-172.16.101.45-02:44:52]
024452.235: [02:44:52]Welcome to Ubuntu 24.04.4 LTS (GNU/Linux 6.14.0-27-generic x86_64)
024452.235: [02:44:52]
024452.236: [02:44:52] * Documentation:  https://help.ubuntu.com
024452.236: [02:44:52] * Management:     https://landscape.canonical.com
024452.236: [02:44:52] * Support:        https://ubuntu.com/pro
024452.236: [02:44:52]
024452.236: [02:44:52]扩展安全维护（ESM）Applications 未启用。
024452.236: [02:44:52]
024452.236: [02:44:52]47 更新可以立即应用。
024452.237: [02:44:52]这些更新中有 32 个是标准安全更新。
024452.237: [02:44:52]要查看这些附加更新，请运行：apt list --upgradable
024452.237: [02:44:52]
024452.237: [02:44:52]启用 ESM Apps 来获取未来的额外安全更新
024452.238: [02:44:52]请参见 https://ubuntu.com/esm 或者运行: sudo pro status
024452.238: [02:44:52]
024452.238: [02:44:52]Last login: Wed Mar 25 02:39:44 2026 from 192.168.6.173
025003.706: [02:50:03][202603103-172.16.101.45-02:50:03]
025003.716: [02:50:03]Welcome to Ubuntu 24.04.4 LTS (GNU/Linux 6.14.0-27-generic x86_64)
025003.716: [02:50:03]
025003.716: [02:50:03] * Documentation:  https://help.ubuntu.com
025003.716: [02:50:03] * Management:     https://landscape.canonical.com
025003.716: [02:50:03] * Support:        https://ubuntu.com/pro
025003.716: [02:50:03]
025003.716: [02:50:03]扩展安全维护（ESM）Applications 未启用。
025003.716: [02:50:03]
025003.716: [02:50:03]47 更新可以立即应用。
025003.716: [02:50:03]这些更新中有 32 个是标准安全更新。
025003.716: [02:50:03]要查看这些附加更新，请运行：apt list --upgradable
025003.716: [02:50:03]
025003.717: [02:50:03]启用 ESM Apps 来获取未来的额外安全更新
025003.717: [02:50:03]请参见 https://ubuntu.com/esm 或者运行: sudo pro status
025003.717: [02:50:03]
025003.717: [02:50:03]Last login: Wed Mar 25 02:44:52 2026 from 192.168.6.173
025515.232: [02:55:15][202603103-172.16.101.45-02:55:15]
025515.249: [02:55:15]Welcome to Ubuntu 24.04.4 LTS (GNU/Linux 6.14.0-27-generic x86_64)
025515.250: [02:55:15]
025515.250: [02:55:15] * Documentation:  https://help.ubuntu.com
025515.250: [02:55:15] * Management:     https://landscape.canonical.com
025515.250: [02:55:15] * Support:        https://ubuntu.com/pro
025515.250: [02:55:15]
025515.250: [02:55:15]扩展安全维护（ESM）Applications 未启用。
025515.250: [02:55:15]
025515.251: [02:55:15]47 更新可以立即应用。
025515.251: [02:55:15]这些更新中有 32 个是标准安全更新。
025515.251: [02:55:15]要查看这些附加更新，请运行：apt list --upgradable
025515.251: [02:55:15]
025515.252: [02:55:15]启用 ESM Apps 来获取未来的额外安全更新
025515.252: [02:55:15]请参见 https://ubuntu.com/esm 或者运行: sudo pro status
025515.252: [02:55:15]
025515.252: [02:55:15]Last login: Wed Mar 25 02:50:03 2026 from 192.168.6.173
030030.217: [03:00:30][202603103-172.16.101.45-03:00:30]
030030.225: [03:00:30]Welcome to Ubuntu 24.04.4 LTS (GNU/Linux 6.14.0-27-generic x86_64)
030030.225: [03:00:30]
030030.225: [03:00:30] * Documentation:  https://help.ubuntu.com
030030.226: [03:00:30] * Management:     https://landscape.canonical.com
030030.226: [03:00:30] * Support:        https://ubuntu.com/pro
030030.226: [03:00:30]
030030.226: [03:00:30]扩展安全维护（ESM）Applications 未启用。
030030.226: [03:00:30]
030030.226: [03:00:30]47 更新可以立即应用。
030030.226: [03:00:30]这些更新中有 32 个是标准安全更新。
030030.226: [03:00:30]要查看这些附加更新，请运行：apt list --upgradable
030030.227: [03:00:30]
030030.227: [03:00:30]启用 ESM Apps 来获取未来的额外安全更新
030030.227: [03:00:30]请参见 https://ubuntu.com/esm 或者运行: sudo pro status
030030.227: [03:00:30]
030030.227: [03:00:30]Last login: Wed Mar 25 02:55:15 2026 from 192.168.6.173
030543.732: [03:05:43][202603103-172.16.101.45-03:05:43]
030543.740: [03:05:43]Welcome to Ubuntu 24.04.4 LTS (GNU/Linux 6.14.0-27-generic x86_64)
030543.740: [03:05:43]
030543.740: [03:05:43] * Documentation:  https://help.ubuntu.com
030543.740: [03:05:43] * Management:     https://landscape.canonical.com
030543.740: [03:05:43] * Support:        https://ubuntu.com/pro
030543.740: [03:05:43]
030543.741: [03:05:43]扩展安全维护（ESM）Applications 未启用。
030543.741: [03:05:43]
030543.741: [03:05:43]47 更新可以立即应用。
030543.741: [03:05:43]这些更新中有 32 个是标准安全更新。
030543.741: [03:05:43]要查看这些附加更新，请运行：apt list --upgradable
030543.741: [03:05:43]
030543.741: [03:05:43]启用 ESM Apps 来获取未来的额外安全更新
030543.742: [03:05:43]请参见 https://ubuntu.com/esm 或者运行: sudo pro status
030543.742: [03:05:43]
030543.742: [03:05:43]Last login: Wed Mar 25 03:00:30 2026 from 192.168.6.173
031057.224: [03:10:57][202603103-172.16.101.45-03:10:57]
031057.252: [03:10:57]Welcome to Ubuntu 24.04.4 LTS (GNU/Linux 6.14.0-27-generic x86_64)
031057.252: [03:10:57]
031057.252: [03:10:57] * Documentation:  https://help.ubuntu.com
031057.252: [03:10:57] * Management:     https://landscape.canonical.com
031057.252: [03:10:57] * Support:        https://ubuntu.com/pro
031057.252: [03:10:57]
031057.253: [03:10:57]扩展安全维护（ESM）Applications 未启用。
031057.253: [03:10:57]
031057.253: [03:10:57]47 更新可以立即应用。
031057.253: [03:10:57]这些更新中有 32 个是标准安全更新。
031057.253: [03:10:57]要查看这些附加更新，请运行：apt list --upgradable
031057.253: [03:10:57]
031057.254: [03:10:57]启用 ESM Apps 来获取未来的额外安全更新
031057.254: [03:10:57]请参见 https://ubuntu.com/esm 或者运行: sudo pro status
031057.254: [03:10:57]
031057.254: [03:10:57]Last login: Wed Mar 25 03:05:43 2026 from 192.168.6.173
031608.226: [03:16:08][202603103-172.16.101.45-03:16:08]
031608.235: [03:16:08]Welcome to Ubuntu 24.04.4 LTS (GNU/Linux 6.14.0-27-generic x86_64)
031608.235: [03:16:08]
031608.236: [03:16:08] * Documentation:  https://help.ubuntu.com
031608.236: [03:16:08] * Management:     https://landscape.canonical.com
031608.236: [03:16:08] * Support:        https://ubuntu.com/pro
031608.236: [03:16:08]
031608.236: [03:16:08]扩展安全维护（ESM）Applications 未启用。
031608.236: [03:16:08]
031608.236: [03:16:08]47 更新可以立即应用。
031608.237: [03:16:08]这些更新中有 32 个是标准安全更新。
031608.237: [03:16:08]要查看这些附加更新，请运行：apt list --upgradable
031608.237: [03:16:08]
031608.237: [03:16:08]启用 ESM Apps 来获取未来的额外安全更新
031608.238: [03:16:08]请参见 https://ubuntu.com/esm 或者运行: sudo pro status
031608.238: [03:16:08]
031608.238: [03:16:08]Last login: Wed Mar 25 03:10:57 2026 from 192.168.6.173
032119.224: [03:21:19][202603103-172.16.101.45-03:21:19]
032119.236: [03:21:19]Welcome to Ubuntu 24.04.4 LTS (GNU/Linux 6.14.0-27-generic x86_64)
032119.236: [03:21:19]
032119.237: [03:21:19] * Documentation:  https://help.ubuntu.com
032119.237: [03:21:19] * Management:     https://landscape.canonical.com
032119.237: [03:21:19] * Support:        https://ubuntu.com/pro
032119.237: [03:21:19]
032119.237: [03:21:19]扩展安全维护（ESM）Applications 未启用。
032119.237: [03:21:19]
032119.238: [03:21:19]47 更新可以立即应用。
032119.238: [03:21:19]这些更新中有 32 个是标准安全更新。
032119.238: [03:21:19]要查看这些附加更新，请运行：apt list --upgradable
032119.238: [03:21:19]
032119.238: [03:21:19]启用 ESM Apps 来获取未来的额外安全更新
032119.239: [03:21:19]请参见 https://ubuntu.com/esm 或者运行: sudo pro status
032119.239: [03:21:19]
032119.239: [03:21:19]Last login: Wed Mar 25 03:16:08 2026 from 192.168.6.173
032617.233: [03:26:17][202603103-172.16.101.45-03:26:17]
032617.257: [03:26:17]Welcome to Ubuntu 24.04.4 LTS (GNU/Linux 6.14.0-27-generic x86_64)
032617.257: [03:26:17]
032617.257: [03:26:17] * Documentation:  https://help.ubuntu.com
032617.258: [03:26:17] * Management:     https://landscape.canonical.com
032617.258: [03:26:17] * Support:        https://ubuntu.com/pro
032617.258: [03:26:17]
032617.258: [03:26:17]扩展安全维护（ESM）Applications 未启用。
032617.258: [03:26:17]
032617.258: [03:26:17]47 更新可以立即应用。
032617.258: [03:26:17]这些更新中有 32 个是标准安全更新。
032617.259: [03:26:17]要查看这些附加更新，请运行：apt list --upgradable
032617.259: [03:26:17]
032617.259: [03:26:17]启用 ESM Apps 来获取未来的额外安全更新
032617.259: [03:26:17]请参见 https://ubuntu.com/esm 或者运行: sudo pro status
032617.259: [03:26:17]
032617.260: [03:26:17]Last login: Wed Mar 25 03:21:19 2026 from 192.168.6.173
033128.213: [03:31:28][202603103-172.16.101.45-03:31:28]
033128.223: [03:31:28]Welcome to Ubuntu 24.04.4 LTS (GNU/Linux 6.14.0-27-generic x86_64)
033128.223: [03:31:28]
033128.224: [03:31:28] * Documentation:  https://help.ubuntu.com
033128.224: [03:31:28] * Management:     https://landscape.canonical.com
033128.224: [03:31:28] * Support:        https://ubuntu.com/pro
033128.224: [03:31:28]
033128.224: [03:31:28]扩展安全维护（ESM）Applications 未启用。
033128.224: [03:31:28]
033128.224: [03:31:28]47 更新可以立即应用。
033128.224: [03:31:28]这些更新中有 32 个是标准安全更新。
033128.225: [03:31:28]要查看这些附加更新，请运行：apt list --upgradable
033128.225: [03:31:28]
033128.225: [03:31:28]启用 ESM Apps 来获取未来的额外安全更新
033128.225: [03:31:28]请参见 https://ubuntu.com/esm 或者运行: sudo pro status
033128.225: [03:31:28]
033128.225: [03:31:28]Last login: Wed Mar 25 03:26:17 2026 from 192.168.6.173
033641.731: [03:36:41][202603103-172.16.101.45-03:36:41]
033641.740: [03:36:41]Welcome to Ubuntu 24.04.4 LTS (GNU/Linux 6.14.0-27-generic x86_64)
033641.740: [03:36:41]
033641.740: [03:36:41] * Documentation:  https://help.ubuntu.com
033641.740: [03:36:41] * Management:     https://landscape.canonical.com
033641.740: [03:36:41] * Support:        https://ubuntu.com/pro
033641.740: [03:36:41]
033641.740: [03:36:41]扩展安全维护（ESM）Applications 未启用。
033641.740: [03:36:41]
033641.740: [03:36:41]47 更新可以立即应用。
033641.740: [03:36:41]这些更新中有 32 个是标准安全更新。
033641.740: [03:36:41]要查看这些附加更新，请运行：apt list --upgradable
033641.740: [03:36:41]
033641.740: [03:36:41]启用 ESM Apps 来获取未来的额外安全更新
033641.740: [03:36:41]请参见 https://ubuntu.com/esm 或者运行: sudo pro status
033641.741: [03:36:41]
033641.741: [03:36:41]Last login: Wed Mar 25 03:31:28 2026 from 192.168.6.173
034155.697: [03:41:55][202603103-172.16.101.45-03:41:55]
034155.706: [03:41:55]Welcome to Ubuntu 24.04.4 LTS (GNU/Linux 6.14.0-27-generic x86_64)
034155.706: [03:41:55]
034155.706: [03:41:55] * Documentation:  https://help.ubuntu.com
034155.706: [03:41:55] * Management:     https://landscape.canonical.com
034155.706: [03:41:55] * Support:        https://ubuntu.com/pro
034155.706: [03:41:55]
034155.706: [03:41:55]扩展安全维护（ESM）Applications 未启用。
034155.706: [03:41:55]
034155.706: [03:41:55]47 更新可以立即应用。
034155.707: [03:41:55]这些更新中有 32 个是标准安全更新。
034155.707: [03:41:55]要查看这些附加更新，请运行：apt list --upgradable
034155.707: [03:41:55]
034155.707: [03:41:55]启用 ESM Apps 来获取未来的额外安全更新
034155.707: [03:41:55]请参见 https://ubuntu.com/esm 或者运行: sudo pro status
034155.707: [03:41:55]
034155.707: [03:41:55]Last login: Wed Mar 25 03:36:41 2026 from 192.168.6.173
034704.712: [03:47:04][202603103-172.16.101.45-03:47:04]
034704.723: [03:47:04]Welcome to Ubuntu 24.04.4 LTS (GNU/Linux 6.14.0-27-generic x86_64)
034704.723: [03:47:04]
034704.723: [03:47:04] * Documentation:  https://help.ubuntu.com
034704.724: [03:47:04] * Management:     https://landscape.canonical.com
034704.724: [03:47:04] * Support:        https://ubuntu.com/pro
034704.724: [03:47:04]
034704.724: [03:47:04]扩展安全维护（ESM）Applications 未启用。
034704.724: [03:47:04]
034704.724: [03:47:04]47 更新可以立即应用。
034704.724: [03:47:04]这些更新中有 32 个是标准安全更新。
034704.725: [03:47:04]要查看这些附加更新，请运行：apt list --upgradable
034704.725: [03:47:04]
034704.725: [03:47:04]启用 ESM Apps 来获取未来的额外安全更新
034704.725: [03:47:04]请参见 https://ubuntu.com/esm 或者运行: sudo pro status
034704.725: [03:47:04]
034704.725: [03:47:04]Last login: Wed Mar 25 03:41:55 2026 from 192.168.6.173
035218.212: [03:52:18][202603103-172.16.101.45-03:52:18]
035218.236: [03:52:18]Welcome to Ubuntu 24.04.4 LTS (GNU/Linux 6.14.0-27-generic x86_64)
035218.236: [03:52:18]
035218.237: [03:52:18] * Documentation:  https://help.ubuntu.com
035218.237: [03:52:18] * Management:     https://landscape.canonical.com
035218.237: [03:52:18] * Support:        https://ubuntu.com/pro
035218.237: [03:52:18]
035218.237: [03:52:18]扩展安全维护（ESM）Applications 未启用。
035218.237: [03:52:18]
035218.237: [03:52:18]47 更新可以立即应用。
035218.238: [03:52:18]这些更新中有 32 个是标准安全更新。
035218.238: [03:52:18]要查看这些附加更新，请运行：apt list --upgradable
035218.238: [03:52:18]
035218.238: [03:52:18]启用 ESM Apps 来获取未来的额外安全更新
035218.238: [03:52:18]请参见 https://ubuntu.com/esm 或者运行: sudo pro status
035218.239: [03:52:18]
035218.239: [03:52:18]Last login: Wed Mar 25 03:47:04 2026 from 192.168.6.173
035729.233: [03:57:29][202603103-172.16.101.45-03:57:29]
035729.257: [03:57:29]Welcome to Ubuntu 24.04.4 LTS (GNU/Linux 6.14.0-27-generic x86_64)
035729.257: [03:57:29]
035729.257: [03:57:29] * Documentation:  https://help.ubuntu.com
035729.257: [03:57:29] * Management:     https://landscape.canonical.com
035729.257: [03:57:29] * Support:        https://ubuntu.com/pro
035729.257: [03:57:29]
035729.257: [03:57:29]扩展安全维护（ESM）Applications 未启用。
035729.257: [03:57:29]
035729.257: [03:57:29]47 更新可以立即应用。
035729.257: [03:57:29]这些更新中有 32 个是标准安全更新。
035729.257: [03:57:29]要查看这些附加更新，请运行：apt list --upgradable
035729.257: [03:57:29]
035729.258: [03:57:29]启用 ESM Apps 来获取未来的额外安全更新
035729.258: [03:57:29]请参见 https://ubuntu.com/esm 或者运行: sudo pro status
035729.258: [03:57:29]
035729.258: [03:57:29]Last login: Wed Mar 25 03:52:18 2026 from 192.168.6.173
040238.714: [04:02:38][202603103-172.16.101.45-04:02:38]
040238.726: [04:02:38]Welcome to Ubuntu 24.04.4 LTS (GNU/Linux 6.14.0-27-generic x86_64)
040238.726: [04:02:38]
040238.727: [04:02:38] * Documentation:  https://help.ubuntu.com
040238.727: [04:02:38] * Management:     https://landscape.canonical.com
040238.727: [04:02:38] * Support:        https://ubuntu.com/pro
040238.727: [04:02:38]
040238.727: [04:02:38]扩展安全维护（ESM）Applications 未启用。
040238.727: [04:02:38]
040238.727: [04:02:38]47 更新可以立即应用。
040238.727: [04:02:38]这些更新中有 32 个是标准安全更新。
040238.728: [04:02:38]要查看这些附加更新，请运行：apt list --upgradable
040238.728: [04:02:38]
040238.728: [04:02:38]启用 ESM Apps 来获取未来的额外安全更新
040238.728: [04:02:38]请参见 https://ubuntu.com/esm 或者运行: sudo pro status
040238.728: [04:02:38]
040238.728: [04:02:38]Last login: Wed Mar 25 03:57:29 2026 from 192.168.6.173
040750.251: [04:07:50][202603103-172.16.101.45-04:07:50]
040750.269: [04:07:50]Welcome to Ubuntu 24.04.4 LTS (GNU/Linux 6.14.0-27-generic x86_64)
040750.269: [04:07:50]
040750.269: [04:07:50] * Documentation:  https://help.ubuntu.com
040750.269: [04:07:50] * Management:     https://landscape.canonical.com
040750.270: [04:07:50] * Support:        https://ubuntu.com/pro
040750.270: [04:07:50]
040750.270: [04:07:50]扩展安全维护（ESM）Applications 未启用。
040750.270: [04:07:50]
040750.270: [04:07:50]47 更新可以立即应用。
040750.270: [04:07:50]这些更新中有 32 个是标准安全更新。
040750.270: [04:07:50]要查看这些附加更新，请运行：apt list --upgradable
040750.270: [04:07:50]
040750.270: [04:07:50]启用 ESM Apps 来获取未来的额外安全更新
040750.270: [04:07:50]请参见 https://ubuntu.com/esm 或者运行: sudo pro status
040750.270: [04:07:50]
040750.270: [04:07:50]Last login: Wed Mar 25 04:02:38 2026 from 192.168.6.173
041306.202: [04:13:06][202603103-172.16.101.45-04:13:06]
041306.215: [04:13:06]Welcome to Ubuntu 24.04.4 LTS (GNU/Linux 6.14.0-27-generic x86_64)
041306.215: [04:13:06]
041306.215: [04:13:06] * Documentation:  https://help.ubuntu.com
041306.215: [04:13:06] * Management:     https://landscape.canonical.com
041306.215: [04:13:06] * Support:        https://ubuntu.com/pro
041306.215: [04:13:06]
041306.215: [04:13:06]扩展安全维护（ESM）Applications 未启用。
041306.215: [04:13:06]
041306.215: [04:13:06]47 更新可以立即应用。
041306.215: [04:13:06]这些更新中有 32 个是标准安全更新。
041306.215: [04:13:06]要查看这些附加更新，请运行：apt list --upgradable
041306.215: [04:13:06]
041306.215: [04:13:06]启用 ESM Apps 来获取未来的额外安全更新
041306.216: [04:13:06]请参见 https://ubuntu.com/esm 或者运行: sudo pro status
041306.216: [04:13:06]
041306.216: [04:13:06]Last login: Wed Mar 25 04:07:50 2026 from 192.168.6.173
041820.696: [04:18:20][202603103-172.16.101.45-04:18:20]
041820.708: [04:18:20]Welcome to Ubuntu 24.04.4 LTS (GNU/Linux 6.14.0-27-generic x86_64)
041820.708: [04:18:20]
041820.708: [04:18:20] * Documentation:  https://help.ubuntu.com
041820.708: [04:18:20] * Management:     https://landscape.canonical.com
041820.708: [04:18:20] * Support:        https://ubuntu.com/pro
041820.709: [04:18:20]
041820.709: [04:18:20]扩展安全维护（ESM）Applications 未启用。
041820.709: [04:18:20]
041820.709: [04:18:20]47 更新可以立即应用。
041820.709: [04:18:20]这些更新中有 32 个是标准安全更新。
041820.710: [04:18:20]要查看这些附加更新，请运行：apt list --upgradable
041820.710: [04:18:20]
041820.710: [04:18:20]启用 ESM Apps 来获取未来的额外安全更新
041820.710: [04:18:20]请参见 https://ubuntu.com/esm 或者运行: sudo pro status
041820.710: [04:18:20]
041820.711: [04:18:20]Last login: Wed Mar 25 04:13:06 2026 from 192.168.6.173
042316.736: [04:23:16][202603103-172.16.101.45-04:23:16]
042316.761: [04:23:16]Welcome to Ubuntu 24.04.4 LTS (GNU/Linux 6.14.0-27-generic x86_64)
042316.761: [04:23:16]
042316.761: [04:23:16] * Documentation:  https://help.ubuntu.com
042316.762: [04:23:16] * Management:     https://landscape.canonical.com
042316.762: [04:23:16] * Support:        https://ubuntu.com/pro
042316.762: [04:23:16]
042316.762: [04:23:16]扩展安全维护（ESM）Applications 未启用。
042316.762: [04:23:16]
042316.762: [04:23:16]47 更新可以立即应用。
042316.763: [04:23:16]这些更新中有 32 个是标准安全更新。
042316.763: [04:23:16]要查看这些附加更新，请运行：apt list --upgradable
042316.763: [04:23:16]
042316.763: [04:23:16]启用 ESM Apps 来获取未来的额外安全更新
042316.763: [04:23:16]请参见 https://ubuntu.com/esm 或者运行: sudo pro status
042316.763: [04:23:16]
042316.764: [04:23:16]Last login: Wed Mar 25 04:18:20 2026 from 192.168.6.173
042826.706: [04:28:26][202603103-172.16.101.45-04:28:26]
042826.717: [04:28:26]Welcome to Ubuntu 24.04.4 LTS (GNU/Linux 6.14.0-27-generic x86_64)
042826.717: [04:28:26]
042826.717: [04:28:26] * Documentation:  https://help.ubuntu.com
042826.717: [04:28:26] * Management:     https://landscape.canonical.com
042826.718: [04:28:26] * Support:        https://ubuntu.com/pro
042826.718: [04:28:26]
042826.718: [04:28:26]扩展安全维护（ESM）Applications 未启用。
042826.718: [04:28:26]
042826.718: [04:28:26]47 更新可以立即应用。
042826.718: [04:28:26]这些更新中有 32 个是标准安全更新。
042826.719: [04:28:26]要查看这些附加更新，请运行：apt list --upgradable
042826.719: [04:28:26]
042826.719: [04:28:26]启用 ESM Apps 来获取未来的额外安全更新
042826.719: [04:28:26]请参见 https://ubuntu.com/esm 或者运行: sudo pro status
042826.719: [04:28:26]
042826.720: [04:28:26]Last login: Wed Mar 25 04:23:16 2026 from 192.168.6.173
043339.717: [04:33:39][202603103-172.16.101.45-04:33:39]
043339.726: [04:33:39]Welcome to Ubuntu 24.04.4 LTS (GNU/Linux 6.14.0-27-generic x86_64)
043339.726: [04:33:39]
043339.726: [04:33:39] * Documentation:  https://help.ubuntu.com
043339.726: [04:33:39] * Management:     https://landscape.canonical.com
043339.726: [04:33:39] * Support:        https://ubuntu.com/pro
043339.726: [04:33:39]
043339.727: [04:33:39]扩展安全维护（ESM）Applications 未启用。
043339.727: [04:33:39]
043339.727: [04:33:39]47 更新可以立即应用。
043339.727: [04:33:39]这些更新中有 32 个是标准安全更新。
043339.727: [04:33:39]要查看这些附加更新，请运行：apt list --upgradable
043339.727: [04:33:39]
043339.728: [04:33:39]启用 ESM Apps 来获取未来的额外安全更新
043339.728: [04:33:39]请参见 https://ubuntu.com/esm 或者运行: sudo pro status
043339.728: [04:33:39]
043339.728: [04:33:39]Last login: Wed Mar 25 04:28:26 2026 from 192.168.6.173
043852.231: [04:38:52][202603103-172.16.101.45-04:38:52]
043852.247: [04:38:52]Welcome to Ubuntu 24.04.4 LTS (GNU/Linux 6.14.0-27-generic x86_64)
043852.247: [04:38:52]
043852.247: [04:38:52] * Documentation:  https://help.ubuntu.com
043852.247: [04:38:52] * Management:     https://landscape.canonical.com
043852.247: [04:38:52] * Support:        https://ubuntu.com/pro
043852.247: [04:38:52]
043852.248: [04:38:52]扩展安全维护（ESM）Applications 未启用。
043852.248: [04:38:52]
043852.248: [04:38:52]47 更新可以立即应用。
043852.248: [04:38:52]这些更新中有 32 个是标准安全更新。
043852.248: [04:38:52]要查看这些附加更新，请运行：apt list --upgradable
043852.248: [04:38:52]
043852.248: [04:38:52]启用 ESM Apps 来获取未来的额外安全更新
043852.249: [04:38:52]请参见 https://ubuntu.com/esm 或者运行: sudo pro status
043852.249: [04:38:52]
043852.249: [04:38:52]Last login: Wed Mar 25 04:33:39 2026 from 192.168.6.173
044407.714: [04:44:07][202603103-172.16.101.45-04:44:07]
044407.727: [04:44:07]Welcome to Ubuntu 24.04.4 LTS (GNU/Linux 6.14.0-27-generic x86_64)
044407.727: [04:44:07]
044407.727: [04:44:07] * Documentation:  https://help.ubuntu.com
044407.727: [04:44:07] * Management:     https://landscape.canonical.com
044407.727: [04:44:07] * Support:        https://ubuntu.com/pro
044407.727: [04:44:07]
044407.727: [04:44:07]扩展安全维护（ESM）Applications 未启用。
044407.727: [04:44:07]
044407.728: [04:44:07]47 更新可以立即应用。
044407.728: [04:44:07]这些更新中有 32 个是标准安全更新。
044407.728: [04:44:07]要查看这些附加更新，请运行：apt list --upgradable
044407.728: [04:44:07]
044407.728: [04:44:07]启用 ESM Apps 来获取未来的额外安全更新
044407.728: [04:44:07]请参见 https://ubuntu.com/esm 或者运行: sudo pro status
044407.728: [04:44:07]
044407.728: [04:44:07]Last login: Wed Mar 25 04:38:52 2026 from 192.168.6.173
044917.726: [04:49:17][202603103-172.16.101.45-04:49:17]
044917.743: [04:49:17]Welcome to Ubuntu 24.04.4 LTS (GNU/Linux 6.14.0-27-generic x86_64)
044917.743: [04:49:17]
044917.743: [04:49:17] * Documentation:  https://help.ubuntu.com
044917.744: [04:49:17] * Management:     https://landscape.canonical.com
044917.744: [04:49:17] * Support:        https://ubuntu.com/pro
044917.744: [04:49:17]
044917.744: [04:49:17]扩展安全维护（ESM）Applications 未启用。
044917.744: [04:49:17]
044917.744: [04:49:17]47 更新可以立即应用。
044917.744: [04:49:17]这些更新中有 32 个是标准安全更新。
044917.744: [04:49:17]要查看这些附加更新，请运行：apt list --upgradable
044917.744: [04:49:17]
044917.744: [04:49:17]启用 ESM Apps 来获取未来的额外安全更新
044917.745: [04:49:17]请参见 https://ubuntu.com/esm 或者运行: sudo pro status
044917.745: [04:49:17]
044917.745: [04:49:17]Last login: Wed Mar 25 04:44:07 2026 from 192.168.6.173
045429.191: [04:54:29][202603103-172.16.101.45-04:54:29]
045429.202: [04:54:29]Welcome to Ubuntu 24.04.4 LTS (GNU/Linux 6.14.0-27-generic x86_64)
045429.202: [04:54:29]
045429.202: [04:54:29] * Documentation:  https://help.ubuntu.com
045429.202: [04:54:29] * Management:     https://landscape.canonical.com
045429.202: [04:54:29] * Support:        https://ubuntu.com/pro
045429.202: [04:54:29]
045429.202: [04:54:29]扩展安全维护（ESM）Applications 未启用。
045429.202: [04:54:29]
045429.202: [04:54:29]47 更新可以立即应用。
045429.203: [04:54:29]这些更新中有 32 个是标准安全更新。
045429.203: [04:54:29]要查看这些附加更新，请运行：apt list --upgradable
045429.203: [04:54:29]
045429.203: [04:54:29]启用 ESM Apps 来获取未来的额外安全更新
045429.203: [04:54:29]请参见 https://ubuntu.com/esm 或者运行: sudo pro status
045429.203: [04:54:29]
045429.203: [04:54:29]Last login: Wed Mar 25 04:49:17 2026 from 192.168.6.173
045947.219: [04:59:47][202603103-172.16.101.45-04:59:47]
045947.236: [04:59:47]Welcome to Ubuntu 24.04.4 LTS (GNU/Linux 6.14.0-27-generic x86_64)
045947.236: [04:59:47]
045947.236: [04:59:47] * Documentation:  https://help.ubuntu.com
045947.236: [04:59:47] * Management:     https://landscape.canonical.com
045947.237: [04:59:47] * Support:        https://ubuntu.com/pro
045947.237: [04:59:47]
045947.237: [04:59:47]扩展安全维护（ESM）Applications 未启用。
045947.237: [04:59:47]
045947.237: [04:59:47]47 更新可以立即应用。
045947.237: [04:59:47]这些更新中有 32 个是标准安全更新。
045947.238: [04:59:47]要查看这些附加更新，请运行：apt list --upgradable
045947.238: [04:59:47]
045947.238: [04:59:47]启用 ESM Apps 来获取未来的额外安全更新
045947.238: [04:59:47]请参见 https://ubuntu.com/esm 或者运行: sudo pro status
045947.238: [04:59:47]
045947.239: [04:59:47]Last login: Wed Mar 25 04:54:29 2026 from 192.168.6.173
050500.231: [05:05:00][202603103-172.16.101.45-05:05:00]
050500.242: [05:05:00]Welcome to Ubuntu 24.04.4 LTS (GNU/Linux 6.14.0-27-generic x86_64)
050500.242: [05:05:00]
050500.242: [05:05:00] * Documentation:  https://help.ubuntu.com
050500.243: [05:05:00] * Management:     https://landscape.canonical.com
050500.243: [05:05:00] * Support:        https://ubuntu.com/pro
050500.243: [05:05:00]
050500.243: [05:05:00]扩展安全维护（ESM）Applications 未启用。
050500.243: [05:05:00]
050500.243: [05:05:00]47 更新可以立即应用。
050500.243: [05:05:00]这些更新中有 32 个是标准安全更新。
050500.243: [05:05:00]要查看这些附加更新，请运行：apt list --upgradable
050500.243: [05:05:00]
050500.243: [05:05:00]启用 ESM Apps 来获取未来的额外安全更新
050500.243: [05:05:00]请参见 https://ubuntu.com/esm 或者运行: sudo pro status
050500.243: [05:05:00]
050500.243: [05:05:00]Last login: Wed Mar 25 04:59:47 2026 from 192.168.6.173
050958.711: [05:09:58][202603103-172.16.101.45-05:09:58]
050958.720: [05:09:58]Welcome to Ubuntu 24.04.4 LTS (GNU/Linux 6.14.0-27-generic x86_64)
050958.720: [05:09:58]
050958.720: [05:09:58] * Documentation:  https://help.ubuntu.com
050958.720: [05:09:58] * Management:     https://landscape.canonical.com
050958.720: [05:09:58] * Support:        https://ubuntu.com/pro
050958.720: [05:09:58]
050958.721: [05:09:58]扩展安全维护（ESM）Applications 未启用。
050958.721: [05:09:58]
050958.721: [05:09:58]47 更新可以立即应用。
050958.721: [05:09:58]这些更新中有 32 个是标准安全更新。
050958.721: [05:09:58]要查看这些附加更新，请运行：apt list --upgradable
050958.721: [05:09:58]
050958.721: [05:09:58]启用 ESM Apps 来获取未来的额外安全更新
050958.721: [05:09:58]请参见 https://ubuntu.com/esm 或者运行: sudo pro status
050958.721: [05:09:58]
050958.722: [05:09:58]Last login: Wed Mar 25 05:05:00 2026 from 192.168.6.173
051512.221: [05:15:12][202603103-172.16.101.45-05:15:12]
051512.239: [05:15:12]Welcome to Ubuntu 24.04.4 LTS (GNU/Linux 6.14.0-27-generic x86_64)
051512.239: [05:15:12]
051512.239: [05:15:12] * Documentation:  https://help.ubuntu.com
051512.239: [05:15:12] * Management:     https://landscape.canonical.com
051512.239: [05:15:12] * Support:        https://ubuntu.com/pro
051512.239: [05:15:12]
051512.239: [05:15:12]扩展安全维护（ESM）Applications 未启用。
051512.239: [05:15:12]
051512.239: [05:15:12]47 更新可以立即应用。
051512.240: [05:15:12]这些更新中有 32 个是标准安全更新。
051512.240: [05:15:12]要查看这些附加更新，请运行：apt list --upgradable
051512.240: [05:15:12]
051512.240: [05:15:12]启用 ESM Apps 来获取未来的额外安全更新
051512.240: [05:15:12]请参见 https://ubuntu.com/esm 或者运行: sudo pro status
051512.240: [05:15:12]
051512.240: [05:15:12]Last login: Wed Mar 25 05:09:58 2026 from 192.168.6.173
052025.215: [05:20:25][202603103-172.16.101.45-05:20:25]
052025.228: [05:20:25]Welcome to Ubuntu 24.04.4 LTS (GNU/Linux 6.14.0-27-generic x86_64)
052025.228: [05:20:25]
052025.228: [05:20:25] * Documentation:  https://help.ubuntu.com
052025.228: [05:20:25] * Management:     https://landscape.canonical.com
052025.228: [05:20:25] * Support:        https://ubuntu.com/pro
052025.228: [05:20:25]
052025.229: [05:20:25]扩展安全维护（ESM）Applications 未启用。
052025.229: [05:20:25]
052025.229: [05:20:25]47 更新可以立即应用。
052025.229: [05:20:25]这些更新中有 32 个是标准安全更新。
052025.229: [05:20:25]要查看这些附加更新，请运行：apt list --upgradable
052025.229: [05:20:25]
052025.229: [05:20:25]启用 ESM Apps 来获取未来的额外安全更新
052025.230: [05:20:25]请参见 https://ubuntu.com/esm 或者运行: sudo pro status
052025.230: [05:20:25]
052025.230: [05:20:25]Last login: Wed Mar 25 05:15:12 2026 from 192.168.6.173
052537.237: [05:25:37][202603103-172.16.101.45-05:25:37]
052537.250: [05:25:37]Welcome to Ubuntu 24.04.4 LTS (GNU/Linux 6.14.0-27-generic x86_64)
052537.251: [05:25:37]
052537.251: [05:25:37] * Documentation:  https://help.ubuntu.com
052537.251: [05:25:37] * Management:     https://landscape.canonical.com
052537.251: [05:25:37] * Support:        https://ubuntu.com/pro
052537.251: [05:25:37]
052537.251: [05:25:37]扩展安全维护（ESM）Applications 未启用。
052537.251: [05:25:37]
052537.252: [05:25:37]47 更新可以立即应用。
052537.252: [05:25:37]这些更新中有 32 个是标准安全更新。
052537.252: [05:25:37]要查看这些附加更新，请运行：apt list --upgradable
052537.252: [05:25:37]
052537.252: [05:25:37]启用 ESM Apps 来获取未来的额外安全更新
052537.252: [05:25:37]请参见 https://ubuntu.com/esm 或者运行: sudo pro status
052537.252: [05:25:37]
052537.253: [05:25:37]Last login: Wed Mar 25 05:20:25 2026 from 192.168.6.173
053054.253: [05:30:54][202603103-172.16.101.45-05:30:54]
053054.271: [05:30:54]Welcome to Ubuntu 24.04.4 LTS (GNU/Linux 6.14.0-27-generic x86_64)
053054.271: [05:30:54]
053054.271: [05:30:54] * Documentation:  https://help.ubuntu.com
053054.271: [05:30:54] * Management:     https://landscape.canonical.com
053054.271: [05:30:54] * Support:        https://ubuntu.com/pro
053054.271: [05:30:54]
053054.272: [05:30:54]扩展安全维护（ESM）Applications 未启用。
053054.272: [05:30:54]
053054.272: [05:30:54]47 更新可以立即应用。
053054.272: [05:30:54]这些更新中有 32 个是标准安全更新。
053054.272: [05:30:54]要查看这些附加更新，请运行：apt list --upgradable
053054.272: [05:30:54]
053054.273: [05:30:54]启用 ESM Apps 来获取未来的额外安全更新
053054.273: [05:30:54]请参见 https://ubuntu.com/esm 或者运行: sudo pro status
053054.273: [05:30:54]
053054.273: [05:30:54]Last login: Wed Mar 25 05:25:37 2026 from 192.168.6.173
053551.206: [05:35:51][202603103-172.16.101.45-05:35:51]
053551.224: [05:35:51]Welcome to Ubuntu 24.04.4 LTS (GNU/Linux 6.14.0-27-generic x86_64)
053551.224: [05:35:51]
053551.224: [05:35:51] * Documentation:  https://help.ubuntu.com
053551.225: [05:35:51] * Management:     https://landscape.canonical.com
053551.225: [05:35:51] * Support:        https://ubuntu.com/pro
053551.225: [05:35:51]
053551.225: [05:35:51]扩展安全维护（ESM）Applications 未启用。
053551.225: [05:35:51]
053551.225: [05:35:51]47 更新可以立即应用。
053551.226: [05:35:51]这些更新中有 32 个是标准安全更新。
053551.226: [05:35:51]要查看这些附加更新，请运行：apt list --upgradable
053551.226: [05:35:51]
053551.226: [05:35:51]启用 ESM Apps 来获取未来的额外安全更新
053551.227: [05:35:51]请参见 https://ubuntu.com/esm 或者运行: sudo pro status
053551.227: [05:35:51]
053551.227: [05:35:51]Last login: Wed Mar 25 05:30:54 2026 from 192.168.6.173
054131.704: [05:41:31][202603103-172.16.101.45-05:41:31]
054131.726: [05:41:31]Welcome to Ubuntu 24.04.4 LTS (GNU/Linux 6.14.0-27-generic x86_64)
054131.726: [05:41:31]
054131.726: [05:41:31] * Documentation:  https://help.ubuntu.com
054131.726: [05:41:31] * Management:     https://landscape.canonical.com
054131.726: [05:41:31] * Support:        https://ubuntu.com/pro
054131.727: [05:41:31]
054131.727: [05:41:31]扩展安全维护（ESM）Applications 未启用。
054131.727: [05:41:31]
054131.727: [05:41:31]47 更新可以立即应用。
054131.727: [05:41:31]这些更新中有 32 个是标准安全更新。
054131.727: [05:41:31]要查看这些附加更新，请运行：apt list --upgradable
054131.727: [05:41:31]
054131.727: [05:41:31]启用 ESM Apps 来获取未来的额外安全更新
054131.728: [05:41:31]请参见 https://ubuntu.com/esm 或者运行: sudo pro status
054131.728: [05:41:31]
054131.728: [05:41:31]Last login: Wed Mar 25 05:35:51 2026 from 192.168.6.173
054622.730: [05:46:22][202603103-172.16.101.45-05:46:22]
054622.740: [05:46:22]Welcome to Ubuntu 24.04.4 LTS (GNU/Linux 6.14.0-27-generic x86_64)
054622.740: [05:46:22]
054622.740: [05:46:22] * Documentation:  https://help.ubuntu.com
054622.741: [05:46:22] * Management:     https://landscape.canonical.com
054622.741: [05:46:22] * Support:        https://ubuntu.com/pro
054622.741: [05:46:22]
054622.741: [05:46:22]扩展安全维护（ESM）Applications 未启用。
054622.741: [05:46:22]
054622.741: [05:46:22]47 更新可以立即应用。
054622.742: [05:46:22]这些更新中有 32 个是标准安全更新。
054622.742: [05:46:22]要查看这些附加更新，请运行：apt list --upgradable
054622.742: [05:46:22]
054622.742: [05:46:22]启用 ESM Apps 来获取未来的额外安全更新
054622.742: [05:46:22]请参见 https://ubuntu.com/esm 或者运行: sudo pro status
054622.742: [05:46:22]
054622.743: [05:46:22]Last login: Wed Mar 25 05:41:31 2026 from 192.168.6.173
055134.713: [05:51:34][202603103-172.16.101.45-05:51:34]
055134.722: [05:51:34]Welcome to Ubuntu 24.04.4 LTS (GNU/Linux 6.14.0-27-generic x86_64)
055134.722: [05:51:34]
055134.722: [05:51:34] * Documentation:  https://help.ubuntu.com
055134.722: [05:51:34] * Management:     https://landscape.canonical.com
055134.722: [05:51:34] * Support:        https://ubuntu.com/pro
055134.722: [05:51:34]
055134.723: [05:51:34]扩展安全维护（ESM）Applications 未启用。
055134.723: [05:51:34]
055134.723: [05:51:34]47 更新可以立即应用。
055134.723: [05:51:34]这些更新中有 32 个是标准安全更新。
055134.723: [05:51:34]要查看这些附加更新，请运行：apt list --upgradable
055134.723: [05:51:34]
055134.724: [05:51:34]启用 ESM Apps 来获取未来的额外安全更新
055134.724: [05:51:34]请参见 https://ubuntu.com/esm 或者运行: sudo pro status
055134.724: [05:51:34]
055134.724: [05:51:34]Last login: Wed Mar 25 05:46:22 2026 from 192.168.6.173
055644.231: [05:56:44][202603103-172.16.101.45-05:56:44]
055644.248: [05:56:44]Welcome to Ubuntu 24.04.4 LTS (GNU/Linux 6.14.0-27-generic x86_64)
055644.248: [05:56:44]
055644.248: [05:56:44] * Documentation:  https://help.ubuntu.com
055644.248: [05:56:44] * Management:     https://landscape.canonical.com
055644.249: [05:56:44] * Support:        https://ubuntu.com/pro
055644.249: [05:56:44]
055644.249: [05:56:44]扩展安全维护（ESM）Applications 未启用。
055644.249: [05:56:44]
055644.249: [05:56:44]47 更新可以立即应用。
055644.250: [05:56:44]这些更新中有 32 个是标准安全更新。
055644.250: [05:56:44]要查看这些附加更新，请运行：apt list --upgradable
055644.250: [05:56:44]
055644.250: [05:56:44]启用 ESM Apps 来获取未来的额外安全更新
055644.250: [05:56:44]请参见 https://ubuntu.com/esm 或者运行: sudo pro status
055644.251: [05:56:44]
055644.251: [05:56:44]Last login: Wed Mar 25 05:51:34 2026 from 192.168.6.173
060155.704: [06:01:55][202603103-172.16.101.45-06:01:55]
060155.714: [06:01:55]Welcome to Ubuntu 24.04.4 LTS (GNU/Linux 6.14.0-27-generic x86_64)
060155.714: [06:01:55]
060155.715: [06:01:55] * Documentation:  https://help.ubuntu.com
060155.715: [06:01:55] * Management:     https://landscape.canonical.com
060155.715: [06:01:55] * Support:        https://ubuntu.com/pro
060155.715: [06:01:55]
060155.715: [06:01:55]扩展安全维护（ESM）Applications 未启用。
060155.715: [06:01:55]
060155.715: [06:01:55]47 更新可以立即应用。
060155.716: [06:01:55]这些更新中有 32 个是标准安全更新。
060155.716: [06:01:55]要查看这些附加更新，请运行：apt list --upgradable
060155.716: [06:01:55]
060155.716: [06:01:55]启用 ESM Apps 来获取未来的额外安全更新
060155.716: [06:01:55]请参见 https://ubuntu.com/esm 或者运行: sudo pro status
060155.717: [06:01:55]
060155.717: [06:01:55]Last login: Wed Mar 25 05:56:44 2026 from 192.168.6.173
060659.734: [06:06:59][202603103-172.16.101.45-06:06:59]
060659.743: [06:06:59]Welcome to Ubuntu 24.04.4 LTS (GNU/Linux 6.14.0-27-generic x86_64)
060659.743: [06:06:59]
060659.743: [06:06:59] * Documentation:  https://help.ubuntu.com
060659.743: [06:06:59] * Management:     https://landscape.canonical.com
060659.743: [06:06:59] * Support:        https://ubuntu.com/pro
060659.744: [06:06:59]
060659.744: [06:06:59]扩展安全维护（ESM）Applications 未启用。
060659.744: [06:06:59]
060659.744: [06:06:59]15 更新可以立即应用。
060659.744: [06:06:59]要查看这些附加更新，请运行：apt list --upgradable
060659.744: [06:06:59]
060659.744: [06:06:59]启用 ESM Apps 来获取未来的额外安全更新
060659.745: [06:06:59]请参见 https://ubuntu.com/esm 或者运行: sudo pro status
060659.745: [06:06:59]
060659.745: [06:06:59]*** 需要重启系统 ***
060659.745: [06:06:59]Last login: Wed Mar 25 06:01:55 2026 from 192.168.6.173
061215.731: [06:12:15][202603103-172.16.101.45-06:12:15]
061215.741: [06:12:15]Welcome to Ubuntu 24.04.4 LTS (GNU/Linux 6.14.0-27-generic x86_64)
061215.741: [06:12:15]
061215.741: [06:12:15] * Documentation:  https://help.ubuntu.com
061215.741: [06:12:15] * Management:     https://landscape.canonical.com
061215.741: [06:12:15] * Support:        https://ubuntu.com/pro
061215.741: [06:12:15]
061215.742: [06:12:15]扩展安全维护（ESM）Applications 未启用。
061215.742: [06:12:15]
061215.742: [06:12:15]15 更新可以立即应用。
061215.742: [06:12:15]要查看这些附加更新，请运行：apt list --upgradable
061215.742: [06:12:15]
061215.742: [06:12:15]启用 ESM Apps 来获取未来的额外安全更新
061215.742: [06:12:15]请参见 https://ubuntu.com/esm 或者运行: sudo pro status
061215.743: [06:12:15]
061215.743: [06:12:15]*** 需要重启系统 ***
061215.743: [06:12:15]Last login: Wed Mar 25 06:06:59 2026 from 192.168.6.173
061725.220: [06:17:25][202603103-172.16.101.45-06:17:25]
061725.231: [06:17:25]Welcome to Ubuntu 24.04.4 LTS (GNU/Linux 6.14.0-27-generic x86_64)
061725.231: [06:17:25]
061725.231: [06:17:25] * Documentation:  https://help.ubuntu.com
061725.231: [06:17:25] * Management:     https://landscape.canonical.com
061725.231: [06:17:25] * Support:        https://ubuntu.com/pro
061725.231: [06:17:25]
061725.232: [06:17:25]扩展安全维护（ESM）Applications 未启用。
061725.232: [06:17:25]
061725.232: [06:17:25]15 更新可以立即应用。
061725.232: [06:17:25]要查看这些附加更新，请运行：apt list --upgradable
061725.232: [06:17:25]
061725.232: [06:17:25]启用 ESM Apps 来获取未来的额外安全更新
061725.233: [06:17:25]请参见 https://ubuntu.com/esm 或者运行: sudo pro status
061725.233: [06:17:25]
061725.233: [06:17:25]*** 需要重启系统 ***
061725.233: [06:17:25]Last login: Wed Mar 25 06:12:15 2026 from 192.168.6.173
062234.836: [06:22:34][202603103-172.16.101.45-06:22:34]
062234.846: [06:22:34]Welcome to Ubuntu 24.04.4 LTS (GNU/Linux 6.14.0-27-generic x86_64)
062234.846: [06:22:34]
062234.847: [06:22:34] * Documentation:  https://help.ubuntu.com
062234.847: [06:22:34] * Management:     https://landscape.canonical.com
062234.847: [06:22:34] * Support:        https://ubuntu.com/pro
062234.847: [06:22:34]
062234.847: [06:22:34]扩展安全维护（ESM）Applications 未启用。
062234.847: [06:22:34]
062234.847: [06:22:34]15 更新可以立即应用。
062234.847: [06:22:34]要查看这些附加更新，请运行：apt list --upgradable
062234.847: [06:22:34]
062234.847: [06:22:34]启用 ESM Apps 来获取未来的额外安全更新
062234.847: [06:22:34]请参见 https://ubuntu.com/esm 或者运行: sudo pro status
062234.847: [06:22:34]
062234.847: [06:22:34]*** 需要重启系统 ***
062234.847: [06:22:34]Last login: Wed Mar 25 06:17:25 2026 from 192.168.6.173
062744.730: [06:27:44][202603103-172.16.101.45-06:27:44]
062744.752: [06:27:44]Welcome to Ubuntu 24.04.4 LTS (GNU/Linux 6.14.0-27-generic x86_64)
062744.752: [06:27:44]
062744.752: [06:27:44] * Documentation:  https://help.ubuntu.com
062744.752: [06:27:44] * Management:     https://landscape.canonical.com
062744.752: [06:27:44] * Support:        https://ubuntu.com/pro
062744.752: [06:27:44]
062744.752: [06:27:44]扩展安全维护（ESM）Applications 未启用。
062744.752: [06:27:44]
062744.752: [06:27:44]15 更新可以立即应用。
062744.752: [06:27:44]要查看这些附加更新，请运行：apt list --upgradable
062744.752: [06:27:44]
062744.753: [06:27:44]启用 ESM Apps 来获取未来的额外安全更新
062744.753: [06:27:44]请参见 https://ubuntu.com/esm 或者运行: sudo pro status
062744.753: [06:27:44]
062744.753: [06:27:44]*** 需要重启系统 ***
062744.753: [06:27:44]Last login: Wed Mar 25 06:22:34 2026 from 192.168.6.173
063256.724: [06:32:56][202603103-172.16.101.45-06:32:56]
063256.738: [06:32:56]Welcome to Ubuntu 24.04.4 LTS (GNU/Linux 6.14.0-27-generic x86_64)
063256.738: [06:32:56]
063256.738: [06:32:56] * Documentation:  https://help.ubuntu.com
063256.738: [06:32:56] * Management:     https://landscape.canonical.com
063256.738: [06:32:56] * Support:        https://ubuntu.com/pro
063256.738: [06:32:56]
063256.738: [06:32:56]扩展安全维护（ESM）Applications 未启用。
063256.738: [06:32:56]
063256.738: [06:32:56]15 更新可以立即应用。
063256.738: [06:32:56]要查看这些附加更新，请运行：apt list --upgradable
063256.738: [06:32:56]
063256.739: [06:32:56]启用 ESM Apps 来获取未来的额外安全更新
063256.739: [06:32:56]请参见 https://ubuntu.com/esm 或者运行: sudo pro status
063256.739: [06:32:56]
063256.739: [06:32:56]*** 需要重启系统 ***
063256.739: [06:32:56]Last login: Wed Mar 25 06:27:44 2026 from 192.168.6.173
063814.239: [06:38:14][202603103-172.16.101.45-06:38:14]
063814.248: [06:38:14]Welcome to Ubuntu 24.04.4 LTS (GNU/Linux 6.14.0-27-generic x86_64)
063814.248: [06:38:14]
063814.248: [06:38:14] * Documentation:  https://help.ubuntu.com
063814.249: [06:38:14] * Management:     https://landscape.canonical.com
063814.249: [06:38:14] * Support:        https://ubuntu.com/pro
063814.249: [06:38:14]
063814.249: [06:38:14]扩展安全维护（ESM）Applications 未启用。
063814.249: [06:38:14]
063814.249: [06:38:14]15 更新可以立即应用。
063814.249: [06:38:14]要查看这些附加更新，请运行：apt list --upgradable
063814.249: [06:38:14]
063814.249: [06:38:14]启用 ESM Apps 来获取未来的额外安全更新
063814.249: [06:38:14]请参见 https://ubuntu.com/esm 或者运行: sudo pro status
063814.249: [06:38:14]
063814.249: [06:38:14]*** 需要重启系统 ***
063814.249: [06:38:14]Last login: Wed Mar 25 06:32:56 2026 from 192.168.6.173
064325.217: [06:43:25][202603103-172.16.101.45-06:43:25]
064325.234: [06:43:25]Welcome to Ubuntu 24.04.4 LTS (GNU/Linux 6.14.0-27-generic x86_64)
064325.234: [06:43:25]
064325.234: [06:43:25] * Documentation:  https://help.ubuntu.com
064325.234: [06:43:25] * Management:     https://landscape.canonical.com
064325.235: [06:43:25] * Support:        https://ubuntu.com/pro
064325.235: [06:43:25]
064325.235: [06:43:25]扩展安全维护（ESM）Applications 未启用。
064325.235: [06:43:25]
064325.235: [06:43:25]15 更新可以立即应用。
064325.235: [06:43:25]要查看这些附加更新，请运行：apt list --upgradable
064325.235: [06:43:25]
064325.235: [06:43:25]启用 ESM Apps 来获取未来的额外安全更新
064325.236: [06:43:25]请参见 https://ubuntu.com/esm 或者运行: sudo pro status
064325.236: [06:43:25]
064325.236: [06:43:25]*** 需要重启系统 ***
064325.236: [06:43:25]Last login: Wed Mar 25 06:38:14 2026 from 192.168.6.173
064838.708: [06:48:38][202603103-172.16.101.45-06:48:38]
064838.721: [06:48:38]Welcome to Ubuntu 24.04.4 LTS (GNU/Linux 6.14.0-27-generic x86_64)
064838.721: [06:48:38]
064838.721: [06:48:38] * Documentation:  https://help.ubuntu.com
064838.721: [06:48:38] * Management:     https://landscape.canonical.com
064838.721: [06:48:38] * Support:        https://ubuntu.com/pro
064838.721: [06:48:38]
064838.721: [06:48:38]扩展安全维护（ESM）Applications 未启用。
064838.721: [06:48:38]
064838.722: [06:48:38]15 更新可以立即应用。
064838.722: [06:48:38]要查看这些附加更新，请运行：apt list --upgradable
064838.722: [06:48:38]
064838.722: [06:48:38]启用 ESM Apps 来获取未来的额外安全更新
064838.722: [06:48:38]请参见 https://ubuntu.com/esm 或者运行: sudo pro status
064838.722: [06:48:38]
064838.722: [06:48:38]*** 需要重启系统 ***
064838.722: [06:48:38]Last login: Wed Mar 25 06:43:25 2026 from 192.168.6.173
065354.710: [06:53:54][202603103-172.16.101.45-06:53:54]
065354.721: [06:53:54]Welcome to Ubuntu 24.04.4 LTS (GNU/Linux 6.14.0-27-generic x86_64)
065354.721: [06:53:54]
065354.721: [06:53:54] * Documentation:  https://help.ubuntu.com
065354.721: [06:53:54] * Management:     https://landscape.canonical.com
065354.721: [06:53:54] * Support:        https://ubuntu.com/pro
065354.721: [06:53:54]
065354.721: [06:53:54]扩展安全维护（ESM）Applications 未启用。
065354.721: [06:53:54]
065354.721: [06:53:54]15 更新可以立即应用。
065354.722: [06:53:54]要查看这些附加更新，请运行：apt list --upgradable
065354.722: [06:53:54]
065354.722: [06:53:54]启用 ESM Apps 来获取未来的额外安全更新
065354.722: [06:53:54]请参见 https://ubuntu.com/esm 或者运行: sudo pro status
065354.722: [06:53:54]
065354.722: [06:53:54]*** 需要重启系统 ***
065354.723: [06:53:54]Last login: Wed Mar 25 06:48:38 2026 from 192.168.6.173
065901.215: [06:59:01][202603103-172.16.101.45-06:59:01]
065901.228: [06:59:01]Welcome to Ubuntu 24.04.4 LTS (GNU/Linux 6.14.0-27-generic x86_64)
065901.228: [06:59:01]
065901.228: [06:59:01] * Documentation:  https://help.ubuntu.com
065901.228: [06:59:01] * Management:     https://landscape.canonical.com
065901.228: [06:59:01] * Support:        https://ubuntu.com/pro
065901.228: [06:59:01]
065901.228: [06:59:01]扩展安全维护（ESM）Applications 未启用。
065901.228: [06:59:01]
065901.228: [06:59:01]15 更新可以立即应用。
065901.229: [06:59:01]要查看这些附加更新，请运行：apt list --upgradable
065901.229: [06:59:01]
065901.229: [06:59:01]启用 ESM Apps 来获取未来的额外安全更新
065901.229: [06:59:01]请参见 https://ubuntu.com/esm 或者运行: sudo pro status
065901.229: [06:59:01]
065901.229: [06:59:01]*** 需要重启系统 ***
065901.229: [06:59:01]Last login: Wed Mar 25 06:53:54 2026 from 192.168.6.173
070414.724: [07:04:14][202603103-172.16.101.45-07:04:14]
070414.733: [07:04:14]Welcome to Ubuntu 24.04.4 LTS (GNU/Linux 6.14.0-27-generic x86_64)
070414.733: [07:04:14]
070414.733: [07:04:14] * Documentation:  https://help.ubuntu.com
070414.733: [07:04:14] * Management:     https://landscape.canonical.com
070414.733: [07:04:14] * Support:        https://ubuntu.com/pro
070414.733: [07:04:14]
070414.733: [07:04:14]扩展安全维护（ESM）Applications 未启用。
070414.733: [07:04:14]
070414.733: [07:04:14]15 更新可以立即应用。
070414.733: [07:04:14]要查看这些附加更新，请运行：apt list --upgradable
070414.733: [07:04:14]
070414.734: [07:04:14]启用 ESM Apps 来获取未来的额外安全更新
070414.734: [07:04:14]请参见 https://ubuntu.com/esm 或者运行: sudo pro status
070414.734: [07:04:14]
070414.734: [07:04:14]*** 需要重启系统 ***
070414.734: [07:04:14]Last login: Wed Mar 25 06:59:01 2026 from 192.168.6.173
070926.254: [07:09:26][202603103-172.16.101.45-07:09:26]
070926.272: [07:09:26]Welcome to Ubuntu 24.04.4 LTS (GNU/Linux 6.14.0-27-generic x86_64)
070926.272: [07:09:26]
070926.272: [07:09:26] * Documentation:  https://help.ubuntu.com
070926.272: [07:09:26] * Management:     https://landscape.canonical.com
070926.272: [07:09:26] * Support:        https://ubuntu.com/pro
070926.272: [07:09:26]
070926.272: [07:09:26]扩展安全维护（ESM）Applications 未启用。
070926.272: [07:09:26]
070926.273: [07:09:26]15 更新可以立即应用。
070926.273: [07:09:26]要查看这些附加更新，请运行：apt list --upgradable
070926.273: [07:09:26]
070926.273: [07:09:26]启用 ESM Apps 来获取未来的额外安全更新
070926.273: [07:09:26]请参见 https://ubuntu.com/esm 或者运行: sudo pro status
070926.273: [07:09:26]
070926.273: [07:09:26]*** 需要重启系统 ***
070926.274: [07:09:26]Last login: Wed Mar 25 07:04:14 2026 from 192.168.6.173
071436.744: [07:14:36][202603103-172.16.101.45-07:14:36]
071436.758: [07:14:36]Welcome to Ubuntu 24.04.4 LTS (GNU/Linux 6.14.0-27-generic x86_64)
071436.758: [07:14:36]
071436.758: [07:14:36] * Documentation:  https://help.ubuntu.com
071436.758: [07:14:36] * Management:     https://landscape.canonical.com
071436.759: [07:14:36] * Support:        https://ubuntu.com/pro
071436.759: [07:14:36]
071436.759: [07:14:36]扩展安全维护（ESM）Applications 未启用。
071436.759: [07:14:36]
071436.759: [07:14:36]15 更新可以立即应用。
071436.759: [07:14:36]要查看这些附加更新，请运行：apt list --upgradable
071436.759: [07:14:36]
071436.759: [07:14:36]启用 ESM Apps 来获取未来的额外安全更新
071436.759: [07:14:36]请参见 https://ubuntu.com/esm 或者运行: sudo pro status
071436.759: [07:14:36]
071436.759: [07:14:36]*** 需要重启系统 ***
071436.760: [07:14:36]Last login: Wed Mar 25 07:09:26 2026 from 192.168.6.173
071931.734: [07:19:31][202603103-172.16.101.45-07:19:31]
071931.755: [07:19:31]Welcome to Ubuntu 24.04.4 LTS (GNU/Linux 6.14.0-27-generic x86_64)
071931.755: [07:19:31]
071931.755: [07:19:31] * Documentation:  https://help.ubuntu.com
071931.756: [07:19:31] * Management:     https://landscape.canonical.com
071931.756: [07:19:31] * Support:        https://ubuntu.com/pro
071931.756: [07:19:31]
071931.756: [07:19:31]扩展安全维护（ESM）Applications 未启用。
071931.756: [07:19:31]
071931.756: [07:19:31]15 更新可以立即应用。
071931.756: [07:19:31]要查看这些附加更新，请运行：apt list --upgradable
071931.756: [07:19:31]
071931.756: [07:19:31]启用 ESM Apps 来获取未来的额外安全更新
071931.756: [07:19:31]请参见 https://ubuntu.com/esm 或者运行: sudo pro status
071931.756: [07:19:31]
071931.756: [07:19:31]*** 需要重启系统 ***
071931.756: [07:19:31]Last login: Wed Mar 25 07:14:36 2026 from 192.168.6.173
072447.229: [07:24:47][202603103-172.16.101.45-07:24:47]
072447.242: [07:24:47]Welcome to Ubuntu 24.04.4 LTS (GNU/Linux 6.14.0-27-generic x86_64)
072447.242: [07:24:47]
072447.243: [07:24:47] * Documentation:  https://help.ubuntu.com
072447.243: [07:24:47] * Management:     https://landscape.canonical.com
072447.243: [07:24:47] * Support:        https://ubuntu.com/pro
072447.243: [07:24:47]
072447.243: [07:24:47]扩展安全维护（ESM）Applications 未启用。
072447.243: [07:24:47]
072447.243: [07:24:47]15 更新可以立即应用。
072447.243: [07:24:47]要查看这些附加更新，请运行：apt list --upgradable
072447.243: [07:24:47]
072447.244: [07:24:47]启用 ESM Apps 来获取未来的额外安全更新
072447.244: [07:24:47]请参见 https://ubuntu.com/esm 或者运行: sudo pro status
072447.244: [07:24:47]
072447.244: [07:24:47]*** 需要重启系统 ***
072447.244: [07:24:47]Last login: Wed Mar 25 07:19:31 2026 from 192.168.6.173
073001.234: [07:30:01][202603103-172.16.101.45-07:30:01]
073001.265: [07:30:01]Welcome to Ubuntu 24.04.4 LTS (GNU/Linux 6.14.0-27-generic x86_64)
073001.265: [07:30:01]
073001.266: [07:30:01] * Documentation:  https://help.ubuntu.com
073001.266: [07:30:01] * Management:     https://landscape.canonical.com
073001.266: [07:30:01] * Support:        https://ubuntu.com/pro
073001.266: [07:30:01]
073001.266: [07:30:01]扩展安全维护（ESM）Applications 未启用。
073001.266: [07:30:01]
073001.266: [07:30:01]15 更新可以立即应用。
073001.266: [07:30:01]要查看这些附加更新，请运行：apt list --upgradable
073001.266: [07:30:01]
073001.266: [07:30:01]启用 ESM Apps 来获取未来的额外安全更新
073001.266: [07:30:01]请参见 https://ubuntu.com/esm 或者运行: sudo pro status
073001.266: [07:30:01]
073001.267: [07:30:01]*** 需要重启系统 ***
073001.267: [07:30:01]Last login: Wed Mar 25 07:24:47 2026 from 192.168.6.173
073517.222: [07:35:17][202603103-172.16.101.45-07:35:17]
073517.232: [07:35:17]Welcome to Ubuntu 24.04.4 LTS (GNU/Linux 6.14.0-27-generic x86_64)
073517.232: [07:35:17]
073517.232: [07:35:17] * Documentation:  https://help.ubuntu.com
073517.233: [07:35:17] * Management:     https://landscape.canonical.com
073517.233: [07:35:17] * Support:        https://ubuntu.com/pro
073517.233: [07:35:17]
073517.233: [07:35:17]扩展安全维护（ESM）Applications 未启用。
073517.233: [07:35:17]
073517.233: [07:35:17]15 更新可以立即应用。
073517.233: [07:35:17]要查看这些附加更新，请运行：apt list --upgradable
073517.233: [07:35:17]
073517.233: [07:35:17]启用 ESM Apps 来获取未来的额外安全更新
073517.234: [07:35:17]请参见 https://ubuntu.com/esm 或者运行: sudo pro status
073517.234: [07:35:17]
073517.234: [07:35:17]*** 需要重启系统 ***
073517.234: [07:35:17]Last login: Wed Mar 25 07:30:01 2026 from 192.168.6.173
074028.199: [07:40:28][202603103-172.16.101.45-07:40:28]
074028.211: [07:40:28]Welcome to Ubuntu 24.04.4 LTS (GNU/Linux 6.14.0-27-generic x86_64)
074028.211: [07:40:28]
074028.211: [07:40:28] * Documentation:  https://help.ubuntu.com
074028.211: [07:40:28] * Management:     https://landscape.canonical.com
074028.211: [07:40:28] * Support:        https://ubuntu.com/pro
074028.211: [07:40:28]
074028.211: [07:40:28]扩展安全维护（ESM）Applications 未启用。
074028.211: [07:40:28]
074028.211: [07:40:28]15 更新可以立即应用。
074028.212: [07:40:28]要查看这些附加更新，请运行：apt list --upgradable
074028.212: [07:40:28]
074028.212: [07:40:28]启用 ESM Apps 来获取未来的额外安全更新
074028.212: [07:40:28]请参见 https://ubuntu.com/esm 或者运行: sudo pro status
074028.212: [07:40:28]
074028.212: [07:40:28]*** 需要重启系统 ***
074028.212: [07:40:28]Last login: Wed Mar 25 07:35:17 2026 from 192.168.6.173
074542.216: [07:45:42][202603103-172.16.101.45-07:45:42]
074542.235: [07:45:42]Welcome to Ubuntu 24.04.4 LTS (GNU/Linux 6.14.0-27-generic x86_64)
074542.235: [07:45:42]
074542.235: [07:45:42] * Documentation:  https://help.ubuntu.com
074542.235: [07:45:42] * Management:     https://landscape.canonical.com
074542.235: [07:45:42] * Support:        https://ubuntu.com/pro
074542.235: [07:45:42]
074542.235: [07:45:42]扩展安全维护（ESM）Applications 未启用。
074542.235: [07:45:42]
074542.235: [07:45:42]15 更新可以立即应用。
074542.235: [07:45:42]要查看这些附加更新，请运行：apt list --upgradable
074542.235: [07:45:42]
074542.236: [07:45:42]启用 ESM Apps 来获取未来的额外安全更新
074542.236: [07:45:42]请参见 https://ubuntu.com/esm 或者运行: sudo pro status
074542.236: [07:45:42]
074542.236: [07:45:42]*** 需要重启系统 ***
074542.236: [07:45:42]Last login: Wed Mar 25 07:40:28 2026 from 192.168.6.173
075053.730: [07:50:53][202603103-172.16.101.45-07:50:53]
075053.742: [07:50:53]Welcome to Ubuntu 24.04.4 LTS (GNU/Linux 6.14.0-27-generic x86_64)
075053.742: [07:50:53]
075053.742: [07:50:53] * Documentation:  https://help.ubuntu.com
075053.743: [07:50:53] * Management:     https://landscape.canonical.com
075053.743: [07:50:53] * Support:        https://ubuntu.com/pro
075053.743: [07:50:53]
075053.743: [07:50:53]扩展安全维护（ESM）Applications 未启用。
075053.743: [07:50:53]
075053.743: [07:50:53]15 更新可以立即应用。
075053.743: [07:50:53]要查看这些附加更新，请运行：apt list --upgradable
075053.743: [07:50:53]
075053.743: [07:50:53]启用 ESM Apps 来获取未来的额外安全更新
075053.743: [07:50:53]请参见 https://ubuntu.com/esm 或者运行: sudo pro status
075053.743: [07:50:53]
075053.743: [07:50:53]*** 需要重启系统 ***
075053.744: [07:50:53]Last login: Wed Mar 25 07:45:42 2026 from 192.168.6.173
075605.685: [07:56:05][202603103-172.16.101.45-07:56:05]
075605.698: [07:56:05]Welcome to Ubuntu 24.04.4 LTS (GNU/Linux 6.14.0-27-generic x86_64)
075605.698: [07:56:05]
075605.698: [07:56:05] * Documentation:  https://help.ubuntu.com
075605.698: [07:56:05] * Management:     https://landscape.canonical.com
075605.698: [07:56:05] * Support:        https://ubuntu.com/pro
075605.698: [07:56:05]
075605.698: [07:56:05]扩展安全维护（ESM）Applications 未启用。
075605.698: [07:56:05]
075605.699: [07:56:05]15 更新可以立即应用。
075605.699: [07:56:05]要查看这些附加更新，请运行：apt list --upgradable
075605.699: [07:56:05]
075605.699: [07:56:05]启用 ESM Apps 来获取未来的额外安全更新
075605.699: [07:56:05]请参见 https://ubuntu.com/esm 或者运行: sudo pro status
075605.699: [07:56:05]
075605.699: [07:56:05]*** 需要重启系统 ***
075605.699: [07:56:05]Last login: Wed Mar 25 07:50:53 2026 from 192.168.6.173
080112.745: [08:01:12][202603103-172.16.101.45-08:01:12]
080112.771: [08:01:12]Welcome to Ubuntu 24.04.4 LTS (GNU/Linux 6.14.0-27-generic x86_64)
080112.771: [08:01:12]
080112.771: [08:01:12] * Documentation:  https://help.ubuntu.com
080112.771: [08:01:12] * Management:     https://landscape.canonical.com
080112.771: [08:01:12] * Support:        https://ubuntu.com/pro
080112.771: [08:01:12]
080112.771: [08:01:12]扩展安全维护（ESM）Applications 未启用。
080112.771: [08:01:12]
080112.771: [08:01:12]15 更新可以立即应用。
080112.772: [08:01:12]要查看这些附加更新，请运行：apt list --upgradable
080112.772: [08:01:12]
080112.772: [08:01:12]启用 ESM Apps 来获取未来的额外安全更新
080112.772: [08:01:12]请参见 https://ubuntu.com/esm 或者运行: sudo pro status
080112.772: [08:01:12]
080112.772: [08:01:12]*** 需要重启系统 ***
080112.773: [08:01:12]Last login: Wed Mar 25 07:56:05 2026 from 192.168.6.173
080626.270: [08:06:26][202603103-172.16.101.45-08:06:26]
080626.299: [08:06:26]Welcome to Ubuntu 24.04.4 LTS (GNU/Linux 6.14.0-27-generic x86_64)
080626.299: [08:06:26]
080626.299: [08:06:26] * Documentation:  https://help.ubuntu.com
080626.299: [08:06:26] * Management:     https://landscape.canonical.com
080626.299: [08:06:26] * Support:        https://ubuntu.com/pro
080626.299: [08:06:26]
080626.299: [08:06:26]扩展安全维护（ESM）Applications 未启用。
080626.299: [08:06:26]
080626.299: [08:06:26]15 更新可以立即应用。
080626.299: [08:06:26]要查看这些附加更新，请运行：apt list --upgradable
080626.300: [08:06:26]
080626.300: [08:06:26]启用 ESM Apps 来获取未来的额外安全更新
080626.300: [08:06:26]请参见 https://ubuntu.com/esm 或者运行: sudo pro status
080626.300: [08:06:26]
080626.300: [08:06:26]*** 需要重启系统 ***
080626.300: [08:06:26]Last login: Wed Mar 25 08:01:12 2026 from 192.168.6.173
081128.759: [08:11:28][202603103-172.16.101.45-08:11:28]
081128.770: [08:11:28]Welcome to Ubuntu 24.04.4 LTS (GNU/Linux 6.14.0-27-generic x86_64)
081128.770: [08:11:28]
081128.770: [08:11:28] * Documentation:  https://help.ubuntu.com
081128.770: [08:11:28] * Management:     https://landscape.canonical.com
081128.770: [08:11:28] * Support:        https://ubuntu.com/pro
081128.770: [08:11:28]
081128.770: [08:11:28]扩展安全维护（ESM）Applications 未启用。
081128.770: [08:11:28]
081128.770: [08:11:28]15 更新可以立即应用。
081128.770: [08:11:28]要查看这些附加更新，请运行：apt list --upgradable
081128.770: [08:11:28]
081128.770: [08:11:28]启用 ESM Apps 来获取未来的额外安全更新
081128.770: [08:11:28]请参见 https://ubuntu.com/esm 或者运行: sudo pro status
081128.770: [08:11:28]
081128.770: [08:11:28]*** 需要重启系统 ***
081128.770: [08:11:28]Last login: Wed Mar 25 08:06:26 2026 from 192.168.6.173
081644.204: [08:16:44][202603103-172.16.101.45-08:16:44]
081644.217: [08:16:44]Welcome to Ubuntu 24.04.4 LTS (GNU/Linux 6.14.0-27-generic x86_64)
081644.217: [08:16:44]
081644.217: [08:16:44] * Documentation:  https://help.ubuntu.com
081644.217: [08:16:44] * Management:     https://landscape.canonical.com
081644.218: [08:16:44] * Support:        https://ubuntu.com/pro
081644.218: [08:16:44]
081644.218: [08:16:44]扩展安全维护（ESM）Applications 未启用。
081644.218: [08:16:44]
081644.218: [08:16:44]15 更新可以立即应用。
081644.218: [08:16:44]要查看这些附加更新，请运行：apt list --upgradable
081644.218: [08:16:44]
081644.218: [08:16:44]启用 ESM Apps 来获取未来的额外安全更新
081644.218: [08:16:44]请参见 https://ubuntu.com/esm 或者运行: sudo pro status
081644.218: [08:16:44]
081644.218: [08:16:44]*** 需要重启系统 ***
081644.218: [08:16:44]Last login: Wed Mar 25 08:11:28 2026 from 192.168.6.173
082157.212: [08:21:57][202603103-172.16.101.45-08:21:57]
082157.233: [08:21:57]Welcome to Ubuntu 24.04.4 LTS (GNU/Linux 6.14.0-27-generic x86_64)
082157.233: [08:21:57]
082157.233: [08:21:57] * Documentation:  https://help.ubuntu.com
082157.233: [08:21:57] * Management:     https://landscape.canonical.com
082157.234: [08:21:57] * Support:        https://ubuntu.com/pro
082157.234: [08:21:57]
082157.234: [08:21:57]扩展安全维护（ESM）Applications 未启用。
082157.234: [08:21:57]
082157.234: [08:21:57]15 更新可以立即应用。
082157.234: [08:21:57]要查看这些附加更新，请运行：apt list --upgradable
082157.234: [08:21:57]
082157.234: [08:21:57]启用 ESM Apps 来获取未来的额外安全更新
082157.234: [08:21:57]请参见 https://ubuntu.com/esm 或者运行: sudo pro status
082157.234: [08:21:57]
082157.234: [08:21:57]*** 需要重启系统 ***
082157.234: [08:21:57]Last login: Wed Mar 25 08:16:44 2026 from 192.168.6.173
082707.698: [08:27:07][202603103-172.16.101.45-08:27:07]
082707.713: [08:27:07]Welcome to Ubuntu 24.04.4 LTS (GNU/Linux 6.14.0-27-generic x86_64)
082707.713: [08:27:07]
082707.713: [08:27:07] * Documentation:  https://help.ubuntu.com
082707.713: [08:27:07] * Management:     https://landscape.canonical.com
082707.713: [08:27:07] * Support:        https://ubuntu.com/pro
082707.713: [08:27:07]
082707.713: [08:27:07]扩展安全维护（ESM）Applications 未启用。
082707.713: [08:27:07]
082707.713: [08:27:07]15 更新可以立即应用。
082707.713: [08:27:07]要查看这些附加更新，请运行：apt list --upgradable
082707.713: [08:27:07]
082707.713: [08:27:07]启用 ESM Apps 来获取未来的额外安全更新
082707.713: [08:27:07]请参见 https://ubuntu.com/esm 或者运行: sudo pro status
082707.713: [08:27:07]
082707.713: [08:27:07]*** 需要重启系统 ***
082707.714: [08:27:07]Last login: Wed Mar 25 08:21:57 2026 from 192.168.6.173
083220.247: [08:32:20][202603103-172.16.101.45-08:32:20]
083220.261: [08:32:20]Welcome to Ubuntu 24.04.4 LTS (GNU/Linux 6.14.0-27-generic x86_64)
083220.261: [08:32:20]
083220.262: [08:32:20] * Documentation:  https://help.ubuntu.com
083220.262: [08:32:20] * Management:     https://landscape.canonical.com
083220.262: [08:32:20] * Support:        https://ubuntu.com/pro
083220.262: [08:32:20]
083220.262: [08:32:20]扩展安全维护（ESM）Applications 未启用。
083220.262: [08:32:20]
083220.263: [08:32:20]15 更新可以立即应用。
083220.263: [08:32:20]要查看这些附加更新，请运行：apt list --upgradable
083220.263: [08:32:20]
083220.263: [08:32:20]启用 ESM Apps 来获取未来的额外安全更新
083220.263: [08:32:20]请参见 https://ubuntu.com/esm 或者运行: sudo pro status
083220.263: [08:32:20]
083220.263: [08:32:20]*** 需要重启系统 ***
083220.263: [08:32:20]Last login: Wed Mar 25 08:27:07 2026 from 192.168.6.173
083733.715: [08:37:33][202603103-172.16.101.45-08:37:33]
083733.727: [08:37:33]Welcome to Ubuntu 24.04.4 LTS (GNU/Linux 6.14.0-27-generic x86_64)
083733.727: [08:37:33]
083733.727: [08:37:33] * Documentation:  https://help.ubuntu.com
083733.727: [08:37:33] * Management:     https://landscape.canonical.com
083733.727: [08:37:33] * Support:        https://ubuntu.com/pro
083733.727: [08:37:33]
083733.727: [08:37:33]扩展安全维护（ESM）Applications 未启用。
083733.727: [08:37:33]
083733.727: [08:37:33]15 更新可以立即应用。
083733.727: [08:37:33]要查看这些附加更新，请运行：apt list --upgradable
083733.727: [08:37:33]
083733.727: [08:37:33]启用 ESM Apps 来获取未来的额外安全更新
083733.727: [08:37:33]请参见 https://ubuntu.com/esm 或者运行: sudo pro status
083733.727: [08:37:33]
083733.728: [08:37:33]*** 需要重启系统 ***
083733.728: [08:37:33]Last login: Wed Mar 25 08:32:20 2026 from 192.168.6.173
084237.713: [08:42:37][202603103-172.16.101.45-08:42:37]
084237.730: [08:42:37]Welcome to Ubuntu 24.04.4 LTS (GNU/Linux 6.14.0-27-generic x86_64)
084237.730: [08:42:37]
084237.730: [08:42:37] * Documentation:  https://help.ubuntu.com
084237.731: [08:42:37] * Management:     https://landscape.canonical.com
084237.731: [08:42:37] * Support:        https://ubuntu.com/pro
084237.731: [08:42:37]
084237.731: [08:42:37]扩展安全维护（ESM）Applications 未启用。
084237.731: [08:42:37]
084237.731: [08:42:37]15 更新可以立即应用。
084237.731: [08:42:37]要查看这些附加更新，请运行：apt list --upgradable
084237.732: [08:42:37]
084237.732: [08:42:37]启用 ESM Apps 来获取未来的额外安全更新
084237.732: [08:42:37]请参见 https://ubuntu.com/esm 或者运行: sudo pro status
084237.732: [08:42:37]
084237.732: [08:42:37]*** 需要重启系统 ***
084237.733: [08:42:37]Last login: Wed Mar 25 08:37:33 2026 from 192.168.6.173
084747.813: [08:47:47][202603103-172.16.101.45-08:47:47]
084747.834: [08:47:47]Welcome to Ubuntu 24.04.4 LTS (GNU/Linux 6.14.0-27-generic x86_64)
084747.834: [08:47:47]
084747.835: [08:47:47] * Documentation:  https://help.ubuntu.com
084747.835: [08:47:47] * Management:     https://landscape.canonical.com
084747.835: [08:47:47] * Support:        https://ubuntu.com/pro
084747.835: [08:47:47]
084747.835: [08:47:47]扩展安全维护（ESM）Applications 未启用。
084747.835: [08:47:47]
084747.835: [08:47:47]15 更新可以立即应用。
084747.835: [08:47:47]要查看这些附加更新，请运行：apt list --upgradable
084747.835: [08:47:47]
084747.835: [08:47:47]启用 ESM Apps 来获取未来的额外安全更新
084747.835: [08:47:47]请参见 https://ubuntu.com/esm 或者运行: sudo pro status
084747.835: [08:47:47]
084747.836: [08:47:47]*** 需要重启系统 ***
084747.836: [08:47:47]Last login: Wed Mar 25 08:42:37 2026 from 192.168.6.173
085305.703: [08:53:05][202603103-172.16.101.45-08:53:05]
085305.721: [08:53:05]Welcome to Ubuntu 24.04.4 LTS (GNU/Linux 6.14.0-27-generic x86_64)
085305.721: [08:53:05]
085305.721: [08:53:05] * Documentation:  https://help.ubuntu.com
085305.721: [08:53:05] * Management:     https://landscape.canonical.com
085305.721: [08:53:05] * Support:        https://ubuntu.com/pro
085305.721: [08:53:05]
085305.722: [08:53:05]扩展安全维护（ESM）Applications 未启用。
085305.722: [08:53:05]
085305.722: [08:53:05]15 更新可以立即应用。
085305.722: [08:53:05]要查看这些附加更新，请运行：apt list --upgradable
085305.722: [08:53:05]
085305.722: [08:53:05]启用 ESM Apps 来获取未来的额外安全更新
085305.722: [08:53:05]请参见 https://ubuntu.com/esm 或者运行: sudo pro status
085305.722: [08:53:05]
085305.723: [08:53:05]*** 需要重启系统 ***
085305.723: [08:53:05]Last login: Wed Mar 25 08:47:47 2026 from 192.168.6.173
085804.761: [08:58:04][202603103-172.16.101.45-08:58:04]
085804.789: [08:58:04]Welcome to Ubuntu 24.04.4 LTS (GNU/Linux 6.14.0-27-generic x86_64)
085804.789: [08:58:04]
085804.789: [08:58:04] * Documentation:  https://help.ubuntu.com
085804.789: [08:58:04] * Management:     https://landscape.canonical.com
085804.790: [08:58:04] * Support:        https://ubuntu.com/pro
085804.790: [08:58:04]
085804.790: [08:58:04]扩展安全维护（ESM）Applications 未启用。
085804.790: [08:58:04]
085804.790: [08:58:04]15 更新可以立即应用。
085804.790: [08:58:04]要查看这些附加更新，请运行：apt list --upgradable
085804.790: [08:58:04]
085804.790: [08:58:04]启用 ESM Apps 来获取未来的额外安全更新
085804.790: [08:58:04]请参见 https://ubuntu.com/esm 或者运行: sudo pro status
085804.790: [08:58:04]
085804.791: [08:58:04]*** 需要重启系统 ***
085804.791: [08:58:04]Last login: Wed Mar 25 08:53:05 2026 from 192.168.6.173
090323.736: [09:03:23][202603103-172.16.101.45-09:03:23]
090323.751: [09:03:23]Welcome to Ubuntu 24.04.4 LTS (GNU/Linux 6.14.0-27-generic x86_64)
090323.751: [09:03:23]
090323.751: [09:03:23] * Documentation:  https://help.ubuntu.com
090323.752: [09:03:23] * Management:     https://landscape.canonical.com
090323.752: [09:03:23] * Support:        https://ubuntu.com/pro
090323.752: [09:03:23]
090323.752: [09:03:23]扩展安全维护（ESM）Applications 未启用。
090323.752: [09:03:23]
090323.752: [09:03:23]15 更新可以立即应用。
090323.752: [09:03:23]要查看这些附加更新，请运行：apt list --upgradable
090323.753: [09:03:23]
090323.753: [09:03:23]启用 ESM Apps 来获取未来的额外安全更新
090323.753: [09:03:23]请参见 https://ubuntu.com/esm 或者运行: sudo pro status
090323.753: [09:03:23]
090323.753: [09:03:23]*** 需要重启系统 ***
090323.754: [09:03:23]Last login: Wed Mar 25 08:58:04 2026 from 192.168.6.173
090841.710: [09:08:41][202603103-172.16.101.45-09:08:41]
090841.726: [09:08:41]Welcome to Ubuntu 24.04.4 LTS (GNU/Linux 6.14.0-27-generic x86_64)
090841.727: [09:08:41]
090841.727: [09:08:41] * Documentation:  https://help.ubuntu.com
090841.727: [09:08:41] * Management:     https://landscape.canonical.com
090841.727: [09:08:41] * Support:        https://ubuntu.com/pro
090841.727: [09:08:41]
090841.728: [09:08:41]扩展安全维护（ESM）Applications 未启用。
090841.728: [09:08:41]
090841.728: [09:08:41]15 更新可以立即应用。
090841.728: [09:08:41]要查看这些附加更新，请运行：apt list --upgradable
090841.728: [09:08:41]
090841.728: [09:08:41]启用 ESM Apps 来获取未来的额外安全更新
090841.729: [09:08:41]请参见 https://ubuntu.com/esm 或者运行: sudo pro status
090841.729: [09:08:41]
090841.729: [09:08:41]*** 需要重启系统 ***
090841.729: [09:08:41]Last login: Wed Mar 25 09:03:23 2026 from 192.168.6.173
091348.708: [09:13:48][202603103-172.16.101.45-09:13:48]
091348.728: [09:13:48]Welcome to Ubuntu 24.04.4 LTS (GNU/Linux 6.14.0-27-generic x86_64)
091348.728: [09:13:48]
091348.729: [09:13:48] * Documentation:  https://help.ubuntu.com
091348.729: [09:13:48] * Management:     https://landscape.canonical.com
091348.729: [09:13:48] * Support:        https://ubuntu.com/pro
091348.729: [09:13:48]
091348.729: [09:13:48]扩展安全维护（ESM）Applications 未启用。
091348.729: [09:13:48]
091348.730: [09:13:48]15 更新可以立即应用。
091348.730: [09:13:48]要查看这些附加更新，请运行：apt list --upgradable
091348.730: [09:13:48]
091348.730: [09:13:48]启用 ESM Apps 来获取未来的额外安全更新
091348.730: [09:13:48]请参见 https://ubuntu.com/esm 或者运行: sudo pro status
091348.730: [09:13:48]
091348.730: [09:13:48]*** 需要重启系统 ***
091348.730: [09:13:48]Last login: Wed Mar 25 09:08:41 2026 from 192.168.6.173
091858.734: [09:18:58][202603103-172.16.101.45-09:18:58]
091858.758: [09:18:58]Welcome to Ubuntu 24.04.4 LTS (GNU/Linux 6.14.0-27-generic x86_64)
091858.758: [09:18:58]
091858.759: [09:18:58] * Documentation:  https://help.ubuntu.com
091858.759: [09:18:58] * Management:     https://landscape.canonical.com
091858.759: [09:18:58] * Support:        https://ubuntu.com/pro
091858.759: [09:18:58]
091858.759: [09:18:58]扩展安全维护（ESM）Applications 未启用。
091858.759: [09:18:58]
091858.759: [09:18:58]15 更新可以立即应用。
091858.759: [09:18:58]要查看这些附加更新，请运行：apt list --upgradable
091858.759: [09:18:58]
091858.759: [09:18:58]启用 ESM Apps 来获取未来的额外安全更新
091858.759: [09:18:58]请参见 https://ubuntu.com/esm 或者运行: sudo pro status
091858.759: [09:18:58]
091858.759: [09:18:58]*** 需要重启系统 ***
091858.759: [09:18:58]Last login: Wed Mar 25 09:13:48 2026 from 192.168.6.173
092406.782: [09:24:06][202603103-172.16.101.45-09:24:06]
092406.802: [09:24:06]Welcome to Ubuntu 24.04.4 LTS (GNU/Linux 6.14.0-27-generic x86_64)
092406.802: [09:24:06]
092406.802: [09:24:06] * Documentation:  https://help.ubuntu.com
092406.802: [09:24:06] * Management:     https://landscape.canonical.com
092406.802: [09:24:06] * Support:        https://ubuntu.com/pro
092406.802: [09:24:06]
092406.803: [09:24:06]扩展安全维护（ESM）Applications 未启用。
092406.803: [09:24:06]
092406.803: [09:24:06]15 更新可以立即应用。
092406.803: [09:24:06]要查看这些附加更新，请运行：apt list --upgradable
092406.803: [09:24:06]
092406.803: [09:24:06]启用 ESM Apps 来获取未来的额外安全更新
092406.803: [09:24:06]请参见 https://ubuntu.com/esm 或者运行: sudo pro status
092406.803: [09:24:06]
092406.803: [09:24:06]*** 需要重启系统 ***
092406.803: [09:24:06]Last login: Wed Mar 25 09:18:58 2026 from 192.168.6.173
092926.730: [09:29:26][202603103-172.16.101.45-09:29:26]
092926.751: [09:29:26]Welcome to Ubuntu 24.04.4 LTS (GNU/Linux 6.14.0-27-generic x86_64)
092926.751: [09:29:26]
092926.751: [09:29:26] * Documentation:  https://help.ubuntu.com
092926.751: [09:29:26] * Management:     https://landscape.canonical.com
092926.751: [09:29:26] * Support:        https://ubuntu.com/pro
092926.751: [09:29:26]
092926.752: [09:29:26]扩展安全维护（ESM）Applications 未启用。
092926.752: [09:29:26]
092926.752: [09:29:26]15 更新可以立即应用。
092926.752: [09:29:26]要查看这些附加更新，请运行：apt list --upgradable
092926.752: [09:29:26]
092926.752: [09:29:26]启用 ESM Apps 来获取未来的额外安全更新
092926.753: [09:29:26]请参见 https://ubuntu.com/esm 或者运行: sudo pro status
092926.753: [09:29:26]
092926.753: [09:29:26]*** 需要重启系统 ***
092926.753: [09:29:26]Last login: Wed Mar 25 09:24:06 2026 from 192.168.6.173
093434.218: [09:34:34][202603103-172.16.101.45-09:34:34]
093434.231: [09:34:34]Welcome to Ubuntu 24.04.4 LTS (GNU/Linux 6.14.0-27-generic x86_64)
093434.231: [09:34:34]
093434.232: [09:34:34] * Documentation:  https://help.ubuntu.com
093434.232: [09:34:34] * Management:     https://landscape.canonical.com
093434.232: [09:34:34] * Support:        https://ubuntu.com/pro
093434.232: [09:34:34]
093434.233: [09:34:34]扩展安全维护（ESM）Applications 未启用。
093434.233: [09:34:34]
093434.233: [09:34:34]15 更新可以立即应用。
093434.233: [09:34:34]要查看这些附加更新，请运行：apt list --upgradable
093434.233: [09:34:34]
093434.233: [09:34:34]启用 ESM Apps 来获取未来的额外安全更新
093434.234: [09:34:34]请参见 https://ubuntu.com/esm 或者运行: sudo pro status
093434.234: [09:34:34]
093434.234: [09:34:34]*** 需要重启系统 ***
093434.234: [09:34:34]Last login: Wed Mar 25 09:29:26 2026 from 192.168.6.173
093947.220: [09:39:47][202603103-172.16.101.45-09:39:47]
093947.236: [09:39:47]Welcome to Ubuntu 24.04.4 LTS (GNU/Linux 6.14.0-27-generic x86_64)
093947.236: [09:39:47]
093947.236: [09:39:47] * Documentation:  https://help.ubuntu.com
093947.236: [09:39:47] * Management:     https://landscape.canonical.com
093947.236: [09:39:47] * Support:        https://ubuntu.com/pro
093947.236: [09:39:47]
093947.237: [09:39:47]扩展安全维护（ESM）Applications 未启用。
093947.237: [09:39:47]
093947.237: [09:39:47]15 更新可以立即应用。
093947.237: [09:39:47]要查看这些附加更新，请运行：apt list --upgradable
093947.237: [09:39:47]
093947.237: [09:39:47]启用 ESM Apps 来获取未来的额外安全更新
093947.237: [09:39:47]请参见 https://ubuntu.com/esm 或者运行: sudo pro status
093947.237: [09:39:47]
093947.237: [09:39:47]*** 需要重启系统 ***
093947.237: [09:39:47]Last login: Wed Mar 25 09:34:34 2026 from 192.168.6.173
094446.711: [09:44:46][202603103-172.16.101.45-09:44:46]
094446.736: [09:44:46]Welcome to Ubuntu 24.04.4 LTS (GNU/Linux 6.14.0-27-generic x86_64)
094446.737: [09:44:46]
094446.737: [09:44:46] * Documentation:  https://help.ubuntu.com
094446.737: [09:44:46] * Management:     https://landscape.canonical.com
094446.737: [09:44:46] * Support:        https://ubuntu.com/pro
094446.737: [09:44:46]
094446.737: [09:44:46]扩展安全维护（ESM）Applications 未启用。
094446.737: [09:44:46]
094446.737: [09:44:46]15 更新可以立即应用。
094446.737: [09:44:46]要查看这些附加更新，请运行：apt list --upgradable
094446.737: [09:44:46]
094446.737: [09:44:46]启用 ESM Apps 来获取未来的额外安全更新
094446.738: [09:44:46]请参见 https://ubuntu.com/esm 或者运行: sudo pro status
094446.738: [09:44:46]
094446.738: [09:44:46]*** 需要重启系统 ***
094446.738: [09:44:46]Last login: Wed Mar 25 09:39:47 2026 from 192.168.6.173
094958.191: [09:49:58][202603103-172.16.101.45-09:49:58]
094958.209: [09:49:58]Welcome to Ubuntu 24.04.4 LTS (GNU/Linux 6.14.0-27-generic x86_64)
094958.209: [09:49:58]
094958.209: [09:49:58] * Documentation:  https://help.ubuntu.com
094958.209: [09:49:58] * Management:     https://landscape.canonical.com
094958.209: [09:49:58] * Support:        https://ubuntu.com/pro
094958.209: [09:49:58]
094958.209: [09:49:58]扩展安全维护（ESM）Applications 未启用。
094958.209: [09:49:58]
094958.209: [09:49:58]15 更新可以立即应用。
094958.210: [09:49:58]要查看这些附加更新，请运行：apt list --upgradable
094958.210: [09:49:58]
094958.210: [09:49:58]启用 ESM Apps 来获取未来的额外安全更新
094958.210: [09:49:58]请参见 https://ubuntu.com/esm 或者运行: sudo pro status
094958.210: [09:49:58]
094958.210: [09:49:58]*** 需要重启系统 ***
094958.210: [09:49:58]Last login: Wed Mar 25 09:44:46 2026 from 192.168.6.173
095510.229: [09:55:10][202603103-172.16.101.45-09:55:10]
095510.261: [09:55:10]Welcome to Ubuntu 24.04.4 LTS (GNU/Linux 6.14.0-27-generic x86_64)
095510.261: [09:55:10]
095510.261: [09:55:10] * Documentation:  https://help.ubuntu.com
095510.261: [09:55:10] * Management:     https://landscape.canonical.com
095510.261: [09:55:10] * Support:        https://ubuntu.com/pro
095510.261: [09:55:10]
095510.261: [09:55:10]扩展安全维护（ESM）Applications 未启用。
095510.261: [09:55:10]
095510.261: [09:55:10]15 更新可以立即应用。
095510.261: [09:55:10]要查看这些附加更新，请运行：apt list --upgradable
095510.261: [09:55:10]
095510.261: [09:55:10]启用 ESM Apps 来获取未来的额外安全更新
095510.261: [09:55:10]请参见 https://ubuntu.com/esm 或者运行: sudo pro status
095510.261: [09:55:10]
095510.261: [09:55:10]*** 需要重启系统 ***
095510.261: [09:55:10]Last login: Wed Mar 25 09:49:58 2026 from 192.168.6.173
