000930.708: [00:09:30]<Core-SW>
000936.423: [00:09:36][202603192.168.231.1-黄埭-核心交换机-00:09:36]
000936.501: [00:09:36]
000936.509: [00:09:36]Info: The max number of VTY users is 5, the number of current VTY users online is 1, and total number of terminal users online is 1.
000936.596: [00:09:36]      The current login time is 2025-12-13 07:21:11.
001936.590: [00:19:36]<Core-SW>
001942.695: [00:19:42][202603192.168.231.1-黄埭-核心交换机-00:19:42]
001942.752: [00:19:42]
001942.753: [00:19:42]Info: The max number of VTY users is 5, the number of current VTY users online is 1, and total number of terminal users online is 1.
001942.797: [00:19:42]      The current login time is 2025-12-13 07:31:17.
002942.865: [00:29:42]<Core-SW>
002948.993: [00:29:48][202603192.168.231.1-黄埭-核心交换机-00:29:48]
002949.062: [00:29:49]
002949.063: [00:29:49]Info: The max number of VTY users is 5, the number of current VTY users online is 1, and total number of terminal users online is 1.
002949.087: [00:29:49]      The current login time is 2025-12-13 07:41:23.
003949.168: [00:39:49]<Core-SW>
003955.032: [00:39:55][202603192.168.231.1-黄埭-核心交换机-00:39:55]
003955.068: [00:39:55]
003955.073: [00:39:55]Info: The max number of VTY users is 5, the number of current VTY users online is 1, and total number of terminal users online is 1.
003955.110: [00:39:55]      The current login time is 2025-12-13 07:51:29.
004955.178: [00:49:55]<Core-SW>
005001.305: [00:50:01][202603192.168.231.1-黄埭-核心交换机-00:50:01]
005001.433: [00:50:01]
005001.434: [00:50:01]Info: The max number of VTY users is 5, the number of current VTY users online is 1, and total number of terminal users online is 1.
005001.435: [00:50:01]      The current login time is 2025-12-13 08:01:36.
010001.439: [01:00:01]<Core-SW>
010007.562: [01:00:07][202603192.168.231.1-黄埭-核心交换机-01:00:07]
010007.627: [01:00:07]
010007.627: [01:00:07]Info: The max number of VTY users is 5, the number of current VTY users online is 1, and total number of terminal users online is 2.
010007.673: [01:00:07]      The current login time is 2025-12-13 08:11:42.
011007.824: [01:10:07]<Core-SW>
011013.992: [01:10:13][202603192.168.231.1-黄埭-核心交换机-01:10:13]
011014.111: [01:10:14]
011014.112: [01:10:14]Info: The max number of VTY users is 5, the number of current VTY users online is 1, and total number of terminal users online is 1.
011014.112: [01:10:14]      The current login time is 2025-12-13 08:21:48.
012014.135: [01:20:14]<Core-SW>
012020.329: [01:20:20][202603192.168.231.1-黄埭-核心交换机-01:20:20]
012020.392: [01:20:20]
012020.398: [01:20:20]Info: The max number of VTY users is 5, the number of current VTY users online is 1, and total number of terminal users online is 1.
012020.443: [01:20:20]      The current login time is 2025-12-13 08:31:55.
013020.522: [01:30:20]<Core-SW>
013026.474: [01:30:26][202603192.168.231.1-黄埭-核心交换机-01:30:26]
013026.528: [01:30:26]
013026.534: [01:30:26]Info: The max number of VTY users is 5, the number of current VTY users online is 1, and total number of terminal users online is 1.
013026.558: [01:30:26]      The current login time is 2025-12-13 08:42:01.
014026.616: [01:40:26]<Core-SW>
014032.522: [01:40:32][202603192.168.231.1-黄埭-核心交换机-01:40:32]
014032.562: [01:40:32]
014032.562: [01:40:32]Info: The max number of VTY users is 5, the number of current VTY users online is 1, and total number of terminal users online is 1.
014032.598: [01:40:32]      The current login time is 2025-12-13 08:52:07.
015032.658: [01:50:32]<Core-SW>
015038.639: [01:50:38][202603192.168.231.1-黄埭-核心交换机-01:50:38]
015038.683: [01:50:38]
015038.687: [01:50:38]Info: The max number of VTY users is 5, the number of current VTY users online is 1, and total number of terminal users online is 1.
015038.726: [01:50:38]      The current login time is 2025-12-13 09:02:13.
020038.792: [02:00:38]<Core-SW>
020045.043: [02:00:45][202603192.168.231.1-黄埭-核心交换机-02:00:45]
020045.074: [02:00:45]
020045.080: [02:00:45]Info: The max number of VTY users is 5, the number of current VTY users online is 1, and total number of terminal users online is 1.
020045.117: [02:00:45]      The current login time is 2025-12-13 09:12:19.
021045.184: [02:10:45]<Core-SW>
021051.107: [02:10:51][202603192.168.231.1-黄埭-核心交换机-02:10:51]
021051.160: [02:10:51]
021051.161: [02:10:51]Info: The max number of VTY users is 5, the number of current VTY users online is 1, and total number of terminal users online is 1.
021051.201: [02:10:51]      The current login time is 2025-12-13 09:22:25.
022051.271: [02:20:51]<Core-SW>
022057.725: [02:20:57][202603192.168.231.1-黄埭-核心交换机-02:20:57]
022057.761: [02:20:57]
022057.766: [02:20:57]Info: The max number of VTY users is 5, the number of current VTY users online is 1, and total number of terminal users online is 1.
022057.796: [02:20:57]      The current login time is 2025-12-13 09:32:32.
023057.855: [02:30:57]<Core-SW>
023104.113: [02:31:04][202603192.168.231.1-黄埭-核心交换机-02:31:04]
023104.164: [02:31:04]
023104.165: [02:31:04]Info: The max number of VTY users is 5, the number of current VTY users online is 1, and total number of terminal users online is 1.
023104.213: [02:31:04]      The current login time is 2025-12-13 09:42:38.
024104.278: [02:41:04]<Core-SW>
024110.523: [02:41:10][202603192.168.231.1-黄埭-核心交换机-02:41:10]
024110.563: [02:41:10]
024110.564: [02:41:10]Info: The max number of VTY users is 5, the number of current VTY users online is 1, and total number of terminal users online is 1.
024110.625: [02:41:10]      The current login time is 2025-12-13 09:52:45.
025110.697: [02:51:10]<Core-SW>
025116.763: [02:51:16][202603192.168.231.1-黄埭-核心交换机-02:51:16]
025116.811: [02:51:16]
025116.817: [02:51:16]Info: The max number of VTY users is 5, the number of current VTY users online is 1, and total number of terminal users online is 1.
025116.879: [02:51:16]      The current login time is 2025-12-13 10:02:51.
030116.956: [03:01:16]<Core-SW>
030122.970: [03:01:22][202603192.168.231.1-黄埭-核心交换机-03:01:22]
030123.102: [03:01:23]
030123.109: [03:01:23]Info: The max number of VTY users is 5, the number of current VTY users online is 1, and total number of terminal users online is 1.
030123.147: [03:01:23]      The current login time is 2025-12-13 10:12:57.
031123.190: [03:11:23]<Core-SW>
031128.999: [03:11:28][202603192.168.231.1-黄埭-核心交换机-03:11:28]
031129.139: [03:11:29]
031129.140: [03:11:29]Info: The max number of VTY users is 5, the number of current VTY users online is 1, and total number of terminal users online is 1.
031129.141: [03:11:29]      The current login time is 2025-12-13 10:23:03.
032129.215: [03:21:29]<Core-SW>
032135.762: [03:21:35][202603192.168.231.1-黄埭-核心交换机-03:21:35]
032135.813: [03:21:35]
032135.819: [03:21:35]Info: The max number of VTY users is 5, the number of current VTY users online is 1, and total number of terminal users online is 1.
032135.843: [03:21:35]      The current login time is 2025-12-13 10:33:10.
033135.889: [03:31:35]<Core-SW>
033142.391: [03:31:42][202603192.168.231.1-黄埭-核心交换机-03:31:42]
033142.426: [03:31:42]
033142.427: [03:31:42]Info: The max number of VTY users is 5, the number of current VTY users online is 1, and total number of terminal users online is 1.
033142.479: [03:31:42]      The current login time is 2025-12-13 10:43:17.
034142.546: [03:41:42]<Core-SW>
034148.558: [03:41:48][202603192.168.231.1-黄埭-核心交换机-03:41:48]
034148.598: [03:41:48]
034148.606: [03:41:48]Info: The max number of VTY users is 5, the number of current VTY users online is 1, and total number of terminal users online is 1.
034148.632: [03:41:48]      The current login time is 2025-12-13 10:53:23.
035148.762: [03:51:48]<Core-SW>
035155.216: [03:51:55][202603192.168.231.1-黄埭-核心交换机-03:51:55]
035155.275: [03:51:55]
035155.276: [03:51:55]Info: The max number of VTY users is 5, the number of current VTY users online is 1, and total number of terminal users online is 1.
035155.311: [03:51:55]      The current login time is 2025-12-13 11:03:30.
040155.389: [04:01:55]<Core-SW>
040201.624: [04:02:01][202603192.168.231.1-黄埭-核心交换机-04:02:01]
040201.678: [04:02:01]
040201.679: [04:02:01]Info: The max number of VTY users is 5, the number of current VTY users online is 1, and total number of terminal users online is 1.
040201.712: [04:02:01]      The current login time is 2025-12-13 11:13:36.
041201.777: [04:12:01]<Core-SW>
041208.247: [04:12:08][202603192.168.231.1-黄埭-核心交换机-04:12:08]
041208.286: [04:12:08]
041208.290: [04:12:08]Info: The max number of VTY users is 5, the number of current VTY users online is 1, and total number of terminal users online is 1.
041208.349: [04:12:08]      The current login time is 2025-12-13 11:23:43.
042208.445: [04:22:08]<Core-SW>
042214.846: [04:22:14][202603192.168.231.1-黄埭-核心交换机-04:22:14]
042214.919: [04:22:14]
042214.929: [04:22:14]Info: The max number of VTY users is 5, the number of current VTY users online is 1, and total number of terminal users online is 1.
042214.959: [04:22:14]      The current login time is 2025-12-13 11:33:49.
043215.034: [04:32:15]<Core-SW>
043221.124: [04:32:21][202603192.168.231.1-黄埭-核心交换机-04:32:21]
043221.180: [04:32:21]
043221.180: [04:32:21]Info: The max number of VTY users is 5, the number of current VTY users online is 1, and total number of terminal users online is 1.
043221.219: [04:32:21]      The current login time is 2025-12-13 11:43:56.
044221.285: [04:42:21]<Core-SW>
044227.524: [04:42:27][202603192.168.231.1-黄埭-核心交换机-04:42:27]
044227.572: [04:42:27]
044227.572: [04:42:27]Info: The max number of VTY users is 5, the number of current VTY users online is 1, and total number of terminal users online is 1.
044227.619: [04:42:27]      The current login time is 2025-12-13 11:54:02.
045227.669: [04:52:27]<Core-SW>
045233.625: [04:52:33][202603192.168.231.1-黄埭-核心交换机-04:52:33]
045233.663: [04:52:33]
045233.664: [04:52:33]Info: The max number of VTY users is 5, the number of current VTY users online is 1, and total number of terminal users online is 1.
045233.701: [04:52:33]      The current login time is 2025-12-13 12:04:08.
050233.779: [05:02:33]<Core-SW>
050240.212: [05:02:40][202603192.168.231.1-黄埭-核心交换机-05:02:40]
050240.254: [05:02:40]
050240.259: [05:02:40]Info: The max number of VTY users is 5, the number of current VTY users online is 1, and total number of terminal users online is 1.
050240.294: [05:02:40]      The current login time is 2025-12-13 12:14:15.
051240.368: [05:12:40]<Core-SW>
051246.470: [05:12:46][202603192.168.231.1-黄埭-核心交换机-05:12:46]
051246.517: [05:12:46]
051246.522: [05:12:46]Info: The max number of VTY users is 5, the number of current VTY users online is 1, and total number of terminal users online is 1.
051246.540: [05:12:46]      The current login time is 2025-12-13 12:24:21.
052246.589: [05:22:46]<Core-SW>
052252.701: [05:22:52][202603192.168.231.1-黄埭-核心交换机-05:22:52]
052252.749: [05:22:52]
052252.749: [05:22:52]Info: The max number of VTY users is 5, the number of current VTY users online is 1, and total number of terminal users online is 1.
052252.863: [05:22:52]      The current login time is 2025-12-13 12:34:27.
053252.865: [05:32:52]<Core-SW>
053258.988: [05:32:58][202603192.168.231.1-黄埭-核心交换机-05:32:58]
053259.045: [05:32:59]
053259.046: [05:32:59]Info: The max number of VTY users is 5, the number of current VTY users online is 1, and total number of terminal users online is 1.
053259.092: [05:32:59]      The current login time is 2025-12-13 12:44:33.
054259.155: [05:42:59]<Core-SW>
054305.046: [05:43:05][202603192.168.231.1-黄埭-核心交换机-05:43:05]
054305.083: [05:43:05]
054305.089: [05:43:05]Info: The max number of VTY users is 5, the number of current VTY users online is 1, and total number of terminal users online is 1.
054305.118: [05:43:05]      The current login time is 2025-12-13 12:54:40.
055305.176: [05:53:05]<Core-SW>
055311.283: [05:53:11][202603192.168.231.1-黄埭-核心交换机-05:53:11]
055311.320: [05:53:11]
055311.321: [05:53:11]Info: The max number of VTY users is 5, the number of current VTY users online is 1, and total number of terminal users online is 1.
055311.359: [05:53:11]      The current login time is 2025-12-13 13:04:46.
060311.465: [06:03:11]<Core-SW>
060317.723: [06:03:17][202603192.168.231.1-黄埭-核心交换机-06:03:17]
060317.842: [06:03:17]
060317.843: [06:03:17]Info: The max number of VTY users is 5, the number of current VTY users online is 1, and total number of terminal users online is 1.
060317.894: [06:03:17]      The current login time is 2025-12-13 13:14:52.
061318.012: [06:13:18]<Core-SW>
061324.025: [06:13:24][202603192.168.231.1-黄埭-核心交换机-06:13:24]
061324.081: [06:13:24]
061324.082: [06:13:24]Info: The max number of VTY users is 5, the number of current VTY users online is 1, and total number of terminal users online is 1.
061324.124: [06:13:24]      The current login time is 2025-12-13 13:24:59.
062324.169: [06:23:24]<Core-SW>
062330.236: [06:23:30][202603192.168.231.1-黄埭-核心交换机-06:23:30]
062330.275: [06:23:30]
062330.276: [06:23:30]Info: The max number of VTY users is 5, the number of current VTY users online is 1, and total number of terminal users online is 1.
062330.383: [06:23:30]      The current login time is 2025-12-13 13:35:05.
063330.401: [06:33:30]<Core-SW>
063336.479: [06:33:36][202603192.168.231.1-黄埭-核心交换机-06:33:36]
063336.533: [06:33:36]
063336.533: [06:33:36]Info: The max number of VTY users is 5, the number of current VTY users online is 1, and total number of terminal users online is 1.
063336.566: [06:33:36]      The current login time is 2025-12-13 13:45:11.
064336.621: [06:43:36]<Core-SW>
064342.556: [06:43:42][202603192.168.231.1-黄埭-核心交换机-06:43:42]
064342.609: [06:43:42]
064342.616: [06:43:42]Info: The max number of VTY users is 5, the number of current VTY users online is 1, and total number of terminal users online is 1.
064342.642: [06:43:42]      The current login time is 2025-12-13 13:55:17.
065342.724: [06:53:42]<Core-SW>
065349.325: [06:53:49][202603192.168.231.1-黄埭-核心交换机-06:53:49]
065349.372: [06:53:49]
065349.373: [06:53:49]Info: The max number of VTY users is 5, the number of current VTY users online is 1, and total number of terminal users online is 1.
065349.404: [06:53:49]      The current login time is 2025-12-13 14:05:24.
070349.461: [07:03:49]<Core-SW>
070355.599: [07:03:55][202603192.168.231.1-黄埭-核心交换机-07:03:55]
070355.739: [07:03:55]
070355.740: [07:03:55]Info: The max number of VTY users is 5, the number of current VTY users online is 1, and total number of terminal users online is 1.
070355.740: [07:03:55]      The current login time is 2025-12-13 14:15:30.
071355.791: [07:13:55]<Core-SW>
071402.151: [07:14:02][202603192.168.231.1-黄埭-核心交换机-07:14:02]
071402.211: [07:14:02]
071402.212: [07:14:02]Info: The max number of VTY users is 5, the number of current VTY users online is 1, and total number of terminal users online is 1.
071402.237: [07:14:02]      The current login time is 2025-12-13 14:25:37.
072402.306: [07:24:02]<Core-SW>
072408.614: [07:24:08][202603192.168.231.1-黄埭-核心交换机-07:24:08]
072408.679: [07:24:08]
072408.684: [07:24:08]Info: The max number of VTY users is 5, the number of current VTY users online is 1, and total number of terminal users online is 1.
072408.726: [07:24:08]      The current login time is 2025-12-13 14:35:43.
073408.771: [07:34:08]<Core-SW>
073414.514: [07:34:14][202603192.168.231.1-黄埭-核心交换机-07:34:14]
073414.564: [07:34:14]
073414.570: [07:34:14]Info: The max number of VTY users is 5, the number of current VTY users online is 1, and total number of terminal users online is 1.
073414.609: [07:34:14]      The current login time is 2025-12-13 14:45:49.
074414.676: [07:44:14]<Core-SW>
074420.579: [07:44:20][202603192.168.231.1-黄埭-核心交换机-07:44:20]
074420.618: [07:44:20]
074420.626: [07:44:20]Info: The max number of VTY users is 5, the number of current VTY users online is 1, and total number of terminal users online is 1.
074420.650: [07:44:20]      The current login time is 2025-12-13 14:55:55.
075420.740: [07:54:20]<Core-SW>
075427.308: [07:54:27][202603192.168.231.1-黄埭-核心交换机-07:54:27]
075427.378: [07:54:27]
075427.379: [07:54:27]Info: The max number of VTY users is 5, the number of current VTY users online is 1, and total number of terminal users online is 1.
075427.414: [07:54:27]      The current login time is 2025-12-13 15:06:02.
080427.522: [08:04:27]<Core-SW>
080434.209: [08:04:34][202603192.168.231.1-黄埭-核心交换机-08:04:34]
080434.337: [08:04:34]
080434.338: [08:04:34]Info: The max number of VTY users is 5, the number of current VTY users online is 1, and total number of terminal users online is 1.
080434.377: [08:04:34]      The current login time is 2025-12-13 15:16:09.
081434.483: [08:14:34]<Core-SW>
081440.675: [08:14:40][202603192.168.231.1-黄埭-核心交换机-08:14:40]
081440.718: [08:14:40]
081440.723: [08:14:40]Info: The max number of VTY users is 5, the number of current VTY users online is 1, and total number of terminal users online is 1.
081440.767: [08:14:40]      The current login time is 2025-12-13 15:26:15.
082440.821: [08:24:40]<Core-SW>
082446.990: [08:24:46][202603192.168.231.1-黄埭-核心交换机-08:24:46]
082447.138: [08:24:47]
082447.144: [08:24:47]Info: The max number of VTY users is 5, the number of current VTY users online is 1, and total number of terminal users online is 1.
082447.168: [08:24:47]      The current login time is 2025-12-13 15:36:22.
083447.250: [08:34:47]<Core-SW>
083453.729: [08:34:53][202603192.168.231.1-黄埭-核心交换机-08:34:53]
083453.772: [08:34:53]
083453.780: [08:34:53]Info: The max number of VTY users is 5, the number of current VTY users online is 1, and total number of terminal users online is 1.
083453.821: [08:34:53]      The current login time is 2025-12-13 15:46:28.
084453.970: [08:44:53]<Core-SW>
084500.317: [08:45:00][202603192.168.231.1-黄埭-核心交换机-08:45:00]
084500.368: [08:45:00]
084500.369: [08:45:00]Info: The max number of VTY users is 5, the number of current VTY users online is 1, and total number of terminal users online is 1.
084500.407: [08:45:00]      The current login time is 2025-12-13 15:56:35.
085500.513: [08:55:00]<Core-SW>
085506.965: [08:55:06][202603192.168.231.1-黄埭-核心交换机-08:55:06]
085507.049: [08:55:07]
085507.058: [08:55:07]Info: The max number of VTY users is 5, the number of current VTY users online is 1, and total number of terminal users online is 1.
085507.142: [08:55:07]      The current login time is 2025-12-13 16:06:42.
090507.451: [09:05:07]<Core-SW>
090513.704: [09:05:13][202603192.168.231.1-黄埭-核心交换机-09:05:13]
090513.755: [09:05:13]
090513.774: [09:05:13]Info: The max number of VTY users is 5, the number of current VTY users online is 1, and total number of terminal users online is 1.
090513.799: [09:05:13]      The current login time is 2025-12-13 16:16:48.
091513.867: [09:15:13]<Core-SW>
091520.136: [09:15:20][202603192.168.231.1-黄埭-核心交换机-09:15:20]
091520.177: [09:15:20]
091520.178: [09:15:20]Info: The max number of VTY users is 5, the number of current VTY users online is 1, and total number of terminal users online is 1.
091520.252: [09:15:20]      The current login time is 2025-12-13 16:26:55.
092520.426: [09:25:20]<Core-SW>
092526.731: [09:25:26][202603192.168.231.1-黄埭-核心交换机-09:25:26]
092526.784: [09:25:26]
092526.784: [09:25:26]Info: The max number of VTY users is 5, the number of current VTY users online is 1, and total number of terminal users online is 1.
092526.823: [09:25:26]      The current login time is 2025-12-13 16:37:01.
093526.984: [09:35:26]<Core-SW>
093534.234: [09:35:34][202603192.168.231.1-黄埭-核心交换机-09:35:34]
093534.376: [09:35:34]
093534.378: [09:35:34]Info: The max number of VTY users is 5, the number of current VTY users online is 1, and total number of terminal users online is 1.
093534.393: [09:35:34]      The current login time is 2025-12-13 16:47:09.
094534.479: [09:45:34]<Core-SW>
094541.527: [09:45:41][202603192.168.231.1-黄埭-核心交换机-09:45:41]
094541.591: [09:45:41]
094541.591: [09:45:41]Info: The max number of VTY users is 5, the number of current VTY users online is 1, and total number of terminal users online is 1.
094541.688: [09:45:41]      The current login time is 2025-12-13 16:57:16.
095541.751: [09:55:41]<Core-SW>
095548.391: [09:55:48][202603192.168.231.1-黄埭-核心交换机-09:55:48]
095548.441: [09:55:48]
095548.446: [09:55:48]Info: The max number of VTY users is 5, the number of current VTY users online is 1, and total number of terminal users online is 1.
095548.508: [09:55:48]      The current login time is 2025-12-13 17:07:23.
100548.593: [10:05:48]<Core-SW>
100554.726: [10:05:54][202603192.168.231.1-黄埭-核心交换机-10:05:54]
100554.797: [10:05:54]
100554.798: [10:05:54]Info: The max number of VTY users is 5, the number of current VTY users online is 1, and total number of terminal users online is 1.
100554.848: [10:05:54]      The current login time is 2025-12-13 17:17:29.
101554.898: [10:15:54]<Core-SW>
101601.211: [10:16:01][202603192.168.231.1-黄埭-核心交换机-10:16:01]
101601.315: [10:16:01]
101601.315: [10:16:01]Info: The max number of VTY users is 5, the number of current VTY users online is 1, and total number of terminal users online is 1.
101601.315: [10:16:01]      The current login time is 2025-12-13 17:27:36.
102601.349: [10:26:01]<Core-SW>
102609.546: [10:26:09][202603192.168.231.1-黄埭-核心交换机-10:26:09]
102609.613: [10:26:09]
102609.616: [10:26:09]Info: The max number of VTY users is 5, the number of current VTY users online is 1, and total number of terminal users online is 1.
102609.669: [10:26:09]      The current login time is 2025-12-13 17:37:44.
103609.693: [10:36:09]<Core-SW>
103615.603: [10:36:15][202603192.168.231.1-黄埭-核心交换机-10:36:15]
103615.704: [10:36:15]
103615.719: [10:36:15]Info: The max number of VTY users is 5, the number of current VTY users online is 1, and total number of terminal users online is 1.
103615.756: [10:36:15]      The current login time is 2025-12-13 17:47:50.
104615.806: [10:46:15]<Core-SW>
104622.195: [10:46:22][202603192.168.231.1-黄埭-核心交换机-10:46:22]
104622.244: [10:46:22]
104622.271: [10:46:22]Info: The max number of VTY users is 5, the number of current VTY users online is 1, and total number of terminal users online is 1.
104622.285: [10:46:22]      The current login time is 2025-12-13 17:57:57.
105622.358: [10:56:22]<Core-SW>
105628.977: [10:56:28][202603192.168.231.1-黄埭-核心交换机-10:56:28]
105629.039: [10:56:29]
105629.044: [10:56:29]Info: The max number of VTY users is 5, the number of current VTY users online is 1, and total number of terminal users online is 1.
105629.128: [10:56:29]      The current login time is 2025-12-13 18:08:04.
110629.152: [11:06:29]<Core-SW>
110636.829: [11:06:36][202603192.168.231.1-黄埭-核心交换机-11:06:36]
110636.910: [11:06:36]
110636.930: [11:06:36]Info: The max number of VTY users is 5, the number of current VTY users online is 1, and total number of terminal users online is 1.
110636.944: [11:06:36]      The current login time is 2025-12-13 18:18:12.
111637.026: [11:16:37]<Core-SW>
111643.905: [11:16:43][202603192.168.231.1-黄埭-核心交换机-11:16:43]
111643.954: [11:16:43]
111643.961: [11:16:43]Info: The max number of VTY users is 5, the number of current VTY users online is 1, and total number of terminal users online is 1.
111644.007: [11:16:44]      The current login time is 2025-12-13 18:28:19.
112644.106: [11:26:44]<Core-SW>
112650.792: [11:26:50][202603192.168.231.1-黄埭-核心交换机-11:26:50]
112650.915: [11:26:50]
112650.921: [11:26:50]Info: The max number of VTY users is 5, the number of current VTY users online is 1, and total number of terminal users online is 1.
112650.958: [11:26:50]      The current login time is 2025-12-13 18:38:26.
113651.034: [11:36:51]<Core-SW>
113657.192: [11:36:57][202603192.168.231.1-黄埭-核心交换机-11:36:57]
113657.241: [11:36:57]
113657.241: [11:36:57]Info: The max number of VTY users is 5, the number of current VTY users online is 1, and total number of terminal users online is 1.
113657.270: [11:36:57]      The current login time is 2025-12-13 18:48:32.
114657.345: [11:46:57]<Core-SW>
114703.705: [11:47:03][202603192.168.231.1-黄埭-核心交换机-11:47:03]
114703.768: [11:47:03]
114703.769: [11:47:03]Info: The max number of VTY users is 5, the number of current VTY users online is 1, and total number of terminal users online is 1.
114703.802: [11:47:03]      The current login time is 2025-12-13 18:58:38.
115703.900: [11:57:03]<Core-SW>
115710.039: [11:57:10][202603192.168.231.1-黄埭-核心交换机-11:57:10]
115710.083: [11:57:10]
115710.084: [11:57:10]Info: The max number of VTY users is 5, the number of current VTY users online is 1, and total number of terminal users online is 1.
115710.171: [11:57:10]      The current login time is 2025-12-13 19:08:45.
120710.254: [12:07:10]<Core-SW>
120716.284: [12:07:16][202603192.168.231.1-黄埭-核心交换机-12:07:16]
120716.345: [12:07:16]
120716.345: [12:07:16]Info: The max number of VTY users is 5, the number of current VTY users online is 1, and total number of terminal users online is 1.
120716.379: [12:07:16]      The current login time is 2025-12-13 19:18:51.
121716.443: [12:17:16]<Core-SW>
121722.631: [12:17:22][202603192.168.231.1-黄埭-核心交换机-12:17:22]
121722.715: [12:17:22]
121722.721: [12:17:22]Info: The max number of VTY users is 5, the number of current VTY users online is 1, and total number of terminal users online is 1.
121722.750: [12:17:22]      The current login time is 2025-12-13 19:28:57.
122722.922: [12:27:22]<Core-SW>
122729.238: [12:27:29][202603192.168.231.1-黄埭-核心交换机-12:27:29]
122729.305: [12:27:29]
122729.306: [12:27:29]Info: The max number of VTY users is 5, the number of current VTY users online is 1, and total number of terminal users online is 1.
122729.356: [12:27:29]      The current login time is 2025-12-13 19:39:04.
123729.459: [12:37:29]<Core-SW>
123735.614: [12:37:35][202603192.168.231.1-黄埭-核心交换机-12:37:35]
123735.669: [12:37:35]
123735.670: [12:37:35]Info: The max number of VTY users is 5, the number of current VTY users online is 1, and total number of terminal users online is 1.
123735.718: [12:37:35]      The current login time is 2025-12-13 19:49:10.
124735.824: [12:47:35]<Core-SW>
124742.233: [12:47:42][202603192.168.231.1-黄埭-核心交换机-12:47:42]
124742.285: [12:47:42]
124742.285: [12:47:42]Info: The max number of VTY users is 5, the number of current VTY users online is 1, and total number of terminal users online is 1.
124742.339: [12:47:42]      The current login time is 2025-12-13 19:59:17.
125742.455: [12:57:42]<Core-SW>
125749.001: [12:57:49][202603192.168.231.1-黄埭-核心交换机-12:57:49]
125749.061: [12:57:49]
125749.061: [12:57:49]Info: The max number of VTY users is 5, the number of current VTY users online is 1, and total number of terminal users online is 1.
125749.095: [12:57:49]      The current login time is 2025-12-13 20:09:24.
130749.144: [13:07:49]<Core-SW>
130755.047: [13:07:55][202603192.168.231.1-黄埭-核心交换机-13:07:55]
130755.092: [13:07:55]
130755.093: [13:07:55]Info: The max number of VTY users is 5, the number of current VTY users online is 1, and total number of terminal users online is 1.
130755.123: [13:07:55]      The current login time is 2025-12-13 20:19:30.
131755.211: [13:17:55]<Core-SW>
131801.134: [13:18:01][202603192.168.231.1-黄埭-核心交换机-13:18:01]
131801.185: [13:18:01]
131801.194: [13:18:01]Info: The max number of VTY users is 5, the number of current VTY users online is 1, and total number of terminal users online is 1.
131801.228: [13:18:01]      The current login time is 2025-12-13 20:29:36.
132801.302: [13:28:01]<Core-SW>
132807.605: [13:28:07][202603192.168.231.1-黄埭-核心交换机-13:28:07]
132807.662: [13:28:07]
132807.671: [13:28:07]Info: The max number of VTY users is 5, the number of current VTY users online is 1, and total number of terminal users online is 1.
132807.686: [13:28:07]      The current login time is 2025-12-13 20:39:42.
133807.739: [13:38:07]<Core-SW>
133813.559: [13:38:13][202603192.168.231.1-黄埭-核心交换机-13:38:13]
133813.676: [13:38:13]
133813.677: [13:38:13]Info: The max number of VTY users is 5, the number of current VTY users online is 1, and total number of terminal users online is 1.
133813.677: [13:38:13]      The current login time is 2025-12-13 20:49:48.
134813.701: [13:48:13]<Core-SW>
134819.827: [13:48:19][202603192.168.231.1-黄埭-核心交换机-13:48:19]
134819.886: [13:48:19]
134819.892: [13:48:19]Info: The max number of VTY users is 5, the number of current VTY users online is 1, and total number of terminal users online is 1.
134819.925: [13:48:19]      The current login time is 2025-12-13 20:59:55.
135819.987: [13:58:19]<Core-SW>
135826.022: [13:58:26][202603192.168.231.1-黄埭-核心交换机-13:58:26]
135826.068: [13:58:26]
135826.073: [13:58:26]Info: The max number of VTY users is 5, the number of current VTY users online is 1, and total number of terminal users online is 1.
135826.101: [13:58:26]      The current login time is 2025-12-13 21:10:01.
140826.158: [14:08:26]<Core-SW>
140832.075: [14:08:32][202603192.168.231.1-黄埭-核心交换机-14:08:32]
140832.118: [14:08:32]
140832.125: [14:08:32]Info: The max number of VTY users is 5, the number of current VTY users online is 1, and total number of terminal users online is 1.
140832.155: [14:08:32]      The current login time is 2025-12-13 21:20:07.
141832.240: [14:18:32]<Core-SW>
141838.062: [14:18:38][202603192.168.231.1-黄埭-核心交换机-14:18:38]
141838.110: [14:18:38]
141838.111: [14:18:38]Info: The max number of VTY users is 5, the number of current VTY users online is 1, and total number of terminal users online is 1.
141838.144: [14:18:38]      The current login time is 2025-12-13 21:30:13.
142838.316: [14:28:38]<Core-SW>
142844.694: [14:28:44][202603192.168.231.1-黄埭-核心交换机-14:28:44]
142844.741: [14:28:44]
142844.748: [14:28:44]Info: The max number of VTY users is 5, the number of current VTY users online is 1, and total number of terminal users online is 1.
142844.775: [14:28:44]      The current login time is 2025-12-13 21:40:20.
143844.919: [14:38:44]<Core-SW>
143851.087: [14:38:51][202603192.168.231.1-黄埭-核心交换机-14:38:51]
143851.207: [14:38:51]
143851.208: [14:38:51]Info: The max number of VTY users is 5, the number of current VTY users online is 1, and total number of terminal users online is 1.
143851.208: [14:38:51]      The current login time is 2025-12-13 21:50:26.
144851.231: [14:48:51]<Core-SW>
144857.304: [14:48:57][202603192.168.231.1-黄埭-核心交换机-14:48:57]
144857.363: [14:48:57]
144857.364: [14:48:57]Info: The max number of VTY users is 5, the number of current VTY users online is 1, and total number of terminal users online is 1.
144857.398: [14:48:57]      The current login time is 2025-12-13 22:00:32.
145857.446: [14:58:57]<Core-SW>
145903.551: [14:59:03][202603192.168.231.1-黄埭-核心交换机-14:59:03]
145903.596: [14:59:03]
145903.602: [14:59:03]Info: The max number of VTY users is 5, the number of current VTY users online is 1, and total number of terminal users online is 1.
145903.654: [14:59:03]      The current login time is 2025-12-13 22:10:38.
150903.721: [15:09:03]<Core-SW>
150909.642: [15:09:09][202603192.168.231.1-黄埭-核心交换机-15:09:09]
150909.697: [15:09:09]
150909.697: [15:09:09]Info: The max number of VTY users is 5, the number of current VTY users online is 1, and total number of terminal users online is 1.
150909.751: [15:09:09]      The current login time is 2025-12-13 22:20:44.
151909.811: [15:19:09]<Core-SW>
151915.892: [15:19:15][202603192.168.231.1-黄埭-核心交换机-15:19:15]
151915.948: [15:19:15]
151915.958: [15:19:15]Info: The max number of VTY users is 5, the number of current VTY users online is 1, and total number of terminal users online is 1.
151916.005: [15:19:16]      The current login time is 2025-12-13 22:30:51.
152916.053: [15:29:16]<Core-SW>
152922.045: [15:29:22][202603192.168.231.1-黄埭-核心交换机-15:29:22]
152922.124: [15:29:22]
152922.130: [15:29:22]Info: The max number of VTY users is 5, the number of current VTY users online is 1, and total number of terminal users online is 1.
152922.288: [15:29:22]      The current login time is 2025-12-13 22:40:57.
153922.259: [15:39:22]<Core-SW>
153928.205: [15:39:28][202603192.168.231.1-黄埭-核心交换机-15:39:28]
153928.258: [15:39:28]
153928.259: [15:39:28]Info: The max number of VTY users is 5, the number of current VTY users online is 1, and total number of terminal users online is 1.
153928.373: [15:39:28]      The current login time is 2025-12-13 22:51:03.
154928.390: [15:49:28]<Core-SW>
154934.867: [15:49:34][202603192.168.231.1-黄埭-核心交换机-15:49:34]
154934.980: [15:49:34]
154934.981: [15:49:34]Info: The max number of VTY users is 5, the number of current VTY users online is 1, and total number of terminal users online is 1.
154934.982: [15:49:34]      The current login time is 2025-12-13 23:01:10.
155935.075: [15:59:35]<Core-SW>
155941.366: [15:59:41][202603192.168.231.1-黄埭-核心交换机-15:59:41]
155941.431: [15:59:41]
155941.432: [15:59:41]Info: The max number of VTY users is 5, the number of current VTY users online is 1, and total number of terminal users online is 1.
155941.474: [15:59:41]      The current login time is 2025-12-13 23:11:16.
160941.553: [16:09:41]<Core-SW>
160947.770: [16:09:47][202603192.168.231.1-黄埭-核心交换机-16:09:47]
160947.846: [16:09:47]
160947.847: [16:09:47]Info: The max number of VTY users is 5, the number of current VTY users online is 1, and total number of terminal users online is 1.
160947.872: [16:09:47]      The current login time is 2025-12-13 23:21:23.
161947.974: [16:19:47]<Core-SW>
161954.362: [16:19:54][202603192.168.231.1-黄埭-核心交换机-16:19:54]
161954.418: [16:19:54]
161954.423: [16:19:54]Info: The max number of VTY users is 5, the number of current VTY users online is 1, and total number of terminal users online is 1.
161954.451: [16:19:54]      The current login time is 2025-12-13 23:31:29.
162954.524: [16:29:54]<Core-SW>
163000.786: [16:30:00][202603192.168.231.1-黄埭-核心交换机-16:30:00]
163000.870: [16:30:00]
163000.871: [16:30:00]Info: The max number of VTY users is 5, the number of current VTY users online is 1, and total number of terminal users online is 1.
163000.895: [16:30:00]      The current login time is 2025-12-13 23:41:36.
164001.000: [16:40:01]<Core-SW>
164007.349: [16:40:07][202603192.168.231.1-黄埭-核心交换机-16:40:07]
164007.412: [16:40:07]
164007.418: [16:40:07]Info: The max number of VTY users is 5, the number of current VTY users online is 1, and total number of terminal users online is 1.
164007.555: [16:40:07]      The current login time is 2025-12-13 23:51:42.
165007.549: [16:50:07]<Core-SW>
165013.831: [16:50:13][202603192.168.231.1-黄埭-核心交换机-16:50:13]
165013.873: [16:50:13]
165013.874: [16:50:13]Info: The max number of VTY users is 5, the number of current VTY users online is 1, and total number of terminal users online is 1.
165013.923: [16:50:13]      The current login time is 2025-12-14 00:01:49.
170014.006: [17:00:14]<Core-SW>
170020.271: [17:00:20][202603192.168.231.1-黄埭-核心交换机-17:00:20]
170020.330: [17:00:20]
170020.330: [17:00:20]Info: The max number of VTY users is 5, the number of current VTY users online is 1, and total number of terminal users online is 1.
170020.366: [17:00:20]      The current login time is 2025-12-14 00:11:55.
171020.497: [17:10:20]<Core-SW>
171026.708: [17:10:26][202603192.168.231.1-黄埭-核心交换机-17:10:26]
171026.744: [17:10:26]
171026.744: [17:10:26]Info: The max number of VTY users is 5, the number of current VTY users online is 1, and total number of terminal users online is 1.
171026.780: [17:10:26]      The current login time is 2025-12-14 00:22:02.
172026.830: [17:20:26]<Core-SW>
172033.181: [17:20:33][202603192.168.231.1-黄埭-核心交换机-17:20:33]
172033.236: [17:20:33]
172033.236: [17:20:33]Info: The max number of VTY users is 5, the number of current VTY users online is 1, and total number of terminal users online is 1.
172033.282: [17:20:33]      The current login time is 2025-12-14 00:32:08.
173033.368: [17:30:33]<Core-SW>
173039.544: [17:30:39][202603192.168.231.1-黄埭-核心交换机-17:30:39]
173039.660: [17:30:39]
173039.661: [17:30:39]Info: The max number of VTY users is 5, the number of current VTY users online is 1, and total number of terminal users online is 1.
173039.661: [17:30:39]      The current login time is 2025-12-14 00:42:14.
174039.713: [17:40:39]<Core-SW>
174045.776: [17:40:45][202603192.168.231.1-黄埭-核心交换机-17:40:45]
174045.823: [17:40:45]
174045.824: [17:40:45]Info: The max number of VTY users is 5, the number of current VTY users online is 1, and total number of terminal users online is 1.
174045.870: [17:40:45]      The current login time is 2025-12-14 00:52:21.
175045.911: [17:50:45]<Core-SW>
175052.375: [17:50:52][202603192.168.231.1-黄埭-核心交换机-17:50:52]
175052.461: [17:50:52]
175052.469: [17:50:52]Info: The max number of VTY users is 5, the number of current VTY users online is 1, and total number of terminal users online is 1.
175052.504: [17:50:52]      The current login time is 2025-12-14 01:02:27.
180052.551: [18:00:52]<Core-SW>
180058.709: [18:00:58][202603192.168.231.1-黄埭-核心交换机-18:00:58]
180058.780: [18:00:58]
180058.787: [18:00:58]Info: The max number of VTY users is 5, the number of current VTY users online is 1, and total number of terminal users online is 1.
180058.818: [18:00:58]      The current login time is 2025-12-14 01:12:34.
181058.876: [18:10:58]<Core-SW>
181105.192: [18:11:05][202603192.168.231.1-黄埭-核心交换机-18:11:05]
181105.245: [18:11:05]
181105.250: [18:11:05]Info: The max number of VTY users is 5, the number of current VTY users online is 1, and total number of terminal users online is 1.
181105.285: [18:11:05]      The current login time is 2025-12-14 01:22:40.
182105.361: [18:21:05]<Core-SW>
182111.671: [18:21:11][202603192.168.231.1-黄埭-核心交换机-18:21:11]
182111.755: [18:21:11]
182111.755: [18:21:11]Info: The max number of VTY users is 5, the number of current VTY users online is 1, and total number of terminal users online is 1.
182111.775: [18:21:11]      The current login time is 2025-12-14 01:32:47.
183111.834: [18:31:11]<Core-SW>
183118.276: [18:31:18][202603192.168.231.1-黄埭-核心交换机-18:31:18]
183118.333: [18:31:18]
183118.334: [18:31:18]Info: The max number of VTY users is 5, the number of current VTY users online is 1, and total number of terminal users online is 1.
183118.365: [18:31:18]      The current login time is 2025-12-14 01:42:53.
184118.413: [18:41:18]<Core-SW>
184124.547: [18:41:24][202603192.168.231.1-黄埭-核心交换机-18:41:24]
184124.585: [18:41:24]
184124.586: [18:41:24]Info: The max number of VTY users is 5, the number of current VTY users online is 1, and total number of terminal users online is 1.
184124.646: [18:41:24]      The current login time is 2025-12-14 01:53:00.
185124.714: [18:51:24]<Core-SW>
185131.480: [18:51:31][202603192.168.231.1-黄埭-核心交换机-18:51:31]
185131.526: [18:51:31]
185131.527: [18:51:31]Info: The max number of VTY users is 5, the number of current VTY users online is 1, and total number of terminal users online is 1.
185131.582: [18:51:31]      The current login time is 2025-12-14 02:03:06.
190131.633: [19:01:31]<Core-SW>
190137.591: [19:01:37][202603192.168.231.1-黄埭-核心交换机-19:01:37]
190137.648: [19:01:37]
190137.649: [19:01:37]Info: The max number of VTY users is 5, the number of current VTY users online is 1, and total number of terminal users online is 1.
190137.689: [19:01:37]      The current login time is 2025-12-14 02:13:13.
191137.846: [19:11:37]<Core-SW>
191144.151: [19:11:44][202603192.168.231.1-黄埭-核心交换机-19:11:44]
191144.192: [19:11:44]
191144.201: [19:11:44]Info: The max number of VTY users is 5, the number of current VTY users online is 1, and total number of terminal users online is 1.
191144.240: [19:11:44]      The current login time is 2025-12-14 02:23:19.
192144.288: [19:21:44]<Core-SW>
192150.239: [19:21:50][202603192.168.231.1-黄埭-核心交换机-19:21:50]
192150.285: [19:21:50]
192150.286: [19:21:50]Info: The max number of VTY users is 5, the number of current VTY users online is 1, and total number of terminal users online is 1.
192150.323: [19:21:50]      The current login time is 2025-12-14 02:33:25.
193150.535: [19:31:50]<Core-SW>
193156.530: [19:31:56][202603192.168.231.1-黄埭-核心交换机-19:31:56]
193156.599: [19:31:56]
193156.638: [19:31:56]Info: The max number of VTY users is 5, the number of current VTY users online is 1, and total number of terminal users online is 1.
193156.643: [19:31:56]      The current login time is 2025-12-14 02:43:32.
194156.830: [19:41:56]<Core-SW>
194202.702: [19:42:02][202603192.168.231.1-黄埭-核心交换机-19:42:02]
194202.764: [19:42:02]
194202.770: [19:42:02]Info: The max number of VTY users is 5, the number of current VTY users online is 1, and total number of terminal users online is 1.
194202.794: [19:42:02]      The current login time is 2025-12-14 02:53:38.
195202.918: [19:52:02]<Core-SW>
195209.361: [19:52:09][202603192.168.231.1-黄埭-核心交换机-19:52:09]
195209.500: [19:52:09]
195209.501: [19:52:09]Info: The max number of VTY users is 5, the number of current VTY users online is 1, and total number of terminal users online is 1.
195209.501: [19:52:09]      The current login time is 2025-12-14 03:03:44.
200209.584: [20:02:09]<Core-SW>
200215.531: [20:02:15][202603192.168.231.1-黄埭-核心交换机-20:02:15]
200215.571: [20:02:15]
200215.572: [20:02:15]Info: The max number of VTY users is 5, the number of current VTY users online is 1, and total number of terminal users online is 1.
200215.611: [20:02:15]      The current login time is 2025-12-14 03:13:51.
201215.717: [20:12:15]<Core-SW>
201222.185: [20:12:22][202603192.168.231.1-黄埭-核心交换机-20:12:22]
201222.232: [20:12:22]
201222.238: [20:12:22]Info: The max number of VTY users is 5, the number of current VTY users online is 1, and total number of terminal users online is 1.
201222.263: [20:12:22]      The current login time is 2025-12-14 03:23:57.
202222.318: [20:22:22]<Core-SW>
202228.091: [20:22:28][202603192.168.231.1-黄埭-核心交换机-20:22:28]
202228.236: [20:22:28]
202228.237: [20:22:28]Info: The max number of VTY users is 5, the number of current VTY users online is 1, and total number of terminal users online is 1.
202228.237: [20:22:28]      The current login time is 2025-12-14 03:34:03.
203228.244: [20:32:28]<Core-SW>
203234.156: [20:32:34][202603192.168.231.1-黄埭-核心交换机-20:32:34]
203234.296: [20:32:34]
203234.297: [20:32:34]Info: The max number of VTY users is 5, the number of current VTY users online is 1, and total number of terminal users online is 1.
203234.297: [20:32:34]      The current login time is 2025-12-14 03:44:09.
204234.337: [20:42:34]<Core-SW>
204240.536: [20:42:40][202603192.168.231.1-黄埭-核心交换机-20:42:40]
204240.579: [20:42:40]
204240.580: [20:42:40]Info: The max number of VTY users is 5, the number of current VTY users online is 1, and total number of terminal users online is 1.
204240.617: [20:42:40]      The current login time is 2025-12-14 03:54:16.
205240.686: [20:52:40]<Core-SW>
205246.628: [20:52:46][202603192.168.231.1-黄埭-核心交换机-20:52:46]
205246.670: [20:52:46]
205246.675: [20:52:46]Info: The max number of VTY users is 5, the number of current VTY users online is 1, and total number of terminal users online is 1.
205246.714: [20:52:46]      The current login time is 2025-12-14 04:04:22.
210246.777: [21:02:46]<Core-SW>
210252.691: [21:02:52][202603192.168.231.1-黄埭-核心交换机-21:02:52]
210252.733: [21:02:52]
210252.738: [21:02:52]Info: The max number of VTY users is 5, the number of current VTY users online is 1, and total number of terminal users online is 1.
210252.782: [21:02:52]      The current login time is 2025-12-14 04:14:28.
211252.846: [21:12:52]<Core-SW>
211259.163: [21:12:59][202603192.168.231.1-黄埭-核心交换机-21:12:59]
211259.217: [21:12:59]
211259.222: [21:12:59]Info: The max number of VTY users is 5, the number of current VTY users online is 1, and total number of terminal users online is 1.
211259.268: [21:12:59]      The current login time is 2025-12-14 04:24:34.
212259.336: [21:22:59]<Core-SW>
212305.772: [21:23:05][202603192.168.231.1-黄埭-核心交换机-21:23:05]
212305.809: [21:23:05]
212305.810: [21:23:05]Info: The max number of VTY users is 5, the number of current VTY users online is 1, and total number of terminal users online is 1.
212305.854: [21:23:05]      The current login time is 2025-12-14 04:34:41.
213305.928: [21:33:05]<Core-SW>
213312.121: [21:33:12][202603192.168.231.1-黄埭-核心交换机-21:33:12]
213312.174: [21:33:12]
213312.179: [21:33:12]Info: The max number of VTY users is 5, the number of current VTY users online is 1, and total number of terminal users online is 1.
213312.209: [21:33:12]      The current login time is 2025-12-14 04:44:47.
214312.280: [21:43:12]<Core-SW>
214318.129: [21:43:18][202603192.168.231.1-黄埭-核心交换机-21:43:18]
214318.193: [21:43:18]
214318.198: [21:43:18]Info: The max number of VTY users is 5, the number of current VTY users online is 1, and total number of terminal users online is 1.
214318.238: [21:43:18]      The current login time is 2025-12-14 04:54:53.
215318.333: [21:53:18]<Core-SW>
215324.876: [21:53:24][202603192.168.231.1-黄埭-核心交换机-21:53:24]
215324.924: [21:53:24]
215324.925: [21:53:24]Info: The max number of VTY users is 5, the number of current VTY users online is 1, and total number of terminal users online is 1.
215325.015: [21:53:25]      The current login time is 2025-12-14 05:05:00.
220325.010: [22:03:25]<Core-SW>
220331.132: [22:03:31][202603192.168.231.1-黄埭-核心交换机-22:03:31]
220331.169: [22:03:31]
220331.174: [22:03:31]Info: The max number of VTY users is 5, the number of current VTY users online is 1, and total number of terminal users online is 1.
220331.208: [22:03:31]      The current login time is 2025-12-14 05:15:06.
221331.280: [22:13:31]<Core-SW>
221337.037: [22:13:37][202603192.168.231.1-黄埭-核心交换机-22:13:37]
221337.076: [22:13:37]
221337.082: [22:13:37]Info: The max number of VTY users is 5, the number of current VTY users online is 1, and total number of terminal users online is 1.
221337.170: [22:13:37]      The current login time is 2025-12-14 05:25:12.
222337.159: [22:23:37]<Core-SW>
222343.265: [22:23:43][202603192.168.231.1-黄埭-核心交换机-22:23:43]
222343.315: [22:23:43]
222343.315: [22:23:43]Info: The max number of VTY users is 5, the number of current VTY users online is 1, and total number of terminal users online is 1.
222343.345: [22:23:43]      The current login time is 2025-12-14 05:35:18.
223343.400: [22:33:43]<Core-SW>
223349.568: [22:33:49][202603192.168.231.1-黄埭-核心交换机-22:33:49]
223349.628: [22:33:49]
223349.637: [22:33:49]Info: The max number of VTY users is 5, the number of current VTY users online is 1, and total number of terminal users online is 1.
223349.662: [22:33:49]      The current login time is 2025-12-14 05:45:25.
224349.714: [22:43:49]<Core-SW>
224355.689: [22:43:55][202603192.168.231.1-黄埭-核心交换机-22:43:55]
224355.754: [22:43:55]
224355.758: [22:43:55]Info: The max number of VTY users is 5, the number of current VTY users online is 1, and total number of terminal users online is 1.
224355.821: [22:43:55]      The current login time is 2025-12-14 05:55:31.
225355.886: [22:53:55]<Core-SW>
225402.173: [22:54:02][202603192.168.231.1-黄埭-核心交换机-22:54:02]
225402.222: [22:54:02]
225402.227: [22:54:02]Info: The max number of VTY users is 5, the number of current VTY users online is 1, and total number of terminal users online is 1.
225402.296: [22:54:02]      The current login time is 2025-12-14 06:05:37.
230402.359: [23:04:02]<Core-SW>
230408.613: [23:04:08][202603192.168.231.1-黄埭-核心交换机-23:04:08]
230408.689: [23:04:08]
230408.690: [23:04:08]Info: The max number of VTY users is 5, the number of current VTY users online is 1, and total number of terminal users online is 1.
230408.734: [23:04:08]      The current login time is 2025-12-14 06:15:44.
231408.802: [23:14:08]<Core-SW>
231414.575: [23:14:14][202603192.168.231.1-黄埭-核心交换机-23:14:14]
231414.684: [23:14:14]
231414.685: [23:14:14]Info: The max number of VTY users is 5, the number of current VTY users online is 1, and total number of terminal users online is 1.
231414.685: [23:14:14]      The current login time is 2025-12-14 06:25:50.
232414.748: [23:24:14]<Core-SW>
232420.777: [23:24:20][202603192.168.231.1-黄埭-核心交换机-23:24:20]
232420.820: [23:24:20]
232420.821: [23:24:20]Info: The max number of VTY users is 5, the number of current VTY users online is 1, and total number of terminal users online is 1.
232420.870: [23:24:20]      The current login time is 2025-12-14 06:35:56.
233420.942: [23:34:20]<Core-SW>
233427.082: [23:34:27][202603192.168.231.1-黄埭-核心交换机-23:34:27]
233427.130: [23:34:27]
233427.130: [23:34:27]Info: The max number of VTY users is 5, the number of current VTY users online is 1, and total number of terminal users online is 1.
233427.168: [23:34:27]      The current login time is 2025-12-14 06:46:02.
234427.205: [23:44:27]<Core-SW>
234433.053: [23:44:33][202603192.168.231.1-黄埭-核心交换机-23:44:33]
234433.086: [23:44:33]
234433.087: [23:44:33]Info: The max number of VTY users is 5, the number of current VTY users online is 1, and total number of terminal users online is 1.
234433.120: [23:44:33]      The current login time is 2025-12-14 06:56:08.
235433.229: [23:54:33]<Core-SW>
235439.184: [23:54:39][202603192.168.231.1-黄埭-核心交换机-23:54:39]
235439.236: [23:54:39]
235439.237: [23:54:39]Info: The max number of VTY users is 5, the number of current VTY users online is 1, and total number of terminal users online is 1.
235439.286: [23:54:39]      The current login time is 2025-12-14 07:06:14.
