000434.004: [00:04:34][202603100-192.168.8.88-负一楼-接入交换机-00:04:34]
000434.316: [00:04:34]
000434.316: [00:04:34]User Access Verification
000434.316: [00:04:34]
000434.354: [00:04:34]Password:
000434.354: [00:04:34]Password:
000434.380: [00:04:34]
000434.407: [00:04:34]Last login: Mar 26 2026 00:27:05 from 192.168.6.173 through telnet.
001439.500: [00:14:39][202603100-192.168.8.88-负一楼-接入交换机-00:14:39]
001439.816: [00:14:39]
001439.816: [00:14:39]User Access Verification
001439.817: [00:14:39]
001439.841: [00:14:39]Password:
001439.859: [00:14:39]Password:
001439.867: [00:14:39]
001439.918: [00:14:39]Last login: Mar 26 2026 00:37:11 from 192.168.6.173 through telnet.
002445.004: [00:24:45][202603100-192.168.8.88-负一楼-接入交换机-00:24:45]
002445.484: [00:24:45]
002445.484: [00:24:45]User Access Verification
002445.493: [00:24:45]
002445.501: [00:24:45]Password:
002445.527: [00:24:45]Password:
002445.542: [00:24:45]
002445.575: [00:24:45]Last login: Mar 26 2026 00:47:16 from 192.168.6.173 through telnet.
003450.501: [00:34:50][202603100-192.168.8.88-负一楼-接入交换机-00:34:50]
003450.834: [00:34:50]
003450.848: [00:34:50]User Access Verification
003450.848: [00:34:50]
003450.876: [00:34:50]Password:
003450.876: [00:34:50]Password:
003450.975: [00:34:50]
003451.010: [00:34:51]Last login: Mar 26 2026 00:57:22 from 192.168.6.173 through telnet.
004457.006: [00:44:57][202603100-192.168.8.88-负一楼-接入交换机-00:44:57]
004457.319: [00:44:57]
004457.319: [00:44:57]User Access Verification
004457.319: [00:44:57]
004457.350: [00:44:57]Password:
004457.375: [00:44:57]Password:
004457.397: [00:44:57]
004457.425: [00:44:57]Last login: Mar 26 2026 01:07:28 from 192.168.6.173 through telnet.
005502.497: [00:55:02][202603100-192.168.8.88-负一楼-接入交换机-00:55:02]
005502.804: [00:55:02]
005502.805: [00:55:02]User Access Verification
005502.805: [00:55:02]
005502.830: [00:55:02]Password:
005502.850: [00:55:02]Password:
005502.889: [00:55:02]
005502.961: [00:55:02]Last login: Mar 26 2026 01:17:34 from 192.168.6.173 through telnet.
010507.992: [01:05:07][202603100-192.168.8.88-负一楼-接入交换机-01:05:07]
010508.294: [01:05:08]
010508.294: [01:05:08]User Access Verification
010508.294: [01:05:08]
010508.331: [01:05:08]Password:
010508.332: [01:05:08]Password:
010508.344: [01:05:08]
010508.384: [01:05:08]Last login: Mar 26 2026 01:27:39 from 192.168.6.173 through telnet.
011513.504: [01:15:13][202603100-192.168.8.88-负一楼-接入交换机-01:15:13]
011513.863: [01:15:13]
011513.863: [01:15:13]User Access Verification
011513.864: [01:15:13]
011513.898: [01:15:13]Password:
011513.899: [01:15:13]Password:
011513.921: [01:15:13]
011513.950: [01:15:13]Last login: Mar 26 2026 01:37:45 from 192.168.6.173 through telnet.
012518.501: [01:25:18][202603100-192.168.8.88-负一楼-接入交换机-01:25:18]
012518.815: [01:25:18]
012518.815: [01:25:18]User Access Verification
012518.815: [01:25:18]
012518.851: [01:25:18]Password:
012518.851: [01:25:18]Password:
012518.861: [01:25:18]
012518.908: [01:25:18]Last login: Mar 26 2026 01:47:51 from 192.168.6.173 through telnet.
013523.999: [01:35:23][202603100-192.168.8.88-负一楼-接入交换机-01:35:23]
013524.463: [01:35:24]
013524.474: [01:35:24]User Access Verification
013524.474: [01:35:24]
013524.482: [01:35:24]Password:
013524.503: [01:35:24]Password:
013524.577: [01:35:24]
013524.633: [01:35:24]Last login: Mar 26 2026 01:57:55 from 192.168.6.173 through telnet.
014529.492: [01:45:29][202603100-192.168.8.88-负一楼-接入交换机-01:45:29]
014529.805: [01:45:29]
014529.806: [01:45:29]User Access Verification
014529.806: [01:45:29]
014529.831: [01:45:29]Password:
014529.853: [01:45:29]Password:
014529.860: [01:45:29]
014529.910: [01:45:29]Last login: Mar 26 2026 02:08:01 from 192.168.6.173 through telnet.
015534.999: [01:55:34][202603100-192.168.8.88-负一楼-接入交换机-01:55:34]
015535.299: [01:55:35]
015535.300: [01:55:35]User Access Verification
015535.300: [01:55:35]
015535.339: [01:55:35]Password:
015535.340: [01:55:35]Password:
015535.369: [01:55:35]
015535.416: [01:55:35]Last login: Mar 26 2026 02:18:06 from 192.168.6.173 through telnet.
020540.506: [02:05:40][202603100-192.168.8.88-负一楼-接入交换机-02:05:40]
020540.808: [02:05:40]
020540.809: [02:05:40]User Access Verification
020540.809: [02:05:40]
020540.829: [02:05:40]Password:
020540.852: [02:05:40]Password:
020540.859: [02:05:40]
020540.910: [02:05:40]Last login: Mar 26 2026 02:28:12 from 192.168.6.173 through telnet.
021546.006: [02:15:46][202603100-192.168.8.88-负一楼-接入交换机-02:15:46]
021546.476: [02:15:46]
021546.477: [02:15:46]User Access Verification
021546.490: [02:15:46]
021546.515: [02:15:46]Password:
021546.516: [02:15:46]Password:
021546.537: [02:15:46]
021546.566: [02:15:46]Last login: Mar 26 2026 02:38:17 from 192.168.6.173 through telnet.
022551.496: [02:25:51][202603100-192.168.8.88-负一楼-接入交换机-02:25:51]
022551.911: [02:25:51]
022551.912: [02:25:51]User Access Verification
022551.912: [02:25:51]
022551.945: [02:25:51]Password:
022551.968: [02:25:51]Password:
022551.993: [02:25:51]
022552.038: [02:25:52]Last login: Mar 26 2026 02:48:23 from 192.168.6.173 through telnet.
023558.002: [02:35:58][202603100-192.168.8.88-负一楼-接入交换机-02:35:58]
023558.305: [02:35:58]
023558.306: [02:35:58]User Access Verification
023558.318: [02:35:58]
023558.335: [02:35:58]Password:
023558.365: [02:35:58]Password:
023558.392: [02:35:58]
023558.436: [02:35:58]Last login: Mar 26 2026 02:58:29 from 192.168.6.173 through telnet.
024602.991: [02:46:02][202603100-192.168.8.88-负一楼-接入交换机-02:46:02]
024603.352: [02:46:03]
024603.352: [02:46:03]User Access Verification
024603.352: [02:46:03]
024603.377: [02:46:03]Password:
024603.403: [02:46:03]Password:
024603.425: [02:46:03]
024603.466: [02:46:03]Last login: Mar 26 2026 03:08:35 from 192.168.6.173 through telnet.
025608.492: [02:56:08][202603100-192.168.8.88-负一楼-接入交换机-02:56:08]
025608.802: [02:56:08]
025608.803: [02:56:08]User Access Verification
025608.816: [02:56:08]
025608.825: [02:56:08]Password:
025608.845: [02:56:08]Password:
025608.856: [02:56:08]
025608.903: [02:56:08]Last login: Mar 26 2026 03:18:40 from 192.168.6.173 through telnet.
030614.991: [03:06:14][202603100-192.168.8.88-负一楼-接入交换机-03:06:14]
030615.453: [03:06:15]
030615.453: [03:06:15]User Access Verification
030615.466: [03:06:15]
030615.473: [03:06:15]Password:
030615.494: [03:06:15]Password:
030615.542: [03:06:15]
030615.588: [03:06:15]Last login: Mar 26 2026 03:28:46 from 192.168.6.173 through telnet.
031620.505: [03:16:20][202603100-192.168.8.88-负一楼-接入交换机-03:16:20]
031620.806: [03:16:20]
031620.806: [03:16:20]User Access Verification
031620.821: [03:16:20]
031620.833: [03:16:20]Password:
031620.862: [03:16:20]Password:
031620.874: [03:16:20]
031620.916: [03:16:20]Last login: Mar 26 2026 03:38:52 from 192.168.6.173 through telnet.
032627.000: [03:26:27][202603100-192.168.8.88-负一楼-接入交换机-03:26:27]
032627.314: [03:26:27]
032627.315: [03:26:27]User Access Verification
032627.315: [03:26:27]
032627.350: [03:26:27]Password:
032627.351: [03:26:27]Password:
032627.383: [03:26:27]
032627.461: [03:26:27]Last login: Mar 26 2026 03:48:58 from 192.168.6.173 through telnet.
033632.501: [03:36:32][202603100-192.168.8.88-负一楼-接入交换机-03:36:32]
033633.813: [03:36:33]
033633.814: [03:36:33]User Access Verification
033633.823: [03:36:33]
033633.844: [03:36:33]Password:
033633.844: [03:36:33]Password:
033633.856: [03:36:33]
033633.903: [03:36:33]Last login: Mar 26 2026 03:59:04 from 192.168.6.173 through telnet.
034639.991: [03:46:39][202603100-192.168.8.88-负一楼-接入交换机-03:46:39]
034640.316: [03:46:40]
034640.316: [03:46:40]User Access Verification
034640.328: [03:46:40]
034640.354: [03:46:40]Password:
034640.354: [03:46:40]Password:
034640.369: [03:46:40]
034640.406: [03:46:40]Last login: Mar 26 2026 04:09:11 from 192.168.6.173 through telnet.
035645.483: [03:56:45][202603100-192.168.8.88-负一楼-接入交换机-03:56:45]
035645.795: [03:56:45]
035645.795: [03:56:45]User Access Verification
035645.795: [03:56:45]
035645.825: [03:56:45]Password:
035645.857: [03:56:45]Password:
035645.876: [03:56:45]
035645.909: [03:56:45]Last login: Mar 26 2026 04:19:17 from 192.168.6.173 through telnet.
040651.505: [04:06:51][202603100-192.168.8.88-负一楼-接入交换机-04:06:51]
040652.008: [04:06:52]
040652.008: [04:06:52]User Access Verification
040652.020: [04:06:52]
040652.031: [04:06:52]Password:
040652.054: [04:06:52]Password:
040652.069: [04:06:52]
040652.107: [04:06:52]Last login: Mar 26 2026 04:29:23 from 192.168.6.173 through telnet.
041657.980: [04:16:57][202603100-192.168.8.88-负一楼-接入交换机-04:16:57]
041659.285: [04:16:59]
041659.286: [04:16:59]User Access Verification
041659.299: [04:16:59]
041659.310: [04:16:59]Password:
041659.331: [04:16:59]Password:
041659.352: [04:16:59]
041659.392: [04:16:59]Last login: Mar 26 2026 04:39:29 from 192.168.6.173 through telnet.
042704.487: [04:27:04][202603100-192.168.8.88-负一楼-接入交换机-04:27:04]
042704.795: [04:27:04]
042704.796: [04:27:04]User Access Verification
042704.796: [04:27:04]
042704.813: [04:27:04]Password:
042704.835: [04:27:04]Password:
042704.853: [04:27:04]
042704.900: [04:27:04]Last login: Mar 26 2026 04:49:36 from 192.168.6.173 through telnet.
043710.983: [04:37:10][202603100-192.168.8.88-负一楼-接入交换机-04:37:10]
043711.299: [04:37:11]
043711.299: [04:37:11]User Access Verification
043711.299: [04:37:11]
043711.325: [04:37:11]Password:
043711.344: [04:37:11]Password:
043711.359: [04:37:11]
043711.401: [04:37:11]Last login: Mar 26 2026 04:59:42 from 192.168.6.173 through telnet.
044715.993: [04:47:15][202603100-192.168.8.88-负一楼-接入交换机-04:47:15]
044716.322: [04:47:16]
044716.323: [04:47:16]User Access Verification
044716.323: [04:47:16]
044716.341: [04:47:16]Password:
044716.359: [04:47:16]Password:
044716.387: [04:47:16]
044716.434: [04:47:16]Last login: Mar 26 2026 05:09:48 from 192.168.6.173 through telnet.
045721.485: [04:57:21][202603100-192.168.8.88-负一楼-接入交换机-04:57:21]
045721.806: [04:57:21]
045721.806: [04:57:21]User Access Verification
045721.806: [04:57:21]
045721.839: [04:57:21]Password:
045721.839: [04:57:21]Password:
045721.944: [04:57:21]
045721.979: [04:57:21]Last login: Mar 26 2026 05:19:53 from 192.168.6.173 through telnet.
050727.980: [05:07:27][202603100-192.168.8.88-负一楼-接入交换机-05:07:27]
050728.326: [05:07:28]
050728.327: [05:07:28]User Access Verification
050728.327: [05:07:28]
050728.350: [05:07:28]Password:
050728.383: [05:07:28]Password:
050728.401: [05:07:28]
050728.452: [05:07:28]Last login: Mar 26 2026 05:29:59 from 192.168.6.173 through telnet.
051733.575: [05:17:33][202603100-192.168.8.88-负一楼-接入交换机-05:17:33]
051734.869: [05:17:34]
051734.870: [05:17:34]User Access Verification
051734.870: [05:17:34]
051734.904: [05:17:34]Password:
051734.905: [05:17:34]Password:
051734.919: [05:17:34]
051734.965: [05:17:34]Last login: Mar 26 2026 05:40:05 from 192.168.6.173 through telnet.
052740.989: [05:27:40][202603100-192.168.8.88-负一楼-接入交换机-05:27:40]
052741.307: [05:27:41]
052741.307: [05:27:41]User Access Verification
052741.307: [05:27:41]
052741.327: [05:27:41]Password:
052741.347: [05:27:41]Password:
052741.363: [05:27:41]
052741.395: [05:27:41]Last login: Mar 26 2026 05:50:12 from 192.168.6.173 through telnet.
053746.505: [05:37:46][202603100-192.168.8.88-负一楼-接入交换机-05:37:46]
053746.842: [05:37:46]
053746.842: [05:37:46]User Access Verification
053746.861: [05:37:46]
053746.868: [05:37:46]Password:
053746.891: [05:37:46]Password:
053746.937: [05:37:46]
053747.005: [05:37:47]Last login: Mar 26 2026 06:00:18 from 192.168.6.173 through telnet.
054753.000: [05:47:53][202603100-192.168.8.88-负一楼-接入交换机-05:47:53]
054753.616: [05:47:53]
054753.617: [05:47:53]User Access Verification
054753.628: [05:47:53]
054753.651: [05:47:53]Password:
054753.652: [05:47:53]Password:
054753.660: [05:47:53]
054753.699: [05:47:53]Last login: Mar 26 2026 06:10:24 from 192.168.6.173 through telnet.
055758.490: [05:57:58][202603100-192.168.8.88-负一楼-接入交换机-05:57:58]
055759.830: [05:57:59]
055759.841: [05:57:59]User Access Verification
055759.841: [05:57:59]
055759.864: [05:57:59]Password:
055759.864: [05:57:59]Password:
055759.880: [05:57:59]
055759.936: [05:57:59]Last login: Mar 26 2026 06:20:30 from 192.168.6.173 through telnet.
060805.993: [06:08:05][202603100-192.168.8.88-负一楼-接入交换机-06:08:05]
060806.357: [06:08:06]
060806.385: [06:08:06]User Access Verification
060806.385: [06:08:06]
060806.405: [06:08:06]Password:
060806.434: [06:08:06]Password:
060806.451: [06:08:06]
060806.494: [06:08:06]Last login: Mar 26 2026 06:30:37 from 192.168.6.173 through telnet.
061811.485: [06:18:11][202603100-192.168.8.88-负一楼-接入交换机-06:18:11]
061811.813: [06:18:11]
061811.813: [06:18:11]User Access Verification
061811.813: [06:18:11]
061811.844: [06:18:11]Password:
061811.844: [06:18:11]Password:
061811.861: [06:18:11]
061811.906: [06:18:11]Last login: Mar 26 2026 06:40:43 from 192.168.6.173 through telnet.
062817.982: [06:28:17][202603100-192.168.8.88-负一楼-接入交换机-06:28:17]
062818.289: [06:28:18]
062818.289: [06:28:18]User Access Verification
062818.289: [06:28:18]
062818.321: [06:28:18]Password:
062818.321: [06:28:18]Password:
062818.334: [06:28:18]
062818.386: [06:28:18]Last login: Mar 26 2026 06:50:49 from 192.168.6.173 through telnet.
063823.493: [06:38:23][202603100-192.168.8.88-负一楼-接入交换机-06:38:23]
063823.787: [06:38:23]
063823.787: [06:38:23]User Access Verification
063823.787: [06:38:23]
063823.811: [06:38:23]Password:
063823.832: [06:38:23]Password:
063823.842: [06:38:23]
063823.890: [06:38:23]Last login: Mar 26 2026 07:00:55 from 192.168.6.173 through telnet.
064829.992: [06:48:29][202603100-192.168.8.88-负一楼-接入交换机-06:48:29]
064830.280: [06:48:30]
064830.281: [06:48:30]User Access Verification
064830.281: [06:48:30]
064830.307: [06:48:30]Password:
064830.319: [06:48:30]Password:
064830.338: [06:48:30]
064830.389: [06:48:30]Last login: Mar 26 2026 07:11:01 from 192.168.6.173 through telnet.
065834.983: [06:58:34][202603100-192.168.8.88-负一楼-接入交换机-06:58:34]
065835.286: [06:58:35]
065835.286: [06:58:35]User Access Verification
065835.286: [06:58:35]
065835.311: [06:58:35]Password:
065835.331: [06:58:35]Password:
065835.341: [06:58:35]
065835.385: [06:58:35]Last login: Mar 26 2026 07:21:07 from 192.168.6.173 through telnet.
070839.984: [07:08:39][202603100-192.168.8.88-负一楼-接入交换机-07:08:39]
070840.284: [07:08:40]
070840.284: [07:08:40]User Access Verification
070840.284: [07:08:40]
070840.305: [07:08:40]Password:
070840.326: [07:08:40]Password:
070840.360: [07:08:40]
070840.404: [07:08:40]Last login: Mar 26 2026 07:31:12 from 192.168.6.173 through telnet.
071844.993: [07:18:44][202603100-192.168.8.88-负一楼-接入交换机-07:18:44]
071845.420: [07:18:45]
071845.420: [07:18:45]User Access Verification
071845.420: [07:18:45]
071845.438: [07:18:45]Password:
071845.464: [07:18:45]Password:
071845.472: [07:18:45]
071845.514: [07:18:45]Last login: Mar 26 2026 07:41:17 from 192.168.6.173 through telnet.
072850.491: [07:28:50][202603100-192.168.8.88-负一楼-接入交换机-07:28:50]
072850.925: [07:28:50]
072850.925: [07:28:50]User Access Verification
072850.925: [07:28:50]
072850.948: [07:28:50]Password:
072850.968: [07:28:50]Password:
072850.978: [07:28:50]
072851.028: [07:28:51]Last login: Mar 26 2026 07:51:22 from 192.168.6.173 through telnet.
073855.976: [07:38:55][202603100-192.168.8.88-负一楼-接入交换机-07:38:55]
073856.288: [07:38:56]
073856.288: [07:38:56]User Access Verification
073856.288: [07:38:56]
073856.311: [07:38:56]Password:
073856.338: [07:38:56]Password:
073856.439: [07:38:56]
073856.470: [07:38:56]Last login: Mar 26 2026 08:01:28 from 192.168.6.173 through telnet.
074901.475: [07:49:01][202603100-192.168.8.88-负一楼-接入交换机-07:49:01]
074901.784: [07:49:01]
074901.784: [07:49:01]User Access Verification
074901.784: [07:49:01]
074901.822: [07:49:01]Password:
074901.823: [07:49:01]Password:
074901.840: [07:49:01]
074901.886: [07:49:01]Last login: Mar 26 2026 08:11:33 from 192.168.6.173 through telnet.
075906.985: [07:59:06][202603100-192.168.8.88-负一楼-接入交换机-07:59:06]
075907.291: [07:59:07]
075907.291: [07:59:07]User Access Verification
075907.291: [07:59:07]
075907.328: [07:59:07]Password:
075907.348: [07:59:07]Password:
075907.379: [07:59:07]
075907.416: [07:59:07]Last login: Mar 26 2026 08:21:39 from 192.168.6.173 through telnet.
080912.498: [08:09:12][202603100-192.168.8.88-负一楼-接入交换机-08:09:12]
080912.934: [08:09:12]
080912.937: [08:09:12]User Access Verification
080912.943: [08:09:12]
080912.957: [08:09:12]Password:
080912.969: [08:09:12]Password:
080913.076: [08:09:13]
080913.124: [08:09:13]Last login: Mar 26 2026 08:31:44 from 192.168.6.173 through telnet.
081918.091: [08:19:18][202603100-192.168.8.88-负一楼-接入交换机-08:19:18]
081918.377: [08:19:18]
081918.377: [08:19:18]User Access Verification
081918.387: [08:19:18]
081918.406: [08:19:18]Password:
081918.432: [08:19:18]Password:
081918.444: [08:19:18]
081918.489: [08:19:18]Last login: Mar 26 2026 08:41:50 from 192.168.6.173 through telnet.
082923.510: [08:29:23][202603100-192.168.8.88-负一楼-接入交换机-08:29:23]
082923.827: [08:29:23]
082923.828: [08:29:23]User Access Verification
082923.828: [08:29:23]
082923.863: [08:29:23]Password:
082923.863: [08:29:23]Password:
082923.873: [08:29:23]
082923.912: [08:29:23]Last login: Mar 26 2026 08:51:55 from 192.168.6.173 through telnet.
083928.994: [08:39:28][202603100-192.168.8.88-负一楼-接入交换机-08:39:28]
083929.491: [08:39:29]
083929.501: [08:39:29]User Access Verification
083929.501: [08:39:29]
083929.519: [08:39:29]Password:
083929.542: [08:39:29]Password:
083929.555: [08:39:29]
083929.614: [08:39:29]Last login: Mar 26 2026 09:02:01 from 192.168.6.173 through telnet.
084935.479: [08:49:35][202603100-192.168.8.88-负一楼-接入交换机-08:49:35]
084935.793: [08:49:35]
084935.793: [08:49:35]User Access Verification
084935.793: [08:49:35]
084935.819: [08:49:35]Password:
084935.851: [08:49:35]Password:
084935.871: [08:49:35]
084935.906: [08:49:35]Last login: Mar 26 2026 09:12:07 from 192.168.6.173 through telnet.
085940.974: [08:59:40][202603100-192.168.8.88-负一楼-接入交换机-08:59:40]
085941.331: [08:59:41]
085941.331: [08:59:41]User Access Verification
085941.331: [08:59:41]
085941.351: [08:59:41]Password:
085941.398: [08:59:41]Password:
085941.420: [08:59:41]
085941.477: [08:59:41]Last login: Mar 26 2026 09:22:13 from 192.168.6.173 through telnet.
090946.642: [09:09:46][202603100-192.168.8.88-负一楼-接入交换机-09:09:46]
090946.912: [09:09:46]
090946.913: [09:09:46]User Access Verification
090946.913: [09:09:46]
090946.937: [09:09:46]Password:
090946.966: [09:09:46]Password:
090946.984: [09:09:46]
090947.034: [09:09:47]Last login: Mar 26 2026 09:32:18 from 192.168.6.173 through telnet.
091951.964: [09:19:51][202603100-192.168.8.88-负一楼-接入交换机-09:19:51]
091953.319: [09:19:53]
091953.319: [09:19:53]User Access Verification
091953.319: [09:19:53]
091953.345: [09:19:53]Password:
091953.364: [09:19:53]Password:
091953.373: [09:19:53]
091953.422: [09:19:53]Last login: Mar 26 2026 09:42:24 from 192.168.6.173 through telnet.
092958.486: [09:29:58][202603100-192.168.8.88-负一楼-接入交换机-09:29:58]
092959.018: [09:29:59]
092959.018: [09:29:59]User Access Verification
092959.018: [09:29:59]
092959.049: [09:29:59]Password:
092959.071: [09:29:59]Password:
092959.080: [09:29:59]
092959.127: [09:29:59]Last login: Mar 26 2026 09:52:30 from 192.168.6.173 through telnet.
094003.982: [09:40:03][202603100-192.168.8.88-负一楼-接入交换机-09:40:03]
094004.279: [09:40:04]
094004.280: [09:40:04]User Access Verification
094004.280: [09:40:04]
094004.319: [09:40:04]Password:
094004.319: [09:40:04]Password:
094004.426: [09:40:04]
094004.467: [09:40:04]Last login: Mar 26 2026 10:02:36 from 192.168.6.173 through telnet.
095009.501: [09:50:09][202603100-192.168.8.88-负一楼-接入交换机-09:50:09]
095009.811: [09:50:09]
095009.811: [09:50:09]User Access Verification
095009.811: [09:50:09]
095009.840: [09:50:09]Password:
095009.856: [09:50:09]Password:
095009.868: [09:50:09]
095009.908: [09:50:09]Last login: Mar 26 2026 10:12:41 from 192.168.6.173 through telnet.
100014.991: [10:00:14][202603100-192.168.8.88-负一楼-接入交换机-10:00:14]
100015.311: [10:00:15]
100015.311: [10:00:15]User Access Verification
100015.311: [10:00:15]
100015.341: [10:00:15]Password:
100015.367: [10:00:15]Password:
100015.367: [10:00:15]
100015.416: [10:00:15]Last login: Mar 26 2026 10:22:47 from 192.168.6.173 through telnet.
100325.060: [10:03:25]Ruijie>
100325.435: [10:03:25]Ruijie>
100325.594: [10:03:25]Ruijie>
100332.229: [10:03:32]Ruijie>confi
100336.153: [10:03:36]Ruijie>en   
100336.914: [10:03:36]Ruijie>enable 
100336.945: [10:03:36]
100339.605: [10:03:39]Password:
100341.504: [10:03:41]Ruijie#show run
100342.289: [10:03:42]Ruijie#show running-config 
100343.376: [10:03:43]
100343.393: [10:03:43]Building configuration...
100343.498: [10:03:43]Current configuration: 10337 bytes
100343.515: [10:03:43]
100343.515: [10:03:43]version S5300E_RGOS 12.5(4)B0701
100343.515: [10:03:43]!
100343.515: [10:03:43]spanning-tree
100343.515: [10:03:43]!
100343.515: [10:03:43]ip access-list extended 111
100343.515: [10:03:43] 10 permit icmp host 192.168.8.9 host 192.168.8.1 
100343.515: [10:03:43] 20 permit icmp host 192.168.8.1 host 192.168.8.9 
100343.516: [10:03:43] 30 permit ip any any 
100343.516: [10:03:43]!
100343.516: [10:03:43]ip access-list counter 111
100343.516: [10:03:43]!
100343.516: [10:03:43]username admin privilege 15 password 7 $10$18c$37VcH1cWmCNd$
100343.516: [10:03:43]username wyj privilege 15 password 7 $10$2a6$aZKJGN44bajg$
100343.516: [10:03:43]!
100343.516: [10:03:43]no cwmp
100343.516: [10:03:43]!
100343.516: [10:03:43]service dhcp
100343.516: [10:03:43]!
100343.516: [10:03:43]ip dhcp pool ip-vlan-101
100343.516: [10:03:43] lease 0 8 0 
100343.516: [10:03:43] network 172.16.101.0 255.255.255.0 172.16.101.130 172.16.101.149
100343.517: [10:03:43] dns-server 223.5.5.5 
100343.517: [10:03:43] default-router 172.16.101.1 
100343.517: [10:03:43]!
100344.084: [10:03:44]install switch 1 S5300-48GT4XS-E
100344.101: [10:03:44]install switch 2 S5300-48GT4XS-E
100344.101: [10:03:44]install 1/0 S5300-48GT4XS-E
100344.101: [10:03:44]install 2/0 S5300-48GT4XS-E
100344.101: [10:03:44]!
100344.101: [10:03:44]sysmac c470.abfc.a59a
100344.101: [10:03:44]!
100344.101: [10:03:44]enable service web-server http
100344.101: [10:03:44]enable service web-server https
100344.101: [10:03:44]webmaster level 0 username admin password 7 $10$07e$1c6ULhZJlG44$
100344.101: [10:03:44]webmaster level 1 username wyj password 7 $10$273$0B1/uNVwYhpE$
100344.102: [10:03:44]!
100344.102: [10:03:44]nfpp
100344.102: [10:03:44]!
100344.102: [10:03:44]password policy printable-character-check
100344.102: [10:03:44]no password policy min-size
100344.102: [10:03:44]no password policy strong
100344.102: [10:03:44]service password-encryption
100344.102: [10:03:44]!
100344.102: [10:03:44]redundancy
100344.102: [10:03:44]!
100344.102: [10:03:44]no enable service snmp-agent
100344.102: [10:03:44]ip ssh key-exchange dh_group_exchange_sha1 dh_group14_sha1 ecdh_sha2_nistp256 ecdh_sha2_nistp384 ecdh_sha2_nistp521
100344.103: [10:03:44]ip ssh cipher-mode ctr gcm
100344.683: [10:03:44]ip ssh hmac-algorithm sha2-256 sha2-512
100344.683: [10:03:44]!
100344.683: [10:03:44]login privilege log
100344.683: [10:03:44]enable secret 8 $1c$Ldjs8h23u4$,$>d*`r`nnb($8.>#z60<8#:(n~0|<h:p&lp|8,.$ 
100344.683: [10:03:44]enable password 7 $10$1c4$HJXAn0nlJJk0$
100344.683: [10:03:44]enable service ssh-server
100344.683: [10:03:44]enable service telnet-server
100344.683: [10:03:44]!
100344.683: [10:03:44]vlan range 1,100-101,208,300
100344.683: [10:03:44]!
100344.684: [10:03:44]interface GigabitEthernet 1/0/1
100344.684: [10:03:44] switchport access vlan 101
100344.684: [10:03:44]!
100344.684: [10:03:44]interface GigabitEthernet 1/0/2
100344.684: [10:03:44] switchport access vlan 101
100344.684: [10:03:44]!
100344.684: [10:03:44]interface GigabitEthernet 1/0/3
100344.684: [10:03:44] switchport access vlan 101
100344.684: [10:03:44]!
100344.684: [10:03:44]interface GigabitEthernet 1/0/4
100344.684: [10:03:44] switchport access vlan 101
100344.684: [10:03:44]!
100344.684: [10:03:44]interface GigabitEthernet 1/0/5
100344.684: [10:03:44] switchport access vlan 101
100345.175: [10:03:45]!         
100345.190: [10:03:45]interface GigabitEthernet 1/0/6
100345.190: [10:03:45] switchport access vlan 101
100345.190: [10:03:45]!
100345.190: [10:03:45]interface GigabitEthernet 1/0/7
100345.190: [10:03:45] port-group 1 mode active
100345.190: [10:03:45]!
100345.190: [10:03:45]interface GigabitEthernet 1/0/8
100345.190: [10:03:45] port-group 2 mode active
100345.190: [10:03:45]!
100345.190: [10:03:45]interface GigabitEthernet 1/0/9
100345.191: [10:03:45] port-group 3 mode active
100345.191: [10:03:45]!
100345.191: [10:03:45]interface GigabitEthernet 1/0/10
100345.191: [10:03:45] port-group 4 mode active
100345.191: [10:03:45]!
100345.191: [10:03:45]interface GigabitEthernet 1/0/11
100345.191: [10:03:45] port-group 5 mode active
100345.191: [10:03:45]!
100345.191: [10:03:45]interface GigabitEthernet 1/0/12
100345.191: [10:03:45] port-group 6 mode active
100345.191: [10:03:45]!
100345.191: [10:03:45]interface GigabitEthernet 1/0/13
100345.191: [10:03:45] port-group 7 mode active
100345.249: [10:03:45]!         
100345.265: [10:03:45]interface GigabitEthernet 1/0/14
100345.265: [10:03:45] port-group 8 mode active
100345.265: [10:03:45]!
100345.265: [10:03:45]interface GigabitEthernet 1/0/15
100345.265: [10:03:45] port-group 9 mode active
100345.265: [10:03:45]!
100345.265: [10:03:45]interface GigabitEthernet 1/0/16
100345.265: [10:03:45] port-group 10 mode active
100345.265: [10:03:45]!
100345.265: [10:03:45]interface GigabitEthernet 1/0/17
100345.265: [10:03:45] switchport access vlan 300
100345.265: [10:03:45]!
100345.266: [10:03:45]interface GigabitEthernet 1/0/18
100345.266: [10:03:45] switchport access vlan 300
100345.266: [10:03:45]!
100345.266: [10:03:45]interface GigabitEthernet 1/0/19
100345.266: [10:03:45] switchport access vlan 300
100345.266: [10:03:45]!
100345.266: [10:03:45]interface GigabitEthernet 1/0/20
100345.266: [10:03:45] switchport access vlan 300
100345.266: [10:03:45]!
100345.266: [10:03:45]interface GigabitEthernet 1/0/21
100345.266: [10:03:45] switchport access vlan 300
100345.332: [10:03:45]!         
100345.342: [10:03:45]interface GigabitEthernet 1/0/22
100345.342: [10:03:45] switchport access vlan 300
100345.342: [10:03:45]!
100345.342: [10:03:45]interface GigabitEthernet 1/0/23
100345.342: [10:03:45] switchport access vlan 300
100345.342: [10:03:45]!
100345.342: [10:03:45]interface GigabitEthernet 1/0/24
100345.342: [10:03:45] switchport access vlan 300
100345.343: [10:03:45]!
100345.343: [10:03:45]interface GigabitEthernet 1/0/25
100345.343: [10:03:45] switchport access vlan 100
100345.343: [10:03:45]!
100345.343: [10:03:45]interface GigabitEthernet 1/0/26
100345.343: [10:03:45] switchport access vlan 300
100345.343: [10:03:45]!
100345.343: [10:03:45]interface GigabitEthernet 1/0/27
100345.343: [10:03:45] switchport access vlan 300
100345.343: [10:03:45]!
100345.343: [10:03:45]interface GigabitEthernet 1/0/28
100345.343: [10:03:45] switchport access vlan 300
100345.343: [10:03:45]!
100345.343: [10:03:45]interface GigabitEthernet 1/0/29
100345.343: [10:03:45] port-group 20 mode active
100345.409: [10:03:45]!         
100345.421: [10:03:45]interface GigabitEthernet 1/0/30
100345.421: [10:03:45] port-group 21 mode active
100345.421: [10:03:45]!
100345.421: [10:03:45]interface GigabitEthernet 1/0/31
100345.421: [10:03:45] port-group 22 mode active
100345.421: [10:03:45]!
100345.421: [10:03:45]interface GigabitEthernet 1/0/32
100345.422: [10:03:45] port-group 23 mode active
100345.422: [10:03:45]!
100345.422: [10:03:45]interface GigabitEthernet 1/0/33
100345.422: [10:03:45] port-group 24 mode active
100345.422: [10:03:45]!
100345.422: [10:03:45]interface GigabitEthernet 1/0/34
100345.422: [10:03:45] port-group 25 mode active
100345.422: [10:03:45]!
100345.422: [10:03:45]interface GigabitEthernet 1/0/35
100345.422: [10:03:45] switchport access vlan 101
100345.422: [10:03:45]!
100345.422: [10:03:45]interface GigabitEthernet 1/0/36
100345.422: [10:03:45] switchport access vlan 101
100345.422: [10:03:45]!
100345.422: [10:03:45]interface GigabitEthernet 1/0/37
100345.422: [10:03:45]!
100345.494: [10:03:45]interface GigabitEthernet 1/0/38
100345.506: [10:03:45]!
100345.506: [10:03:45]interface GigabitEthernet 1/0/39
100345.507: [10:03:45]!
100345.507: [10:03:45]interface GigabitEthernet 1/0/40
100345.507: [10:03:45]!
100345.507: [10:03:45]interface GigabitEthernet 1/0/41
100345.507: [10:03:45]!
100345.507: [10:03:45]interface GigabitEthernet 1/0/42
100345.507: [10:03:45]!
100345.507: [10:03:45]interface GigabitEthernet 1/0/43
100345.507: [10:03:45]!
100345.507: [10:03:45]interface GigabitEthernet 1/0/44
100345.507: [10:03:45] switchport access vlan 100
100345.507: [10:03:45]!
100345.507: [10:03:45]interface GigabitEthernet 1/0/45
100345.507: [10:03:45] switchport access vlan 300
100345.507: [10:03:45]!
100345.508: [10:03:45]interface GigabitEthernet 1/0/46
100345.508: [10:03:45] switchport access vlan 100
100345.508: [10:03:45]!
100345.508: [10:03:45]interface GigabitEthernet 1/0/47
100345.508: [10:03:45] switchport access vlan 100
100345.508: [10:03:45]!
100345.584: [10:03:45]interface GigabitEthernet 1/0/48
100345.597: [10:03:45] switchport access vlan 100
100345.597: [10:03:45]!
100345.597: [10:03:45]interface GigabitEthernet 2/0/1
100345.597: [10:03:45] switchport access vlan 101
100345.597: [10:03:45]!
100345.597: [10:03:45]interface GigabitEthernet 2/0/2
100345.597: [10:03:45] switchport access vlan 101
100345.597: [10:03:45]!
100345.597: [10:03:45]interface GigabitEthernet 2/0/3
100345.597: [10:03:45] switchport access vlan 101
100345.597: [10:03:45]!
100345.597: [10:03:45]interface GigabitEthernet 2/0/4
100345.597: [10:03:45] switchport access vlan 101
100345.597: [10:03:45]!
100345.597: [10:03:45]interface GigabitEthernet 2/0/5
100345.597: [10:03:45] switchport access vlan 101
100345.597: [10:03:45]!
100345.598: [10:03:45]interface GigabitEthernet 2/0/6
100345.598: [10:03:45] switchport access vlan 101
100345.598: [10:03:45]!
100345.598: [10:03:45]interface GigabitEthernet 2/0/7
100345.598: [10:03:45] port-group 1 mode active
100345.598: [10:03:45]!
100345.665: [10:03:45]interface GigabitEthernet 2/0/8
100345.681: [10:03:45] port-group 2 mode active
100345.682: [10:03:45]!
100345.682: [10:03:45]interface GigabitEthernet 2/0/9
100345.682: [10:03:45] port-group 3 mode active
100345.682: [10:03:45]!
100345.682: [10:03:45]interface GigabitEthernet 2/0/10
100345.682: [10:03:45] port-group 4 mode active
100345.682: [10:03:45]!
100345.682: [10:03:45]interface GigabitEthernet 2/0/11
100345.698: [10:03:45] port-group 5 mode active
100345.699: [10:03:45]!
100345.699: [10:03:45]interface GigabitEthernet 2/0/12
100345.699: [10:03:45] port-group 6 mode active
100345.699: [10:03:45]!
100345.699: [10:03:45]interface GigabitEthernet 2/0/13
100345.699: [10:03:45] port-group 7 mode active
100345.699: [10:03:45]!
100345.699: [10:03:45]interface GigabitEthernet 2/0/14
100345.699: [10:03:45] port-group 8 mode active
100345.699: [10:03:45]!
100345.699: [10:03:45]interface GigabitEthernet 2/0/15
100345.699: [10:03:45] port-group 9 mode active
100345.699: [10:03:45]!
100345.759: [10:03:45]interface GigabitEthernet 2/0/16
100345.772: [10:03:45] port-group 10 mode active
100345.772: [10:03:45]!
100345.773: [10:03:45]interface GigabitEthernet 2/0/17
100345.773: [10:03:45] switchport access vlan 300
100345.773: [10:03:45]!
100345.773: [10:03:45]interface GigabitEthernet 2/0/18
100345.773: [10:03:45] switchport access vlan 300
100345.773: [10:03:45]!
100345.773: [10:03:45]interface GigabitEthernet 2/0/19
100345.773: [10:03:45] switchport access vlan 300
100345.773: [10:03:45]!
100345.773: [10:03:45]interface GigabitEthernet 2/0/20
100345.773: [10:03:45] switchport access vlan 300
100345.773: [10:03:45]!
100345.773: [10:03:45]interface GigabitEthernet 2/0/21
100345.773: [10:03:45] switchport access vlan 300
100345.773: [10:03:45]!
100345.773: [10:03:45]interface GigabitEthernet 2/0/22
100345.773: [10:03:45] switchport access vlan 300
100345.773: [10:03:45]!
100345.774: [10:03:45]interface GigabitEthernet 2/0/23
100345.774: [10:03:45] switchport access vlan 300
100345.774: [10:03:45]!
100345.836: [10:03:45]interface GigabitEthernet 2/0/24
100345.852: [10:03:45] switchport access vlan 300
100345.852: [10:03:45]!
100345.852: [10:03:45]interface GigabitEthernet 2/0/25
100345.852: [10:03:45] switchport access vlan 100
100345.852: [10:03:45]!
100345.852: [10:03:45]interface GigabitEthernet 2/0/26
100345.852: [10:03:45] switchport access vlan 300
100345.852: [10:03:45]!
100345.852: [10:03:45]interface GigabitEthernet 2/0/27
100345.852: [10:03:45] switchport access vlan 300
100345.852: [10:03:45]!
100345.852: [10:03:45]interface GigabitEthernet 2/0/28
100345.852: [10:03:45] switchport access vlan 300
100345.852: [10:03:45]!
100345.852: [10:03:45]interface GigabitEthernet 2/0/29
100345.853: [10:03:45] port-group 20 mode active
100345.853: [10:03:45]!
100345.853: [10:03:45]interface GigabitEthernet 2/0/30
100345.853: [10:03:45] port-group 21 mode active
100345.853: [10:03:45]!
100345.853: [10:03:45]interface GigabitEthernet 2/0/31
100345.853: [10:03:45] port-group 22 mode active
100345.853: [10:03:45]!
100345.923: [10:03:45]interface GigabitEthernet 2/0/32
100345.935: [10:03:45] port-group 23 mode active
100345.936: [10:03:45]!
100345.936: [10:03:45]interface GigabitEthernet 2/0/33
100345.936: [10:03:45] port-group 24 mode active
100345.936: [10:03:45]!
100345.936: [10:03:45]interface GigabitEthernet 2/0/34
100345.936: [10:03:45] port-group 25 mode active
100345.936: [10:03:45]!
100345.936: [10:03:45]interface GigabitEthernet 2/0/35
100345.936: [10:03:45] switchport mode trunk
100345.936: [10:03:45] switchport trunk allowed vlan only 2-99,101-299,301-4094
100345.936: [10:03:45]!
100345.936: [10:03:45]interface GigabitEthernet 2/0/36
100345.936: [10:03:45]!
100345.936: [10:03:45]interface GigabitEthernet 2/0/37
100345.936: [10:03:45] switchport access vlan 101
100345.936: [10:03:45]!
100345.937: [10:03:45]interface GigabitEthernet 2/0/38
100345.937: [10:03:45] switchport access vlan 101
100345.937: [10:03:45]!
100345.937: [10:03:45]interface GigabitEthernet 2/0/39
100345.937: [10:03:45] switchport access vlan 101
100345.937: [10:03:45]!
100345.998: [10:03:45]interface GigabitEthernet 2/0/40
100346.016: [10:03:46] switchport access vlan 101
100346.016: [10:03:46]!
100346.016: [10:03:46]interface GigabitEthernet 2/0/41
100346.016: [10:03:46] switchport access vlan 101
100346.016: [10:03:46]!
100346.016: [10:03:46]interface GigabitEthernet 2/0/42
100346.016: [10:03:46]!
100346.016: [10:03:46]interface GigabitEthernet 2/0/43
100346.016: [10:03:46]!
100346.016: [10:03:46]interface GigabitEthernet 2/0/44
100346.016: [10:03:46]!
100346.017: [10:03:46]interface GigabitEthernet 2/0/45
100346.017: [10:03:46]!
100346.017: [10:03:46]interface GigabitEthernet 2/0/46
100346.017: [10:03:46]!
100346.017: [10:03:46]interface GigabitEthernet 2/0/47
100346.017: [10:03:46] switchport access vlan 101
100346.017: [10:03:46]!
100346.017: [10:03:46]interface GigabitEthernet 2/0/48
100346.017: [10:03:46] no switchport
100346.017: [10:03:46] ip address 192.168.8.88 255.255.252.0
100346.017: [10:03:46]!
100346.017: [10:03:46]interface TenGigabitEthernet 1/0/49
100346.086: [10:03:46]!         
100346.097: [10:03:46]interface TenGigabitEthernet 1/0/50
100346.097: [10:03:46]!
100346.098: [10:03:46]interface TenGigabitEthernet 1/0/51
100346.106: [10:03:46] switchport access vlan 101
100346.106: [10:03:46]!
100346.106: [10:03:46]interface TenGigabitEthernet 1/0/52
100346.106: [10:03:46] switchport access vlan 101
100346.106: [10:03:46]!
100346.106: [10:03:46]interface TenGigabitEthernet 2/0/49
100346.106: [10:03:46]!
100346.106: [10:03:46]interface TenGigabitEthernet 2/0/50
100346.106: [10:03:46]!
100346.107: [10:03:46]interface TenGigabitEthernet 2/0/51
100346.107: [10:03:46] description this
100346.107: [10:03:46] switchport access vlan 101
100346.107: [10:03:46]!
100346.107: [10:03:46]interface TenGigabitEthernet 2/0/52
100346.107: [10:03:46] switchport access vlan 101
100346.107: [10:03:46]!
100346.107: [10:03:46]interface AggregatePort 1
100346.107: [10:03:46] switchport mode trunk
100346.107: [10:03:46] switchport trunk allowed vlan only 2-99,101-299,301-4094
100346.107: [10:03:46]!
100346.168: [10:03:46]interface AggregatePort 2
100346.178: [10:03:46] switchport mode trunk
100346.178: [10:03:46] switchport trunk allowed vlan only 2-99,101-299,301-4094
100346.178: [10:03:46]!
100346.178: [10:03:46]interface AggregatePort 3
100346.178: [10:03:46] switchport mode trunk
100346.179: [10:03:46] switchport trunk allowed vlan only 2-99,101-299,301-4094
100346.179: [10:03:46]!
100346.179: [10:03:46]interface AggregatePort 4
100346.179: [10:03:46] switchport mode trunk
100346.179: [10:03:46] switchport trunk allowed vlan only 2-99,101-299,301-4094
100346.179: [10:03:46]!
100346.179: [10:03:46]interface AggregatePort 5
100346.179: [10:03:46] switchport mode trunk
100346.179: [10:03:46] switchport trunk allowed vlan only 2-99,101-299,301-4094
100346.179: [10:03:46]!
100346.179: [10:03:46]interface AggregatePort 6
100346.179: [10:03:46] switchport mode trunk
100346.179: [10:03:46] switchport trunk allowed vlan only 2-99,101-299,301-4094
100346.179: [10:03:46]!
100346.179: [10:03:46]interface AggregatePort 7
100346.179: [10:03:46] switchport mode trunk
100346.180: [10:03:46] switchport trunk allowed vlan only 2-99,101-299,301-4094
100346.180: [10:03:46]!
100346.256: [10:03:46]interface AggregatePort 8
100346.269: [10:03:46] switchport mode trunk
100346.269: [10:03:46] switchport trunk allowed vlan only 2-99,101-299,301-4094
100346.269: [10:03:46]!
100346.269: [10:03:46]interface AggregatePort 9
100346.269: [10:03:46] switchport mode trunk
100346.269: [10:03:46] switchport trunk allowed vlan only 2-99,101-299,301-4094
100346.269: [10:03:46]!
100346.269: [10:03:46]interface AggregatePort 10
100346.269: [10:03:46] switchport mode trunk
100346.269: [10:03:46] switchport trunk allowed vlan only 2-99,101-299,301-4094
100346.269: [10:03:46]!
100346.269: [10:03:46]interface AggregatePort 20
100346.269: [10:03:46] switchport access vlan 101
100346.269: [10:03:46]!
100346.269: [10:03:46]interface AggregatePort 21
100346.269: [10:03:46] switchport access vlan 101
100346.270: [10:03:46]!
100346.270: [10:03:46]interface AggregatePort 22
100346.270: [10:03:46] switchport access vlan 101
100346.270: [10:03:46]!
100346.270: [10:03:46]interface AggregatePort 23
100346.270: [10:03:46] switchport access vlan 101
100346.270: [10:03:46]!
100346.335: [10:03:46]interface AggregatePort 24
100346.355: [10:03:46] switchport access vlan 101
100346.355: [10:03:46]!
100346.355: [10:03:46]interface AggregatePort 25
100346.355: [10:03:46] switchport access vlan 101
100346.355: [10:03:46]!
100346.355: [10:03:46]interface VLAN 1
100346.355: [10:03:46] description this
100346.355: [10:03:46]!
100346.355: [10:03:46]interface VLAN 100
100346.355: [10:03:46] ip address 172.16.100.1 255.255.255.0
100346.355: [10:03:46]!
100346.355: [10:03:46]interface VLAN 101
100346.355: [10:03:46] ip address 172.16.101.1 255.255.255.0
100346.356: [10:03:46]!
100346.356: [10:03:46]interface VLAN 208
100346.356: [10:03:46] ip address 172.16.208.1 255.255.240.0
100346.356: [10:03:46]!
100346.356: [10:03:46]interface VLAN 300
100346.356: [10:03:46] ip address 172.16.1.1 255.255.255.0
100346.356: [10:03:46]!
100346.356: [10:03:46]interface Mgmt 1/0
100346.356: [10:03:46] ip address mix dhcp
100346.356: [10:03:46] ip address mix 192.168.1.200 255.255.255.0
100346.411: [10:03:46]!         
100346.422: [10:03:46]interface Mgmt 2/0
100346.422: [10:03:46]!
100346.422: [10:03:46]switch virtual domain 1
100346.422: [10:03:46]!
100346.422: [10:03:46]ip route 0.0.0.0 0.0.0.0 192.168.8.1
100346.422: [10:03:46]ip route 10.253.0.0 255.255.255.0 172.16.208.2
100346.422: [10:03:46]ip route 172.18.0.0 255.255.254.0 VLAN 208 172.16.208.5
100346.422: [10:03:46]ip route 192.168.31.101 255.255.255.255 172.16.208.2
100346.422: [10:03:46]!
100346.423: [10:03:46]snmp-server logging set-operation
100346.423: [10:03:46]no snmp-server enable version v1
100346.423: [10:03:46]no snmp-server enable version v2c
100346.423: [10:03:46]snmp-server enable version v3
100346.423: [10:03:46]snmp-server enable secret-dictionary-check
100346.423: [10:03:46]!
100346.423: [10:03:46]line console 0
100346.423: [10:03:46]line vty 0 4
100346.423: [10:03:46] login
100346.423: [10:03:46] password 7 $10$27d$tegApjThNJbS$
100346.423: [10:03:46]!
100346.423: [10:03:46]end
101352.496: [10:13:52][202603100-192.168.8.88-负一楼-接入交换机-10:13:52]
101352.806: [10:13:52]
101352.806: [10:13:52]User Access Verification
101352.806: [10:13:52]
101352.834: [10:13:52]Password:
101352.856: [10:13:52]Password:
101352.873: [10:13:52]
101352.907: [10:13:52]Last login: Mar 26 2026 10:32:52 from 192.168.6.173 through telnet.
102357.984: [10:23:57][202603100-192.168.8.88-负一楼-接入交换机-10:23:57]
102358.407: [10:23:58]
102358.408: [10:23:58]User Access Verification
102358.431: [10:23:58]
102358.447: [10:23:58]Password:
102358.475: [10:23:58]Password:
102358.581: [10:23:58]
102358.615: [10:23:58]Last login: Mar 26 2026 10:46:30 from 192.168.6.173 through telnet.
103404.496: [10:34:04][202603100-192.168.8.88-负一楼-接入交换机-10:34:04]
103404.800: [10:34:04]
103404.801: [10:34:04]User Access Verification
103404.801: [10:34:04]
103404.834: [10:34:04]Password:
103404.834: [10:34:04]Password:
103404.846: [10:34:04]
103404.886: [10:34:04]Last login: Mar 26 2026 10:56:36 from 192.168.6.173 through telnet.
104409.972: [10:44:09][202603100-192.168.8.88-负一楼-接入交换机-10:44:09]
104411.318: [10:44:11]
104411.325: [10:44:11]User Access Verification
104411.325: [10:44:11]
104411.335: [10:44:11]Password:
104411.355: [10:44:11]Password:
104411.388: [10:44:11]
104411.424: [10:44:11]Last login: Mar 26 2026 11:06:42 from 192.168.6.173 through telnet.
105416.497: [10:54:16][202603100-192.168.8.88-负一楼-接入交换机-10:54:16]
105416.806: [10:54:16]
105416.823: [10:54:16]User Access Verification
105416.823: [10:54:16]
105416.841: [10:54:16]Password:
105416.873: [10:54:16]Password:
105416.919: [10:54:16]
105416.968: [10:54:16]Last login: Mar 26 2026 11:16:48 from 192.168.6.173 through telnet.
