000418.750: [00:04:18][202603101-172.16.101.46-00:04:18]
000418.770: [00:04:18]Welcome to Ubuntu 24.04.4 LTS (GNU/Linux 6.11.0-17-generic x86_64)
000418.770: [00:04:18]
000418.770: [00:04:18] * Documentation:  https://help.ubuntu.com
000418.770: [00:04:18] * Management:     https://landscape.canonical.com
000418.770: [00:04:18] * Support:        https://ubuntu.com/pro
000418.770: [00:04:18]
000418.771: [00:04:18]扩展安全维护（ESM）Applications 未启用。
000418.771: [00:04:18]
000418.771: [00:04:18]0 更新可以立即应用。
000418.771: [00:04:18]
000418.771: [00:04:18]启用 ESM Apps 来获取未来的额外安全更新
000418.771: [00:04:18]请参见 https://ubuntu.com/esm 或者运行: sudo pro status
000418.771: [00:04:18]
000418.772: [00:04:18]Last login: Tue Mar 24 23:59:20 2026 from 192.168.6.173
000931.217: [00:09:31][202603101-172.16.101.46-00:09:31]
000931.236: [00:09:31]Welcome to Ubuntu 24.04.4 LTS (GNU/Linux 6.11.0-17-generic x86_64)
000931.236: [00:09:31]
000931.236: [00:09:31] * Documentation:  https://help.ubuntu.com
000931.236: [00:09:31] * Management:     https://landscape.canonical.com
000931.236: [00:09:31] * Support:        https://ubuntu.com/pro
000931.236: [00:09:31]
000931.237: [00:09:31]扩展安全维护（ESM）Applications 未启用。
000931.237: [00:09:31]
000931.237: [00:09:31]0 更新可以立即应用。
000931.237: [00:09:31]
000931.237: [00:09:31]启用 ESM Apps 来获取未来的额外安全更新
000931.237: [00:09:31]请参见 https://ubuntu.com/esm 或者运行: sudo pro status
000931.237: [00:09:31]
000931.238: [00:09:31]Last login: Wed Mar 25 00:04:18 2026 from 192.168.6.173
001446.712: [00:14:46][202603101-172.16.101.46-00:14:46]
001446.724: [00:14:46]Welcome to Ubuntu 24.04.4 LTS (GNU/Linux 6.11.0-17-generic x86_64)
001446.724: [00:14:46]
001446.724: [00:14:46] * Documentation:  https://help.ubuntu.com
001446.724: [00:14:46] * Management:     https://landscape.canonical.com
001446.724: [00:14:46] * Support:        https://ubuntu.com/pro
001446.724: [00:14:46]
001446.725: [00:14:46]扩展安全维护（ESM）Applications 未启用。
001446.725: [00:14:46]
001446.725: [00:14:46]0 更新可以立即应用。
001446.725: [00:14:46]
001446.725: [00:14:46]启用 ESM Apps 来获取未来的额外安全更新
001446.725: [00:14:46]请参见 https://ubuntu.com/esm 或者运行: sudo pro status
001446.725: [00:14:46]
001446.726: [00:14:46]Last login: Wed Mar 25 00:09:31 2026 from 192.168.6.173
001956.756: [00:19:56][202603101-172.16.101.46-00:19:56]
001956.771: [00:19:56]Welcome to Ubuntu 24.04.4 LTS (GNU/Linux 6.11.0-17-generic x86_64)
001956.771: [00:19:56]
001956.771: [00:19:56] * Documentation:  https://help.ubuntu.com
001956.771: [00:19:56] * Management:     https://landscape.canonical.com
001956.771: [00:19:56] * Support:        https://ubuntu.com/pro
001956.772: [00:19:56]
001956.772: [00:19:56]扩展安全维护（ESM）Applications 未启用。
001956.772: [00:19:56]
001956.772: [00:19:56]0 更新可以立即应用。
001956.772: [00:19:56]
001956.772: [00:19:56]启用 ESM Apps 来获取未来的额外安全更新
001956.772: [00:19:56]请参见 https://ubuntu.com/esm 或者运行: sudo pro status
001956.773: [00:19:56]
001956.773: [00:19:56]Last login: Wed Mar 25 00:14:46 2026 from 192.168.6.173
002459.767: [00:24:59][202603101-172.16.101.46-00:24:59]
002459.777: [00:24:59]Welcome to Ubuntu 24.04.4 LTS (GNU/Linux 6.11.0-17-generic x86_64)
002459.777: [00:24:59]
002459.778: [00:24:59] * Documentation:  https://help.ubuntu.com
002459.778: [00:24:59] * Management:     https://landscape.canonical.com
002459.778: [00:24:59] * Support:        https://ubuntu.com/pro
002459.778: [00:24:59]
002459.778: [00:24:59]扩展安全维护（ESM）Applications 未启用。
002459.778: [00:24:59]
002459.779: [00:24:59]0 更新可以立即应用。
002459.779: [00:24:59]
002459.779: [00:24:59]启用 ESM Apps 来获取未来的额外安全更新
002459.779: [00:24:59]请参见 https://ubuntu.com/esm 或者运行: sudo pro status
002459.779: [00:24:59]
002459.779: [00:24:59]Last login: Wed Mar 25 00:19:56 2026 from 192.168.6.173
003011.742: [00:30:11][202603101-172.16.101.46-00:30:11]
003011.755: [00:30:11]Welcome to Ubuntu 24.04.4 LTS (GNU/Linux 6.11.0-17-generic x86_64)
003011.755: [00:30:11]
003011.755: [00:30:11] * Documentation:  https://help.ubuntu.com
003011.756: [00:30:11] * Management:     https://landscape.canonical.com
003011.756: [00:30:11] * Support:        https://ubuntu.com/pro
003011.756: [00:30:11]
003011.756: [00:30:11]扩展安全维护（ESM）Applications 未启用。
003011.756: [00:30:11]
003011.756: [00:30:11]0 更新可以立即应用。
003011.756: [00:30:11]
003011.757: [00:30:11]启用 ESM Apps 来获取未来的额外安全更新
003011.757: [00:30:11]请参见 https://ubuntu.com/esm 或者运行: sudo pro status
003011.757: [00:30:11]
003011.757: [00:30:11]Last login: Wed Mar 25 00:24:59 2026 from 192.168.6.173
003524.747: [00:35:24][202603101-172.16.101.46-00:35:24]
003524.761: [00:35:24]Welcome to Ubuntu 24.04.4 LTS (GNU/Linux 6.11.0-17-generic x86_64)
003524.761: [00:35:24]
003524.761: [00:35:24] * Documentation:  https://help.ubuntu.com
003524.761: [00:35:24] * Management:     https://landscape.canonical.com
003524.761: [00:35:24] * Support:        https://ubuntu.com/pro
003524.761: [00:35:24]
003524.761: [00:35:24]扩展安全维护（ESM）Applications 未启用。
003524.762: [00:35:24]
003524.762: [00:35:24]0 更新可以立即应用。
003524.762: [00:35:24]
003524.762: [00:35:24]启用 ESM Apps 来获取未来的额外安全更新
003524.762: [00:35:24]请参见 https://ubuntu.com/esm 或者运行: sudo pro status
003524.762: [00:35:24]
003524.763: [00:35:24]Last login: Wed Mar 25 00:30:11 2026 from 192.168.6.173
004034.749: [00:40:34][202603101-172.16.101.46-00:40:34]
004034.760: [00:40:34]Welcome to Ubuntu 24.04.4 LTS (GNU/Linux 6.11.0-17-generic x86_64)
004034.760: [00:40:34]
004034.760: [00:40:34] * Documentation:  https://help.ubuntu.com
004034.761: [00:40:34] * Management:     https://landscape.canonical.com
004034.761: [00:40:34] * Support:        https://ubuntu.com/pro
004034.761: [00:40:34]
004034.761: [00:40:34]扩展安全维护（ESM）Applications 未启用。
004034.761: [00:40:34]
004034.761: [00:40:34]0 更新可以立即应用。
004034.761: [00:40:34]
004034.761: [00:40:34]启用 ESM Apps 来获取未来的额外安全更新
004034.762: [00:40:34]请参见 https://ubuntu.com/esm 或者运行: sudo pro status
004034.762: [00:40:34]
004034.762: [00:40:34]Last login: Wed Mar 25 00:35:24 2026 from 192.168.6.173
004550.245: [00:45:50][202603101-172.16.101.46-00:45:50]
004550.264: [00:45:50]Welcome to Ubuntu 24.04.4 LTS (GNU/Linux 6.11.0-17-generic x86_64)
004550.264: [00:45:50]
004550.264: [00:45:50] * Documentation:  https://help.ubuntu.com
004550.265: [00:45:50] * Management:     https://landscape.canonical.com
004550.265: [00:45:50] * Support:        https://ubuntu.com/pro
004550.265: [00:45:50]
004550.265: [00:45:50]扩展安全维护（ESM）Applications 未启用。
004550.265: [00:45:50]
004550.266: [00:45:50]0 更新可以立即应用。
004550.266: [00:45:50]
004550.266: [00:45:50]启用 ESM Apps 来获取未来的额外安全更新
004550.266: [00:45:50]请参见 https://ubuntu.com/esm 或者运行: sudo pro status
004550.266: [00:45:50]
004550.266: [00:45:50]Last login: Wed Mar 25 00:40:34 2026 from 192.168.6.173
005054.715: [00:50:54][202603101-172.16.101.46-00:50:54]
005054.724: [00:50:54]Welcome to Ubuntu 24.04.4 LTS (GNU/Linux 6.11.0-17-generic x86_64)
005054.724: [00:50:54]
005054.724: [00:50:54] * Documentation:  https://help.ubuntu.com
005054.724: [00:50:54] * Management:     https://landscape.canonical.com
005054.724: [00:50:54] * Support:        https://ubuntu.com/pro
005054.725: [00:50:54]
005054.725: [00:50:54]扩展安全维护（ESM）Applications 未启用。
005054.725: [00:50:54]
005054.725: [00:50:54]0 更新可以立即应用。
005054.725: [00:50:54]
005054.725: [00:50:54]启用 ESM Apps 来获取未来的额外安全更新
005054.725: [00:50:54]请参见 https://ubuntu.com/esm 或者运行: sudo pro status
005054.726: [00:50:54]
005054.726: [00:50:54]Last login: Wed Mar 25 00:45:50 2026 from 192.168.6.173
005605.698: [00:56:05][202603101-172.16.101.46-00:56:05]
005605.708: [00:56:05]Welcome to Ubuntu 24.04.4 LTS (GNU/Linux 6.11.0-17-generic x86_64)
005605.708: [00:56:05]
005605.708: [00:56:05] * Documentation:  https://help.ubuntu.com
005605.708: [00:56:05] * Management:     https://landscape.canonical.com
005605.709: [00:56:05] * Support:        https://ubuntu.com/pro
005605.709: [00:56:05]
005605.709: [00:56:05]扩展安全维护（ESM）Applications 未启用。
005605.709: [00:56:05]
005605.709: [00:56:05]0 更新可以立即应用。
005605.709: [00:56:05]
005605.709: [00:56:05]启用 ESM Apps 来获取未来的额外安全更新
005605.709: [00:56:05]请参见 https://ubuntu.com/esm 或者运行: sudo pro status
005605.710: [00:56:05]
005605.710: [00:56:05]Last login: Wed Mar 25 00:50:54 2026 from 192.168.6.173
010116.251: [01:01:16][202603101-172.16.101.46-01:01:16]
010116.265: [01:01:16]Welcome to Ubuntu 24.04.4 LTS (GNU/Linux 6.11.0-17-generic x86_64)
010116.265: [01:01:16]
010116.266: [01:01:16] * Documentation:  https://help.ubuntu.com
010116.266: [01:01:16] * Management:     https://landscape.canonical.com
010116.266: [01:01:16] * Support:        https://ubuntu.com/pro
010116.266: [01:01:16]
010116.266: [01:01:16]扩展安全维护（ESM）Applications 未启用。
010116.266: [01:01:16]
010116.266: [01:01:16]0 更新可以立即应用。
010116.267: [01:01:16]
010116.267: [01:01:16]启用 ESM Apps 来获取未来的额外安全更新
010116.267: [01:01:16]请参见 https://ubuntu.com/esm 或者运行: sudo pro status
010116.267: [01:01:16]
010116.267: [01:01:16]Last login: Wed Mar 25 00:56:05 2026 from 192.168.6.173
010625.714: [01:06:25][202603101-172.16.101.46-01:06:25]
010625.723: [01:06:25]Welcome to Ubuntu 24.04.4 LTS (GNU/Linux 6.11.0-17-generic x86_64)
010625.724: [01:06:25]
010625.724: [01:06:25] * Documentation:  https://help.ubuntu.com
010625.724: [01:06:25] * Management:     https://landscape.canonical.com
010625.724: [01:06:25] * Support:        https://ubuntu.com/pro
010625.724: [01:06:25]
010625.724: [01:06:25]扩展安全维护（ESM）Applications 未启用。
010625.724: [01:06:25]
010625.724: [01:06:25]0 更新可以立即应用。
010625.724: [01:06:25]
010625.724: [01:06:25]启用 ESM Apps 来获取未来的额外安全更新
010625.724: [01:06:25]请参见 https://ubuntu.com/esm 或者运行: sudo pro status
010625.724: [01:06:25]
010625.724: [01:06:25]Last login: Wed Mar 25 01:01:16 2026 from 192.168.6.173
011136.216: [01:11:36][202603101-172.16.101.46-01:11:36]
011136.225: [01:11:36]Welcome to Ubuntu 24.04.4 LTS (GNU/Linux 6.11.0-17-generic x86_64)
011136.225: [01:11:36]
011136.225: [01:11:36] * Documentation:  https://help.ubuntu.com
011136.226: [01:11:36] * Management:     https://landscape.canonical.com
011136.226: [01:11:36] * Support:        https://ubuntu.com/pro
011136.226: [01:11:36]
011136.226: [01:11:36]扩展安全维护（ESM）Applications 未启用。
011136.226: [01:11:36]
011136.226: [01:11:36]0 更新可以立即应用。
011136.226: [01:11:36]
011136.227: [01:11:36]启用 ESM Apps 来获取未来的额外安全更新
011136.227: [01:11:36]请参见 https://ubuntu.com/esm 或者运行: sudo pro status
011136.227: [01:11:36]
011136.227: [01:11:36]Last login: Wed Mar 25 01:06:25 2026 from 192.168.6.173
011648.719: [01:16:48][202603101-172.16.101.46-01:16:48]
011648.728: [01:16:48]Welcome to Ubuntu 24.04.4 LTS (GNU/Linux 6.11.0-17-generic x86_64)
011648.728: [01:16:48]
011648.728: [01:16:48] * Documentation:  https://help.ubuntu.com
011648.728: [01:16:48] * Management:     https://landscape.canonical.com
011648.728: [01:16:48] * Support:        https://ubuntu.com/pro
011648.728: [01:16:48]
011648.728: [01:16:48]扩展安全维护（ESM）Applications 未启用。
011648.728: [01:16:48]
011648.728: [01:16:48]0 更新可以立即应用。
011648.728: [01:16:48]
011648.729: [01:16:48]启用 ESM Apps 来获取未来的额外安全更新
011648.729: [01:16:48]请参见 https://ubuntu.com/esm 或者运行: sudo pro status
011648.729: [01:16:48]
011648.729: [01:16:48]Last login: Wed Mar 25 01:11:36 2026 from 192.168.6.173
012201.724: [01:22:01][202603101-172.16.101.46-01:22:01]
012201.738: [01:22:01]Welcome to Ubuntu 24.04.4 LTS (GNU/Linux 6.11.0-17-generic x86_64)
012201.738: [01:22:01]
012201.738: [01:22:01] * Documentation:  https://help.ubuntu.com
012201.738: [01:22:01] * Management:     https://landscape.canonical.com
012201.739: [01:22:01] * Support:        https://ubuntu.com/pro
012201.739: [01:22:01]
012201.739: [01:22:01]扩展安全维护（ESM）Applications 未启用。
012201.739: [01:22:01]
012201.739: [01:22:01]0 更新可以立即应用。
012201.739: [01:22:01]
012201.739: [01:22:01]启用 ESM Apps 来获取未来的额外安全更新
012201.740: [01:22:01]请参见 https://ubuntu.com/esm 或者运行: sudo pro status
012201.740: [01:22:01]
012201.740: [01:22:01]Last login: Wed Mar 25 01:16:48 2026 from 192.168.6.173
012716.744: [01:27:16][202603101-172.16.101.46-01:27:16]
012716.755: [01:27:16]Welcome to Ubuntu 24.04.4 LTS (GNU/Linux 6.11.0-17-generic x86_64)
012716.755: [01:27:16]
012716.755: [01:27:16] * Documentation:  https://help.ubuntu.com
012716.755: [01:27:16] * Management:     https://landscape.canonical.com
012716.755: [01:27:16] * Support:        https://ubuntu.com/pro
012716.755: [01:27:16]
012716.756: [01:27:16]扩展安全维护（ESM）Applications 未启用。
012716.756: [01:27:16]
012716.756: [01:27:16]0 更新可以立即应用。
012716.756: [01:27:16]
012716.756: [01:27:16]启用 ESM Apps 来获取未来的额外安全更新
012716.756: [01:27:16]请参见 https://ubuntu.com/esm 或者运行: sudo pro status
012716.756: [01:27:16]
012716.757: [01:27:16]Last login: Wed Mar 25 01:22:01 2026 from 192.168.6.173
013229.728: [01:32:29][202603101-172.16.101.46-01:32:29]
013229.737: [01:32:29]Welcome to Ubuntu 24.04.4 LTS (GNU/Linux 6.11.0-17-generic x86_64)
013229.737: [01:32:29]
013229.737: [01:32:29] * Documentation:  https://help.ubuntu.com
013229.737: [01:32:29] * Management:     https://landscape.canonical.com
013229.738: [01:32:29] * Support:        https://ubuntu.com/pro
013229.738: [01:32:29]
013229.738: [01:32:29]扩展安全维护（ESM）Applications 未启用。
013229.738: [01:32:29]
013229.738: [01:32:29]0 更新可以立即应用。
013229.738: [01:32:29]
013229.738: [01:32:29]启用 ESM Apps 来获取未来的额外安全更新
013229.739: [01:32:29]请参见 https://ubuntu.com/esm 或者运行: sudo pro status
013229.739: [01:32:29]
013229.739: [01:32:29]Last login: Wed Mar 25 01:27:16 2026 from 192.168.6.173
013729.194: [01:37:29][202603101-172.16.101.46-01:37:29]
013729.207: [01:37:29]Welcome to Ubuntu 24.04.4 LTS (GNU/Linux 6.11.0-17-generic x86_64)
013729.207: [01:37:29]
013729.208: [01:37:29] * Documentation:  https://help.ubuntu.com
013729.208: [01:37:29] * Management:     https://landscape.canonical.com
013729.208: [01:37:29] * Support:        https://ubuntu.com/pro
013729.208: [01:37:29]
013729.208: [01:37:29]扩展安全维护（ESM）Applications 未启用。
013729.208: [01:37:29]
013729.209: [01:37:29]0 更新可以立即应用。
013729.209: [01:37:29]
013729.209: [01:37:29]启用 ESM Apps 来获取未来的额外安全更新
013729.209: [01:37:29]请参见 https://ubuntu.com/esm 或者运行: sudo pro status
013729.209: [01:37:29]
013729.209: [01:37:29]Last login: Wed Mar 25 01:32:29 2026 from 192.168.6.173
014239.731: [01:42:39][202603101-172.16.101.46-01:42:39]
014239.742: [01:42:39]Welcome to Ubuntu 24.04.4 LTS (GNU/Linux 6.11.0-17-generic x86_64)
014239.742: [01:42:39]
014239.742: [01:42:39] * Documentation:  https://help.ubuntu.com
014239.742: [01:42:39] * Management:     https://landscape.canonical.com
014239.742: [01:42:39] * Support:        https://ubuntu.com/pro
014239.742: [01:42:39]
014239.743: [01:42:39]扩展安全维护（ESM）Applications 未启用。
014239.743: [01:42:39]
014239.743: [01:42:39]0 更新可以立即应用。
014239.743: [01:42:39]
014239.743: [01:42:39]启用 ESM Apps 来获取未来的额外安全更新
014239.743: [01:42:39]请参见 https://ubuntu.com/esm 或者运行: sudo pro status
014239.743: [01:42:39]
014239.744: [01:42:39]Last login: Wed Mar 25 01:37:29 2026 from 192.168.6.173
014821.210: [01:48:21][202603101-172.16.101.46-01:48:21]
014821.238: [01:48:21]Welcome to Ubuntu 24.04.4 LTS (GNU/Linux 6.11.0-17-generic x86_64)
014821.238: [01:48:21]
014821.238: [01:48:21] * Documentation:  https://help.ubuntu.com
014821.238: [01:48:21] * Management:     https://landscape.canonical.com
014821.239: [01:48:21] * Support:        https://ubuntu.com/pro
014821.239: [01:48:21]
014821.239: [01:48:21]扩展安全维护（ESM）Applications 未启用。
014821.239: [01:48:21]
014821.239: [01:48:21]0 更新可以立即应用。
014821.239: [01:48:21]
014821.239: [01:48:21]启用 ESM Apps 来获取未来的额外安全更新
014821.240: [01:48:21]请参见 https://ubuntu.com/esm 或者运行: sudo pro status
014821.240: [01:48:21]
014821.240: [01:48:21]Last login: Wed Mar 25 01:42:39 2026 from 192.168.6.173
015306.710: [01:53:06][202603101-172.16.101.46-01:53:06]
015306.721: [01:53:06]Welcome to Ubuntu 24.04.4 LTS (GNU/Linux 6.11.0-17-generic x86_64)
015306.721: [01:53:06]
015306.721: [01:53:06] * Documentation:  https://help.ubuntu.com
015306.721: [01:53:06] * Management:     https://landscape.canonical.com
015306.721: [01:53:06] * Support:        https://ubuntu.com/pro
015306.721: [01:53:06]
015306.722: [01:53:06]扩展安全维护（ESM）Applications 未启用。
015306.722: [01:53:06]
015306.722: [01:53:06]0 更新可以立即应用。
015306.722: [01:53:06]
015306.722: [01:53:06]启用 ESM Apps 来获取未来的额外安全更新
015306.722: [01:53:06]请参见 https://ubuntu.com/esm 或者运行: sudo pro status
015306.722: [01:53:06]
015306.723: [01:53:06]Last login: Wed Mar 25 01:48:21 2026 from 192.168.6.173
015815.211: [01:58:15][202603101-172.16.101.46-01:58:15]
015815.224: [01:58:15]Welcome to Ubuntu 24.04.4 LTS (GNU/Linux 6.11.0-17-generic x86_64)
015815.224: [01:58:15]
015815.225: [01:58:15] * Documentation:  https://help.ubuntu.com
015815.225: [01:58:15] * Management:     https://landscape.canonical.com
015815.225: [01:58:15] * Support:        https://ubuntu.com/pro
015815.225: [01:58:15]
015815.225: [01:58:15]扩展安全维护（ESM）Applications 未启用。
015815.225: [01:58:15]
015815.226: [01:58:15]0 更新可以立即应用。
015815.226: [01:58:15]
015815.226: [01:58:15]启用 ESM Apps 来获取未来的额外安全更新
015815.226: [01:58:15]请参见 https://ubuntu.com/esm 或者运行: sudo pro status
015815.226: [01:58:15]
015815.226: [01:58:15]Last login: Wed Mar 25 01:53:06 2026 from 192.168.6.173
020325.713: [02:03:25][202603101-172.16.101.46-02:03:25]
020325.722: [02:03:25]Welcome to Ubuntu 24.04.4 LTS (GNU/Linux 6.11.0-17-generic x86_64)
020325.722: [02:03:25]
020325.722: [02:03:25] * Documentation:  https://help.ubuntu.com
020325.723: [02:03:25] * Management:     https://landscape.canonical.com
020325.723: [02:03:25] * Support:        https://ubuntu.com/pro
020325.723: [02:03:25]
020325.723: [02:03:25]扩展安全维护（ESM）Applications 未启用。
020325.723: [02:03:25]
020325.723: [02:03:25]0 更新可以立即应用。
020325.723: [02:03:25]
020325.724: [02:03:25]启用 ESM Apps 来获取未来的额外安全更新
020325.724: [02:03:25]请参见 https://ubuntu.com/esm 或者运行: sudo pro status
020325.724: [02:03:25]
020325.724: [02:03:25]Last login: Wed Mar 25 01:58:15 2026 from 192.168.6.173
020839.211: [02:08:39][202603101-172.16.101.46-02:08:39]
020839.224: [02:08:39]Welcome to Ubuntu 24.04.4 LTS (GNU/Linux 6.11.0-17-generic x86_64)
020839.224: [02:08:39]
020839.224: [02:08:39] * Documentation:  https://help.ubuntu.com
020839.225: [02:08:39] * Management:     https://landscape.canonical.com
020839.225: [02:08:39] * Support:        https://ubuntu.com/pro
020839.225: [02:08:39]
020839.225: [02:08:39]扩展安全维护（ESM）Applications 未启用。
020839.225: [02:08:39]
020839.225: [02:08:39]0 更新可以立即应用。
020839.225: [02:08:39]
020839.225: [02:08:39]启用 ESM Apps 来获取未来的额外安全更新
020839.226: [02:08:39]请参见 https://ubuntu.com/esm 或者运行: sudo pro status
020839.226: [02:08:39]
020839.226: [02:08:39]Last login: Wed Mar 25 02:03:25 2026 from 192.168.6.173
021353.705: [02:13:53][202603101-172.16.101.46-02:13:53]
021353.716: [02:13:53]Welcome to Ubuntu 24.04.4 LTS (GNU/Linux 6.11.0-17-generic x86_64)
021353.716: [02:13:53]
021353.716: [02:13:53] * Documentation:  https://help.ubuntu.com
021353.716: [02:13:53] * Management:     https://landscape.canonical.com
021353.717: [02:13:53] * Support:        https://ubuntu.com/pro
021353.717: [02:13:53]
021353.717: [02:13:53]扩展安全维护（ESM）Applications 未启用。
021353.717: [02:13:53]
021353.717: [02:13:53]0 更新可以立即应用。
021353.717: [02:13:53]
021353.717: [02:13:53]启用 ESM Apps 来获取未来的额外安全更新
021353.718: [02:13:53]请参见 https://ubuntu.com/esm 或者运行: sudo pro status
021353.718: [02:13:53]
021353.718: [02:13:53]Last login: Wed Mar 25 02:08:39 2026 from 192.168.6.173
021906.223: [02:19:06][202603101-172.16.101.46-02:19:06]
021906.232: [02:19:06]Welcome to Ubuntu 24.04.4 LTS (GNU/Linux 6.11.0-17-generic x86_64)
021906.233: [02:19:06]
021906.233: [02:19:06] * Documentation:  https://help.ubuntu.com
021906.233: [02:19:06] * Management:     https://landscape.canonical.com
021906.233: [02:19:06] * Support:        https://ubuntu.com/pro
021906.233: [02:19:06]
021906.234: [02:19:06]扩展安全维护（ESM）Applications 未启用。
021906.234: [02:19:06]
021906.234: [02:19:06]0 更新可以立即应用。
021906.234: [02:19:06]
021906.234: [02:19:06]启用 ESM Apps 来获取未来的额外安全更新
021906.234: [02:19:06]请参见 https://ubuntu.com/esm 或者运行: sudo pro status
021906.234: [02:19:06]
021906.235: [02:19:06]Last login: Wed Mar 25 02:13:53 2026 from 192.168.6.173
022418.707: [02:24:18][202603101-172.16.101.46-02:24:18]
022418.716: [02:24:18]Welcome to Ubuntu 24.04.4 LTS (GNU/Linux 6.11.0-17-generic x86_64)
022418.716: [02:24:18]
022418.716: [02:24:18] * Documentation:  https://help.ubuntu.com
022418.716: [02:24:18] * Management:     https://landscape.canonical.com
022418.716: [02:24:18] * Support:        https://ubuntu.com/pro
022418.716: [02:24:18]
022418.716: [02:24:18]扩展安全维护（ESM）Applications 未启用。
022418.717: [02:24:18]
022418.717: [02:24:18]0 更新可以立即应用。
022418.717: [02:24:18]
022418.717: [02:24:18]启用 ESM Apps 来获取未来的额外安全更新
022418.717: [02:24:18]请参见 https://ubuntu.com/esm 或者运行: sudo pro status
022418.717: [02:24:18]
022418.717: [02:24:18]Last login: Wed Mar 25 02:19:06 2026 from 192.168.6.173
022930.730: [02:29:30][202603101-172.16.101.46-02:29:30]
022930.741: [02:29:30]Welcome to Ubuntu 24.04.4 LTS (GNU/Linux 6.11.0-17-generic x86_64)
022930.741: [02:29:30]
022930.741: [02:29:30] * Documentation:  https://help.ubuntu.com
022930.741: [02:29:30] * Management:     https://landscape.canonical.com
022930.742: [02:29:30] * Support:        https://ubuntu.com/pro
022930.742: [02:29:30]
022930.742: [02:29:30]扩展安全维护（ESM）Applications 未启用。
022930.742: [02:29:30]
022930.742: [02:29:30]0 更新可以立即应用。
022930.742: [02:29:30]
022930.742: [02:29:30]启用 ESM Apps 来获取未来的额外安全更新
022930.743: [02:29:30]请参见 https://ubuntu.com/esm 或者运行: sudo pro status
022930.743: [02:29:30]
022930.743: [02:29:30]Last login: Wed Mar 25 02:24:18 2026 from 192.168.6.173
023440.236: [02:34:40][202603101-172.16.101.46-02:34:40]
023440.248: [02:34:40]Welcome to Ubuntu 24.04.4 LTS (GNU/Linux 6.11.0-17-generic x86_64)
023440.248: [02:34:40]
023440.249: [02:34:40] * Documentation:  https://help.ubuntu.com
023440.249: [02:34:40] * Management:     https://landscape.canonical.com
023440.249: [02:34:40] * Support:        https://ubuntu.com/pro
023440.249: [02:34:40]
023440.249: [02:34:40]扩展安全维护（ESM）Applications 未启用。
023440.249: [02:34:40]
023440.249: [02:34:40]0 更新可以立即应用。
023440.249: [02:34:40]
023440.250: [02:34:40]启用 ESM Apps 来获取未来的额外安全更新
023440.250: [02:34:40]请参见 https://ubuntu.com/esm 或者运行: sudo pro status
023440.250: [02:34:40]
023440.250: [02:34:40]Last login: Wed Mar 25 02:29:30 2026 from 192.168.6.173
023951.722: [02:39:51][202603101-172.16.101.46-02:39:51]
023951.740: [02:39:51]Welcome to Ubuntu 24.04.4 LTS (GNU/Linux 6.11.0-17-generic x86_64)
023951.740: [02:39:51]
023951.740: [02:39:51] * Documentation:  https://help.ubuntu.com
023951.740: [02:39:51] * Management:     https://landscape.canonical.com
023951.740: [02:39:51] * Support:        https://ubuntu.com/pro
023951.740: [02:39:51]
023951.741: [02:39:51]扩展安全维护（ESM）Applications 未启用。
023951.741: [02:39:51]
023951.741: [02:39:51]0 更新可以立即应用。
023951.741: [02:39:51]
023951.741: [02:39:51]启用 ESM Apps 来获取未来的额外安全更新
023951.741: [02:39:51]请参见 https://ubuntu.com/esm 或者运行: sudo pro status
023951.741: [02:39:51]
023951.742: [02:39:51]Last login: Wed Mar 25 02:34:40 2026 from 192.168.6.173
024449.731: [02:44:49][202603101-172.16.101.46-02:44:49]
024449.746: [02:44:49]Welcome to Ubuntu 24.04.4 LTS (GNU/Linux 6.11.0-17-generic x86_64)
024449.746: [02:44:49]
024449.746: [02:44:49] * Documentation:  https://help.ubuntu.com
024449.746: [02:44:49] * Management:     https://landscape.canonical.com
024449.747: [02:44:49] * Support:        https://ubuntu.com/pro
024449.747: [02:44:49]
024449.747: [02:44:49]扩展安全维护（ESM）Applications 未启用。
024449.747: [02:44:49]
024449.747: [02:44:49]0 更新可以立即应用。
024449.747: [02:44:49]
024449.747: [02:44:49]启用 ESM Apps 来获取未来的额外安全更新
024449.748: [02:44:49]请参见 https://ubuntu.com/esm 或者运行: sudo pro status
024449.748: [02:44:49]
024449.748: [02:44:49]Last login: Wed Mar 25 02:39:51 2026 from 192.168.6.173
024959.914: [02:49:59][202603101-172.16.101.46-02:49:59]
024959.923: [02:49:59]Welcome to Ubuntu 24.04.4 LTS (GNU/Linux 6.11.0-17-generic x86_64)
024959.924: [02:49:59]
024959.924: [02:49:59] * Documentation:  https://help.ubuntu.com
024959.924: [02:49:59] * Management:     https://landscape.canonical.com
024959.924: [02:49:59] * Support:        https://ubuntu.com/pro
024959.924: [02:49:59]
024959.925: [02:49:59]扩展安全维护（ESM）Applications 未启用。
024959.925: [02:49:59]
024959.925: [02:49:59]0 更新可以立即应用。
024959.925: [02:49:59]
024959.925: [02:49:59]启用 ESM Apps 来获取未来的额外安全更新
024959.925: [02:49:59]请参见 https://ubuntu.com/esm 或者运行: sudo pro status
024959.925: [02:49:59]
024959.926: [02:49:59]Last login: Wed Mar 25 02:44:49 2026 from 192.168.6.173
025541.238: [02:55:41][202603101-172.16.101.46-02:55:41]
025541.249: [02:55:41]Welcome to Ubuntu 24.04.4 LTS (GNU/Linux 6.11.0-17-generic x86_64)
025541.249: [02:55:41]
025541.249: [02:55:41] * Documentation:  https://help.ubuntu.com
025541.250: [02:55:41] * Management:     https://landscape.canonical.com
025541.250: [02:55:41] * Support:        https://ubuntu.com/pro
025541.250: [02:55:41]
025541.250: [02:55:41]扩展安全维护（ESM）Applications 未启用。
025541.250: [02:55:41]
025541.250: [02:55:41]0 更新可以立即应用。
025541.250: [02:55:41]
025541.251: [02:55:41]启用 ESM Apps 来获取未来的额外安全更新
025541.251: [02:55:41]请参见 https://ubuntu.com/esm 或者运行: sudo pro status
025541.251: [02:55:41]
025541.251: [02:55:41]Last login: Wed Mar 25 02:49:59 2026 from 192.168.6.173
030028.717: [03:00:28][202603101-172.16.101.46-03:00:28]
030028.726: [03:00:28]Welcome to Ubuntu 24.04.4 LTS (GNU/Linux 6.11.0-17-generic x86_64)
030028.726: [03:00:28]
030028.726: [03:00:28] * Documentation:  https://help.ubuntu.com
030028.726: [03:00:28] * Management:     https://landscape.canonical.com
030028.726: [03:00:28] * Support:        https://ubuntu.com/pro
030028.727: [03:00:28]
030028.727: [03:00:28]扩展安全维护（ESM）Applications 未启用。
030028.727: [03:00:28]
030028.727: [03:00:28]0 更新可以立即应用。
030028.727: [03:00:28]
030028.727: [03:00:28]启用 ESM Apps 来获取未来的额外安全更新
030028.727: [03:00:28]请参见 https://ubuntu.com/esm 或者运行: sudo pro status
030028.728: [03:00:28]
030028.728: [03:00:28]Last login: Wed Mar 25 02:55:41 2026 from 192.168.6.173
030538.218: [03:05:38][202603101-172.16.101.46-03:05:38]
030538.231: [03:05:38]Welcome to Ubuntu 24.04.4 LTS (GNU/Linux 6.11.0-17-generic x86_64)
030538.231: [03:05:38]
030538.232: [03:05:38] * Documentation:  https://help.ubuntu.com
030538.232: [03:05:38] * Management:     https://landscape.canonical.com
030538.232: [03:05:38] * Support:        https://ubuntu.com/pro
030538.232: [03:05:38]
030538.232: [03:05:38]扩展安全维护（ESM）Applications 未启用。
030538.232: [03:05:38]
030538.233: [03:05:38]0 更新可以立即应用。
030538.233: [03:05:38]
030538.233: [03:05:38]启用 ESM Apps 来获取未来的额外安全更新
030538.233: [03:05:38]请参见 https://ubuntu.com/esm 或者运行: sudo pro status
030538.233: [03:05:38]
030538.233: [03:05:38]Last login: Wed Mar 25 03:00:28 2026 from 192.168.6.173
031051.712: [03:10:51][202603101-172.16.101.46-03:10:51]
031051.727: [03:10:51]Welcome to Ubuntu 24.04.4 LTS (GNU/Linux 6.11.0-17-generic x86_64)
031051.727: [03:10:51]
031051.727: [03:10:51] * Documentation:  https://help.ubuntu.com
031051.728: [03:10:51] * Management:     https://landscape.canonical.com
031051.728: [03:10:51] * Support:        https://ubuntu.com/pro
031051.728: [03:10:51]
031051.728: [03:10:51]扩展安全维护（ESM）Applications 未启用。
031051.728: [03:10:51]
031051.728: [03:10:51]0 更新可以立即应用。
031051.728: [03:10:51]
031051.728: [03:10:51]启用 ESM Apps 来获取未来的额外安全更新
031051.729: [03:10:51]请参见 https://ubuntu.com/esm 或者运行: sudo pro status
031051.729: [03:10:51]
031051.729: [03:10:51]Last login: Wed Mar 25 03:05:38 2026 from 192.168.6.173
031602.250: [03:16:02][202603101-172.16.101.46-03:16:02]
031602.269: [03:16:02]Welcome to Ubuntu 24.04.4 LTS (GNU/Linux 6.11.0-17-generic x86_64)
031602.269: [03:16:02]
031602.269: [03:16:02] * Documentation:  https://help.ubuntu.com
031602.269: [03:16:02] * Management:     https://landscape.canonical.com
031602.270: [03:16:02] * Support:        https://ubuntu.com/pro
031602.270: [03:16:02]
031602.270: [03:16:02]扩展安全维护（ESM）Applications 未启用。
031602.270: [03:16:02]
031602.270: [03:16:02]0 更新可以立即应用。
031602.270: [03:16:02]
031602.270: [03:16:02]启用 ESM Apps 来获取未来的额外安全更新
031602.271: [03:16:02]请参见 https://ubuntu.com/esm 或者运行: sudo pro status
031602.271: [03:16:02]
031602.271: [03:16:02]Last login: Wed Mar 25 03:10:51 2026 from 192.168.6.173
032114.699: [03:21:14][202603101-172.16.101.46-03:21:14]
032114.709: [03:21:14]Welcome to Ubuntu 24.04.4 LTS (GNU/Linux 6.11.0-17-generic x86_64)
032114.709: [03:21:14]
032114.710: [03:21:14] * Documentation:  https://help.ubuntu.com
032114.710: [03:21:14] * Management:     https://landscape.canonical.com
032114.710: [03:21:14] * Support:        https://ubuntu.com/pro
032114.710: [03:21:14]
032114.710: [03:21:14]扩展安全维护（ESM）Applications 未启用。
032114.710: [03:21:14]
032114.710: [03:21:14]0 更新可以立即应用。
032114.710: [03:21:14]
032114.711: [03:21:14]启用 ESM Apps 来获取未来的额外安全更新
032114.711: [03:21:14]请参见 https://ubuntu.com/esm 或者运行: sudo pro status
032114.711: [03:21:14]
032114.711: [03:21:14]Last login: Wed Mar 25 03:16:02 2026 from 192.168.6.173
032625.234: [03:26:25][202603101-172.16.101.46-03:26:25]
032625.247: [03:26:25]Welcome to Ubuntu 24.04.4 LTS (GNU/Linux 6.11.0-17-generic x86_64)
032625.247: [03:26:25]
032625.247: [03:26:25] * Documentation:  https://help.ubuntu.com
032625.247: [03:26:25] * Management:     https://landscape.canonical.com
032625.247: [03:26:25] * Support:        https://ubuntu.com/pro
032625.247: [03:26:25]
032625.248: [03:26:25]扩展安全维护（ESM）Applications 未启用。
032625.248: [03:26:25]
032625.248: [03:26:25]0 更新可以立即应用。
032625.248: [03:26:25]
032625.248: [03:26:25]启用 ESM Apps 来获取未来的额外安全更新
032625.248: [03:26:25]请参见 https://ubuntu.com/esm 或者运行: sudo pro status
032625.248: [03:26:25]
032625.249: [03:26:25]Last login: Wed Mar 25 03:21:14 2026 from 192.168.6.173
033138.245: [03:31:38][202603101-172.16.101.46-03:31:38]
033138.258: [03:31:38]Welcome to Ubuntu 24.04.4 LTS (GNU/Linux 6.11.0-17-generic x86_64)
033138.258: [03:31:38]
033138.258: [03:31:38] * Documentation:  https://help.ubuntu.com
033138.259: [03:31:38] * Management:     https://landscape.canonical.com
033138.259: [03:31:38] * Support:        https://ubuntu.com/pro
033138.259: [03:31:38]
033138.259: [03:31:38]扩展安全维护（ESM）Applications 未启用。
033138.259: [03:31:38]
033138.259: [03:31:38]0 更新可以立即应用。
033138.259: [03:31:38]
033138.260: [03:31:38]启用 ESM Apps 来获取未来的额外安全更新
033138.260: [03:31:38]请参见 https://ubuntu.com/esm 或者运行: sudo pro status
033138.260: [03:31:38]
033138.260: [03:31:38]Last login: Wed Mar 25 03:26:25 2026 from 192.168.6.173
033649.717: [03:36:49][202603101-172.16.101.46-03:36:49]
033649.727: [03:36:49]Welcome to Ubuntu 24.04.4 LTS (GNU/Linux 6.11.0-17-generic x86_64)
033649.727: [03:36:49]
033649.727: [03:36:49] * Documentation:  https://help.ubuntu.com
033649.727: [03:36:49] * Management:     https://landscape.canonical.com
033649.728: [03:36:49] * Support:        https://ubuntu.com/pro
033649.728: [03:36:49]
033649.728: [03:36:49]扩展安全维护（ESM）Applications 未启用。
033649.728: [03:36:49]
033649.728: [03:36:49]0 更新可以立即应用。
033649.728: [03:36:49]
033649.728: [03:36:49]启用 ESM Apps 来获取未来的额外安全更新
033649.729: [03:36:49]请参见 https://ubuntu.com/esm 或者运行: sudo pro status
033649.729: [03:36:49]
033649.729: [03:36:49]Last login: Wed Mar 25 03:31:38 2026 from 192.168.6.173
034204.208: [03:42:04][202603101-172.16.101.46-03:42:04]
034204.226: [03:42:04]Welcome to Ubuntu 24.04.4 LTS (GNU/Linux 6.11.0-17-generic x86_64)
034204.226: [03:42:04]
034204.227: [03:42:04] * Documentation:  https://help.ubuntu.com
034204.227: [03:42:04] * Management:     https://landscape.canonical.com
034204.227: [03:42:04] * Support:        https://ubuntu.com/pro
034204.227: [03:42:04]
034204.227: [03:42:04]扩展安全维护（ESM）Applications 未启用。
034204.227: [03:42:04]
034204.228: [03:42:04]0 更新可以立即应用。
034204.228: [03:42:04]
034204.228: [03:42:04]启用 ESM Apps 来获取未来的额外安全更新
034204.228: [03:42:04]请参见 https://ubuntu.com/esm 或者运行: sudo pro status
034204.228: [03:42:04]
034204.229: [03:42:04]Last login: Wed Mar 25 03:36:49 2026 from 192.168.6.173
034659.206: [03:46:59][202603101-172.16.101.46-03:46:59]
034659.216: [03:46:59]Welcome to Ubuntu 24.04.4 LTS (GNU/Linux 6.11.0-17-generic x86_64)
034659.216: [03:46:59]
034659.216: [03:46:59] * Documentation:  https://help.ubuntu.com
034659.216: [03:46:59] * Management:     https://landscape.canonical.com
034659.216: [03:46:59] * Support:        https://ubuntu.com/pro
034659.217: [03:46:59]
034659.217: [03:46:59]扩展安全维护（ESM）Applications 未启用。
034659.217: [03:46:59]
034659.217: [03:46:59]0 更新可以立即应用。
034659.217: [03:46:59]
034659.217: [03:46:59]启用 ESM Apps 来获取未来的额外安全更新
034659.217: [03:46:59]请参见 https://ubuntu.com/esm 或者运行: sudo pro status
034659.218: [03:46:59]
034659.218: [03:46:59]Last login: Wed Mar 25 03:42:04 2026 from 192.168.6.173
035240.215: [03:52:40][202603101-172.16.101.46-03:52:40]
035240.225: [03:52:40]Welcome to Ubuntu 24.04.4 LTS (GNU/Linux 6.11.0-17-generic x86_64)
035240.225: [03:52:40]
035240.225: [03:52:40] * Documentation:  https://help.ubuntu.com
035240.225: [03:52:40] * Management:     https://landscape.canonical.com
035240.225: [03:52:40] * Support:        https://ubuntu.com/pro
035240.225: [03:52:40]
035240.225: [03:52:40]扩展安全维护（ESM）Applications 未启用。
035240.225: [03:52:40]
035240.225: [03:52:40]0 更新可以立即应用。
035240.225: [03:52:40]
035240.226: [03:52:40]启用 ESM Apps 来获取未来的额外安全更新
035240.226: [03:52:40]请参见 https://ubuntu.com/esm 或者运行: sudo pro status
035240.226: [03:52:40]
035240.226: [03:52:40]Last login: Wed Mar 25 03:46:59 2026 from 192.168.6.173
035726.239: [03:57:26][202603101-172.16.101.46-03:57:26]
035726.258: [03:57:26]Welcome to Ubuntu 24.04.4 LTS (GNU/Linux 6.11.0-17-generic x86_64)
035726.259: [03:57:26]
035726.259: [03:57:26] * Documentation:  https://help.ubuntu.com
035726.259: [03:57:26] * Management:     https://landscape.canonical.com
035726.259: [03:57:26] * Support:        https://ubuntu.com/pro
035726.259: [03:57:26]
035726.260: [03:57:26]扩展安全维护（ESM）Applications 未启用。
035726.260: [03:57:26]
035726.260: [03:57:26]0 更新可以立即应用。
035726.260: [03:57:26]
035726.260: [03:57:26]启用 ESM Apps 来获取未来的额外安全更新
035726.260: [03:57:26]请参见 https://ubuntu.com/esm 或者运行: sudo pro status
035726.260: [03:57:26]
035726.261: [03:57:26]Last login: Wed Mar 25 03:52:40 2026 from 192.168.6.173
040240.210: [04:02:40][202603101-172.16.101.46-04:02:40]
040240.219: [04:02:40]Welcome to Ubuntu 24.04.4 LTS (GNU/Linux 6.11.0-17-generic x86_64)
040240.219: [04:02:40]
040240.219: [04:02:40] * Documentation:  https://help.ubuntu.com
040240.219: [04:02:40] * Management:     https://landscape.canonical.com
040240.219: [04:02:40] * Support:        https://ubuntu.com/pro
040240.219: [04:02:40]
040240.220: [04:02:40]扩展安全维护（ESM）Applications 未启用。
040240.220: [04:02:40]
040240.220: [04:02:40]0 更新可以立即应用。
040240.220: [04:02:40]
040240.220: [04:02:40]启用 ESM Apps 来获取未来的额外安全更新
040240.220: [04:02:40]请参见 https://ubuntu.com/esm 或者运行: sudo pro status
040240.220: [04:02:40]
040240.220: [04:02:40]Last login: Wed Mar 25 03:57:26 2026 from 192.168.6.173
040752.192: [04:07:52][202603101-172.16.101.46-04:07:52]
040752.202: [04:07:52]Welcome to Ubuntu 24.04.4 LTS (GNU/Linux 6.11.0-17-generic x86_64)
040752.202: [04:07:52]
040752.202: [04:07:52] * Documentation:  https://help.ubuntu.com
040752.203: [04:07:52] * Management:     https://landscape.canonical.com
040752.203: [04:07:52] * Support:        https://ubuntu.com/pro
040752.203: [04:07:52]
040752.203: [04:07:52]扩展安全维护（ESM）Applications 未启用。
040752.203: [04:07:52]
040752.203: [04:07:52]0 更新可以立即应用。
040752.203: [04:07:52]
040752.204: [04:07:52]启用 ESM Apps 来获取未来的额外安全更新
040752.204: [04:07:52]请参见 https://ubuntu.com/esm 或者运行: sudo pro status
040752.204: [04:07:52]
040752.204: [04:07:52]Last login: Wed Mar 25 04:02:40 2026 from 192.168.6.173
041307.212: [04:13:07][202603101-172.16.101.46-04:13:07]
041307.227: [04:13:07]Welcome to Ubuntu 24.04.4 LTS (GNU/Linux 6.11.0-17-generic x86_64)
041307.227: [04:13:07]
041307.227: [04:13:07] * Documentation:  https://help.ubuntu.com
041307.227: [04:13:07] * Management:     https://landscape.canonical.com
041307.227: [04:13:07] * Support:        https://ubuntu.com/pro
041307.227: [04:13:07]
041307.227: [04:13:07]扩展安全维护（ESM）Applications 未启用。
041307.227: [04:13:07]
041307.227: [04:13:07]0 更新可以立即应用。
041307.227: [04:13:07]
041307.227: [04:13:07]启用 ESM Apps 来获取未来的额外安全更新
041307.227: [04:13:07]请参见 https://ubuntu.com/esm 或者运行: sudo pro status
041307.227: [04:13:07]
041307.227: [04:13:07]Last login: Wed Mar 25 04:07:52 2026 from 192.168.6.173
041807.232: [04:18:07][202603101-172.16.101.46-04:18:07]
041807.252: [04:18:07]Welcome to Ubuntu 24.04.4 LTS (GNU/Linux 6.11.0-17-generic x86_64)
041807.252: [04:18:07]
041807.252: [04:18:07] * Documentation:  https://help.ubuntu.com
041807.253: [04:18:07] * Management:     https://landscape.canonical.com
041807.253: [04:18:07] * Support:        https://ubuntu.com/pro
041807.253: [04:18:07]
041807.253: [04:18:07]扩展安全维护（ESM）Applications 未启用。
041807.253: [04:18:07]
041807.253: [04:18:07]0 更新可以立即应用。
041807.253: [04:18:07]
041807.254: [04:18:07]启用 ESM Apps 来获取未来的额外安全更新
041807.254: [04:18:07]请参见 https://ubuntu.com/esm 或者运行: sudo pro status
041807.254: [04:18:07]
041807.254: [04:18:07]Last login: Wed Mar 25 04:13:07 2026 from 192.168.6.173
042320.699: [04:23:20][202603101-172.16.101.46-04:23:20]
042320.710: [04:23:20]Welcome to Ubuntu 24.04.4 LTS (GNU/Linux 6.11.0-17-generic x86_64)
042320.710: [04:23:20]
042320.710: [04:23:20] * Documentation:  https://help.ubuntu.com
042320.710: [04:23:20] * Management:     https://landscape.canonical.com
042320.710: [04:23:20] * Support:        https://ubuntu.com/pro
042320.710: [04:23:20]
042320.711: [04:23:20]扩展安全维护（ESM）Applications 未启用。
042320.711: [04:23:20]
042320.711: [04:23:20]0 更新可以立即应用。
042320.711: [04:23:20]
042320.711: [04:23:20]启用 ESM Apps 来获取未来的额外安全更新
042320.711: [04:23:20]请参见 https://ubuntu.com/esm 或者运行: sudo pro status
042320.711: [04:23:20]
042320.712: [04:23:20]Last login: Wed Mar 25 04:18:07 2026 from 192.168.6.173
042830.690: [04:28:30][202603101-172.16.101.46-04:28:30]
042830.725: [04:28:30]Welcome to Ubuntu 24.04.4 LTS (GNU/Linux 6.11.0-17-generic x86_64)
042830.725: [04:28:30]
042830.725: [04:28:30] * Documentation:  https://help.ubuntu.com
042830.725: [04:28:30] * Management:     https://landscape.canonical.com
042830.726: [04:28:30] * Support:        https://ubuntu.com/pro
042830.726: [04:28:30]
042830.726: [04:28:30]扩展安全维护（ESM）Applications 未启用。
042830.726: [04:28:30]
042830.726: [04:28:30]0 更新可以立即应用。
042830.726: [04:28:30]
042830.726: [04:28:30]启用 ESM Apps 来获取未来的额外安全更新
042830.727: [04:28:30]请参见 https://ubuntu.com/esm 或者运行: sudo pro status
042830.727: [04:28:30]
042830.727: [04:28:30]Last login: Wed Mar 25 04:23:20 2026 from 192.168.6.173
043343.236: [04:33:43][202603101-172.16.101.46-04:33:43]
043343.253: [04:33:43]Welcome to Ubuntu 24.04.4 LTS (GNU/Linux 6.11.0-17-generic x86_64)
043343.253: [04:33:43]
043343.253: [04:33:43] * Documentation:  https://help.ubuntu.com
043343.254: [04:33:43] * Management:     https://landscape.canonical.com
043343.254: [04:33:43] * Support:        https://ubuntu.com/pro
043343.254: [04:33:43]
043343.254: [04:33:43]扩展安全维护（ESM）Applications 未启用。
043343.254: [04:33:43]
043343.255: [04:33:43]0 更新可以立即应用。
043343.255: [04:33:43]
043343.255: [04:33:43]启用 ESM Apps 来获取未来的额外安全更新
043343.255: [04:33:43]请参见 https://ubuntu.com/esm 或者运行: sudo pro status
043343.255: [04:33:43]
043343.255: [04:33:43]Last login: Wed Mar 25 04:28:30 2026 from 192.168.6.173
043853.704: [04:38:53][202603101-172.16.101.46-04:38:53]
043853.716: [04:38:53]Welcome to Ubuntu 24.04.4 LTS (GNU/Linux 6.11.0-17-generic x86_64)
043853.716: [04:38:53]
043853.716: [04:38:53] * Documentation:  https://help.ubuntu.com
043853.716: [04:38:53] * Management:     https://landscape.canonical.com
043853.716: [04:38:53] * Support:        https://ubuntu.com/pro
043853.716: [04:38:53]
043853.716: [04:38:53]扩展安全维护（ESM）Applications 未启用。
043853.716: [04:38:53]
043853.716: [04:38:53]0 更新可以立即应用。
043853.716: [04:38:53]
043853.716: [04:38:53]启用 ESM Apps 来获取未来的额外安全更新
043853.717: [04:38:53]请参见 https://ubuntu.com/esm 或者运行: sudo pro status
043853.717: [04:38:53]
043853.717: [04:38:53]Last login: Wed Mar 25 04:33:43 2026 from 192.168.6.173
044405.215: [04:44:05][202603101-172.16.101.46-04:44:05]
044405.228: [04:44:05]Welcome to Ubuntu 24.04.4 LTS (GNU/Linux 6.11.0-17-generic x86_64)
044405.228: [04:44:05]
044405.229: [04:44:05] * Documentation:  https://help.ubuntu.com
044405.229: [04:44:05] * Management:     https://landscape.canonical.com
044405.229: [04:44:05] * Support:        https://ubuntu.com/pro
044405.229: [04:44:05]
044405.229: [04:44:05]扩展安全维护（ESM）Applications 未启用。
044405.229: [04:44:05]
044405.230: [04:44:05]0 更新可以立即应用。
044405.230: [04:44:05]
044405.230: [04:44:05]启用 ESM Apps 来获取未来的额外安全更新
044405.230: [04:44:05]请参见 https://ubuntu.com/esm 或者运行: sudo pro status
044405.230: [04:44:05]
044405.231: [04:44:05]Last login: Wed Mar 25 04:38:53 2026 from 192.168.6.173
044915.706: [04:49:15][202603101-172.16.101.46-04:49:15]
044915.716: [04:49:15]Welcome to Ubuntu 24.04.4 LTS (GNU/Linux 6.11.0-17-generic x86_64)
044915.716: [04:49:15]
044915.717: [04:49:15] * Documentation:  https://help.ubuntu.com
044915.717: [04:49:15] * Management:     https://landscape.canonical.com
044915.717: [04:49:15] * Support:        https://ubuntu.com/pro
044915.717: [04:49:15]
044915.717: [04:49:15]扩展安全维护（ESM）Applications 未启用。
044915.717: [04:49:15]
044915.718: [04:49:15]0 更新可以立即应用。
044915.718: [04:49:15]
044915.718: [04:49:15]启用 ESM Apps 来获取未来的额外安全更新
044915.718: [04:49:15]请参见 https://ubuntu.com/esm 或者运行: sudo pro status
044915.718: [04:49:15]
044915.718: [04:49:15]Last login: Wed Mar 25 04:44:05 2026 from 192.168.6.173
045426.710: [04:54:26][202603101-172.16.101.46-04:54:26]
045426.720: [04:54:26]Welcome to Ubuntu 24.04.4 LTS (GNU/Linux 6.11.0-17-generic x86_64)
045426.720: [04:54:26]
045426.720: [04:54:26] * Documentation:  https://help.ubuntu.com
045426.721: [04:54:26] * Management:     https://landscape.canonical.com
045426.721: [04:54:26] * Support:        https://ubuntu.com/pro
045426.721: [04:54:26]
045426.721: [04:54:26]扩展安全维护（ESM）Applications 未启用。
045426.721: [04:54:26]
045426.721: [04:54:26]0 更新可以立即应用。
045426.721: [04:54:26]
045426.721: [04:54:26]启用 ESM Apps 来获取未来的额外安全更新
045426.722: [04:54:26]请参见 https://ubuntu.com/esm 或者运行: sudo pro status
045426.722: [04:54:26]
045426.722: [04:54:26]Last login: Wed Mar 25 04:49:15 2026 from 192.168.6.173
045943.718: [04:59:43][202603101-172.16.101.46-04:59:43]
045943.729: [04:59:43]Welcome to Ubuntu 24.04.4 LTS (GNU/Linux 6.11.0-17-generic x86_64)
045943.729: [04:59:43]
045943.729: [04:59:43] * Documentation:  https://help.ubuntu.com
045943.730: [04:59:43] * Management:     https://landscape.canonical.com
045943.730: [04:59:43] * Support:        https://ubuntu.com/pro
045943.730: [04:59:43]
045943.730: [04:59:43]扩展安全维护（ESM）Applications 未启用。
045943.730: [04:59:43]
045943.730: [04:59:43]0 更新可以立即应用。
045943.730: [04:59:43]
045943.731: [04:59:43]启用 ESM Apps 来获取未来的额外安全更新
045943.731: [04:59:43]请参见 https://ubuntu.com/esm 或者运行: sudo pro status
045943.731: [04:59:43]
045943.731: [04:59:43]Last login: Wed Mar 25 04:54:26 2026 from 192.168.6.173
050457.729: [05:04:57][202603101-172.16.101.46-05:04:57]
050457.743: [05:04:57]Welcome to Ubuntu 24.04.4 LTS (GNU/Linux 6.11.0-17-generic x86_64)
050457.743: [05:04:57]
050457.743: [05:04:57] * Documentation:  https://help.ubuntu.com
050457.743: [05:04:57] * Management:     https://landscape.canonical.com
050457.744: [05:04:57] * Support:        https://ubuntu.com/pro
050457.744: [05:04:57]
050457.744: [05:04:57]扩展安全维护（ESM）Applications 未启用。
050457.744: [05:04:57]
050457.744: [05:04:57]0 更新可以立即应用。
050457.744: [05:04:57]
050457.744: [05:04:57]启用 ESM Apps 来获取未来的额外安全更新
050457.745: [05:04:57]请参见 https://ubuntu.com/esm 或者运行: sudo pro status
050457.745: [05:04:57]
050457.745: [05:04:57]Last login: Wed Mar 25 04:59:43 2026 from 192.168.6.173
051013.726: [05:10:13][202603101-172.16.101.46-05:10:13]
051013.742: [05:10:13]Welcome to Ubuntu 24.04.4 LTS (GNU/Linux 6.11.0-17-generic x86_64)
051013.742: [05:10:13]
051013.742: [05:10:13] * Documentation:  https://help.ubuntu.com
051013.743: [05:10:13] * Management:     https://landscape.canonical.com
051013.743: [05:10:13] * Support:        https://ubuntu.com/pro
051013.743: [05:10:13]
051013.743: [05:10:13]扩展安全维护（ESM）Applications 未启用。
051013.743: [05:10:13]
051013.743: [05:10:13]0 更新可以立即应用。
051013.743: [05:10:13]
051013.743: [05:10:13]启用 ESM Apps 来获取未来的额外安全更新
051013.744: [05:10:13]请参见 https://ubuntu.com/esm 或者运行: sudo pro status
051013.744: [05:10:13]
051013.744: [05:10:13]Last login: Wed Mar 25 05:04:57 2026 from 192.168.6.173
051510.700: [05:15:10][202603101-172.16.101.46-05:15:10]
051510.711: [05:15:10]Welcome to Ubuntu 24.04.4 LTS (GNU/Linux 6.11.0-17-generic x86_64)
051510.711: [05:15:10]
051510.711: [05:15:10] * Documentation:  https://help.ubuntu.com
051510.711: [05:15:10] * Management:     https://landscape.canonical.com
051510.711: [05:15:10] * Support:        https://ubuntu.com/pro
051510.711: [05:15:10]
051510.712: [05:15:10]扩展安全维护（ESM）Applications 未启用。
051510.712: [05:15:10]
051510.712: [05:15:10]0 更新可以立即应用。
051510.712: [05:15:10]
051510.712: [05:15:10]启用 ESM Apps 来获取未来的额外安全更新
051510.712: [05:15:10]请参见 https://ubuntu.com/esm 或者运行: sudo pro status
051510.712: [05:15:10]
051510.713: [05:15:10]Last login: Wed Mar 25 05:10:13 2026 from 192.168.6.173
052023.194: [05:20:23][202603101-172.16.101.46-05:20:23]
052023.208: [05:20:23]Welcome to Ubuntu 24.04.4 LTS (GNU/Linux 6.11.0-17-generic x86_64)
052023.208: [05:20:23]
052023.208: [05:20:23] * Documentation:  https://help.ubuntu.com
052023.208: [05:20:23] * Management:     https://landscape.canonical.com
052023.208: [05:20:23] * Support:        https://ubuntu.com/pro
052023.208: [05:20:23]
052023.208: [05:20:23]扩展安全维护（ESM）Applications 未启用。
052023.208: [05:20:23]
052023.209: [05:20:23]0 更新可以立即应用。
052023.209: [05:20:23]
052023.209: [05:20:23]启用 ESM Apps 来获取未来的额外安全更新
052023.209: [05:20:23]请参见 https://ubuntu.com/esm 或者运行: sudo pro status
052023.209: [05:20:23]
052023.209: [05:20:23]Last login: Wed Mar 25 05:15:10 2026 from 192.168.6.173
052539.194: [05:25:39][202603101-172.16.101.46-05:25:39]
052539.204: [05:25:39]Welcome to Ubuntu 24.04.4 LTS (GNU/Linux 6.11.0-17-generic x86_64)
052539.204: [05:25:39]
052539.204: [05:25:39] * Documentation:  https://help.ubuntu.com
052539.204: [05:25:39] * Management:     https://landscape.canonical.com
052539.204: [05:25:39] * Support:        https://ubuntu.com/pro
052539.204: [05:25:39]
052539.205: [05:25:39]扩展安全维护（ESM）Applications 未启用。
052539.205: [05:25:39]
052539.205: [05:25:39]0 更新可以立即应用。
052539.205: [05:25:39]
052539.205: [05:25:39]启用 ESM Apps 来获取未来的额外安全更新
052539.205: [05:25:39]请参见 https://ubuntu.com/esm 或者运行: sudo pro status
052539.205: [05:25:39]
052539.206: [05:25:39]Last login: Wed Mar 25 05:20:23 2026 from 192.168.6.173
053050.214: [05:30:50][202603101-172.16.101.46-05:30:50]
053050.230: [05:30:50]Welcome to Ubuntu 24.04.4 LTS (GNU/Linux 6.11.0-17-generic x86_64)
053050.230: [05:30:50]
053050.230: [05:30:50] * Documentation:  https://help.ubuntu.com
053050.230: [05:30:50] * Management:     https://landscape.canonical.com
053050.231: [05:30:50] * Support:        https://ubuntu.com/pro
053050.231: [05:30:50]
053050.231: [05:30:50]扩展安全维护（ESM）Applications 未启用。
053050.231: [05:30:50]
053050.231: [05:30:50]0 更新可以立即应用。
053050.231: [05:30:50]
053050.231: [05:30:50]启用 ESM Apps 来获取未来的额外安全更新
053050.232: [05:30:50]请参见 https://ubuntu.com/esm 或者运行: sudo pro status
053050.232: [05:30:50]
053050.232: [05:30:50]Last login: Wed Mar 25 05:25:39 2026 from 192.168.6.173
053600.228: [05:36:00][202603101-172.16.101.46-05:36:00]
053600.248: [05:36:00]Welcome to Ubuntu 24.04.4 LTS (GNU/Linux 6.11.0-17-generic x86_64)
053600.248: [05:36:00]
053600.249: [05:36:00] * Documentation:  https://help.ubuntu.com
053600.249: [05:36:00] * Management:     https://landscape.canonical.com
053600.249: [05:36:00] * Support:        https://ubuntu.com/pro
053600.249: [05:36:00]
053600.250: [05:36:00]扩展安全维护（ESM）Applications 未启用。
053600.250: [05:36:00]
053600.250: [05:36:00]0 更新可以立即应用。
053600.250: [05:36:00]
053600.250: [05:36:00]启用 ESM Apps 来获取未来的额外安全更新
053600.251: [05:36:00]请参见 https://ubuntu.com/esm 或者运行: sudo pro status
053600.251: [05:36:00]
053600.251: [05:36:00]Last login: Wed Mar 25 05:30:50 2026 from 192.168.6.173
054110.224: [05:41:10][202603101-172.16.101.46-05:41:10]
054110.238: [05:41:10]Welcome to Ubuntu 24.04.4 LTS (GNU/Linux 6.11.0-17-generic x86_64)
054110.239: [05:41:10]
054110.239: [05:41:10] * Documentation:  https://help.ubuntu.com
054110.239: [05:41:10] * Management:     https://landscape.canonical.com
054110.239: [05:41:10] * Support:        https://ubuntu.com/pro
054110.239: [05:41:10]
054110.239: [05:41:10]扩展安全维护（ESM）Applications 未启用。
054110.239: [05:41:10]
054110.239: [05:41:10]0 更新可以立即应用。
054110.239: [05:41:10]
054110.240: [05:41:10]启用 ESM Apps 来获取未来的额外安全更新
054110.240: [05:41:10]请参见 https://ubuntu.com/esm 或者运行: sudo pro status
054110.240: [05:41:10]
054110.240: [05:41:10]Last login: Wed Mar 25 05:36:00 2026 from 192.168.6.173
054627.219: [05:46:27][202603101-172.16.101.46-05:46:27]
054627.231: [05:46:27]Welcome to Ubuntu 24.04.4 LTS (GNU/Linux 6.11.0-17-generic x86_64)
054627.231: [05:46:27]
054627.231: [05:46:27] * Documentation:  https://help.ubuntu.com
054627.231: [05:46:27] * Management:     https://landscape.canonical.com
054627.231: [05:46:27] * Support:        https://ubuntu.com/pro
054627.232: [05:46:27]
054627.232: [05:46:27]扩展安全维护（ESM）Applications 未启用。
054627.232: [05:46:27]
054627.232: [05:46:27]0 更新可以立即应用。
054627.232: [05:46:27]
054627.232: [05:46:27]启用 ESM Apps 来获取未来的额外安全更新
054627.233: [05:46:27]请参见 https://ubuntu.com/esm 或者运行: sudo pro status
054627.233: [05:46:27]
054627.233: [05:46:27]Last login: Wed Mar 25 05:41:10 2026 from 192.168.6.173
055139.226: [05:51:39][202603101-172.16.101.46-05:51:39]
055139.235: [05:51:39]Welcome to Ubuntu 24.04.4 LTS (GNU/Linux 6.11.0-17-generic x86_64)
055139.235: [05:51:39]
055139.235: [05:51:39] * Documentation:  https://help.ubuntu.com
055139.236: [05:51:39] * Management:     https://landscape.canonical.com
055139.236: [05:51:39] * Support:        https://ubuntu.com/pro
055139.236: [05:51:39]
055139.236: [05:51:39]扩展安全维护（ESM）Applications 未启用。
055139.236: [05:51:39]
055139.236: [05:51:39]0 更新可以立即应用。
055139.236: [05:51:39]
055139.237: [05:51:39]启用 ESM Apps 来获取未来的额外安全更新
055139.237: [05:51:39]请参见 https://ubuntu.com/esm 或者运行: sudo pro status
055139.237: [05:51:39]
055139.237: [05:51:39]Last login: Wed Mar 25 05:46:27 2026 from 192.168.6.173
055635.858: [05:56:35][202603101-172.16.101.46-05:56:35]
055635.868: [05:56:35]Welcome to Ubuntu 24.04.4 LTS (GNU/Linux 6.11.0-17-generic x86_64)
055635.868: [05:56:35]
055635.868: [05:56:35] * Documentation:  https://help.ubuntu.com
055635.868: [05:56:35] * Management:     https://landscape.canonical.com
055635.868: [05:56:35] * Support:        https://ubuntu.com/pro
055635.869: [05:56:35]
055635.869: [05:56:35]扩展安全维护（ESM）Applications 未启用。
055635.869: [05:56:35]
055635.869: [05:56:35]0 更新可以立即应用。
055635.869: [05:56:35]
055635.869: [05:56:35]启用 ESM Apps 来获取未来的额外安全更新
055635.869: [05:56:35]请参见 https://ubuntu.com/esm 或者运行: sudo pro status
055635.869: [05:56:35]
055635.869: [05:56:35]Last login: Wed Mar 25 05:51:39 2026 from 192.168.6.173
060714.222: [06:07:14][202603101-172.16.101.46-06:07:14]
060714.238: [06:07:14]Welcome to Ubuntu 24.04.4 LTS (GNU/Linux 6.11.0-17-generic x86_64)
060714.238: [06:07:14]
060714.238: [06:07:14] * Documentation:  https://help.ubuntu.com
060714.239: [06:07:14] * Management:     https://landscape.canonical.com
060714.239: [06:07:14] * Support:        https://ubuntu.com/pro
060714.239: [06:07:14]
060714.239: [06:07:14]扩展安全维护（ESM）Applications 未启用。
060714.239: [06:07:14]
060714.239: [06:07:14]0 更新可以立即应用。
060714.239: [06:07:14]
060714.239: [06:07:14]启用 ESM Apps 来获取未来的额外安全更新
060714.240: [06:07:14]请参见 https://ubuntu.com/esm 或者运行: sudo pro status
060714.240: [06:07:14]
060714.240: [06:07:14]Last login: Wed Mar 25 05:56:35 2026 from 192.168.6.173
061211.176: [06:12:11][202603101-172.16.101.46-06:12:11]
061211.185: [06:12:11]Welcome to Ubuntu 24.04.4 LTS (GNU/Linux 6.11.0-17-generic x86_64)
061211.185: [06:12:11]
061211.186: [06:12:11] * Documentation:  https://help.ubuntu.com
061211.186: [06:12:11] * Management:     https://landscape.canonical.com
061211.186: [06:12:11] * Support:        https://ubuntu.com/pro
061211.186: [06:12:11]
061211.186: [06:12:11]扩展安全维护（ESM）Applications 未启用。
061211.186: [06:12:11]
061211.186: [06:12:11]0 更新可以立即应用。
061211.186: [06:12:11]
061211.186: [06:12:11]启用 ESM Apps 来获取未来的额外安全更新
061211.186: [06:12:11]请参见 https://ubuntu.com/esm 或者运行: sudo pro status
061211.186: [06:12:11]
061211.187: [06:12:11]Last login: Wed Mar 25 06:07:14 2026 from 192.168.6.173
061722.079: [06:17:22][202603101-172.16.101.46-06:17:22]
061722.094: [06:17:22]Welcome to Ubuntu 24.04.4 LTS (GNU/Linux 6.11.0-17-generic x86_64)
061722.094: [06:17:22]
061722.094: [06:17:22] * Documentation:  https://help.ubuntu.com
061722.094: [06:17:22] * Management:     https://landscape.canonical.com
061722.094: [06:17:22] * Support:        https://ubuntu.com/pro
061722.094: [06:17:22]
061722.094: [06:17:22]扩展安全维护（ESM）Applications 未启用。
061722.094: [06:17:22]
061722.094: [06:17:22]0 更新可以立即应用。
061722.094: [06:17:22]
061722.094: [06:17:22]启用 ESM Apps 来获取未来的额外安全更新
061722.094: [06:17:22]请参见 https://ubuntu.com/esm 或者运行: sudo pro status
061722.094: [06:17:22]
061722.095: [06:17:22]Last login: Wed Mar 25 06:12:11 2026 from 192.168.6.173
062801.258: [06:28:01][202603101-172.16.101.46-06:28:01]
062801.271: [06:28:01]Welcome to Ubuntu 24.04.4 LTS (GNU/Linux 6.11.0-17-generic x86_64)
062801.271: [06:28:01]
062801.271: [06:28:01] * Documentation:  https://help.ubuntu.com
062801.271: [06:28:01] * Management:     https://landscape.canonical.com
062801.272: [06:28:01] * Support:        https://ubuntu.com/pro
062801.272: [06:28:01]
062801.272: [06:28:01]扩展安全维护（ESM）Applications 未启用。
062801.272: [06:28:01]
062801.272: [06:28:01]0 更新可以立即应用。
062801.272: [06:28:01]
062801.272: [06:28:01]启用 ESM Apps 来获取未来的额外安全更新
062801.273: [06:28:01]请参见 https://ubuntu.com/esm 或者运行: sudo pro status
062801.273: [06:28:01]
062801.273: [06:28:01]Last login: Wed Mar 25 06:17:22 2026 from 192.168.6.173
063257.235: [06:32:57][202603101-172.16.101.46-06:32:57]
063257.251: [06:32:57]Welcome to Ubuntu 24.04.4 LTS (GNU/Linux 6.11.0-17-generic x86_64)
063257.251: [06:32:57]
063257.251: [06:32:57] * Documentation:  https://help.ubuntu.com
063257.251: [06:32:57] * Management:     https://landscape.canonical.com
063257.251: [06:32:57] * Support:        https://ubuntu.com/pro
063257.251: [06:32:57]
063257.251: [06:32:57]扩展安全维护（ESM）Applications 未启用。
063257.251: [06:32:57]
063257.251: [06:32:57]0 更新可以立即应用。
063257.251: [06:32:57]
063257.251: [06:32:57]启用 ESM Apps 来获取未来的额外安全更新
063257.251: [06:32:57]请参见 https://ubuntu.com/esm 或者运行: sudo pro status
063257.252: [06:32:57]
063257.252: [06:32:57]Last login: Wed Mar 25 06:28:01 2026 from 192.168.6.173
064336.263: [06:43:36][202603101-172.16.101.46-06:43:36]
064336.273: [06:43:36]Welcome to Ubuntu 24.04.4 LTS (GNU/Linux 6.11.0-17-generic x86_64)
064336.273: [06:43:36]
064336.273: [06:43:36] * Documentation:  https://help.ubuntu.com
064336.273: [06:43:36] * Management:     https://landscape.canonical.com
064336.273: [06:43:36] * Support:        https://ubuntu.com/pro
064336.273: [06:43:36]
064336.274: [06:43:36]扩展安全维护（ESM）Applications 未启用。
064336.274: [06:43:36]
064336.274: [06:43:36]0 更新可以立即应用。
064336.274: [06:43:36]
064336.274: [06:43:36]启用 ESM Apps 来获取未来的额外安全更新
064336.274: [06:43:36]请参见 https://ubuntu.com/esm 或者运行: sudo pro status
064336.274: [06:43:36]
064336.275: [06:43:36]Last login: Wed Mar 25 06:32:57 2026 from 192.168.6.173
064834.225: [06:48:34][202603101-172.16.101.46-06:48:34]
064834.237: [06:48:34]Welcome to Ubuntu 24.04.4 LTS (GNU/Linux 6.11.0-17-generic x86_64)
064834.237: [06:48:34]
064834.237: [06:48:34] * Documentation:  https://help.ubuntu.com
064834.237: [06:48:34] * Management:     https://landscape.canonical.com
064834.238: [06:48:34] * Support:        https://ubuntu.com/pro
064834.238: [06:48:34]
064834.238: [06:48:34]扩展安全维护（ESM）Applications 未启用。
064834.238: [06:48:34]
064834.238: [06:48:34]0 更新可以立即应用。
064834.238: [06:48:34]
064834.238: [06:48:34]启用 ESM Apps 来获取未来的额外安全更新
064834.239: [06:48:34]请参见 https://ubuntu.com/esm 或者运行: sudo pro status
064834.239: [06:48:34]
064834.239: [06:48:34]Last login: Wed Mar 25 06:43:36 2026 from 192.168.6.173
065346.705: [06:53:46][202603101-172.16.101.46-06:53:46]
065346.718: [06:53:46]Welcome to Ubuntu 24.04.4 LTS (GNU/Linux 6.11.0-17-generic x86_64)
065346.718: [06:53:46]
065346.718: [06:53:46] * Documentation:  https://help.ubuntu.com
065346.719: [06:53:46] * Management:     https://landscape.canonical.com
065346.719: [06:53:46] * Support:        https://ubuntu.com/pro
065346.719: [06:53:46]
065346.719: [06:53:46]扩展安全维护（ESM）Applications 未启用。
065346.719: [06:53:46]
065346.719: [06:53:46]0 更新可以立即应用。
065346.719: [06:53:46]
065346.719: [06:53:46]启用 ESM Apps 来获取未来的额外安全更新
065346.719: [06:53:46]请参见 https://ubuntu.com/esm 或者运行: sudo pro status
065346.719: [06:53:46]
065346.720: [06:53:46]*** 需要重启系统 ***
065346.720: [06:53:46]Last login: Wed Mar 25 06:48:34 2026 from 192.168.6.173
065901.238: [06:59:01][202603101-172.16.101.46-06:59:01]
065901.241: [06:59:01]Welcome to Ubuntu 24.04.4 LTS (GNU/Linux 6.11.0-17-generic x86_64)
065901.241: [06:59:01]
065901.241: [06:59:01] * Documentation:  https://help.ubuntu.com
065901.241: [06:59:01] * Management:     https://landscape.canonical.com
065901.241: [06:59:01] * Support:        https://ubuntu.com/pro
065901.241: [06:59:01]
065901.242: [06:59:01]扩展安全维护（ESM）Applications 未启用。
065901.242: [06:59:01]
065901.242: [06:59:01]0 更新可以立即应用。
065901.242: [06:59:01]
065901.242: [06:59:01]启用 ESM Apps 来获取未来的额外安全更新
065901.242: [06:59:01]请参见 https://ubuntu.com/esm 或者运行: sudo pro status
065901.242: [06:59:01]
065901.242: [06:59:01]*** 需要重启系统 ***
065901.242: [06:59:01]Last login: Wed Mar 25 06:53:46 2026 from 192.168.6.173
070415.227: [07:04:15][202603101-172.16.101.46-07:04:15]
070415.239: [07:04:15]Welcome to Ubuntu 24.04.4 LTS (GNU/Linux 6.11.0-17-generic x86_64)
070415.240: [07:04:15]
070415.240: [07:04:15] * Documentation:  https://help.ubuntu.com
070415.240: [07:04:15] * Management:     https://landscape.canonical.com
070415.240: [07:04:15] * Support:        https://ubuntu.com/pro
070415.240: [07:04:15]
070415.241: [07:04:15]扩展安全维护（ESM）Applications 未启用。
070415.241: [07:04:15]
070415.241: [07:04:15]0 更新可以立即应用。
070415.241: [07:04:15]
070415.241: [07:04:15]启用 ESM Apps 来获取未来的额外安全更新
070415.241: [07:04:15]请参见 https://ubuntu.com/esm 或者运行: sudo pro status
070415.241: [07:04:15]
070415.241: [07:04:15]*** 需要重启系统 ***
070415.242: [07:04:15]Last login: Wed Mar 25 06:59:01 2026 from 192.168.6.173
070923.718: [07:09:23][202603101-172.16.101.46-07:09:23]
070923.729: [07:09:23]Welcome to Ubuntu 24.04.4 LTS (GNU/Linux 6.11.0-17-generic x86_64)
070923.729: [07:09:23]
070923.729: [07:09:23] * Documentation:  https://help.ubuntu.com
070923.729: [07:09:23] * Management:     https://landscape.canonical.com
070923.729: [07:09:23] * Support:        https://ubuntu.com/pro
070923.729: [07:09:23]
070923.729: [07:09:23]扩展安全维护（ESM）Applications 未启用。
070923.729: [07:09:23]
070923.729: [07:09:23]0 更新可以立即应用。
070923.729: [07:09:23]
070923.729: [07:09:23]启用 ESM Apps 来获取未来的额外安全更新
070923.729: [07:09:23]请参见 https://ubuntu.com/esm 或者运行: sudo pro status
070923.729: [07:09:23]
070923.729: [07:09:23]*** 需要重启系统 ***
070923.730: [07:09:23]Last login: Wed Mar 25 07:04:15 2026 from 192.168.6.173
071422.753: [07:14:22][202603101-172.16.101.46-07:14:22]
071422.763: [07:14:22]Welcome to Ubuntu 24.04.4 LTS (GNU/Linux 6.11.0-17-generic x86_64)
071422.763: [07:14:22]
071422.763: [07:14:22] * Documentation:  https://help.ubuntu.com
071422.763: [07:14:22] * Management:     https://landscape.canonical.com
071422.763: [07:14:22] * Support:        https://ubuntu.com/pro
071422.763: [07:14:22]
071422.763: [07:14:22]扩展安全维护（ESM）Applications 未启用。
071422.763: [07:14:22]
071422.763: [07:14:22]0 更新可以立即应用。
071422.763: [07:14:22]
071422.763: [07:14:22]启用 ESM Apps 来获取未来的额外安全更新
071422.763: [07:14:22]请参见 https://ubuntu.com/esm 或者运行: sudo pro status
071422.763: [07:14:22]
071422.763: [07:14:22]*** 需要重启系统 ***
071422.763: [07:14:22]Last login: Wed Mar 25 07:09:23 2026 from 192.168.6.173
072502.721: [07:25:02][202603101-172.16.101.46-07:25:02]
072502.732: [07:25:02]Welcome to Ubuntu 24.04.4 LTS (GNU/Linux 6.11.0-17-generic x86_64)
072502.732: [07:25:02]
072502.732: [07:25:02] * Documentation:  https://help.ubuntu.com
072502.732: [07:25:02] * Management:     https://landscape.canonical.com
072502.732: [07:25:02] * Support:        https://ubuntu.com/pro
072502.732: [07:25:02]
072502.733: [07:25:02]扩展安全维护（ESM）Applications 未启用。
072502.733: [07:25:02]
072502.733: [07:25:02]0 更新可以立即应用。
072502.733: [07:25:02]
072502.733: [07:25:02]启用 ESM Apps 来获取未来的额外安全更新
072502.733: [07:25:02]请参见 https://ubuntu.com/esm 或者运行: sudo pro status
072502.733: [07:25:02]
072502.734: [07:25:02]*** 需要重启系统 ***
072502.734: [07:25:02]Last login: Wed Mar 25 07:14:22 2026 from 192.168.6.173
072957.243: [07:29:57][202603101-172.16.101.46-07:29:57]
072957.263: [07:29:57]Welcome to Ubuntu 24.04.4 LTS (GNU/Linux 6.11.0-17-generic x86_64)
072957.263: [07:29:57]
072957.263: [07:29:57] * Documentation:  https://help.ubuntu.com
072957.263: [07:29:57] * Management:     https://landscape.canonical.com
072957.263: [07:29:57] * Support:        https://ubuntu.com/pro
072957.263: [07:29:57]
072957.263: [07:29:57]扩展安全维护（ESM）Applications 未启用。
072957.264: [07:29:57]
072957.264: [07:29:57]0 更新可以立即应用。
072957.264: [07:29:57]
072957.264: [07:29:57]启用 ESM Apps 来获取未来的额外安全更新
072957.264: [07:29:57]请参见 https://ubuntu.com/esm 或者运行: sudo pro status
072957.264: [07:29:57]
072957.264: [07:29:57]*** 需要重启系统 ***
072957.264: [07:29:57]Last login: Wed Mar 25 07:25:02 2026 from 192.168.6.173
073513.195: [07:35:13][202603101-172.16.101.46-07:35:13]
073513.220: [07:35:13]Welcome to Ubuntu 24.04.4 LTS (GNU/Linux 6.11.0-17-generic x86_64)
073513.220: [07:35:13]
073513.220: [07:35:13] * Documentation:  https://help.ubuntu.com
073513.220: [07:35:13] * Management:     https://landscape.canonical.com
073513.220: [07:35:13] * Support:        https://ubuntu.com/pro
073513.220: [07:35:13]
073513.221: [07:35:13]扩展安全维护（ESM）Applications 未启用。
073513.221: [07:35:13]
073513.221: [07:35:13]0 更新可以立即应用。
073513.221: [07:35:13]
073513.221: [07:35:13]启用 ESM Apps 来获取未来的额外安全更新
073513.221: [07:35:13]请参见 https://ubuntu.com/esm 或者运行: sudo pro status
073513.221: [07:35:13]
073513.221: [07:35:13]*** 需要重启系统 ***
073513.221: [07:35:13]Last login: Wed Mar 25 07:29:57 2026 from 192.168.6.173
074024.733: [07:40:24][202603101-172.16.101.46-07:40:24]
074024.743: [07:40:24]Welcome to Ubuntu 24.04.4 LTS (GNU/Linux 6.11.0-17-generic x86_64)
074024.743: [07:40:24]
074024.743: [07:40:24] * Documentation:  https://help.ubuntu.com
074024.744: [07:40:24] * Management:     https://landscape.canonical.com
074024.744: [07:40:24] * Support:        https://ubuntu.com/pro
074024.744: [07:40:24]
074024.744: [07:40:24]扩展安全维护（ESM）Applications 未启用。
074024.744: [07:40:24]
074024.744: [07:40:24]0 更新可以立即应用。
074024.744: [07:40:24]
074024.745: [07:40:24]启用 ESM Apps 来获取未来的额外安全更新
074024.745: [07:40:24]请参见 https://ubuntu.com/esm 或者运行: sudo pro status
074024.745: [07:40:24]
074024.745: [07:40:24]*** 需要重启系统 ***
074024.746: [07:40:24]Last login: Wed Mar 25 07:35:13 2026 from 192.168.6.173
074533.743: [07:45:33][202603101-172.16.101.46-07:45:33]
074533.753: [07:45:33]Welcome to Ubuntu 24.04.4 LTS (GNU/Linux 6.11.0-17-generic x86_64)
074533.753: [07:45:33]
074533.754: [07:45:33] * Documentation:  https://help.ubuntu.com
074533.754: [07:45:33] * Management:     https://landscape.canonical.com
074533.754: [07:45:33] * Support:        https://ubuntu.com/pro
074533.754: [07:45:33]
074533.754: [07:45:33]扩展安全维护（ESM）Applications 未启用。
074533.754: [07:45:33]
074533.755: [07:45:33]0 更新可以立即应用。
074533.755: [07:45:33]
074533.755: [07:45:33]启用 ESM Apps 来获取未来的额外安全更新
074533.755: [07:45:33]请参见 https://ubuntu.com/esm 或者运行: sudo pro status
074533.755: [07:45:33]
074533.755: [07:45:33]*** 需要重启系统 ***
074533.756: [07:45:33]Last login: Wed Mar 25 07:40:24 2026 from 192.168.6.173
075046.349: [07:50:46][202603101-172.16.101.46-07:50:46]
075046.382: [07:50:46]Welcome to Ubuntu 24.04.4 LTS (GNU/Linux 6.11.0-17-generic x86_64)
075046.382: [07:50:46]
075046.382: [07:50:46] * Documentation:  https://help.ubuntu.com
075046.383: [07:50:46] * Management:     https://landscape.canonical.com
075046.383: [07:50:46] * Support:        https://ubuntu.com/pro
075046.383: [07:50:46]
075046.383: [07:50:46]扩展安全维护（ESM）Applications 未启用。
075046.383: [07:50:46]
075046.383: [07:50:46]0 更新可以立即应用。
075046.383: [07:50:46]
075046.383: [07:50:46]启用 ESM Apps 来获取未来的额外安全更新
075046.383: [07:50:46]请参见 https://ubuntu.com/esm 或者运行: sudo pro status
075046.383: [07:50:46]
075046.383: [07:50:46]*** 需要重启系统 ***
075046.383: [07:50:46]Last login: Wed Mar 25 07:45:33 2026 from 192.168.6.173
075602.220: [07:56:02][202603101-172.16.101.46-07:56:02]
075602.237: [07:56:02]Welcome to Ubuntu 24.04.4 LTS (GNU/Linux 6.11.0-17-generic x86_64)
075602.237: [07:56:02]
075602.238: [07:56:02] * Documentation:  https://help.ubuntu.com
075602.238: [07:56:02] * Management:     https://landscape.canonical.com
075602.238: [07:56:02] * Support:        https://ubuntu.com/pro
075602.238: [07:56:02]
075602.238: [07:56:02]扩展安全维护（ESM）Applications 未启用。
075602.238: [07:56:02]
075602.239: [07:56:02]0 更新可以立即应用。
075602.239: [07:56:02]
075602.239: [07:56:02]启用 ESM Apps 来获取未来的额外安全更新
075602.239: [07:56:02]请参见 https://ubuntu.com/esm 或者运行: sudo pro status
075602.239: [07:56:02]
075602.239: [07:56:02]*** 需要重启系统 ***
075602.240: [07:56:02]Last login: Wed Mar 25 07:50:46 2026 from 192.168.6.173
080113.695: [08:01:13][202603101-172.16.101.46-08:01:13]
080113.705: [08:01:13]Welcome to Ubuntu 24.04.4 LTS (GNU/Linux 6.11.0-17-generic x86_64)
080113.706: [08:01:13]
080113.706: [08:01:13] * Documentation:  https://help.ubuntu.com
080113.706: [08:01:13] * Management:     https://landscape.canonical.com
080113.706: [08:01:13] * Support:        https://ubuntu.com/pro
080113.706: [08:01:13]
080113.706: [08:01:13]扩展安全维护（ESM）Applications 未启用。
080113.707: [08:01:13]
080113.707: [08:01:13]0 更新可以立即应用。
080113.707: [08:01:13]
080113.707: [08:01:13]启用 ESM Apps 来获取未来的额外安全更新
080113.707: [08:01:13]请参见 https://ubuntu.com/esm 或者运行: sudo pro status
080113.707: [08:01:13]
080113.707: [08:01:13]*** 需要重启系统 ***
080113.708: [08:01:13]Last login: Wed Mar 25 07:56:02 2026 from 192.168.6.173
080623.718: [08:06:23][202603101-172.16.101.46-08:06:23]
080623.729: [08:06:23]Welcome to Ubuntu 24.04.4 LTS (GNU/Linux 6.11.0-17-generic x86_64)
080623.730: [08:06:23]
080623.730: [08:06:23] * Documentation:  https://help.ubuntu.com
080623.730: [08:06:23] * Management:     https://landscape.canonical.com
080623.730: [08:06:23] * Support:        https://ubuntu.com/pro
080623.730: [08:06:23]
080623.730: [08:06:23]扩展安全维护（ESM）Applications 未启用。
080623.730: [08:06:23]
080623.730: [08:06:23]0 更新可以立即应用。
080623.730: [08:06:23]
080623.730: [08:06:23]启用 ESM Apps 来获取未来的额外安全更新
080623.730: [08:06:23]请参见 https://ubuntu.com/esm 或者运行: sudo pro status
080623.731: [08:06:23]
080623.731: [08:06:23]*** 需要重启系统 ***
080623.731: [08:06:23]Last login: Wed Mar 25 08:01:13 2026 from 192.168.6.173
081128.766: [08:11:28][202603101-172.16.101.46-08:11:28]
081128.776: [08:11:28]Welcome to Ubuntu 24.04.4 LTS (GNU/Linux 6.11.0-17-generic x86_64)
081128.776: [08:11:28]
081128.776: [08:11:28] * Documentation:  https://help.ubuntu.com
081128.776: [08:11:28] * Management:     https://landscape.canonical.com
081128.776: [08:11:28] * Support:        https://ubuntu.com/pro
081128.776: [08:11:28]
081128.776: [08:11:28]扩展安全维护（ESM）Applications 未启用。
081128.776: [08:11:28]
081128.776: [08:11:28]0 更新可以立即应用。
081128.776: [08:11:28]
081128.776: [08:11:28]启用 ESM Apps 来获取未来的额外安全更新
081128.776: [08:11:28]请参见 https://ubuntu.com/esm 或者运行: sudo pro status
081128.776: [08:11:28]
081128.777: [08:11:28]*** 需要重启系统 ***
081128.777: [08:11:28]Last login: Wed Mar 25 08:06:23 2026 from 192.168.6.173
081644.699: [08:16:44][202603101-172.16.101.46-08:16:44]
081644.709: [08:16:44]Welcome to Ubuntu 24.04.4 LTS (GNU/Linux 6.11.0-17-generic x86_64)
081644.709: [08:16:44]
081644.709: [08:16:44] * Documentation:  https://help.ubuntu.com
081644.709: [08:16:44] * Management:     https://landscape.canonical.com
081644.709: [08:16:44] * Support:        https://ubuntu.com/pro
081644.709: [08:16:44]
081644.709: [08:16:44]扩展安全维护（ESM）Applications 未启用。
081644.709: [08:16:44]
081644.709: [08:16:44]0 更新可以立即应用。
081644.709: [08:16:44]
081644.709: [08:16:44]启用 ESM Apps 来获取未来的额外安全更新
081644.710: [08:16:44]请参见 https://ubuntu.com/esm 或者运行: sudo pro status
081644.710: [08:16:44]
081644.710: [08:16:44]*** 需要重启系统 ***
081644.710: [08:16:44]Last login: Wed Mar 25 08:11:28 2026 from 192.168.6.173
082154.692: [08:21:54][202603101-172.16.101.46-08:21:54]
082154.716: [08:21:54]Welcome to Ubuntu 24.04.4 LTS (GNU/Linux 6.11.0-17-generic x86_64)
082154.716: [08:21:54]
082154.717: [08:21:54] * Documentation:  https://help.ubuntu.com
082154.717: [08:21:54] * Management:     https://landscape.canonical.com
082154.717: [08:21:54] * Support:        https://ubuntu.com/pro
082154.717: [08:21:54]
082154.717: [08:21:54]扩展安全维护（ESM）Applications 未启用。
082154.717: [08:21:54]
082154.717: [08:21:54]0 更新可以立即应用。
082154.717: [08:21:54]
082154.717: [08:21:54]启用 ESM Apps 来获取未来的额外安全更新
082154.718: [08:21:54]请参见 https://ubuntu.com/esm 或者运行: sudo pro status
082154.718: [08:21:54]
082154.718: [08:21:54]*** 需要重启系统 ***
082154.718: [08:21:54]Last login: Wed Mar 25 08:16:44 2026 from 192.168.6.173
082703.307: [08:27:03][202603101-172.16.101.46-08:27:03]
082703.317: [08:27:03]Welcome to Ubuntu 24.04.4 LTS (GNU/Linux 6.11.0-17-generic x86_64)
082703.317: [08:27:03]
082703.317: [08:27:03] * Documentation:  https://help.ubuntu.com
082703.317: [08:27:03] * Management:     https://landscape.canonical.com
082703.317: [08:27:03] * Support:        https://ubuntu.com/pro
082703.317: [08:27:03]
082703.317: [08:27:03]扩展安全维护（ESM）Applications 未启用。
082703.317: [08:27:03]
082703.317: [08:27:03]0 更新可以立即应用。
082703.317: [08:27:03]
082703.317: [08:27:03]启用 ESM Apps 来获取未来的额外安全更新
082703.317: [08:27:03]请参见 https://ubuntu.com/esm 或者运行: sudo pro status
082703.317: [08:27:03]
082703.317: [08:27:03]*** 需要重启系统 ***
082703.317: [08:27:03]Last login: Wed Mar 25 08:21:54 2026 from 192.168.6.173
083220.241: [08:32:20][202603101-172.16.101.46-08:32:20]
083220.253: [08:32:20]Welcome to Ubuntu 24.04.4 LTS (GNU/Linux 6.11.0-17-generic x86_64)
083220.253: [08:32:20]
083220.253: [08:32:20] * Documentation:  https://help.ubuntu.com
083220.253: [08:32:20] * Management:     https://landscape.canonical.com
083220.254: [08:32:20] * Support:        https://ubuntu.com/pro
083220.254: [08:32:20]
083220.254: [08:32:20]扩展安全维护（ESM）Applications 未启用。
083220.254: [08:32:20]
083220.254: [08:32:20]0 更新可以立即应用。
083220.254: [08:32:20]
083220.254: [08:32:20]启用 ESM Apps 来获取未来的额外安全更新
083220.254: [08:32:20]请参见 https://ubuntu.com/esm 或者运行: sudo pro status
083220.254: [08:32:20]
083220.254: [08:32:20]*** 需要重启系统 ***
083220.254: [08:32:20]Last login: Wed Mar 25 08:27:03 2026 from 192.168.6.173
083736.698: [08:37:36][202603101-172.16.101.46-08:37:36]
083736.714: [08:37:36]Welcome to Ubuntu 24.04.4 LTS (GNU/Linux 6.11.0-17-generic x86_64)
083736.714: [08:37:36]
083736.714: [08:37:36] * Documentation:  https://help.ubuntu.com
083736.714: [08:37:36] * Management:     https://landscape.canonical.com
083736.714: [08:37:36] * Support:        https://ubuntu.com/pro
083736.714: [08:37:36]
083736.714: [08:37:36]扩展安全维护（ESM）Applications 未启用。
083736.714: [08:37:36]
083736.714: [08:37:36]0 更新可以立即应用。
083736.714: [08:37:36]
083736.714: [08:37:36]启用 ESM Apps 来获取未来的额外安全更新
083736.714: [08:37:36]请参见 https://ubuntu.com/esm 或者运行: sudo pro status
083736.714: [08:37:36]
083736.714: [08:37:36]*** 需要重启系统 ***
083736.715: [08:37:36]Last login: Wed Mar 25 08:32:20 2026 from 192.168.6.173
084248.710: [08:42:48][202603101-172.16.101.46-08:42:48]
084248.721: [08:42:48]Welcome to Ubuntu 24.04.4 LTS (GNU/Linux 6.11.0-17-generic x86_64)
084248.721: [08:42:48]
084248.721: [08:42:48] * Documentation:  https://help.ubuntu.com
084248.722: [08:42:48] * Management:     https://landscape.canonical.com
084248.722: [08:42:48] * Support:        https://ubuntu.com/pro
084248.722: [08:42:48]
084248.722: [08:42:48]扩展安全维护（ESM）Applications 未启用。
084248.722: [08:42:48]
084248.722: [08:42:48]0 更新可以立即应用。
084248.722: [08:42:48]
084248.723: [08:42:48]启用 ESM Apps 来获取未来的额外安全更新
084248.723: [08:42:48]请参见 https://ubuntu.com/esm 或者运行: sudo pro status
084248.723: [08:42:48]
084248.724: [08:42:48]*** 需要重启系统 ***
084248.724: [08:42:48]Last login: Wed Mar 25 08:37:36 2026 from 192.168.6.173
084759.299: [08:47:59][202603101-172.16.101.46-08:47:59]
084759.322: [08:47:59]Welcome to Ubuntu 24.04.4 LTS (GNU/Linux 6.11.0-17-generic x86_64)
084759.322: [08:47:59]
084759.322: [08:47:59] * Documentation:  https://help.ubuntu.com
084759.322: [08:47:59] * Management:     https://landscape.canonical.com
084759.322: [08:47:59] * Support:        https://ubuntu.com/pro
084759.322: [08:47:59]
084759.322: [08:47:59]扩展安全维护（ESM）Applications 未启用。
084759.322: [08:47:59]
084759.323: [08:47:59]0 更新可以立即应用。
084759.323: [08:47:59]
084759.323: [08:47:59]启用 ESM Apps 来获取未来的额外安全更新
084759.323: [08:47:59]请参见 https://ubuntu.com/esm 或者运行: sudo pro status
084759.323: [08:47:59]
084759.323: [08:47:59]*** 需要重启系统 ***
084759.324: [08:47:59]Last login: Wed Mar 25 08:42:48 2026 from 192.168.6.173
085258.691: [08:52:58][202603101-172.16.101.46-08:52:58]
085258.700: [08:52:58]Welcome to Ubuntu 24.04.4 LTS (GNU/Linux 6.11.0-17-generic x86_64)
085258.700: [08:52:58]
085258.700: [08:52:58] * Documentation:  https://help.ubuntu.com
085258.700: [08:52:58] * Management:     https://landscape.canonical.com
085258.700: [08:52:58] * Support:        https://ubuntu.com/pro
085258.701: [08:52:58]
085258.701: [08:52:58]扩展安全维护（ESM）Applications 未启用。
085258.701: [08:52:58]
085258.701: [08:52:58]0 更新可以立即应用。
085258.701: [08:52:58]
085258.701: [08:52:58]启用 ESM Apps 来获取未来的额外安全更新
085258.702: [08:52:58]请参见 https://ubuntu.com/esm 或者运行: sudo pro status
085258.702: [08:52:58]
085258.702: [08:52:58]*** 需要重启系统 ***
085258.702: [08:52:58]Last login: Wed Mar 25 08:47:59 2026 from 192.168.6.173
085811.371: [08:58:11][202603101-172.16.101.46-08:58:11]
085811.397: [08:58:11]Welcome to Ubuntu 24.04.4 LTS (GNU/Linux 6.11.0-17-generic x86_64)
085811.397: [08:58:11]
085811.397: [08:58:11] * Documentation:  https://help.ubuntu.com
085811.397: [08:58:11] * Management:     https://landscape.canonical.com
085811.398: [08:58:11] * Support:        https://ubuntu.com/pro
085811.398: [08:58:11]
085811.398: [08:58:11]扩展安全维护（ESM）Applications 未启用。
085811.398: [08:58:11]
085811.398: [08:58:11]0 更新可以立即应用。
085811.398: [08:58:11]
085811.399: [08:58:11]启用 ESM Apps 来获取未来的额外安全更新
085811.399: [08:58:11]请参见 https://ubuntu.com/esm 或者运行: sudo pro status
085811.399: [08:58:11]
085811.399: [08:58:11]*** 需要重启系统 ***
085811.400: [08:58:11]Last login: Wed Mar 25 08:52:58 2026 from 192.168.6.173
090320.631: [09:03:20][202603101-172.16.101.46-09:03:20]
090320.772: [09:03:20]Welcome to Ubuntu 24.04.4 LTS (GNU/Linux 6.11.0-17-generic x86_64)
090320.772: [09:03:20]
090320.772: [09:03:20] * Documentation:  https://help.ubuntu.com
090320.772: [09:03:20] * Management:     https://landscape.canonical.com
090320.772: [09:03:20] * Support:        https://ubuntu.com/pro
090320.772: [09:03:20]
090320.773: [09:03:20]扩展安全维护（ESM）Applications 未启用。
090320.773: [09:03:20]
090320.773: [09:03:20]0 更新可以立即应用。
090320.773: [09:03:20]
090320.773: [09:03:20]启用 ESM Apps 来获取未来的额外安全更新
090320.773: [09:03:20]请参见 https://ubuntu.com/esm 或者运行: sudo pro status
090320.773: [09:03:20]
090320.773: [09:03:20]*** 需要重启系统 ***
090320.773: [09:03:20]Last login: Wed Mar 25 08:58:11 2026 from 192.168.6.173
091406.214: [09:14:06][202603101-172.16.101.46-09:14:06]
091406.224: [09:14:06]Welcome to Ubuntu 24.04.4 LTS (GNU/Linux 6.11.0-17-generic x86_64)
091406.224: [09:14:06]
091406.224: [09:14:06] * Documentation:  https://help.ubuntu.com
091406.224: [09:14:06] * Management:     https://landscape.canonical.com
091406.224: [09:14:06] * Support:        https://ubuntu.com/pro
091406.224: [09:14:06]
091406.224: [09:14:06]扩展安全维护（ESM）Applications 未启用。
091406.224: [09:14:06]
091406.224: [09:14:06]0 更新可以立即应用。
091406.224: [09:14:06]
091406.224: [09:14:06]启用 ESM Apps 来获取未来的额外安全更新
091406.225: [09:14:06]请参见 https://ubuntu.com/esm 或者运行: sudo pro status
091406.225: [09:14:06]
091406.225: [09:14:06]*** 需要重启系统 ***
091406.225: [09:14:06]Last login: Wed Mar 25 09:03:20 2026 from 192.168.6.173
091856.244: [09:18:56][202603101-172.16.101.46-09:18:56]
091856.266: [09:18:56]Welcome to Ubuntu 24.04.4 LTS (GNU/Linux 6.11.0-17-generic x86_64)
091856.266: [09:18:56]
091856.266: [09:18:56] * Documentation:  https://help.ubuntu.com
091856.267: [09:18:56] * Management:     https://landscape.canonical.com
091856.267: [09:18:56] * Support:        https://ubuntu.com/pro
091856.267: [09:18:56]
091856.267: [09:18:56]扩展安全维护（ESM）Applications 未启用。
091856.267: [09:18:56]
091856.268: [09:18:56]0 更新可以立即应用。
091856.268: [09:18:56]
091856.268: [09:18:56]启用 ESM Apps 来获取未来的额外安全更新
091856.268: [09:18:56]请参见 https://ubuntu.com/esm 或者运行: sudo pro status
091856.268: [09:18:56]
091856.268: [09:18:56]*** 需要重启系统 ***
091856.269: [09:18:56]Last login: Wed Mar 25 09:14:06 2026 from 192.168.6.173
092415.253: [09:24:15][202603101-172.16.101.46-09:24:15]
092415.296: [09:24:15]Welcome to Ubuntu 24.04.4 LTS (GNU/Linux 6.11.0-17-generic x86_64)
092415.296: [09:24:15]
092415.296: [09:24:15] * Documentation:  https://help.ubuntu.com
092415.296: [09:24:15] * Management:     https://landscape.canonical.com
092415.296: [09:24:15] * Support:        https://ubuntu.com/pro
092415.296: [09:24:15]
092415.296: [09:24:15]扩展安全维护（ESM）Applications 未启用。
092415.296: [09:24:15]
092415.296: [09:24:15]0 更新可以立即应用。
092415.296: [09:24:15]
092415.296: [09:24:15]启用 ESM Apps 来获取未来的额外安全更新
092415.296: [09:24:15]请参见 https://ubuntu.com/esm 或者运行: sudo pro status
092415.296: [09:24:15]
092415.296: [09:24:15]*** 需要重启系统 ***
092415.297: [09:24:15]Last login: Wed Mar 25 09:18:56 2026 from 192.168.6.173
092918.760: [09:29:18][202603101-172.16.101.46-09:29:18]
092918.786: [09:29:18]Welcome to Ubuntu 24.04.4 LTS (GNU/Linux 6.11.0-17-generic x86_64)
092918.786: [09:29:18]
092918.786: [09:29:18] * Documentation:  https://help.ubuntu.com
092918.787: [09:29:18] * Management:     https://landscape.canonical.com
092918.787: [09:29:18] * Support:        https://ubuntu.com/pro
092918.787: [09:29:18]
092918.787: [09:29:18]扩展安全维护（ESM）Applications 未启用。
092918.787: [09:29:18]
092918.788: [09:29:18]0 更新可以立即应用。
092918.788: [09:29:18]
092918.788: [09:29:18]启用 ESM Apps 来获取未来的额外安全更新
092918.788: [09:29:18]请参见 https://ubuntu.com/esm 或者运行: sudo pro status
092918.788: [09:29:18]
092918.788: [09:29:18]*** 需要重启系统 ***
092918.789: [09:29:18]Last login: Wed Mar 25 09:24:15 2026 from 192.168.6.173
093428.244: [09:34:28][202603101-172.16.101.46-09:34:28]
093428.261: [09:34:28]Welcome to Ubuntu 24.04.4 LTS (GNU/Linux 6.11.0-17-generic x86_64)
093428.261: [09:34:28]
093428.262: [09:34:28] * Documentation:  https://help.ubuntu.com
093428.262: [09:34:28] * Management:     https://landscape.canonical.com
093428.262: [09:34:28] * Support:        https://ubuntu.com/pro
093428.262: [09:34:28]
093428.262: [09:34:28]扩展安全维护（ESM）Applications 未启用。
093428.262: [09:34:28]
093428.262: [09:34:28]0 更新可以立即应用。
093428.262: [09:34:28]
093428.262: [09:34:28]启用 ESM Apps 来获取未来的额外安全更新
093428.263: [09:34:28]请参见 https://ubuntu.com/esm 或者运行: sudo pro status
093428.263: [09:34:28]
093428.263: [09:34:28]*** 需要重启系统 ***
093428.263: [09:34:28]Last login: Wed Mar 25 09:29:18 2026 from 192.168.6.173
093937.731: [09:39:37][202603101-172.16.101.46-09:39:37]
093937.761: [09:39:37]Welcome to Ubuntu 24.04.4 LTS (GNU/Linux 6.11.0-17-generic x86_64)
093937.761: [09:39:37]
093937.761: [09:39:37] * Documentation:  https://help.ubuntu.com
093937.761: [09:39:37] * Management:     https://landscape.canonical.com
093937.762: [09:39:37] * Support:        https://ubuntu.com/pro
093937.762: [09:39:37]
093937.762: [09:39:37]扩展安全维护（ESM）Applications 未启用。
093937.762: [09:39:37]
093937.762: [09:39:37]0 更新可以立即应用。
093937.762: [09:39:37]
093937.763: [09:39:37]启用 ESM Apps 来获取未来的额外安全更新
093937.763: [09:39:37]请参见 https://ubuntu.com/esm 或者运行: sudo pro status
093937.763: [09:39:37]
093937.763: [09:39:37]*** 需要重启系统 ***
093937.764: [09:39:37]Last login: Wed Mar 25 09:34:28 2026 from 192.168.6.173
094447.301: [09:44:47][202603101-172.16.101.46-09:44:47]
094447.340: [09:44:47]Welcome to Ubuntu 24.04.4 LTS (GNU/Linux 6.11.0-17-generic x86_64)
094447.341: [09:44:47]
094447.341: [09:44:47] * Documentation:  https://help.ubuntu.com
094447.341: [09:44:47] * Management:     https://landscape.canonical.com
094447.341: [09:44:47] * Support:        https://ubuntu.com/pro
094447.341: [09:44:47]
094447.342: [09:44:47]扩展安全维护（ESM）Applications 未启用。
094447.342: [09:44:47]
094447.342: [09:44:47]0 更新可以立即应用。
094447.342: [09:44:47]
094447.342: [09:44:47]启用 ESM Apps 来获取未来的额外安全更新
094447.342: [09:44:47]请参见 https://ubuntu.com/esm 或者运行: sudo pro status
094447.342: [09:44:47]
094447.343: [09:44:47]*** 需要重启系统 ***
094447.343: [09:44:47]Last login: Wed Mar 25 09:39:37 2026 from 192.168.6.173
094959.058: [09:49:59][202603101-172.16.101.46-09:49:59]
094959.069: [09:49:59]Welcome to Ubuntu 24.04.4 LTS (GNU/Linux 6.11.0-17-generic x86_64)
094959.069: [09:49:59]
094959.069: [09:49:59] * Documentation:  https://help.ubuntu.com
094959.069: [09:49:59] * Management:     https://landscape.canonical.com
094959.069: [09:49:59] * Support:        https://ubuntu.com/pro
094959.069: [09:49:59]
094959.070: [09:49:59]扩展安全维护（ESM）Applications 未启用。
094959.070: [09:49:59]
094959.070: [09:49:59]0 更新可以立即应用。
094959.070: [09:49:59]
094959.070: [09:49:59]启用 ESM Apps 来获取未来的额外安全更新
094959.070: [09:49:59]请参见 https://ubuntu.com/esm 或者运行: sudo pro status
094959.070: [09:49:59]
094959.070: [09:49:59]*** 需要重启系统 ***
094959.071: [09:49:59]Last login: Wed Mar 25 09:44:47 2026 from 192.168.6.173
