000844.741: [00:08:44]<H3C>
000844.743: [00:08:44]Inactive timeout reached, logging out.
000850.636: [00:08:50][202602192.168.2.254-00:08:50]
000851.661: [00:08:51]
000851.669: [00:08:51]******************************************************************************
000851.670: [00:08:51]* Copyright (c) 2004-2024 New H3C Technologies Co., Ltd. All rights reserved.*
000851.670: [00:08:51]* Without the owner's prior written consent,                                 *
000851.670: [00:08:51]* no decompiling or reverse-engineering shall be allowed.                    *
000851.670: [00:08:51]******************************************************************************
000851.670: [00:08:51]
001853.451: [00:18:53]<H3C>
001853.451: [00:18:53]Inactive timeout reached, logging out.
001858.897: [00:18:58][202602192.168.2.254-00:18:58]
001859.924: [00:18:59]
001859.924: [00:18:59]******************************************************************************
001859.924: [00:18:59]* Copyright (c) 2004-2024 New H3C Technologies Co., Ltd. All rights reserved.*
001859.924: [00:18:59]* Without the owner's prior written consent,                                 *
001859.925: [00:18:59]* no decompiling or reverse-engineering shall be allowed.                    *
001859.925: [00:18:59]******************************************************************************
001859.925: [00:18:59]
002901.710: [00:29:01]<H3C>
002901.711: [00:29:01]Inactive timeout reached, logging out.
002907.572: [00:29:07][202602192.168.2.254-00:29:07]
002908.598: [00:29:08]
002908.599: [00:29:08]******************************************************************************
002908.599: [00:29:08]* Copyright (c) 2004-2024 New H3C Technologies Co., Ltd. All rights reserved.*
002908.599: [00:29:08]* Without the owner's prior written consent,                                 *
002908.599: [00:29:08]* no decompiling or reverse-engineering shall be allowed.                    *
002908.600: [00:29:08]******************************************************************************
002908.600: [00:29:08]
003910.514: [00:39:10]<H3C>
003910.515: [00:39:10]Inactive timeout reached, logging out.
003915.852: [00:39:15][202602192.168.2.254-00:39:15]
003916.882: [00:39:16]
003916.882: [00:39:16]******************************************************************************
003916.882: [00:39:16]* Copyright (c) 2004-2024 New H3C Technologies Co., Ltd. All rights reserved.*
003916.882: [00:39:16]* Without the owner's prior written consent,                                 *
003916.882: [00:39:16]* no decompiling or reverse-engineering shall be allowed.                    *
003916.882: [00:39:16]******************************************************************************
003916.882: [00:39:16]
004918.939: [00:49:18]<H3C>
004918.940: [00:49:18]Inactive timeout reached, logging out.
004924.471: [00:49:24][202602192.168.2.254-00:49:24]
004925.499: [00:49:25]
004925.500: [00:49:25]******************************************************************************
004925.500: [00:49:25]* Copyright (c) 2004-2024 New H3C Technologies Co., Ltd. All rights reserved.*
004925.500: [00:49:25]* Without the owner's prior written consent,                                 *
004925.500: [00:49:25]* no decompiling or reverse-engineering shall be allowed.                    *
004925.500: [00:49:25]******************************************************************************
004925.500: [00:49:25]
005927.298: [00:59:27]<H3C>
005927.301: [00:59:27]Inactive timeout reached, logging out.
005932.862: [00:59:32][202602192.168.2.254-00:59:32]
005933.887: [00:59:33]
005933.887: [00:59:33]******************************************************************************
005933.887: [00:59:33]* Copyright (c) 2004-2024 New H3C Technologies Co., Ltd. All rights reserved.*
005933.888: [00:59:33]* Without the owner's prior written consent,                                 *
005933.888: [00:59:33]* no decompiling or reverse-engineering shall be allowed.                    *
005933.888: [00:59:33]******************************************************************************
005933.888: [00:59:33]
010935.778: [01:09:35]<H3C>
010941.436: [01:09:41][202602192.168.2.254-01:09:41]
010942.461: [01:09:42]
010942.462: [01:09:42]******************************************************************************
010942.462: [01:09:42]* Copyright (c) 2004-2024 New H3C Technologies Co., Ltd. All rights reserved.*
010942.462: [01:09:42]* Without the owner's prior written consent,                                 *
010942.463: [01:09:42]* no decompiling or reverse-engineering shall be allowed.                    *
010942.463: [01:09:42]******************************************************************************
010942.463: [01:09:42]
011944.379: [01:19:44]<H3C>
011944.379: [01:19:44]Inactive timeout reached, logging out.
011949.839: [01:19:49][202602192.168.2.254-01:19:49]
011950.865: [01:19:50]
011950.871: [01:19:50]******************************************************************************
011950.872: [01:19:50]* Copyright (c) 2004-2024 New H3C Technologies Co., Ltd. All rights reserved.*
011950.872: [01:19:50]* Without the owner's prior written consent,                                 *
011950.872: [01:19:50]* no decompiling or reverse-engineering shall be allowed.                    *
011950.872: [01:19:50]******************************************************************************
011950.872: [01:19:50]
012952.769: [01:29:52]<H3C>
012952.770: [01:29:52]Inactive timeout reached, logging out.
012958.605: [01:29:58][202602192.168.2.254-01:29:58]
012959.631: [01:29:59]
012959.632: [01:29:59]******************************************************************************
012959.632: [01:29:59]* Copyright (c) 2004-2024 New H3C Technologies Co., Ltd. All rights reserved.*
012959.632: [01:29:59]* Without the owner's prior written consent,                                 *
012959.632: [01:29:59]* no decompiling or reverse-engineering shall be allowed.                    *
012959.632: [01:29:59]******************************************************************************
012959.632: [01:29:59]
014001.449: [01:40:01]<H3C>
014001.449: [01:40:01]Inactive timeout reached, logging out.
014006.827: [01:40:06][202602192.168.2.254-01:40:06]
014007.852: [01:40:07]
014007.858: [01:40:07]******************************************************************************
014007.858: [01:40:07]* Copyright (c) 2004-2024 New H3C Technologies Co., Ltd. All rights reserved.*
014007.858: [01:40:07]* Without the owner's prior written consent,                                 *
014007.858: [01:40:07]* no decompiling or reverse-engineering shall be allowed.                    *
014007.858: [01:40:07]******************************************************************************
014007.858: [01:40:07]
015009.630: [01:50:09]<H3C>
015009.631: [01:50:09]Inactive timeout reached, logging out.
015014.867: [01:50:14][202602192.168.2.254-01:50:14]
015015.897: [01:50:15]
015015.904: [01:50:15]******************************************************************************
015015.904: [01:50:15]* Copyright (c) 2004-2024 New H3C Technologies Co., Ltd. All rights reserved.*
015015.905: [01:50:15]* Without the owner's prior written consent,                                 *
015015.905: [01:50:15]* no decompiling or reverse-engineering shall be allowed.                    *
015015.905: [01:50:15]******************************************************************************
015015.905: [01:50:15]
020017.833: [02:00:17]<H3C>
020017.834: [02:00:17]Inactive timeout reached, logging out.
020023.296: [02:00:23][202602192.168.2.254-02:00:23]
020024.323: [02:00:24]
020024.328: [02:00:24]******************************************************************************
020024.328: [02:00:24]* Copyright (c) 2004-2024 New H3C Technologies Co., Ltd. All rights reserved.*
020024.328: [02:00:24]* Without the owner's prior written consent,                                 *
020024.328: [02:00:24]* no decompiling or reverse-engineering shall be allowed.                    *
020024.329: [02:00:24]******************************************************************************
020024.329: [02:00:24]
021026.086: [02:10:26]<H3C>
021026.087: [02:10:26]Inactive timeout reached, logging out.
021031.750: [02:10:31][202602192.168.2.254-02:10:31]
021032.799: [02:10:32]
021032.807: [02:10:32]******************************************************************************
021032.808: [02:10:32]* Copyright (c) 2004-2024 New H3C Technologies Co., Ltd. All rights reserved.*
021032.808: [02:10:32]* Without the owner's prior written consent,                                 *
021032.808: [02:10:32]* no decompiling or reverse-engineering shall be allowed.                    *
021032.808: [02:10:32]******************************************************************************
021032.808: [02:10:32]
022035.394: [02:20:35]<H3C>
022035.395: [02:20:35]Inactive timeout reached, logging out.
022041.075: [02:20:41][202602192.168.2.254-02:20:41]
022042.115: [02:20:42]
022042.116: [02:20:42]******************************************************************************
022042.116: [02:20:42]* Copyright (c) 2004-2024 New H3C Technologies Co., Ltd. All rights reserved.*
022042.116: [02:20:42]* Without the owner's prior written consent,                                 *
022042.116: [02:20:42]* no decompiling or reverse-engineering shall be allowed.                    *
022042.116: [02:20:42]******************************************************************************
022042.116: [02:20:42]
023044.601: [02:30:44]<H3C>
023044.602: [02:30:44]Inactive timeout reached, logging out.
023050.088: [02:30:50][202602192.168.2.254-02:30:50]
023051.118: [02:30:51]
023051.118: [02:30:51]******************************************************************************
023051.118: [02:30:51]* Copyright (c) 2004-2024 New H3C Technologies Co., Ltd. All rights reserved.*
023051.119: [02:30:51]* Without the owner's prior written consent,                                 *
023051.119: [02:30:51]* no decompiling or reverse-engineering shall be allowed.                    *
023051.119: [02:30:51]******************************************************************************
023051.119: [02:30:51]
024054.001: [02:40:54]<H3C>
024054.005: [02:40:54]Inactive timeout reached, logging out.
024059.670: [02:40:59][202602192.168.2.254-02:40:59]
024100.697: [02:41:00]
024100.707: [02:41:00]******************************************************************************
024100.707: [02:41:00]* Copyright (c) 2004-2024 New H3C Technologies Co., Ltd. All rights reserved.*
024100.708: [02:41:00]* Without the owner's prior written consent,                                 *
024100.708: [02:41:00]* no decompiling or reverse-engineering shall be allowed.                    *
024100.708: [02:41:00]******************************************************************************
024100.709: [02:41:00]
025103.361: [02:51:03]<H3C>
025103.361: [02:51:03]Inactive timeout reached, logging out.
025108.995: [02:51:08][202602192.168.2.254-02:51:08]
025110.061: [02:51:10]
025110.067: [02:51:10]******************************************************************************
025110.068: [02:51:10]* Copyright (c) 2004-2024 New H3C Technologies Co., Ltd. All rights reserved.*
025110.068: [02:51:10]* Without the owner's prior written consent,                                 *
025110.068: [02:51:10]* no decompiling or reverse-engineering shall be allowed.                    *
025110.068: [02:51:10]******************************************************************************
025110.068: [02:51:10]
030112.940: [03:01:12]<H3C>
030112.941: [03:01:12]Inactive timeout reached, logging out.
030118.598: [03:01:18][202602192.168.2.254-03:01:18]
030119.625: [03:01:19]
030119.633: [03:01:19]******************************************************************************
030119.633: [03:01:19]* Copyright (c) 2004-2024 New H3C Technologies Co., Ltd. All rights reserved.*
030119.633: [03:01:19]* Without the owner's prior written consent,                                 *
030119.634: [03:01:19]* no decompiling or reverse-engineering shall be allowed.                    *
030119.634: [03:01:19]******************************************************************************
030119.634: [03:01:19]
031122.135: [03:11:22]<H3C>
031122.136: [03:11:22]Inactive timeout reached, logging out.
031128.002: [03:11:28][202602192.168.2.254-03:11:28]
031129.041: [03:11:29]
031129.042: [03:11:29]******************************************************************************
031129.042: [03:11:29]* Copyright (c) 2004-2024 New H3C Technologies Co., Ltd. All rights reserved.*
031129.042: [03:11:29]* Without the owner's prior written consent,                                 *
031129.042: [03:11:29]* no decompiling or reverse-engineering shall be allowed.                    *
031129.042: [03:11:29]******************************************************************************
031129.042: [03:11:29]
032131.616: [03:21:31]<H3C>
032131.617: [03:21:31]Inactive timeout reached, logging out.
032137.139: [03:21:37][202602192.168.2.254-03:21:37]
032138.175: [03:21:38]
032138.183: [03:21:38]******************************************************************************
032138.183: [03:21:38]* Copyright (c) 2004-2024 New H3C Technologies Co., Ltd. All rights reserved.*
032138.183: [03:21:38]* Without the owner's prior written consent,                                 *
032138.184: [03:21:38]* no decompiling or reverse-engineering shall be allowed.                    *
032138.184: [03:21:38]******************************************************************************
032138.184: [03:21:38]
033140.718: [03:31:40]<H3C>
033140.719: [03:31:40]Inactive timeout reached, logging out.
033147.159: [03:31:47][202602192.168.2.254-03:31:47]
033148.185: [03:31:48]
033148.185: [03:31:48]******************************************************************************
033148.185: [03:31:48]* Copyright (c) 2004-2024 New H3C Technologies Co., Ltd. All rights reserved.*
033148.185: [03:31:48]* Without the owner's prior written consent,                                 *
033148.185: [03:31:48]* no decompiling or reverse-engineering shall be allowed.                    *
033148.186: [03:31:48]******************************************************************************
033148.186: [03:31:48]
034151.728: [03:41:51]<H3C>
034151.729: [03:41:51]Inactive timeout reached, logging out.
034158.008: [03:41:58][202602192.168.2.254-03:41:58]
034159.032: [03:41:59]
034159.040: [03:41:59]******************************************************************************
034159.040: [03:41:59]* Copyright (c) 2004-2024 New H3C Technologies Co., Ltd. All rights reserved.*
034159.040: [03:41:59]* Without the owner's prior written consent,                                 *
034159.041: [03:41:59]* no decompiling or reverse-engineering shall be allowed.                    *
034159.041: [03:41:59]******************************************************************************
034159.041: [03:41:59]
035202.622: [03:52:02]<H3C>
035202.623: [03:52:02]Inactive timeout reached, logging out.
035208.437: [03:52:08][202602192.168.2.254-03:52:08]
035209.477: [03:52:09]
035209.482: [03:52:09]******************************************************************************
035209.482: [03:52:09]* Copyright (c) 2004-2024 New H3C Technologies Co., Ltd. All rights reserved.*
035209.482: [03:52:09]* Without the owner's prior written consent,                                 *
035209.482: [03:52:09]* no decompiling or reverse-engineering shall be allowed.                    *
035209.482: [03:52:09]******************************************************************************
035209.482: [03:52:09]
040213.123: [04:02:13]<H3C>
040213.124: [04:02:13]Inactive timeout reached, logging out.
040219.170: [04:02:19][202602192.168.2.254-04:02:19]
040220.218: [04:02:20]
040220.224: [04:02:20]******************************************************************************
040220.225: [04:02:20]* Copyright (c) 2004-2024 New H3C Technologies Co., Ltd. All rights reserved.*
040220.225: [04:02:20]* Without the owner's prior written consent,                                 *
040220.225: [04:02:20]* no decompiling or reverse-engineering shall be allowed.                    *
040220.225: [04:02:20]******************************************************************************
040220.225: [04:02:20]
041224.028: [04:12:24]<H3C>
041224.029: [04:12:24]Inactive timeout reached, logging out.
041229.820: [04:12:29][202602192.168.2.254-04:12:29]
041230.871: [04:12:30]
041230.877: [04:12:30]******************************************************************************
041230.877: [04:12:30]* Copyright (c) 2004-2024 New H3C Technologies Co., Ltd. All rights reserved.*
041230.877: [04:12:30]* Without the owner's prior written consent,                                 *
041230.877: [04:12:30]* no decompiling or reverse-engineering shall be allowed.                    *
041230.878: [04:12:30]******************************************************************************
041230.878: [04:12:30]
042233.731: [04:22:33]<H3C>
042233.732: [04:22:33]Inactive timeout reached, logging out.
042239.815: [04:22:39][202602192.168.2.254-04:22:39]
042240.843: [04:22:40]
042240.852: [04:22:40]******************************************************************************
042240.852: [04:22:40]* Copyright (c) 2004-2024 New H3C Technologies Co., Ltd. All rights reserved.*
042240.852: [04:22:40]* Without the owner's prior written consent,                                 *
042240.852: [04:22:40]* no decompiling or reverse-engineering shall be allowed.                    *
042240.853: [04:22:40]******************************************************************************
042240.853: [04:22:40]
043243.647: [04:32:43]<H3C>
043243.648: [04:32:43]Inactive timeout reached, logging out.
043249.218: [04:32:49][202602192.168.2.254-04:32:49]
043250.392: [04:32:50]
043250.392: [04:32:50]******************************************************************************
043250.393: [04:32:50]* Copyright (c) 2004-2024 New H3C Technologies Co., Ltd. All rights reserved.*
043250.393: [04:32:50]* Without the owner's prior written consent,                                 *
043250.393: [04:32:50]* no decompiling or reverse-engineering shall be allowed.                    *
043250.393: [04:32:50]******************************************************************************
043250.393: [04:32:50]
044253.634: [04:42:53]<H3C>
044253.635: [04:42:53]Inactive timeout reached, logging out.
044259.172: [04:42:59][202602192.168.2.254-04:42:59]
044300.197: [04:43:00]
044300.205: [04:43:00]******************************************************************************
044300.206: [04:43:00]* Copyright (c) 2004-2024 New H3C Technologies Co., Ltd. All rights reserved.*
044300.206: [04:43:00]* Without the owner's prior written consent,                                 *
044300.206: [04:43:00]* no decompiling or reverse-engineering shall be allowed.                    *
044300.206: [04:43:00]******************************************************************************
044300.206: [04:43:00]
045302.825: [04:53:02]<H3C>
045302.826: [04:53:02]Inactive timeout reached, logging out.
045308.526: [04:53:08][202602192.168.2.254-04:53:08]
045309.553: [04:53:09]
045309.553: [04:53:09]******************************************************************************
045309.553: [04:53:09]* Copyright (c) 2004-2024 New H3C Technologies Co., Ltd. All rights reserved.*
045309.553: [04:53:09]* Without the owner's prior written consent,                                 *
045309.553: [04:53:09]* no decompiling or reverse-engineering shall be allowed.                    *
045309.554: [04:53:09]******************************************************************************
045309.554: [04:53:09]
050311.925: [05:03:11]<H3C>
050311.926: [05:03:11]Inactive timeout reached, logging out.
050318.099: [05:03:18][202602192.168.2.254-05:03:18]
050319.168: [05:03:19]
050319.169: [05:03:19]******************************************************************************
050319.169: [05:03:19]* Copyright (c) 2004-2024 New H3C Technologies Co., Ltd. All rights reserved.*
050319.169: [05:03:19]* Without the owner's prior written consent,                                 *
050319.169: [05:03:19]* no decompiling or reverse-engineering shall be allowed.                    *
050319.169: [05:03:19]******************************************************************************
050319.169: [05:03:19]
051323.024: [05:13:23]<H3C>
051323.025: [05:13:23]Inactive timeout reached, logging out.
051328.753: [05:13:28][202602192.168.2.254-05:13:28]
051329.822: [05:13:29]
051329.822: [05:13:29]******************************************************************************
051329.822: [05:13:29]* Copyright (c) 2004-2024 New H3C Technologies Co., Ltd. All rights reserved.*
051329.822: [05:13:29]* Without the owner's prior written consent,                                 *
051329.822: [05:13:29]* no decompiling or reverse-engineering shall be allowed.                    *
051329.823: [05:13:29]******************************************************************************
051329.823: [05:13:29]
052332.033: [05:23:32]<H3C>
052332.035: [05:23:32]Inactive timeout reached, logging out.
052337.716: [05:23:37][202602192.168.2.254-05:23:37]
052338.740: [05:23:38]
052338.746: [05:23:38]******************************************************************************
052338.747: [05:23:38]* Copyright (c) 2004-2024 New H3C Technologies Co., Ltd. All rights reserved.*
052338.747: [05:23:38]* Without the owner's prior written consent,                                 *
052338.747: [05:23:38]* no decompiling or reverse-engineering shall be allowed.                    *
052338.747: [05:23:38]******************************************************************************
052338.747: [05:23:38]
053341.715: [05:33:41]<H3C>
053341.716: [05:33:41]Inactive timeout reached, logging out.
053347.193: [05:33:47][202602192.168.2.254-05:33:47]
053348.218: [05:33:48]
053348.218: [05:33:48]******************************************************************************
053348.219: [05:33:48]* Copyright (c) 2004-2024 New H3C Technologies Co., Ltd. All rights reserved.*
053348.219: [05:33:48]* Without the owner's prior written consent,                                 *
053348.219: [05:33:48]* no decompiling or reverse-engineering shall be allowed.                    *
053348.219: [05:33:48]******************************************************************************
053348.219: [05:33:48]
054350.694: [05:43:50]<H3C>
054350.695: [05:43:50]Inactive timeout reached, logging out.
054356.171: [05:43:56][202602192.168.2.254-05:43:56]
054357.195: [05:43:57]
054357.203: [05:43:57]******************************************************************************
054357.203: [05:43:57]* Copyright (c) 2004-2024 New H3C Technologies Co., Ltd. All rights reserved.*
054357.205: [05:43:57]* Without the owner's prior written consent,                                 *
054357.205: [05:43:57]* no decompiling or reverse-engineering shall be allowed.                    *
054357.205: [05:43:57]******************************************************************************
054357.205: [05:43:57]
055359.883: [05:53:59]<H3C>
055359.883: [05:53:59]Inactive timeout reached, logging out.
055405.606: [05:54:05][202602192.168.2.254-05:54:05]
055406.652: [05:54:06]
055406.657: [05:54:06]******************************************************************************
055406.657: [05:54:06]* Copyright (c) 2004-2024 New H3C Technologies Co., Ltd. All rights reserved.*
055406.658: [05:54:06]* Without the owner's prior written consent,                                 *
055406.658: [05:54:06]* no decompiling or reverse-engineering shall be allowed.                    *
055406.658: [05:54:06]******************************************************************************
055406.658: [05:54:06]
060409.582: [06:04:09]<H3C>
060409.583: [06:04:09]Inactive timeout reached, logging out.
060415.350: [06:04:15][202602192.168.2.254-06:04:15]
060416.378: [06:04:16]
060416.378: [06:04:16]******************************************************************************
060416.378: [06:04:16]* Copyright (c) 2004-2024 New H3C Technologies Co., Ltd. All rights reserved.*
060416.379: [06:04:16]* Without the owner's prior written consent,                                 *
060416.379: [06:04:16]* no decompiling or reverse-engineering shall be allowed.                    *
060416.379: [06:04:16]******************************************************************************
060416.379: [06:04:16]
061418.982: [06:14:18]<H3C>
061418.984: [06:14:18]Inactive timeout reached, logging out.
061424.744: [06:14:24][202602192.168.2.254-06:14:24]
061425.787: [06:14:25]
061425.794: [06:14:25]******************************************************************************
061425.794: [06:14:25]* Copyright (c) 2004-2024 New H3C Technologies Co., Ltd. All rights reserved.*
061425.794: [06:14:25]* Without the owner's prior written consent,                                 *
061425.794: [06:14:25]* no decompiling or reverse-engineering shall be allowed.                    *
061425.795: [06:14:25]******************************************************************************
061425.795: [06:14:25]
062428.873: [06:24:28]<H3C>
062428.874: [06:24:28]Inactive timeout reached, logging out.
062434.900: [06:24:34][202602192.168.2.254-06:24:34]
062435.929: [06:24:35]
062435.929: [06:24:35]******************************************************************************
062435.929: [06:24:35]* Copyright (c) 2004-2024 New H3C Technologies Co., Ltd. All rights reserved.*
062435.930: [06:24:35]* Without the owner's prior written consent,                                 *
062435.930: [06:24:35]* no decompiling or reverse-engineering shall be allowed.                    *
062435.930: [06:24:35]******************************************************************************
062435.930: [06:24:35]
063438.564: [06:34:38]<H3C>
063438.565: [06:34:38]Inactive timeout reached, logging out.
063444.434: [06:34:44][202602192.168.2.254-06:34:44]
063445.460: [06:34:45]
063445.460: [06:34:45]******************************************************************************
063445.460: [06:34:45]* Copyright (c) 2004-2024 New H3C Technologies Co., Ltd. All rights reserved.*
063445.460: [06:34:45]* Without the owner's prior written consent,                                 *
063445.461: [06:34:45]* no decompiling or reverse-engineering shall be allowed.                    *
063445.461: [06:34:45]******************************************************************************
063445.461: [06:34:45]
064447.982: [06:44:47]<H3C>
064447.983: [06:44:47]Inactive timeout reached, logging out.
064453.689: [06:44:53][202602192.168.2.254-06:44:53]
064454.735: [06:44:54]
064454.741: [06:44:54]******************************************************************************
064454.741: [06:44:54]* Copyright (c) 2004-2024 New H3C Technologies Co., Ltd. All rights reserved.*
064454.741: [06:44:54]* Without the owner's prior written consent,                                 *
064454.742: [06:44:54]* no decompiling or reverse-engineering shall be allowed.                    *
064454.742: [06:44:54]******************************************************************************
064454.742: [06:44:54]
065457.835: [06:54:57]<H3C>
065503.926: [06:55:03][202602192.168.2.254-06:55:03]
065504.954: [06:55:04]
065504.954: [06:55:04]******************************************************************************
065504.954: [06:55:04]* Copyright (c) 2004-2024 New H3C Technologies Co., Ltd. All rights reserved.*
065504.954: [06:55:04]* Without the owner's prior written consent,                                 *
065504.955: [06:55:04]* no decompiling or reverse-engineering shall be allowed.                    *
065504.955: [06:55:04]******************************************************************************
065504.955: [06:55:04]
070507.761: [07:05:07]<H3C>
070507.762: [07:05:07]Inactive timeout reached, logging out.
070513.599: [07:05:13][202602192.168.2.254-07:05:13]
070514.695: [07:05:14]
070514.695: [07:05:14]******************************************************************************
070514.695: [07:05:14]* Copyright (c) 2004-2024 New H3C Technologies Co., Ltd. All rights reserved.*
070514.695: [07:05:14]* Without the owner's prior written consent,                                 *
070514.696: [07:05:14]* no decompiling or reverse-engineering shall be allowed.                    *
070514.696: [07:05:14]******************************************************************************
070514.696: [07:05:14]
071517.160: [07:15:17]<H3C>
071517.161: [07:15:17]Inactive timeout reached, logging out.
071523.113: [07:15:23][202602192.168.2.254-07:15:23]
071524.143: [07:15:24]
071524.143: [07:15:24]******************************************************************************
071524.143: [07:15:24]* Copyright (c) 2004-2024 New H3C Technologies Co., Ltd. All rights reserved.*
071524.143: [07:15:24]* Without the owner's prior written consent,                                 *
071524.144: [07:15:24]* no decompiling or reverse-engineering shall be allowed.                    *
071524.144: [07:15:24]******************************************************************************
071524.144: [07:15:24]
072527.759: [07:25:27]<H3C>
072527.760: [07:25:27]Inactive timeout reached, logging out.
072533.847: [07:25:33][202602192.168.2.254-07:25:33]
072534.881: [07:25:34]
072534.881: [07:25:34]******************************************************************************
072534.882: [07:25:34]* Copyright (c) 2004-2024 New H3C Technologies Co., Ltd. All rights reserved.*
072534.882: [07:25:34]* Without the owner's prior written consent,                                 *
072534.882: [07:25:34]* no decompiling or reverse-engineering shall be allowed.                    *
072534.882: [07:25:34]******************************************************************************
072534.882: [07:25:34]
073537.926: [07:35:37]<H3C>
073537.927: [07:35:37]Inactive timeout reached, logging out.
073543.752: [07:35:43][202602192.168.2.254-07:35:43]
073544.785: [07:35:44]
073544.785: [07:35:44]******************************************************************************
073544.785: [07:35:44]* Copyright (c) 2004-2024 New H3C Technologies Co., Ltd. All rights reserved.*
073544.785: [07:35:44]* Without the owner's prior written consent,                                 *
073544.786: [07:35:44]* no decompiling or reverse-engineering shall be allowed.                    *
073544.786: [07:35:44]******************************************************************************
073544.786: [07:35:44]
074547.756: [07:45:47]<H3C>
074547.757: [07:45:47]Inactive timeout reached, logging out.
074553.805: [07:45:53][202602192.168.2.254-07:45:53]
074554.830: [07:45:54]
074554.830: [07:45:54]******************************************************************************
074554.830: [07:45:54]* Copyright (c) 2004-2024 New H3C Technologies Co., Ltd. All rights reserved.*
074554.831: [07:45:54]* Without the owner's prior written consent,                                 *
074554.831: [07:45:54]* no decompiling or reverse-engineering shall be allowed.                    *
074554.831: [07:45:54]******************************************************************************
074554.831: [07:45:54]
075557.215: [07:55:57]<H3C>
075557.216: [07:55:57]Inactive timeout reached, logging out.
075603.130: [07:56:03][202602192.168.2.254-07:56:03]
075604.211: [07:56:04]
075604.216: [07:56:04]******************************************************************************
075604.217: [07:56:04]* Copyright (c) 2004-2024 New H3C Technologies Co., Ltd. All rights reserved.*
075604.217: [07:56:04]* Without the owner's prior written consent,                                 *
075604.217: [07:56:04]* no decompiling or reverse-engineering shall be allowed.                    *
075604.217: [07:56:04]******************************************************************************
075604.217: [07:56:04]
080606.610: [08:06:06]<H3C>
080606.610: [08:06:06]Inactive timeout reached, logging out.
080612.492: [08:06:12][202602192.168.2.254-08:06:12]
080613.520: [08:06:13]
080613.520: [08:06:13]******************************************************************************
080613.520: [08:06:13]* Copyright (c) 2004-2024 New H3C Technologies Co., Ltd. All rights reserved.*
080613.520: [08:06:13]* Without the owner's prior written consent,                                 *
080613.521: [08:06:13]* no decompiling or reverse-engineering shall be allowed.                    *
080613.521: [08:06:13]******************************************************************************
080613.521: [08:06:13]
081616.213: [08:16:16]<H3C>
081616.214: [08:16:16]Inactive timeout reached, logging out.
081622.328: [08:16:22][202602192.168.2.254-08:16:22]
081623.372: [08:16:23]
081623.372: [08:16:23]******************************************************************************
081623.372: [08:16:23]* Copyright (c) 2004-2024 New H3C Technologies Co., Ltd. All rights reserved.*
081623.372: [08:16:23]* Without the owner's prior written consent,                                 *
081623.372: [08:16:23]* no decompiling or reverse-engineering shall be allowed.                    *
081623.373: [08:16:23]******************************************************************************
081623.373: [08:16:23]
082625.904: [08:26:25]<H3C>
082625.904: [08:26:25]Inactive timeout reached, logging out.
082632.052: [08:26:32][202602192.168.2.254-08:26:32]
082633.106: [08:26:33]
082633.112: [08:26:33]******************************************************************************
082633.112: [08:26:33]* Copyright (c) 2004-2024 New H3C Technologies Co., Ltd. All rights reserved.*
082633.113: [08:26:33]* Without the owner's prior written consent,                                 *
082633.113: [08:26:33]* no decompiling or reverse-engineering shall be allowed.                    *
082633.113: [08:26:33]******************************************************************************
082633.113: [08:26:33]
083635.897: [08:36:35]<H3C>
083635.897: [08:36:35]Inactive timeout reached, logging out.
083641.817: [08:36:41][202602192.168.2.254-08:36:41]
083642.860: [08:36:42]
083642.861: [08:36:42]******************************************************************************
083642.861: [08:36:42]* Copyright (c) 2004-2024 New H3C Technologies Co., Ltd. All rights reserved.*
083642.861: [08:36:42]* Without the owner's prior written consent,                                 *
083642.861: [08:36:42]* no decompiling or reverse-engineering shall be allowed.                    *
083642.862: [08:36:42]******************************************************************************
083642.862: [08:36:42]
084645.629: [08:46:45]<H3C>
084651.606: [08:46:51][202602192.168.2.254-08:46:51]
084652.639: [08:46:52]
084652.639: [08:46:52]******************************************************************************
084652.639: [08:46:52]* Copyright (c) 2004-2024 New H3C Technologies Co., Ltd. All rights reserved.*
084652.639: [08:46:52]* Without the owner's prior written consent,                                 *
084652.640: [08:46:52]* no decompiling or reverse-engineering shall be allowed.                    *
084652.640: [08:46:52]******************************************************************************
084652.640: [08:46:52]
085655.309: [08:56:55]<H3C>
085655.310: [08:56:55]Inactive timeout reached, logging out.
085701.174: [08:57:01][202602192.168.2.254-08:57:01]
085702.212: [08:57:02]
085702.218: [08:57:02]******************************************************************************
085702.218: [08:57:02]* Copyright (c) 2004-2024 New H3C Technologies Co., Ltd. All rights reserved.*
085702.218: [08:57:02]* Without the owner's prior written consent,                                 *
085702.218: [08:57:02]* no decompiling or reverse-engineering shall be allowed.                    *
085702.219: [08:57:02]******************************************************************************
085702.219: [08:57:02]
090704.688: [09:07:04]<H3C>
090704.689: [09:07:04]Inactive timeout reached, logging out.
090710.610: [09:07:10][202602192.168.2.254-09:07:10]
090711.732: [09:07:11]
090711.732: [09:07:11]******************************************************************************
090711.732: [09:07:11]* Copyright (c) 2004-2024 New H3C Technologies Co., Ltd. All rights reserved.*
090711.733: [09:07:11]* Without the owner's prior written consent,                                 *
090711.733: [09:07:11]* no decompiling or reverse-engineering shall be allowed.                    *
090711.733: [09:07:11]******************************************************************************
090711.733: [09:07:11]
091714.897: [09:17:14]<H3C>
091714.898: [09:17:14]Inactive timeout reached, logging out.
091721.416: [09:17:21][202602192.168.2.254-09:17:21]
091722.445: [09:17:22]
091722.446: [09:17:22]******************************************************************************
091722.446: [09:17:22]* Copyright (c) 2004-2024 New H3C Technologies Co., Ltd. All rights reserved.*
091722.446: [09:17:22]* Without the owner's prior written consent,                                 *
091722.447: [09:17:22]* no decompiling or reverse-engineering shall be allowed.                    *
091722.447: [09:17:22]******************************************************************************
091722.447: [09:17:22]
092725.088: [09:27:25]<H3C>
092725.088: [09:27:25]Inactive timeout reached, logging out.
092730.682: [09:27:30][202602192.168.2.254-09:27:30]
092731.728: [09:27:31]
092731.728: [09:27:31]******************************************************************************
092731.728: [09:27:31]* Copyright (c) 2004-2024 New H3C Technologies Co., Ltd. All rights reserved.*
092731.728: [09:27:31]* Without the owner's prior written consent,                                 *
092731.742: [09:27:31]* no decompiling or reverse-engineering shall be allowed.                    *
092731.742: [09:27:31]******************************************************************************
092731.742: [09:27:31]
093734.464: [09:37:34]<H3C>
093740.419: [09:37:40][202602192.168.2.254-09:37:40]
093741.466: [09:37:41]
093741.500: [09:37:41]******************************************************************************
093741.500: [09:37:41]* Copyright (c) 2004-2024 New H3C Technologies Co., Ltd. All rights reserved.*
093741.501: [09:37:41]* Without the owner's prior written consent,                                 *
093741.501: [09:37:41]* no decompiling or reverse-engineering shall be allowed.                    *
093741.501: [09:37:41]******************************************************************************
093741.501: [09:37:41]
094743.982: [09:47:43]<H3C>
094743.983: [09:47:43]Inactive timeout reached, logging out.
094749.532: [09:47:49][202602192.168.2.254-09:47:49]
094750.560: [09:47:50]
094750.565: [09:47:50]******************************************************************************
094750.565: [09:47:50]* Copyright (c) 2004-2024 New H3C Technologies Co., Ltd. All rights reserved.*
094750.565: [09:47:50]* Without the owner's prior written consent,                                 *
094750.566: [09:47:50]* no decompiling or reverse-engineering shall be allowed.                    *
094750.566: [09:47:50]******************************************************************************
094750.566: [09:47:50]
095753.352: [09:57:53]<H3C>
095759.456: [09:57:59][202602192.168.2.254-09:57:59]
095800.489: [09:58:00]
095800.489: [09:58:00]******************************************************************************
095800.489: [09:58:00]* Copyright (c) 2004-2024 New H3C Technologies Co., Ltd. All rights reserved.*
095800.490: [09:58:00]* Without the owner's prior written consent,                                 *
095800.490: [09:58:00]* no decompiling or reverse-engineering shall be allowed.                    *
095800.490: [09:58:00]******************************************************************************
095800.490: [09:58:00]
100803.184: [10:08:03]<H3C>
100803.184: [10:08:03]Inactive timeout reached, logging out.
100808.744: [10:08:08][202602192.168.2.254-10:08:08]
100809.796: [10:08:09]
100809.801: [10:08:09]******************************************************************************
100809.802: [10:08:09]* Copyright (c) 2004-2024 New H3C Technologies Co., Ltd. All rights reserved.*
100809.802: [10:08:09]* Without the owner's prior written consent,                                 *
100809.802: [10:08:09]* no decompiling or reverse-engineering shall be allowed.                    *
100809.802: [10:08:09]******************************************************************************
100809.802: [10:08:09]
101812.113: [10:18:12]<H3C>
101812.114: [10:18:12]Inactive timeout reached, logging out.
101817.697: [10:18:17][202602192.168.2.254-10:18:17]
101818.752: [10:18:18]
101818.753: [10:18:18]******************************************************************************
101818.753: [10:18:18]* Copyright (c) 2004-2024 New H3C Technologies Co., Ltd. All rights reserved.*
101818.753: [10:18:18]* Without the owner's prior written consent,                                 *
101818.753: [10:18:18]* no decompiling or reverse-engineering shall be allowed.                    *
101818.754: [10:18:18]******************************************************************************
101818.754: [10:18:18]
102821.501: [10:28:21]<H3C>
102821.502: [10:28:21]Inactive timeout reached, logging out.
102827.175: [10:28:27][202602192.168.2.254-10:28:27]
102828.203: [10:28:28]
102828.203: [10:28:28]******************************************************************************
102828.203: [10:28:28]* Copyright (c) 2004-2024 New H3C Technologies Co., Ltd. All rights reserved.*
102828.203: [10:28:28]* Without the owner's prior written consent,                                 *
102828.204: [10:28:28]* no decompiling or reverse-engineering shall be allowed.                    *
102828.204: [10:28:28]******************************************************************************
102828.204: [10:28:28]
103830.861: [10:38:30]<H3C>
103830.862: [10:38:30]Inactive timeout reached, logging out.
103836.878: [10:38:36][202602192.168.2.254-10:38:36]
103837.933: [10:38:37]
103837.941: [10:38:37]******************************************************************************
103837.941: [10:38:37]* Copyright (c) 2004-2024 New H3C Technologies Co., Ltd. All rights reserved.*
103837.941: [10:38:37]* Without the owner's prior written consent,                                 *
103837.942: [10:38:37]* no decompiling or reverse-engineering shall be allowed.                    *
103837.942: [10:38:37]******************************************************************************
103837.942: [10:38:37]
104840.853: [10:48:40]<H3C>
104840.854: [10:48:40]Inactive timeout reached, logging out.
104846.685: [10:48:46][202602192.168.2.254-10:48:46]
104847.713: [10:48:47]
104847.714: [10:48:47]******************************************************************************
104847.714: [10:48:47]* Copyright (c) 2004-2024 New H3C Technologies Co., Ltd. All rights reserved.*
104847.714: [10:48:47]* Without the owner's prior written consent,                                 *
104847.714: [10:48:47]* no decompiling or reverse-engineering shall be allowed.                    *
104847.715: [10:48:47]******************************************************************************
104847.715: [10:48:47]
105850.355: [10:58:50]<H3C>
105850.356: [10:58:50]Inactive timeout reached, logging out.
105856.162: [10:58:56][202602192.168.2.254-10:58:56]
105857.203: [10:58:57]
105857.204: [10:58:57]******************************************************************************
105857.204: [10:58:57]* Copyright (c) 2004-2024 New H3C Technologies Co., Ltd. All rights reserved.*
105857.204: [10:58:57]* Without the owner's prior written consent,                                 *
105857.204: [10:58:57]* no decompiling or reverse-engineering shall be allowed.                    *
105857.204: [10:58:57]******************************************************************************
105857.204: [10:58:57]
110900.071: [11:09:00]<H3C>
110905.681: [11:09:05][202602192.168.2.254-11:09:05]
110906.707: [11:09:06]
110906.714: [11:09:06]******************************************************************************
110906.714: [11:09:06]* Copyright (c) 2004-2024 New H3C Technologies Co., Ltd. All rights reserved.*
110906.714: [11:09:06]* Without the owner's prior written consent,                                 *
110906.714: [11:09:06]* no decompiling or reverse-engineering shall be allowed.                    *
110906.715: [11:09:06]******************************************************************************
110906.715: [11:09:06]
111909.258: [11:19:09]<H3C>
111909.259: [11:19:09]Inactive timeout reached, logging out.
111915.351: [11:19:15][202602192.168.2.254-11:19:15]
111916.447: [11:19:16]
111916.447: [11:19:16]******************************************************************************
111916.448: [11:19:16]* Copyright (c) 2004-2024 New H3C Technologies Co., Ltd. All rights reserved.*
111916.448: [11:19:16]* Without the owner's prior written consent,                                 *
111916.448: [11:19:16]* no decompiling or reverse-engineering shall be allowed.                    *
111916.448: [11:19:16]******************************************************************************
111916.448: [11:19:16]
112919.131: [11:29:19]<H3C>
112919.132: [11:29:19]Inactive timeout reached, logging out.
112924.874: [11:29:24][202602192.168.2.254-11:29:24]
112925.940: [11:29:25]
112925.940: [11:29:25]******************************************************************************
112925.940: [11:29:25]* Copyright (c) 2004-2024 New H3C Technologies Co., Ltd. All rights reserved.*
112925.941: [11:29:25]* Without the owner's prior written consent,                                 *
112925.941: [11:29:25]* no decompiling or reverse-engineering shall be allowed.                    *
112925.941: [11:29:25]******************************************************************************
112925.941: [11:29:25]
113928.304: [11:39:28]<H3C>
113928.305: [11:39:28]Inactive timeout reached, logging out.
113934.409: [11:39:34][202602192.168.2.254-11:39:34]
113935.468: [11:39:35]
113935.469: [11:39:35]******************************************************************************
113935.469: [11:39:35]* Copyright (c) 2004-2024 New H3C Technologies Co., Ltd. All rights reserved.*
113935.469: [11:39:35]* Without the owner's prior written consent,                                 *
113935.469: [11:39:35]* no decompiling or reverse-engineering shall be allowed.                    *
113935.470: [11:39:35]******************************************************************************
113935.470: [11:39:35]
114938.712: [11:49:38]<H3C>
114938.713: [11:49:38]Inactive timeout reached, logging out.
114944.383: [11:49:44][202602192.168.2.254-11:49:44]
114945.465: [11:49:45]
114945.466: [11:49:45]******************************************************************************
114945.466: [11:49:45]* Copyright (c) 2004-2024 New H3C Technologies Co., Ltd. All rights reserved.*
114945.466: [11:49:45]* Without the owner's prior written consent,                                 *
114945.466: [11:49:45]* no decompiling or reverse-engineering shall be allowed.                    *
114945.466: [11:49:45]******************************************************************************
114945.467: [11:49:45]
115948.030: [11:59:48]<H3C>
115953.359: [11:59:53][202602192.168.2.254-11:59:53]
115954.388: [11:59:54]
115954.389: [11:59:54]******************************************************************************
115954.389: [11:59:54]* Copyright (c) 2004-2024 New H3C Technologies Co., Ltd. All rights reserved.*
115954.389: [11:59:54]* Without the owner's prior written consent,                                 *
115954.389: [11:59:54]* no decompiling or reverse-engineering shall be allowed.                    *
115954.390: [11:59:54]******************************************************************************
115954.390: [11:59:54]
120956.348: [12:09:56]<H3C>
120956.348: [12:09:56]Inactive timeout reached, logging out.
121002.355: [12:10:02][202602192.168.2.254-12:10:02]
121003.389: [12:10:03]
121003.389: [12:10:03]******************************************************************************
121003.390: [12:10:03]* Copyright (c) 2004-2024 New H3C Technologies Co., Ltd. All rights reserved.*
121003.390: [12:10:03]* Without the owner's prior written consent,                                 *
121003.390: [12:10:03]* no decompiling or reverse-engineering shall be allowed.                    *
121003.390: [12:10:03]******************************************************************************
121003.390: [12:10:03]
122005.370: [12:20:05]<H3C>
122010.895: [12:20:10][202602192.168.2.254-12:20:10]
122011.922: [12:20:11]
122011.927: [12:20:11]******************************************************************************
122011.927: [12:20:11]* Copyright (c) 2004-2024 New H3C Technologies Co., Ltd. All rights reserved.*
122011.927: [12:20:11]* Without the owner's prior written consent,                                 *
122011.927: [12:20:11]* no decompiling or reverse-engineering shall be allowed.                    *
122011.928: [12:20:11]******************************************************************************
122011.928: [12:20:11]
123014.136: [12:30:14]<H3C>
123014.137: [12:30:14]Inactive timeout reached, logging out.
123019.436: [12:30:19][202602192.168.2.254-12:30:19]
123020.465: [12:30:20]
123020.465: [12:30:20]******************************************************************************
123020.465: [12:30:20]* Copyright (c) 2004-2024 New H3C Technologies Co., Ltd. All rights reserved.*
123020.465: [12:30:20]* Without the owner's prior written consent,                                 *
123020.466: [12:30:20]* no decompiling or reverse-engineering shall be allowed.                    *
123020.466: [12:30:20]******************************************************************************
123020.466: [12:30:20]
124022.552: [12:40:22]<H3C>
124022.553: [12:40:22]Inactive timeout reached, logging out.
124027.923: [12:40:27][202602192.168.2.254-12:40:27]
124029.027: [12:40:29]
124029.033: [12:40:29]******************************************************************************
124029.033: [12:40:29]* Copyright (c) 2004-2024 New H3C Technologies Co., Ltd. All rights reserved.*
124029.033: [12:40:29]* Without the owner's prior written consent,                                 *
124029.033: [12:40:29]* no decompiling or reverse-engineering shall be allowed.                    *
124029.033: [12:40:29]******************************************************************************
124029.033: [12:40:29]
125030.975: [12:50:30]<H3C>
125030.976: [12:50:30]Inactive timeout reached, logging out.
125036.495: [12:50:36][202602192.168.2.254-12:50:36]
125037.525: [12:50:37]
125037.525: [12:50:37]******************************************************************************
125037.525: [12:50:37]* Copyright (c) 2004-2024 New H3C Technologies Co., Ltd. All rights reserved.*
125037.525: [12:50:37]* Without the owner's prior written consent,                                 *
125037.526: [12:50:37]* no decompiling or reverse-engineering shall be allowed.                    *
125037.526: [12:50:37]******************************************************************************
125037.526: [12:50:37]
130039.490: [13:00:39]<H3C>
130039.491: [13:00:39]Inactive timeout reached, logging out.
130044.948: [13:00:44][202602192.168.2.254-13:00:44]
130045.976: [13:00:45]
130045.977: [13:00:45]******************************************************************************
130045.977: [13:00:45]* Copyright (c) 2004-2024 New H3C Technologies Co., Ltd. All rights reserved.*
130045.977: [13:00:45]* Without the owner's prior written consent,                                 *
130045.977: [13:00:45]* no decompiling or reverse-engineering shall be allowed.                    *
130045.978: [13:00:45]******************************************************************************
130045.978: [13:00:45]
131048.010: [13:10:48]<H3C>
131048.010: [13:10:48]Inactive timeout reached, logging out.
131053.684: [13:10:53][202602192.168.2.254-13:10:53]
131054.735: [13:10:54]
131054.735: [13:10:54]******************************************************************************
131054.735: [13:10:54]* Copyright (c) 2004-2024 New H3C Technologies Co., Ltd. All rights reserved.*
131054.736: [13:10:54]* Without the owner's prior written consent,                                 *
131054.736: [13:10:54]* no decompiling or reverse-engineering shall be allowed.                    *
131054.736: [13:10:54]******************************************************************************
131054.736: [13:10:54]
132056.575: [13:20:56]<H3C>
132056.575: [13:20:56]Inactive timeout reached, logging out.
132102.132: [13:21:02][202602192.168.2.254-13:21:02]
132103.159: [13:21:03]
132103.159: [13:21:03]******************************************************************************
132103.159: [13:21:03]* Copyright (c) 2004-2024 New H3C Technologies Co., Ltd. All rights reserved.*
132103.159: [13:21:03]* Without the owner's prior written consent,                                 *
132103.159: [13:21:03]* no decompiling or reverse-engineering shall be allowed.                    *
132103.160: [13:21:03]******************************************************************************
132103.160: [13:21:03]
133105.567: [13:31:05]<H3C>
133105.567: [13:31:05]Inactive timeout reached, logging out.
133111.330: [13:31:11][202602192.168.2.254-13:31:11]
133112.353: [13:31:12]
133112.364: [13:31:12]******************************************************************************
133112.364: [13:31:12]* Copyright (c) 2004-2024 New H3C Technologies Co., Ltd. All rights reserved.*
133112.365: [13:31:12]* Without the owner's prior written consent,                                 *
133112.365: [13:31:12]* no decompiling or reverse-engineering shall be allowed.                    *
133112.365: [13:31:12]******************************************************************************
133112.365: [13:31:12]
134114.272: [13:41:14]<H3C>
134114.272: [13:41:14]Inactive timeout reached, logging out.
134120.003: [13:41:20][202602192.168.2.254-13:41:20]
134121.033: [13:41:21]
134121.042: [13:41:21]******************************************************************************
134121.043: [13:41:21]* Copyright (c) 2004-2024 New H3C Technologies Co., Ltd. All rights reserved.*
134121.043: [13:41:21]* Without the owner's prior written consent,                                 *
134121.043: [13:41:21]* no decompiling or reverse-engineering shall be allowed.                    *
134121.043: [13:41:21]******************************************************************************
134121.043: [13:41:21]
135122.969: [13:51:22]<H3C>
135122.970: [13:51:22]Inactive timeout reached, logging out.
135128.534: [13:51:28][202602192.168.2.254-13:51:28]
135129.563: [13:51:29]
135129.563: [13:51:29]******************************************************************************
135129.563: [13:51:29]* Copyright (c) 2004-2024 New H3C Technologies Co., Ltd. All rights reserved.*
135129.563: [13:51:29]* Without the owner's prior written consent,                                 *
135129.564: [13:51:29]* no decompiling or reverse-engineering shall be allowed.                    *
135129.564: [13:51:29]******************************************************************************
135129.564: [13:51:29]
140131.661: [14:01:31]<H3C>
140131.662: [14:01:31]Inactive timeout reached, logging out.
140137.112: [14:01:37][202602192.168.2.254-14:01:37]
140138.143: [14:01:38]
140138.143: [14:01:38]******************************************************************************
140138.144: [14:01:38]* Copyright (c) 2004-2024 New H3C Technologies Co., Ltd. All rights reserved.*
140138.144: [14:01:38]* Without the owner's prior written consent,                                 *
140138.145: [14:01:38]* no decompiling or reverse-engineering shall be allowed.                    *
140138.147: [14:01:38]******************************************************************************
140138.147: [14:01:38]
141140.315: [14:11:40]<H3C>
141146.029: [14:11:46][202602192.168.2.254-14:11:46]
141147.063: [14:11:47]
141147.064: [14:11:47]******************************************************************************
141147.064: [14:11:47]* Copyright (c) 2004-2024 New H3C Technologies Co., Ltd. All rights reserved.*
141147.064: [14:11:47]* Without the owner's prior written consent,                                 *
141147.064: [14:11:47]* no decompiling or reverse-engineering shall be allowed.                    *
141147.065: [14:11:47]******************************************************************************
141147.065: [14:11:47]
142149.168: [14:21:49]<H3C>
142149.169: [14:21:49]Inactive timeout reached, logging out.
142154.483: [14:21:54][202602192.168.2.254-14:21:54]
142155.514: [14:21:55]
142155.515: [14:21:55]******************************************************************************
142155.515: [14:21:55]* Copyright (c) 2004-2024 New H3C Technologies Co., Ltd. All rights reserved.*
142155.515: [14:21:55]* Without the owner's prior written consent,                                 *
142155.515: [14:21:55]* no decompiling or reverse-engineering shall be allowed.                    *
142155.516: [14:21:55]******************************************************************************
142155.516: [14:21:55]
143157.851: [14:31:57]<H3C>
143157.852: [14:31:57]Inactive timeout reached, logging out.
143203.481: [14:32:03][202602192.168.2.254-14:32:03]
143204.512: [14:32:04]
143204.512: [14:32:04]******************************************************************************
143204.512: [14:32:04]* Copyright (c) 2004-2024 New H3C Technologies Co., Ltd. All rights reserved.*
143204.513: [14:32:04]* Without the owner's prior written consent,                                 *
143204.513: [14:32:04]* no decompiling or reverse-engineering shall be allowed.                    *
143204.513: [14:32:04]******************************************************************************
143204.513: [14:32:04]
144206.402: [14:42:06]<H3C>
144206.404: [14:42:06]Inactive timeout reached, logging out.
144212.003: [14:42:12][202602192.168.2.254-14:42:12]
144213.084: [14:42:13]
144213.084: [14:42:13]******************************************************************************
144213.084: [14:42:13]* Copyright (c) 2004-2024 New H3C Technologies Co., Ltd. All rights reserved.*
144213.085: [14:42:13]* Without the owner's prior written consent,                                 *
144213.085: [14:42:13]* no decompiling or reverse-engineering shall be allowed.                    *
144213.085: [14:42:13]******************************************************************************
144213.085: [14:42:13]
