170904.422: [17:09:04][202603浪潮交换机-17:09:04]
170904.714: [17:09:04]
170910.963: [17:09:10]SCN9300H-01# show arp source-suppression 
170910.963: [17:09:10]% Incomplete command
170910.963: [17:09:10]
170914.006: [17:09:14]SCN9300H-01# show arp ?
170914.006: [17:09:14]  source-suppression  Source Mac Suppression
170914.006: [17:09:14]
171426.748: [17:14:26]SCN9300H-01# show running-config 
171426.786: [17:14:26]Building configuration...
171426.795: [17:14:26]version 10.011.003.24
171426.795: [17:14:26]!
171426.795: [17:14:26]no service password-encryption
171426.795: [17:14:26]!
171426.795: [17:14:26]!
171426.795: [17:14:26]!
171426.795: [17:14:26]hostname SCN9300H-01
171426.795: [17:14:26]!
171426.795: [17:14:26]!
171426.795: [17:14:26]username admin privilege 4 password inspur@123
171426.795: [17:14:26]!
171426.795: [17:14:26]!
171426.795: [17:14:26]ipv6 enable
171426.795: [17:14:26]management ip address 172.16.100.11/24
171426.795: [17:14:26]ip ssh server enable
171426.795: [17:14:26]!
171426.795: [17:14:26]!
171426.795: [17:14:26]vlan database
171426.795: [17:14:26] vlan 101
171426.796: [17:14:26]!
171426.796: [17:14:26]
171426.796: [17:14:26]interface eth-0-1
171426.796: [17:14:26] speed 25G
171426.796: [17:14:26] duplex full
171426.796: [17:14:26] switchport access vlan 101
171426.796: [17:14:26]!
171426.796: [17:14:26]interface eth-0-2
171426.796: [17:14:26] speed 25G
171426.796: [17:14:26] duplex full
171426.796: [17:14:26] switchport access vlan 101
171426.796: [17:14:26]!
171426.796: [17:14:26]interface eth-0-3
171426.796: [17:14:26] speed 25G
171426.796: [17:14:26] duplex full
171426.796: [17:14:26] switchport access vlan 101
171426.796: [17:14:26]!
171426.796: [17:14:26]interface eth-0-4
171426.796: [17:14:26] speed 25G
171426.796: [17:14:26] duplex full
171426.796: [17:14:26] switchport access vlan 101
171426.796: [17:14:26]!
171426.796: [17:14:26]interface eth-0-5
171426.796: [17:14:26] speed 25G
171426.796: [17:14:26] duplex full
171426.797: [17:14:26] switchport access vlan 101
171426.797: [17:14:26]!
171426.797: [17:14:26]interface eth-0-6
171426.797: [17:14:26] speed 25G
171426.797: [17:14:26] duplex full
171426.797: [17:14:26] switchport access vlan 101
171426.797: [17:14:26]!
171426.797: [17:14:26]interface eth-0-7
171426.797: [17:14:26] speed 25G
171426.797: [17:14:26] duplex full
171426.797: [17:14:26] switchport access vlan 101
171426.797: [17:14:26]!
171426.797: [17:14:26]interface eth-0-8
171426.797: [17:14:26] speed 25G
171426.797: [17:14:26] duplex full
171426.797: [17:14:26] switchport access vlan 101
171426.797: [17:14:26]!
171426.797: [17:14:26]interface eth-0-9
171428.561: [17:14:28] speed 25G
171428.561: [17:14:28] duplex full
171428.561: [17:14:28] switchport access vlan 101
171428.561: [17:14:28]!
171428.561: [17:14:28]interface eth-0-10
171428.561: [17:14:28] speed 25G
171428.561: [17:14:28] duplex full
171428.562: [17:14:28] switchport access vlan 101
171428.562: [17:14:28]!
171428.562: [17:14:28]interface eth-0-11
171428.562: [17:14:28] speed 25G
171428.562: [17:14:28] duplex full
171428.562: [17:14:28] switchport access vlan 101
171428.562: [17:14:28]!
171428.562: [17:14:28]interface eth-0-12
171428.562: [17:14:28] speed 25G
171428.562: [17:14:28] duplex full
171428.562: [17:14:28] switchport access vlan 101
171428.563: [17:14:28]!
171428.563: [17:14:28]interface eth-0-13
171428.563: [17:14:28] speed 25G
171428.563: [17:14:28] duplex full
171428.563: [17:14:28] switchport access vlan 101
171428.563: [17:14:28]!
171428.563: [17:14:28]interface eth-0-14
171428.563: [17:14:28] speed 25G
171428.563: [17:14:28] duplex full
171428.563: [17:14:28] switchport access vlan 101
171428.563: [17:14:28]!
171428.563: [17:14:28]interface eth-0-15
171428.564: [17:14:28] speed 25G
171428.564: [17:14:28] duplex full
171428.564: [17:14:28] switchport access vlan 101
171428.564: [17:14:28]!
171428.564: [17:14:28]interface eth-0-16
171428.564: [17:14:28] speed 25G
171428.564: [17:14:28] duplex full
171428.564: [17:14:28] fec rs-fec
171428.564: [17:14:28] switchport mode trunk
171428.564: [17:14:28] switchport trunk native vlan 101
171428.564: [17:14:28] switchport trunk allowed vlan add 1,101,300
171428.564: [17:14:28]!
171428.564: [17:14:28]interface eth-0-17
171428.564: [17:14:28] speed 25G
171428.564: [17:14:28] duplex full
171428.564: [17:14:28] switchport access vlan 101
171428.564: [17:14:28]!
171428.565: [17:14:28]interface eth-0-18
171428.565: [17:14:28] speed 25G
171428.565: [17:14:28] duplex full
171428.565: [17:14:28] switchport access vlan 101
171428.565: [17:14:28]!
171428.565: [17:14:28]interface eth-0-19
171428.565: [17:14:28] speed 25G
171428.565: [17:14:28] duplex full
171428.565: [17:14:28] switchport access vlan 101
171428.565: [17:14:28]!
171428.565: [17:14:28]interface eth-0-20
171428.565: [17:14:28] speed 25G
171428.579: [17:14:28] duplex full
171428.579: [17:14:28] switchport access vlan 101
171428.579: [17:14:28]!
171428.579: [17:14:28]interface eth-0-21
171430.101: [17:14:30] speed 25G
171430.101: [17:14:30] duplex full
171430.101: [17:14:30] switchport access vlan 101
171430.101: [17:14:30]!
171430.101: [17:14:30]interface eth-0-22
171430.101: [17:14:30] speed 25G
171430.101: [17:14:30] duplex full
171430.102: [17:14:30] switchport access vlan 101
171430.102: [17:14:30]!
171430.102: [17:14:30]interface eth-0-23
171430.102: [17:14:30] speed 25G
171430.102: [17:14:30] duplex full
171430.102: [17:14:30] switchport access vlan 101
171430.102: [17:14:30]!
171430.102: [17:14:30]interface eth-0-24
171430.102: [17:14:30] speed 25G
171430.102: [17:14:30] duplex full
171430.102: [17:14:30] switchport access vlan 101
171430.102: [17:14:30]!
171430.102: [17:14:30]interface eth-0-25
171430.103: [17:14:30] speed 1000
171430.103: [17:14:30] duplex full
171430.103: [17:14:30] switchport access vlan 101
171430.103: [17:14:30]!
171430.103: [17:14:30]interface eth-0-26
171430.103: [17:14:30] speed 25G
171430.103: [17:14:30] duplex full
171430.103: [17:14:30] switchport access vlan 101
171430.103: [17:14:30]!
171430.103: [17:14:30]interface eth-0-27
171430.103: [17:14:30] speed 25G
171430.103: [17:14:30] duplex full
171430.103: [17:14:30] switchport access vlan 101
171430.104: [17:14:30]!
171430.104: [17:14:30]interface eth-0-28
171430.104: [17:14:30] speed 25G
171430.104: [17:14:30] duplex full
171430.104: [17:14:30] switchport access vlan 101
171430.104: [17:14:30]!
171430.104: [17:14:30]interface eth-0-29
171430.104: [17:14:30] speed 10G
171430.104: [17:14:30] duplex full
171430.104: [17:14:30] switchport access vlan 101
171430.104: [17:14:30] channel-group 1 mode active
171430.104: [17:14:30]!
171430.104: [17:14:30]interface eth-0-30
171430.104: [17:14:30] speed 10G
171430.104: [17:14:30] duplex full
171430.104: [17:14:30] switchport access vlan 101
171430.116: [17:14:30] channel-group 1 mode active
171430.117: [17:14:30]!
171430.117: [17:14:30]interface eth-0-31
171430.117: [17:14:30] speed 10G
171430.117: [17:14:30] duplex full
171430.117: [17:14:30] switchport access vlan 101
171430.117: [17:14:30] channel-group 2 mode active
171430.117: [17:14:30]!
171430.117: [17:14:30]interface eth-0-32
171430.117: [17:14:30] speed 10G
171430.117: [17:14:30] duplex full
171430.117: [17:14:30] switchport access vlan 101
171430.117: [17:14:30] channel-group 2 mode active
171430.117: [17:14:30]!
171430.388: [17:14:30]interface eth-0-33
171430.388: [17:14:30] speed 10G
171430.388: [17:14:30] duplex full
171430.388: [17:14:30] switchport access vlan 101
171430.389: [17:14:30] channel-group 3 mode active
171430.389: [17:14:30]!
171430.389: [17:14:30]interface eth-0-34
171430.389: [17:14:30] speed 10G
171430.389: [17:14:30] duplex full
171430.389: [17:14:30] switchport access vlan 101
171430.389: [17:14:30] channel-group 3 mode active
171430.389: [17:14:30]!
171430.389: [17:14:30]interface eth-0-35
171430.390: [17:14:30] speed 10G
171430.390: [17:14:30] duplex full
171430.390: [17:14:30] switchport access vlan 101
171430.390: [17:14:30] channel-group 4 mode active
171430.390: [17:14:30]!
171430.390: [17:14:30]interface eth-0-36
171430.390: [17:14:30] speed 10G
171430.390: [17:14:30] duplex full
171430.390: [17:14:30] switchport access vlan 101
171430.390: [17:14:30] channel-group 4 mode active
171430.390: [17:14:30]!
171430.390: [17:14:30]interface eth-0-37
171430.390: [17:14:30] speed 10G
171430.390: [17:14:30] duplex full
171430.390: [17:14:30] switchport access vlan 101
171430.391: [17:14:30] channel-group 5 mode active
171430.391: [17:14:30]!
171430.391: [17:14:30]interface eth-0-38
171430.391: [17:14:30] speed 10G
171430.391: [17:14:30] duplex full
171430.391: [17:14:30] switchport access vlan 101
171430.391: [17:14:30] channel-group 5 mode active
171430.391: [17:14:30]!
171430.391: [17:14:30]interface eth-0-39
171430.391: [17:14:30] speed 10G
171430.391: [17:14:30] duplex full
171430.391: [17:14:30] switchport access vlan 101
171430.391: [17:14:30] channel-group 6 mode active
171430.391: [17:14:30]!
171430.391: [17:14:30]interface eth-0-40
171430.392: [17:14:30] speed 10G
171430.392: [17:14:30] duplex full
171430.392: [17:14:30] switchport access vlan 101
171430.392: [17:14:30] channel-group 6 mode active
171430.392: [17:14:30]!
171430.392: [17:14:30]interface eth-0-41
171430.392: [17:14:30] speed 25G
171430.392: [17:14:30] duplex full
171430.392: [17:14:30] switchport access vlan 101
171430.392: [17:14:30]!
171430.392: [17:14:30]interface eth-0-42
171430.392: [17:14:30] speed 25G
171430.392: [17:14:30] duplex full
171430.405: [17:14:30] switchport access vlan 101
171430.405: [17:14:30]!
171430.405: [17:14:30]interface eth-0-43
171430.405: [17:14:30] speed 25G
171430.405: [17:14:30] duplex full
171430.405: [17:14:30] switchport access vlan 101
171430.405: [17:14:30]!
171431.190: [17:14:31]interface eth-0-44
171431.190: [17:14:31] speed 25G
171431.190: [17:14:31] duplex full
171431.190: [17:14:31] switchport access vlan 101
171431.190: [17:14:31]!
171431.190: [17:14:31]interface eth-0-45
171431.190: [17:14:31] speed 25G
171431.190: [17:14:31] duplex full
171431.190: [17:14:31] switchport access vlan 101
171431.190: [17:14:31]!
171431.191: [17:14:31]interface eth-0-46
171431.191: [17:14:31] speed 25G
171431.191: [17:14:31] duplex full
171431.191: [17:14:31] switchport access vlan 101
171431.191: [17:14:31]!
171431.191: [17:14:31]interface eth-0-47
171431.191: [17:14:31] speed 25G
171431.191: [17:14:31] duplex full
171431.191: [17:14:31] fec rs-fec
171431.191: [17:14:31] switchport access vlan 101
171431.191: [17:14:31]!
171431.191: [17:14:31]interface eth-0-48
171431.191: [17:14:31] speed 10G
171431.191: [17:14:31] duplex full
171431.191: [17:14:31] switchport access vlan 101
171431.191: [17:14:31]!
171431.191: [17:14:31]interface eth-0-49
171431.191: [17:14:31]!
171431.191: [17:14:31]interface eth-0-50
171431.191: [17:14:31]!
171431.191: [17:14:31]interface eth-0-51
171431.191: [17:14:31]!
171431.191: [17:14:31]interface eth-0-52
171431.191: [17:14:31]!
171431.191: [17:14:31]interface eth-0-53
171431.191: [17:14:31]!
171431.191: [17:14:31]interface eth-0-54
171431.191: [17:14:31]!
171431.191: [17:14:31]interface eth-0-55
171431.191: [17:14:31]!
171431.191: [17:14:31]interface eth-0-56
171431.191: [17:14:31]!
171431.191: [17:14:31]interface agg1
171431.191: [17:14:31] switchport access vlan 101
171431.191: [17:14:31]!
171431.191: [17:14:31]interface agg2
171431.191: [17:14:31] switchport access vlan 101
171431.191: [17:14:31]!
171431.191: [17:14:31]interface agg3
171431.191: [17:14:31] switchport access vlan 101
171431.191: [17:14:31]!
171431.191: [17:14:31]interface agg4
171431.191: [17:14:31] switchport access vlan 101
171431.192: [17:14:31]!
171431.192: [17:14:31]interface agg5
171431.192: [17:14:31] switchport access vlan 101
171431.192: [17:14:31]!
171431.192: [17:14:31]interface agg6
171431.192: [17:14:31] switchport access vlan 101
171431.192: [17:14:31]!
171431.192: [17:14:31]interface vlan1
171431.192: [17:14:31] ip address dhcp
171431.192: [17:14:31]!
