000055.810: [00:00:55]<Core-SW>
000101.713: [00:01:01][202602192.168.231.1-黄埭-核心交换机-00:01:01]
000101.763: [00:01:01]
000101.771: [00:01:01]Info: The max number of VTY users is 5, the number of current VTY users online is 2, and total number of terminal users online is 2.
000101.795: [00:01:01]      The current login time is 2025-12-02 07:12:26.
001101.841: [00:11:01]<Core-SW>
001107.859: [00:11:07][202602192.168.231.1-黄埭-核心交换机-00:11:07]
001107.928: [00:11:07]
001107.931: [00:11:07]Info: The max number of VTY users is 5, the number of current VTY users online is 2, and total number of terminal users online is 2.
001107.974: [00:11:07]      The current login time is 2025-12-02 07:22:33.
002108.111: [00:21:08]<Core-SW>
002114.230: [00:21:14][202602192.168.231.1-黄埭-核心交换机-00:21:14]
002114.287: [00:21:14]
002114.288: [00:21:14]Info: The max number of VTY users is 5, the number of current VTY users online is 2, and total number of terminal users online is 2.
002114.332: [00:21:14]      The current login time is 2025-12-02 07:32:39.
003114.389: [00:31:14]<Core-SW>
003120.294: [00:31:20][202602192.168.231.1-黄埭-核心交换机-00:31:20]
003120.335: [00:31:20]
003120.336: [00:31:20]Info: The max number of VTY users is 5, the number of current VTY users online is 2, and total number of terminal users online is 2.
003120.367: [00:31:20]      The current login time is 2025-12-02 07:42:45.
004120.416: [00:41:20]<Core-SW>
004126.270: [00:41:26][202602192.168.231.1-黄埭-核心交换机-00:41:26]
004126.400: [00:41:26]
004126.401: [00:41:26]Info: The max number of VTY users is 5, the number of current VTY users online is 2, and total number of terminal users online is 2.
004126.435: [00:41:26]      The current login time is 2025-12-02 07:52:51.
005126.469: [00:51:26]<Core-SW>
005132.298: [00:51:32][202602192.168.231.1-黄埭-核心交换机-00:51:32]
005132.343: [00:51:32]
005132.344: [00:51:32]Info: The max number of VTY users is 5, the number of current VTY users online is 2, and total number of terminal users online is 2.
005132.440: [00:51:32]      The current login time is 2025-12-02 08:02:57.
010132.403: [01:01:32]<Core-SW>
010138.192: [01:01:38][202602192.168.231.1-黄埭-核心交换机-01:01:38]
010138.226: [01:01:38]
010138.229: [01:01:38]Info: The max number of VTY users is 5, the number of current VTY users online is 2, and total number of terminal users online is 2.
010138.258: [01:01:38]      The current login time is 2025-12-02 08:13:03.
011138.305: [01:11:38]<Core-SW>
011144.213: [01:11:44][202602192.168.231.1-黄埭-核心交换机-01:11:44]
011144.256: [01:11:44]
011144.257: [01:11:44]Info: The max number of VTY users is 5, the number of current VTY users online is 2, and total number of terminal users online is 2.
011144.300: [01:11:44]      The current login time is 2025-12-02 08:23:09.
012144.383: [01:21:44]<Core-SW>
012150.298: [01:21:50][202602192.168.231.1-黄埭-核心交换机-01:21:50]
012150.337: [01:21:50]
012150.338: [01:21:50]Info: The max number of VTY users is 5, the number of current VTY users online is 2, and total number of terminal users online is 2.
012150.364: [01:21:50]      The current login time is 2025-12-02 08:33:15.
013150.460: [01:31:50]<Core-SW>
013156.246: [01:31:56][202602192.168.231.1-黄埭-核心交换机-01:31:56]
013156.294: [01:31:56]
013156.295: [01:31:56]Info: The max number of VTY users is 5, the number of current VTY users online is 2, and total number of terminal users online is 2.
013156.362: [01:31:56]      The current login time is 2025-12-02 08:43:21.
014156.399: [01:41:56]<Core-SW>
014202.322: [01:42:02][202602192.168.231.1-黄埭-核心交换机-01:42:02]
014202.360: [01:42:02]
014202.361: [01:42:02]Info: The max number of VTY users is 5, the number of current VTY users online is 2, and total number of terminal users online is 2.
014202.401: [01:42:02]      The current login time is 2025-12-02 08:53:27.
015202.444: [01:52:02]<Core-SW>
015208.408: [01:52:08][202602192.168.231.1-黄埭-核心交换机-01:52:08]
015208.461: [01:52:08]
015208.462: [01:52:08]Info: The max number of VTY users is 5, the number of current VTY users online is 2, and total number of terminal users online is 2.
015208.481: [01:52:08]      The current login time is 2025-12-02 09:03:33.
020208.527: [02:02:08]<Core-SW>
020214.693: [02:02:14][202602192.168.231.1-黄埭-核心交换机-02:02:14]
020214.748: [02:02:14]
020214.748: [02:02:14]Info: The max number of VTY users is 5, the number of current VTY users online is 2, and total number of terminal users online is 2.
020214.780: [02:02:14]      The current login time is 2025-12-02 09:13:40.
021214.822: [02:12:14]<Core-SW>
021220.801: [02:12:20][202602192.168.231.1-黄埭-核心交换机-02:12:20]
021220.845: [02:12:20]
021220.846: [02:12:20]Info: The max number of VTY users is 5, the number of current VTY users online is 2, and total number of terminal users online is 2.
021220.873: [02:12:20]      The current login time is 2025-12-02 09:23:46.
022220.935: [02:22:20]<Core-SW>
022226.765: [02:22:26][202602192.168.231.1-黄埭-核心交换机-02:22:26]
022226.805: [02:22:26]
022226.805: [02:22:26]Info: The max number of VTY users is 5, the number of current VTY users online is 2, and total number of terminal users online is 2.
022226.829: [02:22:26]      The current login time is 2025-12-02 09:33:52.
023226.924: [02:32:26]<Core-SW>
023232.723: [02:32:32][202602192.168.231.1-黄埭-核心交换机-02:32:32]
023232.773: [02:32:32]
023232.774: [02:32:32]Info: The max number of VTY users is 5, the number of current VTY users online is 2, and total number of terminal users online is 2.
023232.816: [02:32:32]      The current login time is 2025-12-02 09:43:58.
024232.895: [02:42:32]<Core-SW>
024238.789: [02:42:38][202602192.168.231.1-黄埭-核心交换机-02:42:38]
024238.829: [02:42:38]
024238.829: [02:42:38]Info: The max number of VTY users is 5, the number of current VTY users online is 2, and total number of terminal users online is 2.
024238.876: [02:42:38]      The current login time is 2025-12-02 09:54:04.
025238.917: [02:52:38]<Core-SW>
025244.718: [02:52:44][202602192.168.231.1-黄埭-核心交换机-02:52:44]
025244.848: [02:52:44]
025244.848: [02:52:44]Info: The max number of VTY users is 5, the number of current VTY users online is 2, and total number of terminal users online is 2.
025244.849: [02:52:44]      The current login time is 2025-12-02 10:04:10.
030244.844: [03:02:44]<Core-SW>
030250.746: [03:02:50][202602192.168.231.1-黄埭-核心交换机-03:02:50]
030250.794: [03:02:50]
030250.797: [03:02:50]Info: The max number of VTY users is 5, the number of current VTY users online is 2, and total number of terminal users online is 2.
030250.828: [03:02:50]      The current login time is 2025-12-02 10:14:16.
031250.857: [03:12:50]<Core-SW>
031256.688: [03:12:56][202602192.168.231.1-黄埭-核心交换机-03:12:56]
031256.748: [03:12:56]
031256.748: [03:12:56]Info: The max number of VTY users is 5, the number of current VTY users online is 2, and total number of terminal users online is 2.
031256.778: [03:12:56]      The current login time is 2025-12-02 10:24:22.
032256.844: [03:22:56]<Core-SW>
032302.805: [03:23:02][202602192.168.231.1-黄埭-核心交换机-03:23:02]
032302.867: [03:23:02]
032302.867: [03:23:02]Info: The max number of VTY users is 5, the number of current VTY users online is 2, and total number of terminal users online is 2.
032302.898: [03:23:02]      The current login time is 2025-12-02 10:34:28.
033302.956: [03:33:02]<Core-SW>
033308.774: [03:33:08][202602192.168.231.1-黄埭-核心交换机-03:33:08]
033308.828: [03:33:08]
033308.829: [03:33:08]Info: The max number of VTY users is 5, the number of current VTY users online is 2, and total number of terminal users online is 2.
033308.868: [03:33:08]      The current login time is 2025-12-02 10:44:34.
034308.964: [03:43:08]<Core-SW>
034314.776: [03:43:14][202602192.168.231.1-黄埭-核心交换机-03:43:14]
034314.828: [03:43:14]
034314.829: [03:43:14]Info: The max number of VTY users is 5, the number of current VTY users online is 2, and total number of terminal users online is 2.
034314.849: [03:43:14]      The current login time is 2025-12-02 10:54:40.
035314.894: [03:53:14]<Core-SW>
035320.826: [03:53:20][202602192.168.231.1-黄埭-核心交换机-03:53:20]
035320.863: [03:53:20]
035320.864: [03:53:20]Info: The max number of VTY users is 5, the number of current VTY users online is 2, and total number of terminal users online is 2.
035320.893: [03:53:20]      The current login time is 2025-12-02 11:04:46.
040320.978: [04:03:20]<Core-SW>
040326.934: [04:03:26][202602192.168.231.1-黄埭-核心交换机-04:03:26]
040326.987: [04:03:26]
040326.988: [04:03:26]Info: The max number of VTY users is 5, the number of current VTY users online is 2, and total number of terminal users online is 2.
040327.035: [04:03:27]      The current login time is 2025-12-02 11:14:52.
041327.179: [04:13:27]<Core-SW>
041333.320: [04:13:33][202602192.168.231.1-黄埭-核心交换机-04:13:33]
041333.367: [04:13:33]
041333.368: [04:13:33]Info: The max number of VTY users is 5, the number of current VTY users online is 2, and total number of terminal users online is 2.
041333.467: [04:13:33]      The current login time is 2025-12-02 11:24:58.
042333.502: [04:23:33]<Core-SW>
042339.184: [04:23:39][202602192.168.231.1-黄埭-核心交换机-04:23:39]
042339.244: [04:23:39]
042339.245: [04:23:39]Info: The max number of VTY users is 5, the number of current VTY users online is 2, and total number of terminal users online is 2.
042339.276: [04:23:39]      The current login time is 2025-12-02 11:35:04.
043339.408: [04:33:39]<Core-SW>
043345.261: [04:33:45][202602192.168.231.1-黄埭-核心交换机-04:33:45]
043345.313: [04:33:45]
043345.314: [04:33:45]Info: The max number of VTY users is 5, the number of current VTY users online is 2, and total number of terminal users online is 2.
043345.341: [04:33:45]      The current login time is 2025-12-02 11:45:10.
044345.415: [04:43:45]<Core-SW>
044351.379: [04:43:51][202602192.168.231.1-黄埭-核心交换机-04:43:51]
044351.423: [04:43:51]
044351.426: [04:43:51]Info: The max number of VTY users is 5, the number of current VTY users online is 2, and total number of terminal users online is 2.
044351.486: [04:43:51]      The current login time is 2025-12-02 11:55:16.
045351.628: [04:53:51]<Core-SW>
045357.889: [04:53:57][202602192.168.231.1-黄埭-核心交换机-04:53:57]
045357.935: [04:53:57]
045357.939: [04:53:57]Info: The max number of VTY users is 5, the number of current VTY users online is 2, and total number of terminal users online is 2.
045357.966: [04:53:57]      The current login time is 2025-12-02 12:05:23.
050358.091: [05:03:58]<Core-SW>
050404.449: [05:04:04][202602192.168.231.1-黄埭-核心交换机-05:04:04]
050404.505: [05:04:04]
050404.506: [05:04:04]Info: The max number of VTY users is 5, the number of current VTY users online is 2, and total number of terminal users online is 2.
050404.554: [05:04:04]      The current login time is 2025-12-02 12:15:29.
051404.689: [05:14:04]<Core-SW>
051411.000: [05:14:11][202602192.168.231.1-黄埭-核心交换机-05:14:11]
051411.067: [05:14:11]
051411.068: [05:14:11]Info: The max number of VTY users is 5, the number of current VTY users online is 2, and total number of terminal users online is 2.
051411.087: [05:14:11]      The current login time is 2025-12-02 12:25:36.
052411.142: [05:24:11]<Core-SW>
052417.344: [05:24:17][202602192.168.231.1-黄埭-核心交换机-05:24:17]
052417.406: [05:24:17]
052417.419: [05:24:17]Info: The max number of VTY users is 5, the number of current VTY users online is 2, and total number of terminal users online is 2.
052417.445: [05:24:17]      The current login time is 2025-12-02 12:35:42.
053417.492: [05:34:17]<Core-SW>
053423.266: [05:34:23][202602192.168.231.1-黄埭-核心交换机-05:34:23]
053423.324: [05:34:23]
053423.325: [05:34:23]Info: The max number of VTY users is 5, the number of current VTY users online is 2, and total number of terminal users online is 2.
053423.346: [05:34:23]      The current login time is 2025-12-02 12:45:48.
054423.505: [05:44:23]<Core-SW>
054429.227: [05:44:29][202602192.168.231.1-黄埭-核心交换机-05:44:29]
054429.291: [05:44:29]
054429.291: [05:44:29]Info: The max number of VTY users is 5, the number of current VTY users online is 2, and total number of terminal users online is 2.
054429.317: [05:44:29]      The current login time is 2025-12-02 12:55:54.
055429.370: [05:54:29]<Core-SW>
055435.291: [05:54:35][202602192.168.231.1-黄埭-核心交换机-05:54:35]
055435.352: [05:54:35]
055435.354: [05:54:35]Info: The max number of VTY users is 5, the number of current VTY users online is 2, and total number of terminal users online is 2.
055435.393: [05:54:35]      The current login time is 2025-12-02 13:06:00.
060435.622: [06:04:35]<Core-SW>
060441.744: [06:04:41][202602192.168.231.1-黄埭-核心交换机-06:04:41]
060441.786: [06:04:41]
060441.787: [06:04:41]Info: The max number of VTY users is 5, the number of current VTY users online is 2, and total number of terminal users online is 2.
060441.888: [06:04:41]      The current login time is 2025-12-02 13:16:07.
061441.937: [06:14:41]<Core-SW>
061447.972: [06:14:47][202602192.168.231.1-黄埭-核心交换机-06:14:47]
061448.038: [06:14:48]
061448.041: [06:14:48]Info: The max number of VTY users is 5, the number of current VTY users online is 2, and total number of terminal users online is 2.
061448.063: [06:14:48]      The current login time is 2025-12-02 13:26:13.
062448.351: [06:24:48]<Core-SW>
062454.279: [06:24:54][202602192.168.231.1-黄埭-核心交换机-06:24:54]
062454.346: [06:24:54]
062454.347: [06:24:54]Info: The max number of VTY users is 5, the number of current VTY users online is 2, and total number of terminal users online is 2.
062454.373: [06:24:54]      The current login time is 2025-12-02 13:36:19.
063454.472: [06:34:54]<Core-SW>
063500.420: [06:35:00][202602192.168.231.1-黄埭-核心交换机-06:35:00]
063500.479: [06:35:00]
063500.480: [06:35:00]Info: The max number of VTY users is 5, the number of current VTY users online is 2, and total number of terminal users online is 2.
063500.536: [06:35:00]      The current login time is 2025-12-02 13:46:25.
064500.574: [06:45:00]<Core-SW>
064506.953: [06:45:06][202602192.168.231.1-黄埭-核心交换机-06:45:06]
064507.000: [06:45:07]
064507.009: [06:45:07]Info: The max number of VTY users is 5, the number of current VTY users online is 2, and total number of terminal users online is 2.
064507.034: [06:45:07]      The current login time is 2025-12-02 13:56:32.
065507.100: [06:55:07]<Core-SW>
065513.337: [06:55:13][202602192.168.231.1-黄埭-核心交换机-06:55:13]
065513.382: [06:55:13]
065513.382: [06:55:13]Info: The max number of VTY users is 5, the number of current VTY users online is 2, and total number of terminal users online is 2.
065513.425: [06:55:13]      The current login time is 2025-12-02 14:06:38.
070513.461: [07:05:13]<Core-SW>
070519.310: [07:05:19][202602192.168.231.1-黄埭-核心交换机-07:05:19]
070519.433: [07:05:19]
070519.440: [07:05:19]Info: The max number of VTY users is 5, the number of current VTY users online is 2, and total number of terminal users online is 2.
070519.477: [07:05:19]      The current login time is 2025-12-02 14:16:44.
071519.556: [07:15:19]<Core-SW>
071525.883: [07:15:25][202602192.168.231.1-黄埭-核心交换机-07:15:25]
071526.010: [07:15:26]
071526.010: [07:15:26]Info: The max number of VTY users is 5, the number of current VTY users online is 2, and total number of terminal users online is 2.
071526.011: [07:15:26]      The current login time is 2025-12-02 14:26:51.
072526.092: [07:25:26]<Core-SW>
072532.303: [07:25:32][202602192.168.231.1-黄埭-核心交换机-07:25:32]
072532.359: [07:25:32]
072532.359: [07:25:32]Info: The max number of VTY users is 5, the number of current VTY users online is 2, and total number of terminal users online is 2.
072532.387: [07:25:32]      The current login time is 2025-12-02 14:36:57.
073532.422: [07:35:32]<Core-SW>
073538.307: [07:35:38][202602192.168.231.1-黄埭-核心交换机-07:35:38]
073538.350: [07:35:38]
073538.362: [07:35:38]Info: The max number of VTY users is 5, the number of current VTY users online is 2, and total number of terminal users online is 2.
073538.377: [07:35:38]      The current login time is 2025-12-02 14:47:03.
074538.561: [07:45:38]<Core-SW>
074544.779: [07:45:44][202602192.168.231.1-黄埭-核心交换机-07:45:44]
074544.825: [07:45:44]
074544.832: [07:45:44]Info: The max number of VTY users is 5, the number of current VTY users online is 2, and total number of terminal users online is 2.
074544.862: [07:45:44]      The current login time is 2025-12-02 14:57:10.
075544.895: [07:55:44]<Core-SW>
075550.831: [07:55:50][202602192.168.231.1-黄埭-核心交换机-07:55:50]
075550.867: [07:55:50]
075550.868: [07:55:50]Info: The max number of VTY users is 5, the number of current VTY users online is 2, and total number of terminal users online is 2.
075550.905: [07:55:50]      The current login time is 2025-12-02 15:07:16.
080550.931: [08:05:50]<Core-SW>
080556.911: [08:05:56][202602192.168.231.1-黄埭-核心交换机-08:05:56]
080556.970: [08:05:56]
080556.970: [08:05:56]Info: The max number of VTY users is 5, the number of current VTY users online is 2, and total number of terminal users online is 2.
080557.218: [08:05:57]      The current login time is 2025-12-02 15:17:22.
081557.049: [08:15:57]<Core-SW>
081603.334: [08:16:03][202602192.168.231.1-黄埭-核心交换机-08:16:03]
081603.398: [08:16:03]
081603.398: [08:16:03]Info: The max number of VTY users is 5, the number of current VTY users online is 2, and total number of terminal users online is 2.
081603.434: [08:16:03]      The current login time is 2025-12-02 15:27:28.
082603.612: [08:26:03]<Core-SW>
082609.793: [08:26:09][202602192.168.231.1-黄埭-核心交换机-08:26:09]
082609.905: [08:26:09]
082609.905: [08:26:09]Info: The max number of VTY users is 5, the number of current VTY users online is 2, and total number of terminal users online is 2.
082609.906: [08:26:09]      The current login time is 2025-12-02 15:37:35.
083610.037: [08:36:10]<Core-SW>
083616.911: [08:36:16][202602192.168.231.1-黄埭-核心交换机-08:36:16]
083617.042: [08:36:17]
083617.043: [08:36:17]Info: The max number of VTY users is 5, the number of current VTY users online is 2, and total number of terminal users online is 2.
083617.043: [08:36:17]      The current login time is 2025-12-02 15:47:42.
084617.048: [08:46:17]<Core-SW>
084623.325: [08:46:23][202602192.168.231.1-黄埭-核心交换机-08:46:23]
084623.374: [08:46:23]
084623.381: [08:46:23]Info: The max number of VTY users is 5, the number of current VTY users online is 2, and total number of terminal users online is 2.
084623.393: [08:46:23]      The current login time is 2025-12-02 15:57:48.
085623.440: [08:56:23]<Core-SW>
085629.598: [08:56:29][202602192.168.231.1-黄埭-核心交换机-08:56:29]
085629.727: [08:56:29]
085629.728: [08:56:29]Info: The max number of VTY users is 5, the number of current VTY users online is 2, and total number of terminal users online is 2.
085629.728: [08:56:29]      The current login time is 2025-12-02 16:07:55.
090629.761: [09:06:29]<Core-SW>
090635.853: [09:06:35][202602192.168.231.1-黄埭-核心交换机-09:06:35]
090635.919: [09:06:35]
090635.921: [09:06:35]Info: The max number of VTY users is 5, the number of current VTY users online is 2, and total number of terminal users online is 2.
090635.944: [09:06:35]      The current login time is 2025-12-02 16:18:01.
091635.987: [09:16:35]<Core-SW>
091641.759: [09:16:41][202602192.168.231.1-黄埭-核心交换机-09:16:41]
091641.887: [09:16:41]
091641.888: [09:16:41]Info: The max number of VTY users is 5, the number of current VTY users online is 2, and total number of terminal users online is 2.
091641.888: [09:16:41]      The current login time is 2025-12-02 16:28:07.
092641.871: [09:26:41]<Core-SW>
092648.103: [09:26:48][202602192.168.231.1-黄埭-核心交换机-09:26:48]
092648.169: [09:26:48]
092648.170: [09:26:48]Info: The max number of VTY users is 5, the number of current VTY users online is 2, and total number of terminal users online is 2.
092648.204: [09:26:48]      The current login time is 2025-12-02 16:38:13.
093648.333: [09:36:48]<Core-SW>
093654.256: [09:36:54][202602192.168.231.1-黄埭-核心交换机-09:36:54]
093654.304: [09:36:54]
093654.305: [09:36:54]Info: The max number of VTY users is 5, the number of current VTY users online is 2, and total number of terminal users online is 2.
093654.328: [09:36:54]      The current login time is 2025-12-02 16:48:19.
094654.370: [09:46:54]<Core-SW>
094700.292: [09:47:00][202602192.168.231.1-黄埭-核心交换机-09:47:00]
094700.334: [09:47:00]
094700.335: [09:47:00]Info: The max number of VTY users is 5, the number of current VTY users online is 2, and total number of terminal users online is 2.
094700.361: [09:47:00]      The current login time is 2025-12-02 16:58:25.
095700.438: [09:57:00]<Core-SW>
095706.488: [09:57:06][202602192.168.231.1-黄埭-核心交换机-09:57:06]
095706.547: [09:57:06]
095706.550: [09:57:06]Info: The max number of VTY users is 5, the number of current VTY users online is 2, and total number of terminal users online is 2.
095706.569: [09:57:06]      The current login time is 2025-12-02 17:08:32.
100706.606: [10:07:06]<Core-SW>
100712.842: [10:07:12][202602192.168.231.1-黄埭-核心交换机-10:07:12]
100712.879: [10:07:12]
100712.880: [10:07:12]Info: The max number of VTY users is 5, the number of current VTY users online is 2, and total number of terminal users online is 2.
100712.928: [10:07:12]      The current login time is 2025-12-02 17:18:38.
101713.010: [10:17:13]<Core-SW>
101719.672: [10:17:19][202602192.168.231.1-黄埭-核心交换机-10:17:19]
101719.726: [10:17:19]
101719.727: [10:17:19]Info: The max number of VTY users is 5, the number of current VTY users online is 2, and total number of terminal users online is 2.
101719.753: [10:17:19]      The current login time is 2025-12-02 17:28:45.
102719.805: [10:27:19]<Core-SW>
102725.858: [10:27:25][202602192.168.231.1-黄埭-核心交换机-10:27:25]
102725.899: [10:27:25]
102725.900: [10:27:25]Info: The max number of VTY users is 5, the number of current VTY users online is 2, and total number of terminal users online is 2.
102725.937: [10:27:25]      The current login time is 2025-12-02 17:38:51.
103726.416: [10:37:26]<Core-SW>
103732.282: [10:37:32][202602192.168.231.1-黄埭-核心交换机-10:37:32]
103732.344: [10:37:32]
103732.348: [10:37:32]Info: The max number of VTY users is 5, the number of current VTY users online is 2, and total number of terminal users online is 2.
103732.377: [10:37:32]      The current login time is 2025-12-02 17:48:57.
104732.422: [10:47:32]<Core-SW>
104738.249: [10:47:38][202602192.168.231.1-黄埭-核心交换机-10:47:38]
104738.298: [10:47:38]
104738.300: [10:47:38]Info: The max number of VTY users is 5, the number of current VTY users online is 2, and total number of terminal users online is 2.
104738.327: [10:47:38]      The current login time is 2025-12-02 17:59:03.
105738.402: [10:57:38]<Core-SW>
105744.475: [10:57:44][202602192.168.231.1-黄埭-核心交换机-10:57:44]
105744.526: [10:57:44]
105744.533: [10:57:44]Info: The max number of VTY users is 5, the number of current VTY users online is 2, and total number of terminal users online is 2.
105744.568: [10:57:44]      The current login time is 2025-12-02 18:09:10.
110744.605: [11:07:44]<Core-SW>
110750.900: [11:07:50][202602192.168.231.1-黄埭-核心交换机-11:07:50]
110750.961: [11:07:50]
110750.962: [11:07:50]Info: The max number of VTY users is 5, the number of current VTY users online is 2, and total number of terminal users online is 2.
110750.986: [11:07:50]      The current login time is 2025-12-02 18:19:16.
111751.039: [11:17:51]<Core-SW>
111758.037: [11:17:58][202602192.168.231.1-黄埭-核心交换机-11:17:58]
111758.389: [11:17:58]
111758.391: [11:17:58]Info: The max number of VTY users is 5, the number of current VTY users online is 2, and total number of terminal users online is 2.
111758.409: [11:17:58]      The current login time is 2025-12-02 18:29:23.
112758.471: [11:27:58]<Core-SW>
112804.972: [11:28:04][202602192.168.231.1-黄埭-核心交换机-11:28:04]
112805.025: [11:28:05]
112805.034: [11:28:05]Info: The max number of VTY users is 5, the number of current VTY users online is 2, and total number of terminal users online is 2.
112805.051: [11:28:05]      The current login time is 2025-12-02 18:39:30.
113805.221: [11:38:05]<Core-SW>
113811.486: [11:38:11][202602192.168.231.1-黄埭-核心交换机-11:38:11]
113811.529: [11:38:11]
113811.537: [11:38:11]Info: The max number of VTY users is 5, the number of current VTY users online is 2, and total number of terminal users online is 2.
113811.585: [11:38:11]      The current login time is 2025-12-02 18:49:37.
114811.759: [11:48:11]<Core-SW>
114818.296: [11:48:18][202602192.168.231.1-黄埭-核心交换机-11:48:18]
114818.372: [11:48:18]
114818.389: [11:48:18]Info: The max number of VTY users is 5, the number of current VTY users online is 2, and total number of terminal users online is 2.
114818.396: [11:48:18]      The current login time is 2025-12-02 18:59:43.
115818.433: [11:58:18]<Core-SW>
115824.286: [11:58:24][202602192.168.231.1-黄埭-核心交换机-11:58:24]
115824.334: [11:58:24]
115824.335: [11:58:24]Info: The max number of VTY users is 5, the number of current VTY users online is 2, and total number of terminal users online is 2.
115824.369: [11:58:24]      The current login time is 2025-12-02 19:09:49.
120824.469: [12:08:24]<Core-SW>
120830.339: [12:08:30][202602192.168.231.1-黄埭-核心交换机-12:08:30]
120830.396: [12:08:30]
120830.396: [12:08:30]Info: The max number of VTY users is 5, the number of current VTY users online is 2, and total number of terminal users online is 2.
120830.435: [12:08:30]      The current login time is 2025-12-02 19:19:56.
121830.505: [12:18:30]<Core-SW>
121836.335: [12:18:36][202602192.168.231.1-黄埭-核心交换机-12:18:36]
121836.395: [12:18:36]
121836.396: [12:18:36]Info: The max number of VTY users is 5, the number of current VTY users online is 2, and total number of terminal users online is 2.
121836.423: [12:18:36]      The current login time is 2025-12-02 19:30:02.
122836.691: [12:28:36]<Core-SW>
122842.955: [12:28:42][202602192.168.231.1-黄埭-核心交换机-12:28:42]
122843.006: [12:28:43]
122843.007: [12:28:43]Info: The max number of VTY users is 5, the number of current VTY users online is 2, and total number of terminal users online is 2.
122843.046: [12:28:43]      The current login time is 2025-12-02 19:40:08.
123843.099: [12:38:43]<Core-SW>
123849.371: [12:38:49][202602192.168.231.1-黄埭-核心交换机-12:38:49]
123849.499: [12:38:49]
123849.500: [12:38:49]Info: The max number of VTY users is 5, the number of current VTY users online is 2, and total number of terminal users online is 2.
123849.500: [12:38:49]      The current login time is 2025-12-02 19:50:15.
124849.521: [12:48:49]<Core-SW>
124855.279: [12:48:55][202602192.168.231.1-黄埭-核心交换机-12:48:55]
124855.337: [12:48:55]
124855.344: [12:48:55]Info: The max number of VTY users is 5, the number of current VTY users online is 2, and total number of terminal users online is 2.
124855.373: [12:48:55]      The current login time is 2025-12-02 20:00:21.
125855.423: [12:58:55]<Core-SW>
125901.389: [12:59:01][202602192.168.231.1-黄埭-核心交换机-12:59:01]
125901.428: [12:59:01]
125901.429: [12:59:01]Info: The max number of VTY users is 5, the number of current VTY users online is 2, and total number of terminal users online is 2.
125901.451: [12:59:01]      The current login time is 2025-12-02 20:10:27.
130901.538: [13:09:01]<Core-SW>
130907.293: [13:09:07][202602192.168.231.1-黄埭-核心交换机-13:09:07]
130907.336: [13:09:07]
130907.345: [13:09:07]Info: The max number of VTY users is 5, the number of current VTY users online is 2, and total number of terminal users online is 2.
130907.365: [13:09:07]      The current login time is 2025-12-02 20:20:33.
131907.441: [13:19:07]<Core-SW>
131913.608: [13:19:13][202602192.168.231.1-黄埭-核心交换机-13:19:13]
131913.668: [13:19:13]
131913.668: [13:19:13]Info: The max number of VTY users is 5, the number of current VTY users online is 2, and total number of terminal users online is 2.
131913.716: [13:19:13]      The current login time is 2025-12-02 20:30:39.
132913.820: [13:29:13]<Core-SW>
132919.772: [13:29:19][202602192.168.231.1-黄埭-核心交换机-13:29:19]
132919.830: [13:29:19]
132919.838: [13:29:19]Info: The max number of VTY users is 5, the number of current VTY users online is 2, and total number of terminal users online is 2.
132919.858: [13:29:19]      The current login time is 2025-12-02 20:40:45.
133919.969: [13:39:19]<Core-SW>
133925.825: [13:39:25][202602192.168.231.1-黄埭-核心交换机-13:39:25]
133925.969: [13:39:25]
133925.979: [13:39:25]Info: The max number of VTY users is 5, the number of current VTY users online is 2, and total number of terminal users online is 2.
133926.003: [13:39:26]      The current login time is 2025-12-02 20:50:51.
134926.078: [13:49:26]<Core-SW>
134932.263: [13:49:32][202602192.168.231.1-黄埭-核心交换机-13:49:32]
134932.304: [13:49:32]
134932.313: [13:49:32]Info: The max number of VTY users is 5, the number of current VTY users online is 2, and total number of terminal users online is 2.
134932.335: [13:49:32]      The current login time is 2025-12-02 21:00:58.
135932.402: [13:59:32]<Core-SW>
135938.354: [13:59:38][202602192.168.231.1-黄埭-核心交换机-13:59:38]
135938.404: [13:59:38]
135938.414: [13:59:38]Info: The max number of VTY users is 5, the number of current VTY users online is 2, and total number of terminal users online is 2.
135938.426: [13:59:38]      The current login time is 2025-12-02 21:11:04.
140938.608: [14:09:38]<Core-SW>
140944.747: [14:09:44][202602192.168.231.1-黄埭-核心交换机-14:09:44]
140944.806: [14:09:44]
140944.818: [14:09:44]Info: The max number of VTY users is 5, the number of current VTY users online is 2, and total number of terminal users online is 2.
140944.843: [14:09:44]      The current login time is 2025-12-02 21:21:10.
141945.129: [14:19:45]<Core-SW>
141951.395: [14:19:51][202602192.168.231.1-黄埭-核心交换机-14:19:51]
141951.446: [14:19:51]
141951.447: [14:19:51]Info: The max number of VTY users is 5, the number of current VTY users online is 2, and total number of terminal users online is 2.
141951.476: [14:19:51]      The current login time is 2025-12-02 21:31:17.
142951.743: [14:29:51]<Core-SW>
142957.838: [14:29:57][202602192.168.231.1-黄埭-核心交换机-14:29:57]
142957.949: [14:29:57]
142957.950: [14:29:57]Info: The max number of VTY users is 5, the number of current VTY users online is 2, and total number of terminal users online is 2.
142957.950: [14:29:57]      The current login time is 2025-12-02 21:41:23.
143957.986: [14:39:57]<Core-SW>
144003.902: [14:40:03][202602192.168.231.1-黄埭-核心交换机-14:40:03]
144003.952: [14:40:03]
144003.961: [14:40:03]Info: The max number of VTY users is 5, the number of current VTY users online is 2, and total number of terminal users online is 2.
144003.983: [14:40:03]      The current login time is 2025-12-02 21:51:29.
145004.265: [14:50:04]<Core-SW>
145010.275: [14:50:10][202602192.168.231.1-黄埭-核心交换机-14:50:10]
145010.320: [14:50:10]
145010.329: [14:50:10]Info: The max number of VTY users is 5, the number of current VTY users online is 2, and total number of terminal users online is 2.
145010.354: [14:50:10]      The current login time is 2025-12-02 22:01:36.
150010.440: [15:00:10]<Core-SW>
150016.612: [15:00:16][202602192.168.231.1-黄埭-核心交换机-15:00:16]
150016.692: [15:00:16]
150016.693: [15:00:16]Info: The max number of VTY users is 5, the number of current VTY users online is 2, and total number of terminal users online is 2.
150016.717: [15:00:16]      The current login time is 2025-12-02 22:11:42.
151016.789: [15:10:16]<Core-SW>
151022.957: [15:10:22][202602192.168.231.1-黄埭-核心交换机-15:10:22]
151023.014: [15:10:23]
151023.014: [15:10:23]Info: The max number of VTY users is 5, the number of current VTY users online is 2, and total number of terminal users online is 2.
151023.029: [15:10:23]      The current login time is 2025-12-02 22:21:48.
152023.104: [15:20:23]<Core-SW>
152029.323: [15:20:29][202602192.168.231.1-黄埭-核心交换机-15:20:29]
152029.387: [15:20:29]
152029.396: [15:20:29]Info: The max number of VTY users is 5, the number of current VTY users online is 2, and total number of terminal users online is 2.
152029.411: [15:20:29]      The current login time is 2025-12-02 22:31:55.
153029.485: [15:30:29]<Core-SW>
153035.276: [15:30:35][202602192.168.231.1-黄埭-核心交换机-15:30:35]
153035.376: [15:30:35]
153035.377: [15:30:35]Info: The max number of VTY users is 5, the number of current VTY users online is 2, and total number of terminal users online is 2.
153035.377: [15:30:35]      The current login time is 2025-12-02 22:42:01.
154035.412: [15:40:35]<Core-SW>
154041.319: [15:40:41][202602192.168.231.1-黄埭-核心交换机-15:40:41]
154041.378: [15:40:41]
154041.385: [15:40:41]Info: The max number of VTY users is 5, the number of current VTY users online is 2, and total number of terminal users online is 2.
154041.466: [15:40:41]      The current login time is 2025-12-02 22:52:07.
155041.462: [15:50:41]<Core-SW>
155047.251: [15:50:47][202602192.168.231.1-黄埭-核心交换机-15:50:47]
155047.289: [15:50:47]
155047.289: [15:50:47]Info: The max number of VTY users is 5, the number of current VTY users online is 2, and total number of terminal users online is 2.
155047.333: [15:50:47]      The current login time is 2025-12-02 23:02:13.
160047.394: [16:00:47]<Core-SW>
160053.280: [16:00:53][202602192.168.231.1-黄埭-核心交换机-16:00:53]
160053.348: [16:00:53]
160053.348: [16:00:53]Info: The max number of VTY users is 5, the number of current VTY users online is 2, and total number of terminal users online is 2.
160053.358: [16:00:53]      The current login time is 2025-12-02 23:12:19.
161053.430: [16:10:53]<Core-SW>
161059.383: [16:10:59][202602192.168.231.1-黄埭-核心交换机-16:10:59]
161059.432: [16:10:59]
161059.441: [16:10:59]Info: The max number of VTY users is 5, the number of current VTY users online is 2, and total number of terminal users online is 2.
161059.482: [16:10:59]      The current login time is 2025-12-02 23:22:25.
162059.512: [16:20:59]<Core-SW>
162105.295: [16:21:05][202602192.168.231.1-黄埭-核心交换机-16:21:05]
162105.359: [16:21:05]
162105.363: [16:21:05]Info: The max number of VTY users is 5, the number of current VTY users online is 2, and total number of terminal users online is 2.
162105.393: [16:21:05]      The current login time is 2025-12-02 23:32:31.
163105.434: [16:31:05]<Core-SW>
163111.459: [16:31:11][202602192.168.231.1-黄埭-核心交换机-16:31:11]
163111.549: [16:31:11]
163111.549: [16:31:11]Info: The max number of VTY users is 5, the number of current VTY users online is 2, and total number of terminal users online is 2.
163111.571: [16:31:11]      The current login time is 2025-12-02 23:42:37.
164111.692: [16:41:11]<Core-SW>
164117.807: [16:41:17][202602192.168.231.1-黄埭-核心交换机-16:41:17]
164117.872: [16:41:17]
164117.872: [16:41:17]Info: The max number of VTY users is 5, the number of current VTY users online is 2, and total number of terminal users online is 2.
164117.893: [16:41:17]      The current login time is 2025-12-02 23:52:43.
165117.960: [16:51:17]<Core-SW>
165123.933: [16:51:23][202602192.168.231.1-黄埭-核心交换机-16:51:23]
165124.087: [16:51:24]
165124.087: [16:51:24]Info: The max number of VTY users is 5, the number of current VTY users online is 2, and total number of terminal users online is 2.
165124.087: [16:51:24]      The current login time is 2025-12-03 00:02:49.
170124.074: [17:01:24]<Core-SW>
170130.376: [17:01:30][202602192.168.231.1-黄埭-核心交换机-17:01:30]
170130.422: [17:01:30]
170130.422: [17:01:30]Info: The max number of VTY users is 5, the number of current VTY users online is 2, and total number of terminal users online is 2.
170130.472: [17:01:30]      The current login time is 2025-12-03 00:12:56.
171130.499: [17:11:30]<Core-SW>
171136.374: [17:11:36][202602192.168.231.1-黄埭-核心交换机-17:11:36]
171136.434: [17:11:36]
171136.440: [17:11:36]Info: The max number of VTY users is 5, the number of current VTY users online is 2, and total number of terminal users online is 2.
171136.491: [17:11:36]      The current login time is 2025-12-03 00:23:02.
172136.571: [17:21:36]<Core-SW>
172142.867: [17:21:42][202602192.168.231.1-黄埭-核心交换机-17:21:42]
172142.907: [17:21:42]
172142.936: [17:21:42]Info: The max number of VTY users is 5, the number of current VTY users online is 2, and total number of terminal users online is 2.
172142.958: [17:21:42]      The current login time is 2025-12-03 00:33:08.
173143.007: [17:31:43]<Core-SW>
173148.950: [17:31:48][202602192.168.231.1-黄埭-核心交换机-17:31:48]
173148.999: [17:31:48]
173148.999: [17:31:48]Info: The max number of VTY users is 5, the number of current VTY users online is 2, and total number of terminal users online is 2.
173149.030: [17:31:49]      The current login time is 2025-12-03 00:43:14.
174149.060: [17:41:49]<Core-SW>
174155.285: [17:41:55][202602192.168.231.1-黄埭-核心交换机-17:41:55]
174155.342: [17:41:55]
174155.343: [17:41:55]Info: The max number of VTY users is 5, the number of current VTY users online is 2, and total number of terminal users online is 2.
174155.363: [17:41:55]      The current login time is 2025-12-03 00:53:21.
175155.423: [17:51:55]<Core-SW>
175201.325: [17:52:01][202602192.168.231.1-黄埭-核心交换机-17:52:01]
175201.367: [17:52:01]
175201.368: [17:52:01]Info: The max number of VTY users is 5, the number of current VTY users online is 2, and total number of terminal users online is 2.
175201.411: [17:52:01]      The current login time is 2025-12-03 01:03:27.
180201.448: [18:02:01]<Core-SW>
180207.501: [18:02:07][202602192.168.231.1-黄埭-核心交换机-18:02:07]
180207.551: [18:02:07]
180207.562: [18:02:07]Info: The max number of VTY users is 5, the number of current VTY users online is 2, and total number of terminal users online is 2.
180207.595: [18:02:07]      The current login time is 2025-12-03 01:13:33.
181207.636: [18:12:07]<Core-SW>
181213.806: [18:12:13][202602192.168.231.1-黄埭-核心交换机-18:12:13]
181213.857: [18:12:13]
181213.859: [18:12:13]Info: The max number of VTY users is 5, the number of current VTY users online is 2, and total number of terminal users online is 2.
181213.896: [18:12:13]      The current login time is 2025-12-03 01:23:39.
182213.951: [18:22:13]<Core-SW>
182219.733: [18:22:19][202602192.168.231.1-黄埭-核心交换机-18:22:19]
182219.852: [18:22:19]
182219.852: [18:22:19]Info: The max number of VTY users is 5, the number of current VTY users online is 2, and total number of terminal users online is 2.
182219.853: [18:22:19]      The current login time is 2025-12-03 01:33:45.
183219.962: [18:32:19]<Core-SW>
183225.811: [18:32:25][202602192.168.231.1-黄埭-核心交换机-18:32:25]
183225.929: [18:32:25]
183225.930: [18:32:25]Info: The max number of VTY users is 5, the number of current VTY users online is 2, and total number of terminal users online is 2.
183225.931: [18:32:25]      The current login time is 2025-12-03 01:43:51.
184225.960: [18:42:25]<Core-SW>
184232.007: [18:42:32][202602192.168.231.1-黄埭-核心交换机-18:42:32]
184232.067: [18:42:32]
184232.086: [18:42:32]Info: The max number of VTY users is 5, the number of current VTY users online is 2, and total number of terminal users online is 2.
184232.086: [18:42:32]      The current login time is 2025-12-03 01:53:57.
185232.116: [18:52:32]<Core-SW>
185238.423: [18:52:38][202602192.168.231.1-黄埭-核心交换机-18:52:38]
185238.479: [18:52:38]
185238.481: [18:52:38]Info: The max number of VTY users is 5, the number of current VTY users online is 2, and total number of terminal users online is 2.
185238.522: [18:52:38]      The current login time is 2025-12-03 02:04:04.
190238.601: [19:02:38]<Core-SW>
190244.861: [19:02:44][202602192.168.231.1-黄埭-核心交换机-19:02:44]
190244.942: [19:02:44]
190244.944: [19:02:44]Info: The max number of VTY users is 5, the number of current VTY users online is 2, and total number of terminal users online is 2.
190244.977: [19:02:44]      The current login time is 2025-12-03 02:14:10.
191245.024: [19:12:45]<Core-SW>
191250.790: [19:12:50][202602192.168.231.1-黄埭-核心交换机-19:12:50]
191250.830: [19:12:50]
191250.830: [19:12:50]Info: The max number of VTY users is 5, the number of current VTY users online is 2, and total number of terminal users online is 2.
191250.850: [19:12:50]      The current login time is 2025-12-03 02:24:16.
192250.917: [19:22:50]<Core-SW>
192256.930: [19:22:56][202602192.168.231.1-黄埭-核心交换机-19:22:56]
192256.966: [19:22:56]
192256.966: [19:22:56]Info: The max number of VTY users is 5, the number of current VTY users online is 2, and total number of terminal users online is 2.
192256.987: [19:22:56]      The current login time is 2025-12-03 02:34:22.
193257.038: [19:32:57]<Core-SW>
193302.940: [19:33:02][202602192.168.231.1-黄埭-核心交换机-19:33:02]
193302.978: [19:33:02]
193302.978: [19:33:02]Info: The max number of VTY users is 5, the number of current VTY users online is 2, and total number of terminal users online is 2.
193303.024: [19:33:03]      The current login time is 2025-12-03 02:44:28.
194303.077: [19:43:03]<Core-SW>
194309.557: [19:43:09][202602192.168.231.1-黄埭-核心交换机-19:43:09]
194309.616: [19:43:09]
194309.617: [19:43:09]Info: The max number of VTY users is 5, the number of current VTY users online is 2, and total number of terminal users online is 2.
194309.658: [19:43:09]      The current login time is 2025-12-03 02:54:35.
195309.731: [19:53:09]<Core-SW>
195315.880: [19:53:15][202602192.168.231.1-黄埭-核心交换机-19:53:15]
195315.956: [19:53:15]
195315.975: [19:53:15]Info: The max number of VTY users is 5, the number of current VTY users online is 2, and total number of terminal users online is 2.
195315.993: [19:53:15]      The current login time is 2025-12-03 03:04:41.
200316.116: [20:03:16]<Core-SW>
200322.337: [20:03:22][202602192.168.231.1-黄埭-核心交换机-20:03:22]
200322.384: [20:03:22]
200322.395: [20:03:22]Info: The max number of VTY users is 5, the number of current VTY users online is 2, and total number of terminal users online is 2.
200322.421: [20:03:22]      The current login time is 2025-12-03 03:14:48.
201322.534: [20:13:22]<Core-SW>
201328.391: [20:13:28][202602192.168.231.1-黄埭-核心交换机-20:13:28]
201328.430: [20:13:28]
201328.431: [20:13:28]Info: The max number of VTY users is 5, the number of current VTY users online is 2, and total number of terminal users online is 2.
201328.456: [20:13:28]      The current login time is 2025-12-03 03:24:54.
202328.642: [20:23:28]<Core-SW>
202334.749: [20:23:34][202602192.168.231.1-黄埭-核心交换机-20:23:34]
202334.876: [20:23:34]
202334.877: [20:23:34]Info: The max number of VTY users is 5, the number of current VTY users online is 2, and total number of terminal users online is 2.
202334.877: [20:23:34]      The current login time is 2025-12-03 03:35:00.
203334.889: [20:33:34]<Core-SW>
203341.020: [20:33:41][202602192.168.231.1-黄埭-核心交换机-20:33:41]
203341.066: [20:33:41]
203341.067: [20:33:41]Info: The max number of VTY users is 5, the number of current VTY users online is 2, and total number of terminal users online is 2.
203341.097: [20:33:41]      The current login time is 2025-12-03 03:45:07.
204341.169: [20:43:41]<Core-SW>
204347.333: [20:43:47][202602192.168.231.1-黄埭-核心交换机-20:43:47]
204347.380: [20:43:47]
204347.381: [20:43:47]Info: The max number of VTY users is 5, the number of current VTY users online is 2, and total number of terminal users online is 2.
204347.404: [20:43:47]      The current login time is 2025-12-03 03:55:13.
205347.481: [20:53:47]<Core-SW>
205353.287: [20:53:53][202602192.168.231.1-黄埭-核心交换机-20:53:53]
205353.344: [20:53:53]
205353.345: [20:53:53]Info: The max number of VTY users is 5, the number of current VTY users online is 2, and total number of terminal users online is 2.
205353.374: [20:53:53]      The current login time is 2025-12-03 04:05:19.
210353.489: [21:03:53]<Core-SW>
210359.450: [21:03:59][202602192.168.231.1-黄埭-核心交换机-21:03:59]
210359.488: [21:03:59]
210359.489: [21:03:59]Info: The max number of VTY users is 5, the number of current VTY users online is 2, and total number of terminal users online is 2.
210359.517: [21:03:59]      The current login time is 2025-12-03 04:15:25.
211359.700: [21:13:59]<Core-SW>
211405.970: [21:14:05][202602192.168.231.1-黄埭-核心交换机-21:14:05]
211406.022: [21:14:06]
211406.034: [21:14:06]Info: The max number of VTY users is 5, the number of current VTY users online is 2, and total number of terminal users online is 2.
211406.088: [21:14:06]      The current login time is 2025-12-03 04:25:31.
212406.219: [21:24:06]<Core-SW>
212412.571: [21:24:12][202602192.168.231.1-黄埭-核心交换机-21:24:12]
212412.619: [21:24:12]
212412.631: [21:24:12]Info: The max number of VTY users is 5, the number of current VTY users online is 2, and total number of terminal users online is 2.
212412.651: [21:24:12]      The current login time is 2025-12-03 04:35:38.
213412.740: [21:34:12]<Core-SW>
213419.112: [21:34:19][202602192.168.231.1-黄埭-核心交换机-21:34:19]
213419.151: [21:34:19]
213419.163: [21:34:19]Info: The max number of VTY users is 5, the number of current VTY users online is 2, and total number of terminal users online is 2.
213419.175: [21:34:19]      The current login time is 2025-12-03 04:45:45.
214419.317: [21:44:19]<Core-SW>
214425.324: [21:44:25][202602192.168.231.1-黄埭-核心交换机-21:44:25]
214425.367: [21:44:25]
214425.368: [21:44:25]Info: The max number of VTY users is 5, the number of current VTY users online is 2, and total number of terminal users online is 2.
214425.412: [21:44:25]      The current login time is 2025-12-03 04:55:51.
215425.471: [21:54:25]<Core-SW>
215431.329: [21:54:31][202602192.168.231.1-黄埭-核心交换机-21:54:31]
215431.381: [21:54:31]
215431.382: [21:54:31]Info: The max number of VTY users is 5, the number of current VTY users online is 2, and total number of terminal users online is 2.
215431.420: [21:54:31]      The current login time is 2025-12-03 05:05:57.
220431.508: [22:04:31]<Core-SW>
220437.444: [22:04:37][202602192.168.231.1-黄埭-核心交换机-22:04:37]
220437.494: [22:04:37]
220437.507: [22:04:37]Info: The max number of VTY users is 5, the number of current VTY users online is 2, and total number of terminal users online is 2.
220437.536: [22:04:37]      The current login time is 2025-12-03 05:16:03.
221437.695: [22:14:37]<Core-SW>
221443.851: [22:14:43][202602192.168.231.1-黄埭-核心交换机-22:14:43]
221443.894: [22:14:43]
221443.895: [22:14:43]Info: The max number of VTY users is 5, the number of current VTY users online is 2, and total number of terminal users online is 2.
221443.932: [22:14:43]      The current login time is 2025-12-03 05:26:09.
222444.020: [22:24:44]<Core-SW>
222449.966: [22:24:49][202602192.168.231.1-黄埭-核心交换机-22:24:49]
222450.030: [22:24:50]
222450.031: [22:24:50]Info: The max number of VTY users is 5, the number of current VTY users online is 2, and total number of terminal users online is 2.
222450.065: [22:24:50]      The current login time is 2025-12-03 05:36:16.
223450.221: [22:34:50]<Core-SW>
223456.377: [22:34:56][202602192.168.231.1-黄埭-核心交换机-22:34:56]
223456.496: [22:34:56]
223456.497: [22:34:56]Info: The max number of VTY users is 5, the number of current VTY users online is 2, and total number of terminal users online is 2.
223456.497: [22:34:56]      The current login time is 2025-12-03 05:46:22.
224456.529: [22:44:56]<Core-SW>
224502.258: [22:45:02][202602192.168.231.1-黄埭-核心交换机-22:45:02]
224502.302: [22:45:02]
224502.312: [22:45:02]Info: The max number of VTY users is 5, the number of current VTY users online is 2, and total number of terminal users online is 2.
224502.328: [22:45:02]      The current login time is 2025-12-03 05:56:28.
225502.438: [22:55:02]<Core-SW>
225508.394: [22:55:08][202602192.168.231.1-黄埭-核心交换机-22:55:08]
225508.439: [22:55:08]
225508.440: [22:55:08]Info: The max number of VTY users is 5, the number of current VTY users online is 2, and total number of terminal users online is 3.
225508.470: [22:55:08]      The current login time is 2025-12-03 06:06:34.
230508.542: [23:05:08]<Core-SW>
230514.813: [23:05:14][202602192.168.231.1-黄埭-核心交换机-23:05:14]
230514.871: [23:05:14]
230514.883: [23:05:14]Info: The max number of VTY users is 5, the number of current VTY users online is 2, and total number of terminal users online is 2.
230514.907: [23:05:14]      The current login time is 2025-12-03 06:16:40.
231515.064: [23:15:15]<Core-SW>
231521.431: [23:15:21][202602192.168.231.1-黄埭-核心交换机-23:15:21]
231521.487: [23:15:21]
231521.488: [23:15:21]Info: The max number of VTY users is 5, the number of current VTY users online is 2, and total number of terminal users online is 2.
231521.502: [23:15:21]      The current login time is 2025-12-03 06:26:47.
232521.641: [23:25:21]<Core-SW>
232527.832: [23:25:27][202602192.168.231.1-黄埭-核心交换机-23:25:27]
232527.968: [23:25:27]
232527.969: [23:25:27]Info: The max number of VTY users is 5, the number of current VTY users online is 2, and total number of terminal users online is 2.
232528.002: [23:25:28]      The current login time is 2025-12-03 06:36:54.
233528.107: [23:35:28]<Core-SW>
233534.281: [23:35:34][202602192.168.231.1-黄埭-核心交换机-23:35:34]
233534.325: [23:35:34]
233534.339: [23:35:34]Info: The max number of VTY users is 5, the number of current VTY users online is 2, and total number of terminal users online is 2.
233534.353: [23:35:34]      The current login time is 2025-12-03 06:47:00.
234534.415: [23:45:34]<Core-SW>
234540.270: [23:45:40][202602192.168.231.1-黄埭-核心交换机-23:45:40]
234540.316: [23:45:40]
234540.317: [23:45:40]Info: The max number of VTY users is 5, the number of current VTY users online is 2, and total number of terminal users online is 2.
234540.359: [23:45:40]      The current login time is 2025-12-03 06:57:06.
235540.530: [23:55:40]<Core-SW>
235546.384: [23:55:46][202602192.168.231.1-黄埭-核心交换机-23:55:46]
235546.438: [23:55:46]
235546.439: [23:55:46]Info: The max number of VTY users is 5, the number of current VTY users online is 2, and total number of terminal users online is 2.
235546.470: [23:55:46]      The current login time is 2025-12-03 07:07:12.
