141535.804: [14:15:35][202603103-172.16.101.45-14:15:35]
141535.833: [14:15:35]Welcome to Ubuntu 24.04.4 LTS (GNU/Linux 6.14.0-27-generic x86_64)
141535.833: [14:15:35]
141535.833: [14:15:35] * Documentation:  https://help.ubuntu.com
141535.833: [14:15:35] * Management:     https://landscape.canonical.com
141535.833: [14:15:35] * Support:        https://ubuntu.com/pro
141535.833: [14:15:35]
141535.833: [14:15:35]扩展安全维护（ESM）Applications 未启用。
141535.833: [14:15:35]
141535.833: [14:15:35]19 更新可以立即应用。
141535.833: [14:15:35]这些更新中有 3 个是标准安全更新。
141535.833: [14:15:35]要查看这些附加更新，请运行：apt list --upgradable
141535.833: [14:15:35]
141535.833: [14:15:35]启用 ESM Apps 来获取未来的额外安全更新
141535.834: [14:15:35]请参见 https://ubuntu.com/esm 或者运行: sudo pro status
141535.834: [14:15:35]
141535.834: [14:15:35]*** 需要重启系统 ***
141535.834: [14:15:35]Last login: Wed Mar 25 09:55:10 2026 from 192.168.6.173
141601.046: [14:16:01]root@user:~# lscpu
141601.093: [14:16:01]架构：                    x86_64
141601.094: [14:16:01]  CPU 运行模式：          32-bit, 64-bit
141601.094: [14:16:01]  Address sizes:          46 bits physical, 57 bits virtual
141601.094: [14:16:01]  字节序：                Little Endian
141601.094: [14:16:01]CPU:                      152
141601.094: [14:16:01]  在线 CPU 列表：         0-151
141601.095: [14:16:01]厂商 ID：                 GenuineIntel
141601.095: [14:16:01]  BIOS 厂商 ID：          Intel(R) Corporation
141601.095: [14:16:01]  型号名称：              Intel(R) Xeon(R) Platinum 8368 CPU @ 2.40GHz
141601.096: [14:16:01]    BIOS 型号名称：       Intel(R) Xeon(R) Platinum 8368 CPU @ 2.40GHz  CPU @ 2.4GHz
141601.096: [14:16:01]    BIOS CPU family:      179
141601.096: [14:16:01]    CPU 系列：            6
141601.096: [14:16:01]    型号：                106
141601.096: [14:16:01]    每个核的线程数：      2
141601.097: [14:16:01]    每个座的核数：        38
141601.097: [14:16:01]    座：                  2
141601.097: [14:16:01]    步进：                6
141601.097: [14:16:01]    CPU(s) scaling MHz:   25%
141601.097: [14:16:01]    CPU 最大 MHz：        3400.0000
141601.097: [14:16:01]    CPU 最小 MHz：        800.0000
141601.097: [14:16:01]    BogoMIPS：            4800.00
141601.111: [14:16:01]    标记：                fpu vme de pse tsc msr pae mce cx8 apic sep mtrr pge mca cmov pat pse36 clflush dts acpi mmx fxsr sse sse2 ss ht tm pbe syscall nx pdpe1gb rdtscp lm constant_tsc art arch_perfmon pebs bts rep_good nopl xtopology nonstop_tsc cpuid 
141601.111: [14:16:01]                          aperfmperf pni pclmulqdq dtes64 ds_cpl vmx smx est tm2 ssse3 sdbg fma cx16 xtpr pdcm pcid dca sse4_1 sse4_2 x2apic movbe popcnt tsc_deadline_timer aes xsave avx f16c rdrand lahf_lm abm 3dnowprefetch cpuid_fault epb cat_l3 ssbd mba
141601.112: [14:16:01]                           ibrs ibpb stibp ibrs_enhanced tpr_shadow flexpriority ept vpid ept_ad fsgsbase tsc_adjust bmi1 avx2 smep bmi2 erms invpcid cqm rdt_a avx512f avx512dq rdseed adx smap avx512ifma clflushopt clwb intel_pt avx512cd sha_ni avx512bw av
141601.112: [14:16:01]                          x512vl xsaveopt xsavec xgetbv1 xsaves cqm_llc cqm_occup_llc cqm_mbm_total cqm_mbm_local split_lock_detect wbnoinvd dtherm ida arat pln pts vnmi avx512vbmi umip pku ospke avx512_vbmi2 gfni vaes vpclmulqdq avx512_vnni avx512_bitalg 
141601.112: [14:16:01]                          avx512_vpopcntdq la57 rdpid fsrm md_clear pconfig flush_l1d arch_capabilities
141601.112: [14:16:01]Virtualization features:  
141601.113: [14:16:01]  虚拟化：                VT-x
141601.113: [14:16:01]Caches (sum of all):      
141601.113: [14:16:01]  L1d:                    3.6 MiB (76 instances)
141601.113: [14:16:01]  L1i:                    2.4 MiB (76 instances)
141601.113: [14:16:01]  L2:                     95 MiB (76 instances)
141601.113: [14:16:01]  L3:                     114 MiB (2 instances)
141601.113: [14:16:01]NUMA:                     
141601.113: [14:16:01]  NUMA 节点：             2
141601.113: [14:16:01]  NUMA 节点0 CPU：        0-37,76-113
141601.113: [14:16:01]  NUMA 节点1 CPU：        38-75,114-151
141601.113: [14:16:01]Vulnerabilities:          
141601.113: [14:16:01]  Gather data sampling:   Vulnerable
141601.113: [14:16:01]  Ghostwrite:             Not affected
141601.113: [14:16:01]  Itlb multihit:          Not affected
141601.113: [14:16:01]  L1tf:                   Not affected
141601.114: [14:16:01]  Mds:                    Not affected
141601.114: [14:16:01]  Meltdown:               Not affected
141601.114: [14:16:01]  Mmio stale data:        Mitigation; Clear CPU buffers; SMT vulnerable
141601.114: [14:16:01]  Reg file data sampling: Not affected
141601.114: [14:16:01]  Retbleed:               Not affected
141601.114: [14:16:01]  Spec rstack overflow:   Not affected
141601.114: [14:16:01]  Spec store bypass:      Mitigation; Speculative Store Bypass disabled via prctl
141601.114: [14:16:01]  Spectre v1:             Mitigation; usercopy/swapgs barriers and __user pointer sanitization
141601.114: [14:16:01]  Spectre v2:             Mitigation; Enhanced / Automatic IBRS; IBPB conditional; PBRSB-eIBRS SW sequence; BHI SW loop, KVM SW loop
141601.115: [14:16:01]  Srbds:                  Not affected
141601.115: [14:16:01]  Tsx async abort:        Not affected
141603.254: [14:16:03]root@user:~# free -h
141603.268: [14:16:03]               total        used        free      shared  buff/cache   available
141603.268: [14:16:03]内存：         503Gi       9.5Gi       491Gi        13Mi       5.5Gi       493Gi
141603.268: [14:16:03]交换：         8.0Gi          0B       8.0Gi
141902.012: [14:19:02]root@user:~# lsblk -d -o NAME,TYPE,SIZE,MODEL
141902.041: [14:19:02]NAME   TYPE   SIZE MODEL
141902.041: [14:19:02]loop0  loop 254.9M 
141902.041: [14:19:02]loop1  loop 245.1M 
141902.041: [14:19:02]loop2  loop  49.3M 
141902.042: [14:19:02]loop3  loop     4K 
141902.042: [14:19:02]loop4  loop  11.1M 
141902.042: [14:19:02]loop5  loop   516M 
141902.042: [14:19:02]loop6  loop  73.9M 
141902.042: [14:19:02]loop7  loop  10.8M 
141902.042: [14:19:02]loop8  loop  91.7M 
141902.042: [14:19:02]loop9  loop  48.4M 
141902.043: [14:19:02]loop10 loop   576K 
141902.043: [14:19:02]loop11 loop    74M 
141902.043: [14:19:02]loop12 loop  66.8M 
141902.043: [14:19:02]loop13 loop  15.5M 
141902.043: [14:19:02]loop14 loop   395M 
141902.043: [14:19:02]loop15 loop 531.4M 
141902.043: [14:19:02]loop16 loop 606.1M 
141902.044: [14:19:02]loop17 loop  16.4M 
141902.044: [14:19:02]sda    disk   2.2T MR9361-8i
141902.044: [14:19:02]sdb    disk  36.4T MR9361-8i
