000050.235: [00:00:50][202603192.168.231.1-黄埭-核心交换机-00:00:50]
000050.281: [00:00:50]
000050.281: [00:00:50]Info: The max number of VTY users is 5, the number of current VTY users online is 2, and total number of terminal users online is 2.
000050.300: [00:00:50]      The current login time is 2025-12-04 07:12:17.
001050.350: [00:10:50]<Core-SW>
001056.301: [00:10:56][202603192.168.231.1-黄埭-核心交换机-00:10:56]
001056.337: [00:10:56]
001056.346: [00:10:56]Info: The max number of VTY users is 5, the number of current VTY users online is 2, and total number of terminal users online is 2.
001056.375: [00:10:56]      The current login time is 2025-12-04 07:22:23.
002056.500: [00:20:56]<Core-SW>
002102.358: [00:21:02][202603192.168.231.1-黄埭-核心交换机-00:21:02]
002102.399: [00:21:02]
002102.400: [00:21:02]Info: The max number of VTY users is 5, the number of current VTY users online is 2, and total number of terminal users online is 2.
002102.430: [00:21:02]      The current login time is 2025-12-04 07:32:29.
003102.508: [00:31:02]<Core-SW>
003108.763: [00:31:08][202603192.168.231.1-黄埭-核心交换机-00:31:08]
003108.829: [00:31:08]
003108.841: [00:31:08]Info: The max number of VTY users is 5, the number of current VTY users online is 2, and total number of terminal users online is 2.
003108.849: [00:31:08]      The current login time is 2025-12-04 07:42:35.
004108.897: [00:41:08]<Core-SW>
004114.882: [00:41:14][202603192.168.231.1-黄埭-核心交换机-00:41:14]
004114.939: [00:41:14]
004114.951: [00:41:14]Info: The max number of VTY users is 5, the number of current VTY users online is 2, and total number of terminal users online is 2.
004114.964: [00:41:14]      The current login time is 2025-12-04 07:52:41.
005114.996: [00:51:14]<Core-SW>
005120.868: [00:51:20][202603192.168.231.1-黄埭-核心交换机-00:51:20]
005120.922: [00:51:20]
005120.922: [00:51:20]Info: The max number of VTY users is 5, the number of current VTY users online is 2, and total number of terminal users online is 2.
005120.956: [00:51:20]      The current login time is 2025-12-04 08:02:47.
010121.043: [01:01:21]<Core-SW>
010127.307: [01:01:27][202603192.168.231.1-黄埭-核心交换机-01:01:27]
010127.348: [01:01:27]
010127.360: [01:01:27]Info: The max number of VTY users is 5, the number of current VTY users online is 2, and total number of terminal users online is 2.
010127.468: [01:01:27]      The current login time is 2025-12-04 08:12:54.
011127.460: [01:11:27]<Core-SW>
011133.316: [01:11:33][202603192.168.231.1-黄埭-核心交换机-01:11:33]
011133.360: [01:11:33]
011133.361: [01:11:33]Info: The max number of VTY users is 5, the number of current VTY users online is 2, and total number of terminal users online is 2.
011133.386: [01:11:33]      The current login time is 2025-12-04 08:23:00.
012133.564: [01:21:33]<Core-SW>
012139.833: [01:21:39][202603192.168.231.1-黄埭-核心交换机-01:21:39]
012139.903: [01:21:39]
012139.915: [01:21:39]Info: The max number of VTY users is 5, the number of current VTY users online is 2, and total number of terminal users online is 2.
012139.937: [01:21:39]      The current login time is 2025-12-04 08:33:06.
013139.983: [01:31:39]<Core-SW>
013145.740: [01:31:45][202603192.168.231.1-黄埭-核心交换机-01:31:45]
013145.793: [01:31:45]
013145.794: [01:31:45]Info: The max number of VTY users is 5, the number of current VTY users online is 2, and total number of terminal users online is 2.
013145.829: [01:31:45]      The current login time is 2025-12-04 08:43:12.
014145.868: [01:41:45]<Core-SW>
014151.848: [01:41:51][202603192.168.231.1-黄埭-核心交换机-01:41:51]
014151.898: [01:41:51]
014151.909: [01:41:51]Info: The max number of VTY users is 5, the number of current VTY users online is 2, and total number of terminal users online is 2.
014151.924: [01:41:51]      The current login time is 2025-12-04 08:53:18.
015151.969: [01:51:51]<Core-SW>
015157.764: [01:51:57][202603192.168.231.1-黄埭-核心交换机-01:51:57]
015157.905: [01:51:57]
015157.906: [01:51:57]Info: The max number of VTY users is 5, the number of current VTY users online is 2, and total number of terminal users online is 2.
015157.922: [01:51:57]      The current login time is 2025-12-04 09:03:24.
020157.987: [02:01:57]<Core-SW>
020204.320: [02:02:04][202603192.168.231.1-黄埭-核心交换机-02:02:04]
020204.453: [02:02:04]
020204.454: [02:02:04]Info: The max number of VTY users is 5, the number of current VTY users online is 2, and total number of terminal users online is 2.
020204.454: [02:02:04]      The current login time is 2025-12-04 09:13:31.
021204.526: [02:12:04]<Core-SW>
021210.792: [02:12:10][202603192.168.231.1-黄埭-核心交换机-02:12:10]
021210.841: [02:12:10]
021210.842: [02:12:10]Info: The max number of VTY users is 5, the number of current VTY users online is 2, and total number of terminal users online is 2.
021210.876: [02:12:10]      The current login time is 2025-12-04 09:23:37.
022210.924: [02:22:10]<Core-SW>
022216.798: [02:22:16][202603192.168.231.1-黄埭-核心交换机-02:22:16]
022216.847: [02:22:16]
022216.858: [02:22:16]Info: The max number of VTY users is 5, the number of current VTY users online is 2, and total number of terminal users online is 2.
022216.873: [02:22:16]      The current login time is 2025-12-04 09:33:43.
023216.949: [02:32:16]<Core-SW>
023222.909: [02:32:22][202603192.168.231.1-黄埭-核心交换机-02:32:22]
023222.949: [02:32:22]
023222.956: [02:32:22]Info: The max number of VTY users is 5, the number of current VTY users online is 2, and total number of terminal users online is 2.
023222.979: [02:32:22]      The current login time is 2025-12-04 09:43:49.
024223.168: [02:42:23]<Core-SW>
024229.302: [02:42:29][202603192.168.231.1-黄埭-核心交换机-02:42:29]
024229.370: [02:42:29]
024229.371: [02:42:29]Info: The max number of VTY users is 5, the number of current VTY users online is 2, and total number of terminal users online is 2.
024229.388: [02:42:29]      The current login time is 2025-12-04 09:53:56.
025229.437: [02:52:29]<Core-SW>
025235.378: [02:52:35][202603192.168.231.1-黄埭-核心交换机-02:52:35]
025235.450: [02:52:35]
025235.451: [02:52:35]Info: The max number of VTY users is 5, the number of current VTY users online is 2, and total number of terminal users online is 2.
025235.467: [02:52:35]      The current login time is 2025-12-04 10:04:02.
030235.511: [03:02:35]<Core-SW>
030241.860: [03:02:41][202603192.168.231.1-黄埭-核心交换机-03:02:41]
030242.016: [03:02:42]
030242.018: [03:02:42]Info: The max number of VTY users is 5, the number of current VTY users online is 2, and total number of terminal users online is 2.
030242.029: [03:02:42]      The current login time is 2025-12-04 10:14:08.
031242.097: [03:12:42]<Core-SW>
031248.377: [03:12:48][202603192.168.231.1-黄埭-核心交换机-03:12:48]
031248.424: [03:12:48]
031248.436: [03:12:48]Info: The max number of VTY users is 5, the number of current VTY users online is 2, and total number of terminal users online is 2.
031248.455: [03:12:48]      The current login time is 2025-12-04 10:24:15.
032248.498: [03:22:48]<Core-SW>
032254.996: [03:22:54][202603192.168.231.1-黄埭-核心交换机-03:22:54]
032255.039: [03:22:55]
032255.040: [03:22:55]Info: The max number of VTY users is 5, the number of current VTY users online is 2, and total number of terminal users online is 2.
032255.153: [03:22:55]      The current login time is 2025-12-04 10:34:22.
033255.196: [03:32:55]<Core-SW>
033301.256: [03:33:01][202603192.168.231.1-黄埭-核心交换机-03:33:01]
033301.313: [03:33:01]
033301.314: [03:33:01]Info: The max number of VTY users is 5, the number of current VTY users online is 2, and total number of terminal users online is 2.
033301.339: [03:33:01]      The current login time is 2025-12-04 10:44:28.
034301.376: [03:43:01]<Core-SW>
034307.416: [03:43:07][202603192.168.231.1-黄埭-核心交换机-03:43:07]
034307.468: [03:43:07]
034307.469: [03:43:07]Info: The max number of VTY users is 5, the number of current VTY users online is 2, and total number of terminal users online is 2.
034307.499: [03:43:07]      The current login time is 2025-12-04 10:54:34.
035307.668: [03:53:07]<Core-SW>
035313.936: [03:53:13][202603192.168.231.1-黄埭-核心交换机-03:53:13]
035313.982: [03:53:13]
035313.994: [03:53:13]Info: The max number of VTY users is 5, the number of current VTY users online is 2, and total number of terminal users online is 2.
035314.020: [03:53:14]      The current login time is 2025-12-04 11:04:41.
040314.116: [04:03:14]<Core-SW>
040320.243: [04:03:20][202603192.168.231.1-黄埭-核心交换机-04:03:20]
040320.300: [04:03:20]
040320.312: [04:03:20]Info: The max number of VTY users is 5, the number of current VTY users online is 2, and total number of terminal users online is 2.
040320.333: [04:03:20]      The current login time is 2025-12-04 11:14:47.
041320.502: [04:13:20]<Core-SW>
041326.791: [04:13:26][202603192.168.231.1-黄埭-核心交换机-04:13:26]
041326.859: [04:13:26]
041326.860: [04:13:26]Info: The max number of VTY users is 5, the number of current VTY users online is 2, and total number of terminal users online is 2.
041326.889: [04:13:26]      The current login time is 2025-12-04 11:24:53.
042327.021: [04:23:27]<Core-SW>
042333.285: [04:23:33][202603192.168.231.1-黄埭-核心交换机-04:23:33]
042333.351: [04:23:33]
042333.352: [04:23:33]Info: The max number of VTY users is 5, the number of current VTY users online is 2, and total number of terminal users online is 2.
042333.381: [04:23:33]      The current login time is 2025-12-04 11:35:00.
043333.539: [04:33:33]<Core-SW>
043339.907: [04:33:39][202603192.168.231.1-黄埭-核心交换机-04:33:39]
043339.964: [04:33:39]
043339.965: [04:33:39]Info: The max number of VTY users is 5, the number of current VTY users online is 2, and total number of terminal users online is 2.
043339.992: [04:33:39]      The current login time is 2025-12-04 11:45:07.
044340.143: [04:43:40]<Core-SW>
044346.295: [04:43:46][202603192.168.231.1-黄埭-核心交换机-04:43:46]
044346.436: [04:43:46]
044346.437: [04:43:46]Info: The max number of VTY users is 5, the number of current VTY users online is 2, and total number of terminal users online is 2.
044346.473: [04:43:46]      The current login time is 2025-12-04 11:55:13.
045346.523: [04:53:46]<Core-SW>
045352.844: [04:53:52][202603192.168.231.1-黄埭-核心交换机-04:53:52]
045352.895: [04:53:52]
045352.896: [04:53:52]Info: The max number of VTY users is 5, the number of current VTY users online is 2, and total number of terminal users online is 2.
045352.984: [04:53:52]      The current login time is 2025-12-04 12:05:19.
050353.010: [05:03:53]<Core-SW>
050359.673: [05:03:59][202603192.168.231.1-黄埭-核心交换机-05:03:59]
050359.713: [05:03:59]
050359.714: [05:03:59]Info: The max number of VTY users is 5, the number of current VTY users online is 2, and total number of terminal users online is 2.
050359.753: [05:03:59]      The current login time is 2025-12-04 12:15:26.
051359.922: [05:13:59]<Core-SW>
051405.782: [05:14:05][202603192.168.231.1-黄埭-核心交换机-05:14:05]
051405.827: [05:14:05]
051405.838: [05:14:05]Info: The max number of VTY users is 5, the number of current VTY users online is 2, and total number of terminal users online is 2.
051405.851: [05:14:05]      The current login time is 2025-12-04 12:25:32.
052406.031: [05:24:06]<Core-SW>
052412.283: [05:24:12][202603192.168.231.1-黄埭-核心交换机-05:24:12]
052412.335: [05:24:12]
052412.347: [05:24:12]Info: The max number of VTY users is 5, the number of current VTY users online is 2, and total number of terminal users online is 2.
052412.368: [05:24:12]      The current login time is 2025-12-04 12:35:39.
053412.406: [05:34:12]<Core-SW>
053418.364: [05:34:18][202603192.168.231.1-黄埭-核心交换机-05:34:18]
053418.418: [05:34:18]
053418.425: [05:34:18]Info: The max number of VTY users is 5, the number of current VTY users online is 2, and total number of terminal users online is 2.
053418.450: [05:34:18]      The current login time is 2025-12-04 12:45:45.
054418.497: [05:44:18]<Core-SW>
054424.945: [05:44:24][202603192.168.231.1-黄埭-核心交换机-05:44:24]
054424.993: [05:44:24]
054425.000: [05:44:25]Info: The max number of VTY users is 5, the number of current VTY users online is 2, and total number of terminal users online is 2.
054425.033: [05:44:25]      The current login time is 2025-12-04 12:55:52.
055425.080: [05:54:25]<Core-SW>
055431.247: [05:54:31][202603192.168.231.1-黄埭-核心交换机-05:54:31]
055431.300: [05:54:31]
055431.311: [05:54:31]Info: The max number of VTY users is 5, the number of current VTY users online is 2, and total number of terminal users online is 2.
055431.321: [05:54:31]      The current login time is 2025-12-04 13:05:58.
060431.392: [06:04:31]<Core-SW>
060437.238: [06:04:37][202603192.168.231.1-黄埭-核心交换机-06:04:37]
060437.275: [06:04:37]
060437.284: [06:04:37]Info: The max number of VTY users is 5, the number of current VTY users online is 2, and total number of terminal users online is 2.
060437.319: [06:04:37]      The current login time is 2025-12-04 13:16:04.
061437.502: [06:14:37]<Core-SW>
061443.769: [06:14:43][202603192.168.231.1-黄埭-核心交换机-06:14:43]
061443.821: [06:14:43]
061443.822: [06:14:43]Info: The max number of VTY users is 5, the number of current VTY users online is 2, and total number of terminal users online is 2.
061443.860: [06:14:43]      The current login time is 2025-12-04 13:26:10.
062444.005: [06:24:44]<Core-SW>
062450.408: [06:24:50][202603192.168.231.1-黄埭-核心交换机-06:24:50]
062450.465: [06:24:50]
062450.466: [06:24:50]Info: The max number of VTY users is 5, the number of current VTY users online is 2, and total number of terminal users online is 2.
062450.494: [06:24:50]      The current login time is 2025-12-04 13:36:17.
063450.643: [06:34:50]<Core-SW>
063456.792: [06:34:56][202603192.168.231.1-黄埭-核心交换机-06:34:56]
063456.925: [06:34:56]
063456.926: [06:34:56]Info: The max number of VTY users is 5, the number of current VTY users online is 2, and total number of terminal users online is 2.
063456.954: [06:34:56]      The current login time is 2025-12-04 13:46:24.
064457.063: [06:44:57]<Core-SW>
064503.167: [06:45:03][202603192.168.231.1-黄埭-核心交换机-06:45:03]
064503.216: [06:45:03]
064503.217: [06:45:03]Info: The max number of VTY users is 5, the number of current VTY users online is 2, and total number of terminal users online is 2.
064503.277: [06:45:03]      The current login time is 2025-12-04 13:56:30.
065503.315: [06:55:03]<Core-SW>
065509.339: [06:55:09][202603192.168.231.1-黄埭-核心交换机-06:55:09]
065509.408: [06:55:09]
065509.409: [06:55:09]Info: The max number of VTY users is 5, the number of current VTY users online is 2, and total number of terminal users online is 2.
065509.427: [06:55:09]      The current login time is 2025-12-04 14:06:36.
070509.484: [07:05:09]<Core-SW>
070515.750: [07:05:15][202603192.168.231.1-黄埭-核心交换机-07:05:15]
070515.802: [07:05:15]
070515.803: [07:05:15]Info: The max number of VTY users is 5, the number of current VTY users online is 2, and total number of terminal users online is 2.
070515.830: [07:05:15]      The current login time is 2025-12-04 14:16:42.
071516.002: [07:15:16]<Core-SW>
071522.369: [07:15:22][202603192.168.231.1-黄埭-核心交换机-07:15:22]
071522.431: [07:15:22]
071522.443: [07:15:22]Info: The max number of VTY users is 5, the number of current VTY users online is 2, and total number of terminal users online is 2.
071522.455: [07:15:22]      The current login time is 2025-12-04 14:26:49.
072522.725: [07:25:22]<Core-SW>
072528.889: [07:25:28][202603192.168.231.1-黄埭-核心交换机-07:25:28]
072528.947: [07:25:28]
072528.958: [07:25:28]Info: The max number of VTY users is 5, the number of current VTY users online is 2, and total number of terminal users online is 2.
072528.989: [07:25:28]      The current login time is 2025-12-04 14:36:56.
073529.032: [07:35:29]<Core-SW>
073535.222: [07:35:35][202603192.168.231.1-黄埭-核心交换机-07:35:35]
073535.265: [07:35:35]
073535.266: [07:35:35]Info: The max number of VTY users is 5, the number of current VTY users online is 2, and total number of terminal users online is 2.
073535.291: [07:35:35]      The current login time is 2025-12-04 14:47:02.
074535.457: [07:45:35]<Core-SW>
074541.200: [07:45:41][202603192.168.231.1-黄埭-核心交换机-07:45:41]
074541.264: [07:45:41]
074541.265: [07:45:41]Info: The max number of VTY users is 5, the number of current VTY users online is 2, and total number of terminal users online is 2.
074541.297: [07:45:41]      The current login time is 2025-12-04 14:57:08.
075541.361: [07:55:41]<Core-SW>
075547.326: [07:55:47][202603192.168.231.1-黄埭-核心交换机-07:55:47]
075547.381: [07:55:47]
075547.392: [07:55:47]Info: The max number of VTY users is 5, the number of current VTY users online is 2, and total number of terminal users online is 2.
075547.411: [07:55:47]      The current login time is 2025-12-04 15:07:14.
080547.576: [08:05:47]<Core-SW>
080554.006: [08:05:54][202603192.168.231.1-黄埭-核心交换机-08:05:54]
080554.078: [08:05:54]
080554.088: [08:05:54]Info: The max number of VTY users is 5, the number of current VTY users online is 2, and total number of terminal users online is 2.
080554.099: [08:05:54]      The current login time is 2025-12-04 15:17:21.
081554.200: [08:15:54]<Core-SW>
081600.303: [08:16:00][202603192.168.231.1-黄埭-核心交换机-08:16:00]
081600.361: [08:16:00]
081600.362: [08:16:00]Info: The max number of VTY users is 5, the number of current VTY users online is 2, and total number of terminal users online is 2.
081600.382: [08:16:00]      The current login time is 2025-12-04 15:27:27.
082600.612: [08:26:00]<Core-SW>
082606.899: [08:26:06][202603192.168.231.1-黄埭-核心交换机-08:26:06]
082606.968: [08:26:06]
082606.978: [08:26:06]Info: The max number of VTY users is 5, the number of current VTY users online is 2, and total number of terminal users online is 2.
082606.989: [08:26:06]      The current login time is 2025-12-04 15:37:34.
083607.232: [08:36:07]<Core-SW>
083613.282: [08:36:13][202603192.168.231.1-黄埭-核心交换机-08:36:13]
083613.332: [08:36:13]
083613.332: [08:36:13]Info: The max number of VTY users is 5, the number of current VTY users online is 2, and total number of terminal users online is 2.
083613.363: [08:36:13]      The current login time is 2025-12-04 15:47:40.
084613.449: [08:46:13]<Core-SW>
084619.303: [08:46:19][202603192.168.231.1-黄埭-核心交换机-08:46:19]
084619.357: [08:46:19]
084619.369: [08:46:19]Info: The max number of VTY users is 5, the number of current VTY users online is 2, and total number of terminal users online is 2.
084619.392: [08:46:19]      The current login time is 2025-12-04 15:57:46.
085619.453: [08:56:19]<Core-SW>
085625.255: [08:56:25][202603192.168.231.1-黄埭-核心交换机-08:56:25]
085625.302: [08:56:25]
085625.314: [08:56:25]Info: The max number of VTY users is 5, the number of current VTY users online is 2, and total number of terminal users online is 2.
085625.346: [08:56:25]      The current login time is 2025-12-04 16:07:52.
090625.418: [09:06:25]<Core-SW>
090631.203: [09:06:31][202603192.168.231.1-黄埭-核心交换机-09:06:31]
090631.251: [09:06:31]
090631.252: [09:06:31]Info: The max number of VTY users is 5, the number of current VTY users online is 2, and total number of terminal users online is 2.
090631.328: [09:06:31]      The current login time is 2025-12-04 16:17:58.
091631.394: [09:16:31]<Core-SW>
091637.328: [09:16:37][202603192.168.231.1-黄埭-核心交换机-09:16:37]
091637.375: [09:16:37]
091637.388: [09:16:37]Info: The max number of VTY users is 5, the number of current VTY users online is 2, and total number of terminal users online is 2.
091637.403: [09:16:37]      The current login time is 2025-12-04 16:28:04.
092637.457: [09:26:37]<Core-SW>
092643.431: [09:26:43][202603192.168.231.1-黄埭-核心交换机-09:26:43]
092643.487: [09:26:43]
092643.488: [09:26:43]Info: The max number of VTY users is 5, the number of current VTY users online is 2, and total number of terminal users online is 2.
092643.515: [09:26:43]      The current login time is 2025-12-04 16:38:10.
093643.653: [09:36:43]<Core-SW>
093650.054: [09:36:50][202603192.168.231.1-黄埭-核心交换机-09:36:50]
093650.103: [09:36:50]
093650.104: [09:36:50]Info: The max number of VTY users is 5, the number of current VTY users online is 2, and total number of terminal users online is 2.
093650.133: [09:36:50]      The current login time is 2025-12-04 16:48:17.
094650.317: [09:46:50]<Core-SW>
094656.189: [09:46:56][202603192.168.231.1-黄埭-核心交换机-09:46:56]
094656.245: [09:46:56]
094656.254: [09:46:56]Info: The max number of VTY users is 5, the number of current VTY users online is 2, and total number of terminal users online is 2.
094656.280: [09:46:56]      The current login time is 2025-12-04 16:58:23.
095656.331: [09:56:56]<Core-SW>
095702.276: [09:57:02][202603192.168.231.1-黄埭-核心交换机-09:57:02]
095702.326: [09:57:02]
095702.338: [09:57:02]Info: The max number of VTY users is 5, the number of current VTY users online is 2, and total number of terminal users online is 2.
095702.360: [09:57:02]      The current login time is 2025-12-04 17:08:29.
100702.415: [10:07:02]<Core-SW>
100708.195: [10:07:08][202603192.168.231.1-黄埭-核心交换机-10:07:08]
100708.236: [10:07:08]
100708.237: [10:07:08]Info: The max number of VTY users is 5, the number of current VTY users online is 2, and total number of terminal users online is 2.
100708.268: [10:07:08]      The current login time is 2025-12-04 17:18:35.
101708.486: [10:17:08]<Core-SW>
101714.772: [10:17:14][202603192.168.231.1-黄埭-核心交换机-10:17:14]
101714.809: [10:17:14]
101714.821: [10:17:14]Info: The max number of VTY users is 5, the number of current VTY users online is 2, and total number of terminal users online is 2.
101714.846: [10:17:14]      The current login time is 2025-12-04 17:28:42.
102714.899: [10:27:14]<Core-SW>
102720.759: [10:27:20][202603192.168.231.1-黄埭-核心交换机-10:27:20]
102720.895: [10:27:20]
102720.896: [10:27:20]Info: The max number of VTY users is 5, the number of current VTY users online is 2, and total number of terminal users online is 2.
102720.914: [10:27:20]      The current login time is 2025-12-04 17:38:48.
103721.056: [10:37:21]<Core-SW>
103727.227: [10:37:27][202603192.168.231.1-黄埭-核心交换机-10:37:27]
103727.268: [10:37:27]
103727.269: [10:37:27]Info: The max number of VTY users is 5, the number of current VTY users online is 2, and total number of terminal users online is 2.
103727.311: [10:37:27]      The current login time is 2025-12-04 17:48:54.
104727.373: [10:47:27]<Core-SW>
104733.307: [10:47:33][202603192.168.231.1-黄埭-核心交换机-10:47:33]
104733.370: [10:47:33]
104733.371: [10:47:33]Info: The max number of VTY users is 5, the number of current VTY users online is 2, and total number of terminal users online is 2.
104733.395: [10:47:33]      The current login time is 2025-12-04 17:59:00.
105733.447: [10:57:33]<Core-SW>
105739.356: [10:57:39][202603192.168.231.1-黄埭-核心交换机-10:57:39]
105739.405: [10:57:39]
105739.416: [10:57:39]Info: The max number of VTY users is 5, the number of current VTY users online is 2, and total number of terminal users online is 2.
105739.435: [10:57:39]      The current login time is 2025-12-04 18:09:06.
110739.506: [11:07:39]<Core-SW>
110745.858: [11:07:45][202603192.168.231.1-黄埭-核心交换机-11:07:45]
110745.903: [11:07:45]
110745.904: [11:07:45]Info: The max number of VTY users is 5, the number of current VTY users online is 2, and total number of terminal users online is 2.
110745.951: [11:07:45]      The current login time is 2025-12-04 18:19:13.
111746.018: [11:17:46]<Core-SW>
111752.287: [11:17:52][202603192.168.231.1-黄埭-核心交换机-11:17:52]
111752.353: [11:17:52]
111752.354: [11:17:52]Info: The max number of VTY users is 5, the number of current VTY users online is 2, and total number of terminal users online is 2.
111752.373: [11:17:52]      The current login time is 2025-12-04 18:29:19.
112752.631: [11:27:52]<Core-SW>
112758.881: [11:27:58][202603192.168.231.1-黄埭-核心交换机-11:27:58]
112758.934: [11:27:58]
112758.946: [11:27:58]Info: The max number of VTY users is 5, the number of current VTY users online is 2, and total number of terminal users online is 2.
112758.976: [11:27:58]      The current login time is 2025-12-04 18:39:26.
113759.046: [11:37:59]<Core-SW>
113805.194: [11:38:05][202603192.168.231.1-黄埭-核心交换机-11:38:05]
113805.252: [11:38:05]
113805.252: [11:38:05]Info: The max number of VTY users is 5, the number of current VTY users online is 2, and total number of terminal users online is 2.
113805.270: [11:38:05]      The current login time is 2025-12-04 18:49:32.
114805.312: [11:48:05]<Core-SW>
114811.233: [11:48:11][202603192.168.231.1-黄埭-核心交换机-11:48:11]
114811.271: [11:48:11]
114811.282: [11:48:11]Info: The max number of VTY users is 5, the number of current VTY users online is 2, and total number of terminal users online is 2.
114811.301: [11:48:11]      The current login time is 2025-12-04 18:59:38.
115811.470: [11:58:11]<Core-SW>
115817.651: [11:58:17][202603192.168.231.1-黄埭-核心交换机-11:58:17]
115817.695: [11:58:17]
115817.707: [11:58:17]Info: The max number of VTY users is 5, the number of current VTY users online is 2, and total number of terminal users online is 2.
115817.734: [11:58:17]      The current login time is 2025-12-04 19:09:45.
120817.775: [12:08:17]<Core-SW>
120823.734: [12:08:23][202603192.168.231.1-黄埭-核心交换机-12:08:23]
120823.774: [12:08:23]
120823.784: [12:08:23]Info: The max number of VTY users is 5, the number of current VTY users online is 2, and total number of terminal users online is 2.
120823.803: [12:08:23]      The current login time is 2025-12-04 19:19:51.
121823.897: [12:18:23]<Core-SW>
121829.854: [12:18:29][202603192.168.231.1-黄埭-核心交换机-12:18:29]
121829.918: [12:18:29]
121829.919: [12:18:29]Info: The max number of VTY users is 5, the number of current VTY users online is 2, and total number of terminal users online is 2.
121829.950: [12:18:29]      The current login time is 2025-12-04 19:29:57.
122829.996: [12:28:29]<Core-SW>
122836.282: [12:28:36][202603192.168.231.1-黄埭-核心交换机-12:28:36]
122836.393: [12:28:36]
122836.394: [12:28:36]Info: The max number of VTY users is 5, the number of current VTY users online is 2, and total number of terminal users online is 2.
122836.394: [12:28:36]      The current login time is 2025-12-04 19:40:03.
123836.422: [12:38:36]<Core-SW>
123842.189: [12:38:42][202603192.168.231.1-黄埭-核心交换机-12:38:42]
123842.263: [12:38:42]
123842.265: [12:38:42]Info: The max number of VTY users is 5, the number of current VTY users online is 2, and total number of terminal users online is 2.
123842.295: [12:38:42]      The current login time is 2025-12-04 19:50:09.
124842.342: [12:48:42]<Core-SW>
124848.395: [12:48:48][202603192.168.231.1-黄埭-核心交换机-12:48:48]
124848.551: [12:48:48]
124848.552: [12:48:48]Info: The max number of VTY users is 5, the number of current VTY users online is 2, and total number of terminal users online is 2.
124848.552: [12:48:48]      The current login time is 2025-12-04 20:00:15.
125848.651: [12:58:48]<Core-SW>
125854.711: [12:58:54][202603192.168.231.1-黄埭-核心交换机-12:58:54]
125854.759: [12:58:54]
125854.760: [12:58:54]Info: The max number of VTY users is 5, the number of current VTY users online is 2, and total number of terminal users online is 2.
125854.783: [12:58:54]      The current login time is 2025-12-04 20:10:22.
130854.930: [13:08:54]<Core-SW>
130900.809: [13:09:00][202603192.168.231.1-黄埭-核心交换机-13:09:00]
130900.857: [13:09:00]
130900.869: [13:09:00]Info: The max number of VTY users is 5, the number of current VTY users online is 2, and total number of terminal users online is 2.
130900.896: [13:09:00]      The current login time is 2025-12-04 20:20:28.
131901.073: [13:19:01]<Core-SW>
131907.185: [13:19:07][202603192.168.231.1-黄埭-核心交换机-13:19:07]
131907.295: [13:19:07]
131907.295: [13:19:07]Info: The max number of VTY users is 5, the number of current VTY users online is 2, and total number of terminal users online is 2.
131907.295: [13:19:07]      The current login time is 2025-12-04 20:30:34.
132907.378: [13:29:07]<Core-SW>
132913.252: [13:29:13][202603192.168.231.1-黄埭-核心交换机-13:29:13]
132913.372: [13:29:13]
132913.373: [13:29:13]Info: The max number of VTY users is 5, the number of current VTY users online is 2, and total number of terminal users online is 2.
132913.373: [13:29:13]      The current login time is 2025-12-04 20:40:40.
133913.363: [13:39:13]<Core-SW>
133919.205: [13:39:19][202603192.168.231.1-黄埭-核心交换机-13:39:19]
133919.251: [13:39:19]
133919.264: [13:39:19]Info: The max number of VTY users is 5, the number of current VTY users online is 2, and total number of terminal users online is 2.
133919.278: [13:39:19]      The current login time is 2025-12-04 20:50:46.
134919.328: [13:49:19]<Core-SW>
134925.207: [13:49:25][202603192.168.231.1-黄埭-核心交换机-13:49:25]
134925.256: [13:49:25]
134925.257: [13:49:25]Info: The max number of VTY users is 5, the number of current VTY users online is 2, and total number of terminal users online is 2.
134925.295: [13:49:25]      The current login time is 2025-12-04 21:00:52.
135925.364: [13:59:25]<Core-SW>
135931.459: [13:59:31][202603192.168.231.1-黄埭-核心交换机-13:59:31]
135931.508: [13:59:31]
135931.509: [13:59:31]Info: The max number of VTY users is 5, the number of current VTY users online is 2, and total number of terminal users online is 2.
135931.598: [13:59:31]      The current login time is 2025-12-04 21:10:58.
140931.614: [14:09:31]<Core-SW>
140937.777: [14:09:37][202603192.168.231.1-黄埭-核心交换机-14:09:37]
140937.839: [14:09:37]
140937.840: [14:09:37]Info: The max number of VTY users is 5, the number of current VTY users online is 2, and total number of terminal users online is 2.
140937.855: [14:09:37]      The current login time is 2025-12-04 21:21:05.
141938.028: [14:19:38]<Core-SW>
141944.357: [14:19:44][202603192.168.231.1-黄埭-核心交换机-14:19:44]
141944.421: [14:19:44]
141944.422: [14:19:44]Info: The max number of VTY users is 5, the number of current VTY users online is 2, and total number of terminal users online is 2.
141944.440: [14:19:44]      The current login time is 2025-12-04 21:31:11.
142944.648: [14:29:44]<Core-SW>
142950.917: [14:29:50][202603192.168.231.1-黄埭-核心交换机-14:29:50]
142950.963: [14:29:50]
142950.964: [14:29:50]Info: The max number of VTY users is 5, the number of current VTY users online is 2, and total number of terminal users online is 2.
142951.003: [14:29:51]      The current login time is 2025-12-04 21:41:18.
143951.064: [14:39:51]<Core-SW>
143957.231: [14:39:57][202603192.168.231.1-黄埭-核心交换机-14:39:57]
143957.275: [14:39:57]
143957.287: [14:39:57]Info: The max number of VTY users is 5, the number of current VTY users online is 2, and total number of terminal users online is 2.
143957.305: [14:39:57]      The current login time is 2025-12-04 21:51:24.
144957.351: [14:49:57]<Core-SW>
145003.236: [14:50:03][202603192.168.231.1-黄埭-核心交换机-14:50:03]
145003.272: [14:50:03]
145003.283: [14:50:03]Info: The max number of VTY users is 5, the number of current VTY users online is 2, and total number of terminal users online is 2.
145003.328: [14:50:03]      The current login time is 2025-12-04 22:01:30.
150003.443: [15:00:03]<Core-SW>
150009.347: [15:00:09][202603192.168.231.1-黄埭-核心交换机-15:00:09]
150009.387: [15:00:09]
150009.388: [15:00:09]Info: The max number of VTY users is 5, the number of current VTY users online is 2, and total number of terminal users online is 2.
150009.409: [15:00:09]      The current login time is 2025-12-04 22:11:36.
151009.446: [15:10:09]<Core-SW>
151015.252: [15:10:15][202603192.168.231.1-黄埭-核心交换机-15:10:15]
151015.290: [15:10:15]
151015.302: [15:10:15]Info: The max number of VTY users is 5, the number of current VTY users online is 2, and total number of terminal users online is 2.
151015.325: [15:10:15]      The current login time is 2025-12-04 22:21:42.
152015.399: [15:20:15]<Core-SW>
152021.362: [15:20:21][202603192.168.231.1-黄埭-核心交换机-15:20:21]
152021.412: [15:20:21]
152021.424: [15:20:21]Info: The max number of VTY users is 5, the number of current VTY users online is 2, and total number of terminal users online is 2.
152021.443: [15:20:21]      The current login time is 2025-12-04 22:31:48.
153021.487: [15:30:21]<Core-SW>
153027.867: [15:30:27][202603192.168.231.1-黄埭-核心交换机-15:30:27]
153027.919: [15:30:27]
153027.920: [15:30:27]Info: The max number of VTY users is 5, the number of current VTY users online is 2, and total number of terminal users online is 2.
153027.944: [15:30:27]      The current login time is 2025-12-04 22:41:55.
154028.030: [15:40:28]<Core-SW>
154034.297: [15:40:34][202603192.168.231.1-黄埭-核心交换机-15:40:34]
154034.363: [15:40:34]
154034.374: [15:40:34]Info: The max number of VTY users is 5, the number of current VTY users online is 2, and total number of terminal users online is 2.
154034.463: [15:40:34]      The current login time is 2025-12-04 22:52:01.
155034.438: [15:50:34]<Core-SW>
155040.406: [15:50:40][202603192.168.231.1-黄埭-核心交换机-15:50:40]
155040.541: [15:50:40]
155040.542: [15:50:40]Info: The max number of VTY users is 5, the number of current VTY users online is 2, and total number of terminal users online is 2.
155040.542: [15:50:40]      The current login time is 2025-12-04 23:02:07.
160040.531: [16:00:40]<Core-SW>
160046.826: [16:00:46][202603192.168.231.1-黄埭-核心交换机-16:00:46]
160046.875: [16:00:46]
160046.876: [16:00:46]Info: The max number of VTY users is 5, the number of current VTY users online is 2, and total number of terminal users online is 2.
160046.893: [16:00:46]      The current login time is 2025-12-04 23:12:14.
161046.978: [16:10:46]<Core-SW>
161053.270: [16:10:53][202603192.168.231.1-黄埭-核心交换机-16:10:53]
161053.329: [16:10:53]
161053.330: [16:10:53]Info: The max number of VTY users is 5, the number of current VTY users online is 2, and total number of terminal users online is 2.
161053.355: [16:10:53]      The current login time is 2025-12-04 23:22:20.
162053.390: [16:20:53]<Core-SW>
162059.350: [16:20:59][202603192.168.231.1-黄埭-核心交换机-16:20:59]
162059.405: [16:20:59]
162059.416: [16:20:59]Info: The max number of VTY users is 5, the number of current VTY users online is 2, and total number of terminal users online is 2.
162059.437: [16:20:59]      The current login time is 2025-12-04 23:32:26.
163059.475: [16:30:59]<Core-SW>
163105.971: [16:31:05][202603192.168.231.1-黄埭-核心交换机-16:31:05]
163106.016: [16:31:06]
163106.017: [16:31:06]Info: The max number of VTY users is 5, the number of current VTY users online is 2, and total number of terminal users online is 2.
163106.057: [16:31:06]      The current login time is 2025-12-04 23:42:33.
164106.123: [16:41:06]<Core-SW>
164112.193: [16:41:12][202603192.168.231.1-黄埭-核心交换机-16:41:12]
164112.257: [16:41:12]
164112.258: [16:41:12]Info: The max number of VTY users is 5, the number of current VTY users online is 2, and total number of terminal users online is 2.
164112.280: [16:41:12]      The current login time is 2025-12-04 23:52:39.
165112.331: [16:51:12]<Core-SW>
165118.235: [16:51:18][202603192.168.231.1-黄埭-核心交换机-16:51:18]
165118.293: [16:51:18]
165118.294: [16:51:18]Info: The max number of VTY users is 5, the number of current VTY users online is 2, and total number of terminal users online is 2.
165118.321: [16:51:18]      The current login time is 2025-12-05 00:02:45.
170118.364: [17:01:18]<Core-SW>
170124.305: [17:01:24][202603192.168.231.1-黄埭-核心交换机-17:01:24]
170124.373: [17:01:24]
170124.374: [17:01:24]Info: The max number of VTY users is 5, the number of current VTY users online is 2, and total number of terminal users online is 2.
170124.395: [17:01:24]      The current login time is 2025-12-05 00:12:51.
171124.442: [17:11:24]<Core-SW>
171130.223: [17:11:30][202603192.168.231.1-黄埭-核心交换机-17:11:30]
171130.279: [17:11:30]
171130.280: [17:11:30]Info: The max number of VTY users is 5, the number of current VTY users online is 2, and total number of terminal users online is 2.
171130.297: [17:11:30]      The current login time is 2025-12-05 00:22:57.
172130.519: [17:21:30]<Core-SW>
172136.853: [17:21:36][202603192.168.231.1-黄埭-核心交换机-17:21:36]
172136.928: [17:21:36]
172136.929: [17:21:36]Info: The max number of VTY users is 5, the number of current VTY users online is 2, and total number of terminal users online is 2.
172136.948: [17:21:36]      The current login time is 2025-12-05 00:33:04.
173137.179: [17:31:37]<Core-SW>
173143.425: [17:31:43][202603192.168.231.1-黄埭-核心交换机-17:31:43]
173143.479: [17:31:43]
173143.489: [17:31:43]Info: The max number of VTY users is 5, the number of current VTY users online is 2, and total number of terminal users online is 2.
173143.538: [17:31:43]      The current login time is 2025-12-05 00:43:10.
174143.591: [17:41:43]<Core-SW>
174149.763: [17:41:49][202603192.168.231.1-黄埭-核心交换机-17:41:49]
174149.826: [17:41:49]
174149.837: [17:41:49]Info: The max number of VTY users is 5, the number of current VTY users online is 2, and total number of terminal users online is 2.
174149.858: [17:41:49]      The current login time is 2025-12-05 00:53:17.
175149.906: [17:51:49]<Core-SW>
175155.771: [17:51:55][202603192.168.231.1-黄埭-核心交换机-17:51:55]
175155.824: [17:51:55]
175155.835: [17:51:55]Info: The max number of VTY users is 5, the number of current VTY users online is 2, and total number of terminal users online is 2.
175155.846: [17:51:55]      The current login time is 2025-12-05 01:03:23.
180155.889: [18:01:55]<Core-SW>
180201.776: [18:02:01][202603192.168.231.1-黄埭-核心交换机-18:02:01]
180201.820: [18:02:01]
180201.821: [18:02:01]Info: The max number of VTY users is 5, the number of current VTY users online is 2, and total number of terminal users online is 2.
180201.856: [18:02:01]      The current login time is 2025-12-05 01:13:29.
181202.020: [18:12:02]<Core-SW>
181208.293: [18:12:08][202603192.168.231.1-黄埭-核心交换机-18:12:08]
181208.350: [18:12:08]
181208.361: [18:12:08]Info: The max number of VTY users is 5, the number of current VTY users online is 2, and total number of terminal users online is 2.
181208.376: [18:12:08]      The current login time is 2025-12-05 01:23:35.
182208.420: [18:22:08]<Core-SW>
182214.336: [18:22:14][202603192.168.231.1-黄埭-核心交换机-18:22:14]
182214.387: [18:22:14]
182214.399: [18:22:14]Info: The max number of VTY users is 5, the number of current VTY users online is 2, and total number of terminal users online is 2.
182214.427: [18:22:14]      The current login time is 2025-12-05 01:33:41.
183214.728: [18:32:14]<Core-SW>
183220.659: [18:32:20][202603192.168.231.1-黄埭-核心交换机-18:32:20]
183220.705: [18:32:20]
183220.706: [18:32:20]Info: The max number of VTY users is 5, the number of current VTY users online is 2, and total number of terminal users online is 2.
183220.737: [18:32:20]      The current login time is 2025-12-05 01:43:48.
184220.817: [18:42:20]<Core-SW>
184226.721: [18:42:26][202603192.168.231.1-黄埭-核心交换机-18:42:26]
184226.771: [18:42:26]
184226.782: [18:42:26]Info: The max number of VTY users is 5, the number of current VTY users online is 2, and total number of terminal users online is 2.
184226.796: [18:42:26]      The current login time is 2025-12-05 01:53:54.
185226.874: [18:52:26]<Core-SW>
185232.839: [18:52:32][202603192.168.231.1-黄埭-核心交换机-18:52:32]
185232.895: [18:52:32]
185232.907: [18:52:32]Info: The max number of VTY users is 5, the number of current VTY users online is 2, and total number of terminal users online is 2.
185232.934: [18:52:32]      The current login time is 2025-12-05 02:04:00.
190232.994: [19:02:32]<Core-SW>
190239.303: [19:02:39][202603192.168.231.1-黄埭-核心交换机-19:02:39]
190239.371: [19:02:39]
190239.372: [19:02:39]Info: The max number of VTY users is 5, the number of current VTY users online is 2, and total number of terminal users online is 2.
190239.398: [19:02:39]      The current login time is 2025-12-05 02:14:06.
191239.573: [19:12:39]<Core-SW>
191245.645: [19:12:45][202603192.168.231.1-黄埭-核心交换机-19:12:45]
191245.751: [19:12:45]
191245.751: [19:12:45]Info: The max number of VTY users is 5, the number of current VTY users online is 2, and total number of terminal users online is 2.
191245.752: [19:12:45]      The current login time is 2025-12-05 02:24:13.
192245.817: [19:22:45]<Core-SW>
192251.732: [19:22:51][202603192.168.231.1-黄埭-核心交换机-19:22:51]
192251.864: [19:22:51]
192251.875: [19:22:51]Info: The max number of VTY users is 5, the number of current VTY users online is 2, and total number of terminal users online is 2.
192251.892: [19:22:51]      The current login time is 2025-12-05 02:34:19.
193252.032: [19:32:52]<Core-SW>
193258.194: [19:32:58][202603192.168.231.1-黄埭-核心交换机-19:32:58]
193258.247: [19:32:58]
193258.256: [19:32:58]Info: The max number of VTY users is 5, the number of current VTY users online is 2, and total number of terminal users online is 2.
193258.298: [19:32:58]      The current login time is 2025-12-05 02:44:25.
194258.448: [19:42:58]<Core-SW>
194304.144: [19:43:04][202603192.168.231.1-黄埭-核心交换机-19:43:04]
194304.202: [19:43:04]
194304.214: [19:43:04]Info: The max number of VTY users is 5, the number of current VTY users online is 2, and total number of terminal users online is 2.
194304.224: [19:43:04]      The current login time is 2025-12-05 02:54:31.
195304.284: [19:53:04]<Core-SW>
195310.315: [19:53:10][202603192.168.231.1-黄埭-核心交换机-19:53:10]
195310.364: [19:53:10]
195310.365: [19:53:10]Info: The max number of VTY users is 5, the number of current VTY users online is 2, and total number of terminal users online is 2.
195310.412: [19:53:10]      The current login time is 2025-12-05 03:04:37.
200310.472: [20:03:10]<Core-SW>
200316.832: [20:03:16][202603192.168.231.1-黄埭-核心交换机-20:03:16]
200316.878: [20:03:16]
200316.890: [20:03:16]Info: The max number of VTY users is 5, the number of current VTY users online is 2, and total number of terminal users online is 2.
200316.905: [20:03:16]      The current login time is 2025-12-05 03:14:44.
201316.979: [20:13:16]<Core-SW>
201323.354: [20:13:23][202603192.168.231.1-黄埭-核心交换机-20:13:23]
201323.422: [20:13:23]
201323.423: [20:13:23]Info: The max number of VTY users is 5, the number of current VTY users online is 2, and total number of terminal users online is 2.
201323.445: [20:13:23]      The current login time is 2025-12-05 03:24:50.
202323.603: [20:23:23]<Core-SW>
202329.766: [20:23:29][202603192.168.231.1-黄埭-核心交换机-20:23:29]
202329.892: [20:23:29]
202329.903: [20:23:29]Info: The max number of VTY users is 5, the number of current VTY users online is 2, and total number of terminal users online is 2.
202329.929: [20:23:29]      The current login time is 2025-12-05 03:34:57.
203330.020: [20:33:30]<Core-SW>
203336.303: [20:33:36][202603192.168.231.1-黄埭-核心交换机-20:33:36]
203336.368: [20:33:36]
203336.380: [20:33:36]Info: The max number of VTY users is 5, the number of current VTY users online is 2, and total number of terminal users online is 2.
203336.458: [20:33:36]      The current login time is 2025-12-05 03:45:03.
204336.537: [20:43:36]<Core-SW>
204342.808: [20:43:42][202603192.168.231.1-黄埭-核心交换机-20:43:42]
204342.864: [20:43:42]
204342.875: [20:43:42]Info: The max number of VTY users is 5, the number of current VTY users online is 2, and total number of terminal users online is 2.
204342.885: [20:43:42]      The current login time is 2025-12-05 03:55:10.
205342.956: [20:53:42]<Core-SW>
205349.229: [20:53:49][202603192.168.231.1-黄埭-核心交换机-20:53:49]
205349.277: [20:53:49]
205349.288: [20:53:49]Info: The max number of VTY users is 5, the number of current VTY users online is 2, and total number of terminal users online is 2.
205349.303: [20:53:49]      The current login time is 2025-12-05 04:05:16.
210349.476: [21:03:49]<Core-SW>
210355.949: [21:03:55][202603192.168.231.1-黄埭-核心交换机-21:03:55]
210356.016: [21:03:56]
210356.028: [21:03:56]Info: The max number of VTY users is 5, the number of current VTY users online is 2, and total number of terminal users online is 2.
210356.042: [21:03:56]      The current login time is 2025-12-05 04:15:23.
211356.097: [21:13:56]<Core-SW>
211402.340: [21:14:02][202603192.168.231.1-黄埭-核心交换机-21:14:02]
211402.378: [21:14:02]
211402.388: [21:14:02]Info: The max number of VTY users is 5, the number of current VTY users online is 2, and total number of terminal users online is 2.
211402.414: [21:14:02]      The current login time is 2025-12-05 04:25:30.
212402.512: [21:24:02]<Core-SW>
212408.779: [21:24:08][202603192.168.231.1-黄埭-核心交换机-21:24:08]
212408.831: [21:24:08]
212408.832: [21:24:08]Info: The max number of VTY users is 5, the number of current VTY users online is 2, and total number of terminal users online is 2.
212408.941: [21:24:08]      The current login time is 2025-12-05 04:35:36.
213408.924: [21:34:08]<Core-SW>
213414.791: [21:34:14][202603192.168.231.1-黄埭-核心交换机-21:34:14]
213414.858: [21:34:14]
213414.860: [21:34:14]Info: The max number of VTY users is 5, the number of current VTY users online is 2, and total number of terminal users online is 2.
213414.895: [21:34:14]      The current login time is 2025-12-05 04:45:42.
214414.951: [21:44:14]<Core-SW>
214421.226: [21:44:21][202603192.168.231.1-黄埭-核心交换机-21:44:21]
214421.277: [21:44:21]
214421.289: [21:44:21]Info: The max number of VTY users is 5, the number of current VTY users online is 2, and total number of terminal users online is 2.
214421.324: [21:44:21]      The current login time is 2025-12-05 04:55:48.
215421.406: [21:54:21]<Core-SW>
215427.206: [21:54:27][202603192.168.231.1-黄埭-核心交换机-21:54:27]
215427.268: [21:54:27]
215427.269: [21:54:27]Info: The max number of VTY users is 5, the number of current VTY users online is 2, and total number of terminal users online is 2.
215427.298: [21:54:27]      The current login time is 2025-12-05 05:05:54.
220427.565: [22:04:27]<Core-SW>
220433.833: [22:04:33][202603192.168.231.1-黄埭-核心交换机-22:04:33]
220433.880: [22:04:33]
220433.881: [22:04:33]Info: The max number of VTY users is 5, the number of current VTY users online is 2, and total number of terminal users online is 2.
220433.908: [22:04:33]      The current login time is 2025-12-05 05:16:01.
221434.083: [22:14:34]<Core-SW>
221440.393: [22:14:40][202603192.168.231.1-黄埭-核心交换机-22:14:40]
221440.461: [22:14:40]
221440.462: [22:14:40]Info: The max number of VTY users is 5, the number of current VTY users online is 2, and total number of terminal users online is 2.
221440.491: [22:14:40]      The current login time is 2025-12-05 05:26:08.
222440.712: [22:24:40]<Core-SW>
222446.667: [22:24:46][202603192.168.231.1-黄埭-核心交换机-22:24:46]
222446.715: [22:24:46]
222446.726: [22:24:46]Info: The max number of VTY users is 5, the number of current VTY users online is 2, and total number of terminal users online is 2.
222446.745: [22:24:46]      The current login time is 2025-12-05 05:36:14.
223446.814: [22:34:46]<Core-SW>
223452.711: [22:34:52][202603192.168.231.1-黄埭-核心交换机-22:34:52]
223452.759: [22:34:52]
223452.770: [22:34:52]Info: The max number of VTY users is 5, the number of current VTY users online is 2, and total number of terminal users online is 2.
223452.799: [22:34:52]      The current login time is 2025-12-05 05:46:20.
224452.925: [22:44:52]<Core-SW>
224458.724: [22:44:58][202603192.168.231.1-黄埭-核心交换机-22:44:58]
224458.769: [22:44:58]
224458.780: [22:44:58]Info: The max number of VTY users is 5, the number of current VTY users online is 2, and total number of terminal users online is 2.
224458.799: [22:44:58]      The current login time is 2025-12-05 05:56:26.
225458.932: [22:54:58]<Core-SW>
225504.789: [22:55:04][202603192.168.231.1-黄埭-核心交换机-22:55:04]
225504.841: [22:55:04]
225504.842: [22:55:04]Info: The max number of VTY users is 5, the number of current VTY users online is 2, and total number of terminal users online is 2.
225504.869: [22:55:04]      The current login time is 2025-12-05 06:06:32.
230505.041: [23:05:05]<Core-SW>
230511.310: [23:05:11][202603192.168.231.1-黄埭-核心交换机-23:05:11]
230511.362: [23:05:11]
230511.363: [23:05:11]Info: The max number of VTY users is 5, the number of current VTY users online is 2, and total number of terminal users online is 2.
230511.397: [23:05:11]      The current login time is 2025-12-05 06:16:39.
231511.663: [23:15:11]<Core-SW>
231517.932: [23:15:17][202603192.168.231.1-黄埭-核心交换机-23:15:17]
231517.972: [23:15:17]
231517.973: [23:15:17]Info: The max number of VTY users is 5, the number of current VTY users online is 2, and total number of terminal users online is 2.
231518.008: [23:15:18]      The current login time is 2025-12-05 06:26:45.
232518.073: [23:25:18]<Core-SW>
232524.223: [23:25:24][202603192.168.231.1-黄埭-核心交换机-23:25:24]
232524.312: [23:25:24]
232524.312: [23:25:24]Info: The max number of VTY users is 5, the number of current VTY users online is 2, and total number of terminal users online is 3.
232524.323: [23:25:24]      The current login time is 2025-12-05 06:36:51.
233524.366: [23:35:24]<Core-SW>
233530.229: [23:35:30][202603192.168.231.1-黄埭-核心交换机-23:35:30]
233530.297: [23:35:30]
233530.308: [23:35:30]Info: The max number of VTY users is 5, the number of current VTY users online is 2, and total number of terminal users online is 2.
233530.317: [23:35:30]      The current login time is 2025-12-05 06:46:57.
234530.402: [23:45:30]<Core-SW>
234536.466: [23:45:36][202603192.168.231.1-黄埭-核心交换机-23:45:36]
234536.522: [23:45:36]
234536.523: [23:45:36]Info: The max number of VTY users is 5, the number of current VTY users online is 2, and total number of terminal users online is 2.
234536.629: [23:45:36]      The current login time is 2025-12-05 06:57:04.
235536.714: [23:55:36]<Core-SW>
235542.777: [23:55:42][202603192.168.231.1-黄埭-核心交换机-23:55:42]
235542.846: [23:55:42]
235542.847: [23:55:42]Info: The max number of VTY users is 5, the number of current VTY users online is 2, and total number of terminal users online is 2.
235542.878: [23:55:42]      The current login time is 2025-12-05 07:07:10.
