000053.769: [00:00:53]<Core-SW>
000546.514: [00:05:46]<Core-SW>
000552.375: [00:05:52][202602192.168.231.1-黄埭-核心交换机-00:05:52]
000552.450: [00:05:52]
000552.461: [00:05:52]Info: The max number of VTY users is 5, the number of current VTY users online is 2, and total number of terminal users online is 2.
000552.462: [00:05:52]      The current login time is 2025-12-03 07:17:18.
001552.544: [00:15:52]<Core-SW>
001558.911: [00:15:58][202602192.168.231.1-黄埭-核心交换机-00:15:58]
001558.956: [00:15:58]
001558.965: [00:15:58]Info: The max number of VTY users is 5, the number of current VTY users online is 2, and total number of terminal users online is 2.
001558.995: [00:15:58]      The current login time is 2025-12-03 07:27:25.
002559.035: [00:25:59]<Core-SW>
002605.500: [00:26:05][202602192.168.231.1-黄埭-核心交换机-00:26:05]
002605.587: [00:26:05]
002605.588: [00:26:05]Info: The max number of VTY users is 5, the number of current VTY users online is 2, and total number of terminal users online is 2.
002605.633: [00:26:05]      The current login time is 2025-12-03 07:37:31.
003605.784: [00:36:05]<Core-SW>
003611.732: [00:36:11][202602192.168.231.1-黄埭-核心交换机-00:36:11]
003611.794: [00:36:11]
003611.795: [00:36:11]Info: The max number of VTY users is 5, the number of current VTY users online is 2, and total number of terminal users online is 2.
003611.825: [00:36:11]      The current login time is 2025-12-03 07:47:37.
004611.997: [00:46:11]<Core-SW>
004617.781: [00:46:17][202602192.168.231.1-黄埭-核心交换机-00:46:17]
004617.830: [00:46:17]
004617.831: [00:46:17]Info: The max number of VTY users is 5, the number of current VTY users online is 2, and total number of terminal users online is 2.
004617.853: [00:46:17]      The current login time is 2025-12-03 07:57:43.
005618.007: [00:56:18]<Core-SW>
005623.823: [00:56:23][202602192.168.231.1-黄埭-核心交换机-00:56:23]
005623.869: [00:56:23]
005623.870: [00:56:23]Info: The max number of VTY users is 5, the number of current VTY users online is 2, and total number of terminal users online is 2.
005623.902: [00:56:23]      The current login time is 2025-12-03 08:07:49.
010623.968: [01:06:23]<Core-SW>
010629.861: [01:06:29][202602192.168.231.1-黄埭-核心交换机-01:06:29]
010629.920: [01:06:29]
010629.921: [01:06:29]Info: The max number of VTY users is 5, the number of current VTY users online is 2, and total number of terminal users online is 2.
010629.959: [01:06:29]      The current login time is 2025-12-03 08:17:56.
011630.039: [01:16:30]<Core-SW>
011636.489: [01:16:36][202602192.168.231.1-黄埭-核心交换机-01:16:36]
011636.533: [01:16:36]
011636.545: [01:16:36]Info: The max number of VTY users is 5, the number of current VTY users online is 2, and total number of terminal users online is 2.
011636.558: [01:16:36]      The current login time is 2025-12-03 08:28:02.
012636.639: [01:26:36]<Core-SW>
012642.839: [01:26:42][202602192.168.231.1-黄埭-核心交换机-01:26:42]
012642.970: [01:26:42]
012642.981: [01:26:42]Info: The max number of VTY users is 5, the number of current VTY users online is 2, and total number of terminal users online is 2.
012643.003: [01:26:43]      The current login time is 2025-12-03 08:38:09.
013643.151: [01:36:43]<Core-SW>
013649.416: [01:36:49][202602192.168.231.1-黄埭-核心交换机-01:36:49]
013649.527: [01:36:49]
013649.528: [01:36:49]Info: The max number of VTY users is 5, the number of current VTY users online is 2, and total number of terminal users online is 2.
013649.528: [01:36:49]      The current login time is 2025-12-03 08:48:15.
014649.567: [01:46:49]<Core-SW>
014655.832: [01:46:55][202602192.168.231.1-黄埭-核心交换机-01:46:55]
014655.881: [01:46:55]
014655.893: [01:46:55]Info: The max number of VTY users is 5, the number of current VTY users online is 2, and total number of terminal users online is 2.
014655.912: [01:46:55]      The current login time is 2025-12-03 08:58:22.
015655.989: [01:56:55]<Core-SW>
015701.853: [01:57:01][202602192.168.231.1-黄埭-核心交换机-01:57:01]
015701.911: [01:57:01]
015701.912: [01:57:01]Info: The max number of VTY users is 5, the number of current VTY users online is 2, and total number of terminal users online is 2.
015701.935: [01:57:01]      The current login time is 2025-12-03 09:08:28.
020701.999: [02:07:01]<Core-SW>
020707.898: [02:07:07][202602192.168.231.1-黄埭-核心交换机-02:07:07]
020707.942: [02:07:07]
020707.943: [02:07:07]Info: The max number of VTY users is 5, the number of current VTY users online is 2, and total number of terminal users online is 2.
020707.971: [02:07:07]      The current login time is 2025-12-03 09:18:34.
021708.075: [02:17:08]<Core-SW>
021714.474: [02:17:14][202602192.168.231.1-黄埭-核心交换机-02:17:14]
021714.536: [02:17:14]
021714.537: [02:17:14]Info: The max number of VTY users is 5, the number of current VTY users online is 2, and total number of terminal users online is 2.
021714.571: [02:17:14]      The current login time is 2025-12-03 09:28:40.
022714.726: [02:27:14]<Core-SW>
022720.970: [02:27:20][202602192.168.231.1-黄埭-核心交换机-02:27:20]
022721.020: [02:27:21]
022721.030: [02:27:21]Info: The max number of VTY users is 5, the number of current VTY users online is 2, and total number of terminal users online is 2.
022721.048: [02:27:21]      The current login time is 2025-12-03 09:38:47.
023721.150: [02:37:21]<Core-SW>
023727.308: [02:37:27][202602192.168.231.1-黄埭-核心交换机-02:37:27]
023727.359: [02:37:27]
023727.371: [02:37:27]Info: The max number of VTY users is 5, the number of current VTY users online is 2, and total number of terminal users online is 2.
023727.391: [02:37:27]      The current login time is 2025-12-03 09:48:53.
024727.442: [02:47:27]<Core-SW>
024733.275: [02:47:33][202602192.168.231.1-黄埭-核心交换机-02:47:33]
024733.322: [02:47:33]
024733.323: [02:47:33]Info: The max number of VTY users is 5, the number of current VTY users online is 2, and total number of terminal users online is 2.
024733.351: [02:47:33]      The current login time is 2025-12-03 09:58:59.
025733.438: [02:57:33]<Core-SW>
025739.539: [02:57:39][202602192.168.231.1-黄埭-核心交换机-02:57:39]
025739.578: [02:57:39]
025739.579: [02:57:39]Info: The max number of VTY users is 5, the number of current VTY users online is 2, and total number of terminal users online is 2.
025739.607: [02:57:39]      The current login time is 2025-12-03 10:09:05.
030739.654: [03:07:39]<Core-SW>
030745.822: [03:07:45][202602192.168.231.1-黄埭-核心交换机-03:07:45]
030745.859: [03:07:45]
030745.872: [03:07:45]Info: The max number of VTY users is 5, the number of current VTY users online is 2, and total number of terminal users online is 2.
030745.890: [03:07:45]      The current login time is 2025-12-03 10:19:12.
031745.995: [03:17:45]<Core-SW>
031751.955: [03:17:51][202602192.168.231.1-黄埭-核心交换机-03:17:51]
031752.019: [03:17:52]
031752.020: [03:17:52]Info: The max number of VTY users is 5, the number of current VTY users online is 2, and total number of terminal users online is 2.
031752.041: [03:17:52]      The current login time is 2025-12-03 10:29:18.
032752.204: [03:27:52]<Core-SW>
032758.367: [03:27:58][202602192.168.231.1-黄埭-核心交换机-03:27:58]
032758.479: [03:27:58]
032758.480: [03:27:58]Info: The max number of VTY users is 5, the number of current VTY users online is 2, and total number of terminal users online is 2.
032758.480: [03:27:58]      The current login time is 2025-12-03 10:39:24.
033758.489: [03:37:58]<Core-SW>
033804.437: [03:38:04][202602192.168.231.1-黄埭-核心交换机-03:38:04]
033804.554: [03:38:04]
033804.567: [03:38:04]Info: The max number of VTY users is 5, the number of current VTY users online is 2, and total number of terminal users online is 2.
033804.640: [03:38:04]      The current login time is 2025-12-03 10:49:30.
034804.744: [03:48:04]<Core-SW>
034810.897: [03:48:10][202602192.168.231.1-黄埭-核心交换机-03:48:10]
034810.954: [03:48:10]
034810.963: [03:48:10]Info: The max number of VTY users is 5, the number of current VTY users online is 2, and total number of terminal users online is 2.
034810.984: [03:48:10]      The current login time is 2025-12-03 10:59:37.
035811.046: [03:58:11]<Core-SW>
035817.312: [03:58:17][202602192.168.231.1-黄埭-核心交换机-03:58:17]
035817.357: [03:58:17]
035817.368: [03:58:17]Info: The max number of VTY users is 5, the number of current VTY users online is 2, and total number of terminal users online is 2.
035817.384: [03:58:17]      The current login time is 2025-12-03 11:09:43.
040817.445: [04:08:17]<Core-SW>
040823.518: [04:08:23][202602192.168.231.1-黄埭-核心交换机-04:08:23]
040823.582: [04:08:23]
040823.583: [04:08:23]Info: The max number of VTY users is 5, the number of current VTY users online is 2, and total number of terminal users online is 2.
040823.607: [04:08:23]      The current login time is 2025-12-03 11:19:49.
041823.658: [04:18:23]<Core-SW>
041829.910: [04:18:29][202602192.168.231.1-黄埭-核心交换机-04:18:29]
041829.952: [04:18:29]
041829.953: [04:18:29]Info: The max number of VTY users is 5, the number of current VTY users online is 2, and total number of terminal users online is 2.
041829.978: [04:18:29]      The current login time is 2025-12-03 11:29:56.
042830.031: [04:28:30]<Core-SW>
042836.355: [04:28:36][202602192.168.231.1-黄埭-核心交换机-04:28:36]
042836.404: [04:28:36]
042836.415: [04:28:36]Info: The max number of VTY users is 5, the number of current VTY users online is 2, and total number of terminal users online is 2.
042836.507: [04:28:36]      The current login time is 2025-12-03 11:40:02.
043836.499: [04:38:36]<Core-SW>
043842.242: [04:38:42][202602192.168.231.1-黄埭-核心交换机-04:38:42]
043842.283: [04:38:42]
043842.285: [04:38:42]Info: The max number of VTY users is 5, the number of current VTY users online is 2, and total number of terminal users online is 2.
043842.318: [04:38:42]      The current login time is 2025-12-03 11:50:08.
044842.423: [04:48:42]<Core-SW>
044848.353: [04:48:48][202602192.168.231.1-黄埭-核心交换机-04:48:48]
044848.396: [04:48:48]
044848.406: [04:48:48]Info: The max number of VTY users is 5, the number of current VTY users online is 2, and total number of terminal users online is 2.
044848.422: [04:48:48]      The current login time is 2025-12-03 12:00:14.
045848.523: [04:58:48]<Core-SW>
045854.759: [04:58:54][202602192.168.231.1-黄埭-核心交换机-04:58:54]
045854.799: [04:58:54]
045854.799: [04:58:54]Info: The max number of VTY users is 5, the number of current VTY users online is 2, and total number of terminal users online is 2.
045854.864: [04:58:54]      The current login time is 2025-12-03 12:10:21.
050854.932: [05:08:54]<Core-SW>
050900.834: [05:09:00][202602192.168.231.1-黄埭-核心交换机-05:09:00]
050900.898: [05:09:00]
050900.909: [05:09:00]Info: The max number of VTY users is 5, the number of current VTY users online is 2, and total number of terminal users online is 2.
050900.918: [05:09:00]      The current login time is 2025-12-03 12:20:27.
051900.953: [05:19:00]<Core-SW>
051907.008: [05:19:07][202602192.168.231.1-黄埭-核心交换机-05:19:07]
051907.058: [05:19:07]
051907.070: [05:19:07]Info: The max number of VTY users is 5, the number of current VTY users online is 2, and total number of terminal users online is 2.
051907.130: [05:19:07]      The current login time is 2025-12-03 12:30:33.
052907.262: [05:29:07]<Core-SW>
052913.527: [05:29:13][202602192.168.231.1-黄埭-核心交换机-05:29:13]
052913.575: [05:29:13]
052913.587: [05:29:13]Info: The max number of VTY users is 5, the number of current VTY users online is 2, and total number of terminal users online is 2.
052913.597: [05:29:13]      The current login time is 2025-12-03 12:40:39.
053913.879: [05:39:13]<Core-SW>
053919.841: [05:39:19][202602192.168.231.1-黄埭-核心交换机-05:39:19]
053919.882: [05:39:19]
053919.893: [05:39:19]Info: The max number of VTY users is 5, the number of current VTY users online is 2, and total number of terminal users online is 2.
053919.926: [05:39:19]      The current login time is 2025-12-03 12:50:46.
054919.985: [05:49:19]<Core-SW>
054925.948: [05:49:25][202602192.168.231.1-黄埭-核心交换机-05:49:25]
054925.995: [05:49:25]
054925.997: [05:49:25]Info: The max number of VTY users is 5, the number of current VTY users online is 2, and total number of terminal users online is 2.
054926.035: [05:49:26]      The current login time is 2025-12-03 13:00:52.
055926.071: [05:59:26]<Core-SW>
055932.267: [05:59:32][202602192.168.231.1-黄埭-核心交换机-05:59:32]
055932.333: [05:59:32]
055932.342: [05:59:32]Info: The max number of VTY users is 5, the number of current VTY users online is 2, and total number of terminal users online is 2.
055932.376: [05:59:32]      The current login time is 2025-12-03 13:10:58.
060932.438: [06:09:32]<Core-SW>
060938.380: [06:09:38][202602192.168.231.1-黄埭-核心交换机-06:09:38]
060938.433: [06:09:38]
060938.434: [06:09:38]Info: The max number of VTY users is 5, the number of current VTY users online is 2, and total number of terminal users online is 2.
060938.463: [06:09:38]      The current login time is 2025-12-03 13:21:04.
061938.539: [06:19:38]<Core-SW>
061945.054: [06:19:45][202602192.168.231.1-黄埭-核心交换机-06:19:45]
061945.109: [06:19:45]
061945.109: [06:19:45]Info: The max number of VTY users is 5, the number of current VTY users online is 2, and total number of terminal users online is 2.
061945.130: [06:19:45]      The current login time is 2025-12-03 13:31:11.
062945.228: [06:29:45]<Core-SW>
062951.263: [06:29:51][202602192.168.231.1-黄埭-核心交换机-06:29:51]
062951.307: [06:29:51]
062951.320: [06:29:51]Info: The max number of VTY users is 5, the number of current VTY users online is 2, and total number of terminal users online is 2.
062951.356: [06:29:51]      The current login time is 2025-12-03 13:41:17.
063951.403: [06:39:51]<Core-SW>
063957.296: [06:39:57][202602192.168.231.1-黄埭-核心交换机-06:39:57]
063957.349: [06:39:57]
063957.357: [06:39:57]Info: The max number of VTY users is 5, the number of current VTY users online is 2, and total number of terminal users online is 2.
063957.415: [06:39:57]      The current login time is 2025-12-03 13:51:23.
064957.521: [06:49:57]<Core-SW>
065003.986: [06:50:03][202602192.168.231.1-黄埭-核心交换机-06:50:03]
065004.032: [06:50:04]
065004.078: [06:50:04]Info: The max number of VTY users is 5, the number of current VTY users online is 2, and total number of terminal users online is 2.
065004.078: [06:50:04]      The current login time is 2025-12-03 14:01:30.
070004.152: [07:00:04]<Core-SW>
070010.308: [07:00:10][202602192.168.231.1-黄埭-核心交换机-07:00:10]
070010.354: [07:00:10]
070010.355: [07:00:10]Info: The max number of VTY users is 5, the number of current VTY users online is 2, and total number of terminal users online is 2.
070010.378: [07:00:10]      The current login time is 2025-12-03 14:11:36.
071010.607: [07:10:10]<Core-SW>
071016.980: [07:10:16][202602192.168.231.1-黄埭-核心交换机-07:10:16]
071017.040: [07:10:17]
071017.041: [07:10:17]Info: The max number of VTY users is 5, the number of current VTY users online is 2, and total number of terminal users online is 2.
071017.072: [07:10:17]      The current login time is 2025-12-03 14:21:43.
072017.228: [07:20:17]<Core-SW>
072023.495: [07:20:23][202602192.168.231.1-黄埭-核心交换机-07:20:23]
072023.543: [07:20:23]
072023.556: [07:20:23]Info: The max number of VTY users is 5, the number of current VTY users online is 2, and total number of terminal users online is 2.
072023.570: [07:20:23]      The current login time is 2025-12-03 14:31:49.
073023.646: [07:30:23]<Core-SW>
073029.809: [07:30:29][202602192.168.231.1-黄埭-核心交换机-07:30:29]
073029.857: [07:30:29]
073029.858: [07:30:29]Info: The max number of VTY users is 5, the number of current VTY users online is 2, and total number of terminal users online is 2.
073029.885: [07:30:29]      The current login time is 2025-12-03 14:41:56.
074029.958: [07:40:29]<Core-SW>
074035.921: [07:40:35][202602192.168.231.1-黄埭-核心交换机-07:40:35]
074035.964: [07:40:35]
074035.965: [07:40:35]Info: The max number of VTY users is 5, the number of current VTY users online is 2, and total number of terminal users online is 2.
074035.989: [07:40:35]      The current login time is 2025-12-03 14:52:02.
075036.071: [07:50:36]<Core-SW>
075042.442: [07:50:42][202602192.168.231.1-黄埭-核心交换机-07:50:42]
075042.495: [07:50:42]
075042.497: [07:50:42]Info: The max number of VTY users is 5, the number of current VTY users online is 2, and total number of terminal users online is 2.
075042.516: [07:50:42]      The current login time is 2025-12-03 15:02:08.
080042.577: [08:00:42]<Core-SW>
080048.824: [08:00:48][202602192.168.231.1-黄埭-核心交换机-08:00:48]
080048.878: [08:00:48]
080048.890: [08:00:48]Info: The max number of VTY users is 5, the number of current VTY users online is 2, and total number of terminal users online is 2.
080048.918: [08:00:48]      The current login time is 2025-12-03 15:12:15.
081048.979: [08:10:48]<Core-SW>
081055.588: [08:10:55][202602192.168.231.1-黄埭-核心交换机-08:10:55]
081055.630: [08:10:55]
081055.636: [08:10:55]Info: The max number of VTY users is 5, the number of current VTY users online is 2, and total number of terminal users online is 2.
081055.662: [08:10:55]      The current login time is 2025-12-03 15:22:21.
082055.703: [08:20:55]<Core-SW>
082102.082: [08:21:02][202602192.168.231.1-黄埭-核心交换机-08:21:02]
082102.129: [08:21:02]
082102.129: [08:21:02]Info: The max number of VTY users is 5, the number of current VTY users online is 2, and total number of terminal users online is 2.
082102.153: [08:21:02]      The current login time is 2025-12-03 15:32:28.
083102.209: [08:31:02]<Core-SW>
083108.306: [08:31:08][202602192.168.231.1-黄埭-核心交换机-08:31:08]
083108.371: [08:31:08]
083108.371: [08:31:08]Info: The max number of VTY users is 5, the number of current VTY users online is 2, and total number of terminal users online is 2.
083108.399: [08:31:08]      The current login time is 2025-12-03 15:42:34.
084108.473: [08:41:08]<Core-SW>
084114.746: [08:41:14][202602192.168.231.1-黄埭-核心交换机-08:41:14]
084114.853: [08:41:14]
084114.860: [08:41:14]Info: The max number of VTY users is 5, the number of current VTY users online is 2, and total number of terminal users online is 2.
084114.860: [08:41:14]      The current login time is 2025-12-03 15:52:41.
085115.240: [08:51:15]<Core-SW>
085122.544: [08:51:22][202602192.168.231.1-黄埭-核心交换机-08:51:22]
085122.597: [08:51:22]
085122.597: [08:51:22]Info: The max number of VTY users is 5, the number of current VTY users online is 2, and total number of terminal users online is 2.
085122.698: [08:51:22]      The current login time is 2025-12-03 16:02:48.
090122.682: [09:01:22]<Core-SW>
090129.268: [09:01:29][202602192.168.231.1-黄埭-核心交换机-09:01:29]
090129.339: [09:01:29]
090129.340: [09:01:29]Info: The max number of VTY users is 5, the number of current VTY users online is 2, and total number of terminal users online is 2.
090129.378: [09:01:29]      The current login time is 2025-12-03 16:12:55.
091129.448: [09:11:29]<Core-SW>
091135.269: [09:11:35][202602192.168.231.1-黄埭-核心交换机-09:11:35]
091135.318: [09:11:35]
091135.320: [09:11:35]Info: The max number of VTY users is 5, the number of current VTY users online is 2, and total number of terminal users online is 2.
091135.353: [09:11:35]      The current login time is 2025-12-03 16:23:01.
092135.499: [09:21:35]<Core-SW>
092141.293: [09:21:41][202602192.168.231.1-黄埭-核心交换机-09:21:41]
092141.336: [09:21:41]
092141.343: [09:21:41]Info: The max number of VTY users is 5, the number of current VTY users online is 2, and total number of terminal users online is 2.
092141.359: [09:21:41]      The current login time is 2025-12-03 16:33:07.
093141.400: [09:31:41]<Core-SW>
093147.355: [09:31:47][202602192.168.231.1-黄埭-核心交换机-09:31:47]
093147.454: [09:31:47]
093147.459: [09:31:47]Info: The max number of VTY users is 5, the number of current VTY users online is 2, and total number of terminal users online is 2.
093147.500: [09:31:47]      The current login time is 2025-12-03 16:43:13.
094147.682: [09:41:47]<Core-SW>
094153.841: [09:41:53][202602192.168.231.1-黄埭-核心交换机-09:41:53]
094153.961: [09:41:53]
094153.962: [09:41:53]Info: The max number of VTY users is 5, the number of current VTY users online is 2, and total number of terminal users online is 2.
094153.962: [09:41:53]      The current login time is 2025-12-03 16:53:20.
095154.094: [09:51:54]<Core-SW>
095200.353: [09:52:00][202602192.168.231.1-黄埭-核心交换机-09:52:00]
095200.395: [09:52:00]
095200.396: [09:52:00]Info: The max number of VTY users is 5, the number of current VTY users online is 2, and total number of terminal users online is 2.
095200.419: [09:52:00]      The current login time is 2025-12-03 17:03:26.
100200.566: [10:02:00]<Core-SW>
100207.243: [10:02:07][202602192.168.231.1-黄埭-核心交换机-10:02:07]
100207.362: [10:02:07]
100207.363: [10:02:07]Info: The max number of VTY users is 5, the number of current VTY users online is 2, and total number of terminal users online is 2.
100207.364: [10:02:07]      The current login time is 2025-12-03 17:13:33.
101207.377: [10:12:07]<Core-SW>
101213.325: [10:12:13][202602192.168.231.1-黄埭-核心交换机-10:12:13]
101213.447: [10:12:13]
101213.448: [10:12:13]Info: The max number of VTY users is 5, the number of current VTY users online is 2, and total number of terminal users online is 2.
101213.448: [10:12:13]      The current login time is 2025-12-03 17:23:39.
102213.464: [10:22:13]<Core-SW>
102219.306: [10:22:19][202602192.168.231.1-黄埭-核心交换机-10:22:19]
102219.351: [10:22:19]
102219.352: [10:22:19]Info: The max number of VTY users is 5, the number of current VTY users online is 2, and total number of terminal users online is 2.
102219.375: [10:22:19]      The current login time is 2025-12-03 17:33:45.
103219.479: [10:32:19]<Core-SW>
103226.427: [10:32:26][202602192.168.231.1-黄埭-核心交换机-10:32:26]
103226.506: [10:32:26]
103226.511: [10:32:26]Info: The max number of VTY users is 5, the number of current VTY users online is 2, and total number of terminal users online is 2.
103226.518: [10:32:26]      The current login time is 2025-12-03 17:43:52.
104226.564: [10:42:26]<Core-SW>
104232.844: [10:42:32][202602192.168.231.1-黄埭-核心交换机-10:42:32]
104232.885: [10:42:32]
104232.885: [10:42:32]Info: The max number of VTY users is 5, the number of current VTY users online is 2, and total number of terminal users online is 2.
104232.911: [10:42:32]      The current login time is 2025-12-03 17:53:59.
105233.016: [10:52:33]<Core-SW>
105240.187: [10:52:40][202602192.168.231.1-黄埭-核心交换机-10:52:40]
105240.190: [10:52:40]
105240.191: [10:52:40]Info: The max number of VTY users is 5, the number of current VTY users online is 2, and total number of terminal users online is 2.
105240.191: [10:52:40]      The current login time is 2025-12-03 18:04:06.
110240.214: [11:02:40]<Core-SW>
110246.296: [11:02:46][202602192.168.231.1-黄埭-核心交换机-11:02:46]
110246.418: [11:02:46]
110246.418: [11:02:46]Info: The max number of VTY users is 5, the number of current VTY users online is 2, and total number of terminal users online is 2.
110246.419: [11:02:46]      The current login time is 2025-12-03 18:14:12.
111246.465: [11:12:46]<Core-SW>
111253.201: [11:12:53][202602192.168.231.1-黄埭-核心交换机-11:12:53]
111253.262: [11:12:53]
111253.276: [11:12:53]Info: The max number of VTY users is 5, the number of current VTY users online is 2, and total number of terminal users online is 2.
111253.286: [11:12:53]      The current login time is 2025-12-03 18:24:19.
112253.358: [11:22:53]<Core-SW>
112259.572: [11:22:59][202602192.168.231.1-黄埭-核心交换机-11:22:59]
112259.629: [11:22:59]
112259.630: [11:22:59]Info: The max number of VTY users is 5, the number of current VTY users online is 2, and total number of terminal users online is 2.
112259.733: [11:22:59]      The current login time is 2025-12-03 18:34:26.
113259.713: [11:32:59]<Core-SW>
113306.171: [11:33:06][202602192.168.231.1-黄埭-核心交换机-11:33:06]
113306.220: [11:33:06]
113306.221: [11:33:06]Info: The max number of VTY users is 5, the number of current VTY users online is 2, and total number of terminal users online is 2.
113306.247: [11:33:06]      The current login time is 2025-12-03 18:44:32.
114306.301: [11:43:06]<Core-SW>
114312.599: [11:43:12][202602192.168.231.1-黄埭-核心交换机-11:43:12]
114312.671: [11:43:12]
114312.672: [11:43:12]Info: The max number of VTY users is 5, the number of current VTY users online is 2, and total number of terminal users online is 2.
114312.757: [11:43:12]      The current login time is 2025-12-03 18:54:39.
115312.842: [11:53:12]<Core-SW>
115318.872: [11:53:18][202602192.168.231.1-黄埭-核心交换机-11:53:18]
115318.908: [11:53:18]
115318.909: [11:53:18]Info: The max number of VTY users is 5, the number of current VTY users online is 2, and total number of terminal users online is 2.
115318.937: [11:53:18]      The current login time is 2025-12-03 19:04:45.
120318.987: [12:03:18]<Core-SW>
120324.959: [12:03:24][202602192.168.231.1-黄埭-核心交换机-12:03:24]
120325.004: [12:03:25]
120325.005: [12:03:25]Info: The max number of VTY users is 5, the number of current VTY users online is 2, and total number of terminal users online is 2.
120325.041: [12:03:25]      The current login time is 2025-12-03 19:14:51.
121325.092: [12:13:25]<Core-SW>
121331.266: [12:13:31][202602192.168.231.1-黄埭-核心交换机-12:13:31]
121331.319: [12:13:31]
121331.320: [12:13:31]Info: The max number of VTY users is 5, the number of current VTY users online is 2, and total number of terminal users online is 2.
121331.344: [12:13:31]      The current login time is 2025-12-03 19:24:57.
122331.398: [12:23:31]<Core-SW>
122337.267: [12:23:37][202602192.168.231.1-黄埭-核心交换机-12:23:37]
122337.342: [12:23:37]
122337.342: [12:23:37]Info: The max number of VTY users is 5, the number of current VTY users online is 2, and total number of terminal users online is 2.
122337.373: [12:23:37]      The current login time is 2025-12-03 19:35:03.
123337.411: [12:33:37]<Core-SW>
123343.382: [12:33:43][202602192.168.231.1-黄埭-核心交换机-12:33:43]
123343.438: [12:33:43]
123343.440: [12:33:43]Info: The max number of VTY users is 5, the number of current VTY users online is 2, and total number of terminal users online is 2.
123343.463: [12:33:43]      The current login time is 2025-12-03 19:45:09.
124343.525: [12:43:43]<Core-SW>
124349.856: [12:43:49][202602192.168.231.1-黄埭-核心交换机-12:43:49]
124349.901: [12:43:49]
124349.903: [12:43:49]Info: The max number of VTY users is 5, the number of current VTY users online is 2, and total number of terminal users online is 2.
124349.932: [12:43:49]      The current login time is 2025-12-03 19:55:16.
125350.003: [12:53:50]<Core-SW>
125355.793: [12:53:55][202602192.168.231.1-黄埭-核心交换机-12:53:55]
125355.914: [12:53:55]
125355.914: [12:53:55]Info: The max number of VTY users is 5, the number of current VTY users online is 2, and total number of terminal users online is 2.
125355.914: [12:53:55]      The current login time is 2025-12-03 20:05:22.
130356.013: [13:03:56]<Core-SW>
130401.871: [13:04:01][202602192.168.231.1-黄埭-核心交换机-13:04:01]
130401.991: [13:04:01]
130401.991: [13:04:01]Info: The max number of VTY users is 5, the number of current VTY users online is 2, and total number of terminal users online is 2.
130401.992: [13:04:01]      The current login time is 2025-12-03 20:15:28.
131402.006: [13:14:02]<Core-SW>
131407.971: [13:14:07][202602192.168.231.1-黄埭-核心交换机-13:14:07]
131408.118: [13:14:08]
131408.121: [13:14:08]Info: The max number of VTY users is 5, the number of current VTY users online is 2, and total number of terminal users online is 2.
131408.147: [13:14:08]      The current login time is 2025-12-03 20:25:34.
132408.228: [13:24:08]<Core-SW>
132414.355: [13:24:14][202602192.168.231.1-黄埭-核心交换机-13:24:14]
132414.414: [13:24:14]
132414.415: [13:24:14]Info: The max number of VTY users is 5, the number of current VTY users online is 2, and total number of terminal users online is 2.
132414.462: [13:24:14]      The current login time is 2025-12-03 20:35:40.
133414.538: [13:34:14]<Core-SW>
133421.115: [13:34:21][202602192.168.231.1-黄埭-核心交换机-13:34:21]
133421.182: [13:34:21]
133421.183: [13:34:21]Info: The max number of VTY users is 5, the number of current VTY users online is 2, and total number of terminal users online is 2.
133421.273: [13:34:21]      The current login time is 2025-12-03 20:45:47.
134421.287: [13:44:21]<Core-SW>
134427.612: [13:44:27][202602192.168.231.1-黄埭-核心交换机-13:44:27]
134427.656: [13:44:27]
134427.658: [13:44:27]Info: The max number of VTY users is 5, the number of current VTY users online is 2, and total number of terminal users online is 2.
134427.680: [13:44:27]      The current login time is 2025-12-03 20:55:54.
135427.762: [13:54:27]<Core-SW>
135434.041: [13:54:34][202602192.168.231.1-黄埭-核心交换机-13:54:34]
135434.106: [13:54:34]
135434.108: [13:54:34]Info: The max number of VTY users is 5, the number of current VTY users online is 2, and total number of terminal users online is 2.
135434.133: [13:54:34]      The current login time is 2025-12-03 21:06:00.
140434.285: [14:04:34]<Core-SW>
140440.239: [14:04:40][202602192.168.231.1-黄埭-核心交换机-14:04:40]
140440.286: [14:04:40]
140440.287: [14:04:40]Info: The max number of VTY users is 5, the number of current VTY users online is 2, and total number of terminal users online is 2.
140440.309: [14:04:40]      The current login time is 2025-12-03 21:16:06.
141440.366: [14:14:40]<Core-SW>
141446.372: [14:14:46][202602192.168.231.1-黄埭-核心交换机-14:14:46]
141446.430: [14:14:46]
141446.431: [14:14:46]Info: The max number of VTY users is 5, the number of current VTY users online is 2, and total number of terminal users online is 2.
141446.475: [14:14:46]      The current login time is 2025-12-03 21:26:12.
142446.513: [14:24:46]<Core-SW>
142452.276: [14:24:52][202602192.168.231.1-黄埭-核心交换机-14:24:52]
142452.324: [14:24:52]
142452.330: [14:24:52]Info: The max number of VTY users is 5, the number of current VTY users online is 2, and total number of terminal users online is 2.
142452.381: [14:24:52]      The current login time is 2025-12-03 21:36:18.
143452.529: [14:34:52]<Core-SW>
143458.901: [14:34:58][202602192.168.231.1-黄埭-核心交换机-14:34:58]
143458.966: [14:34:58]
143458.986: [14:34:58]Info: The max number of VTY users is 5, the number of current VTY users online is 2, and total number of terminal users online is 2.
143459.006: [14:34:59]      The current login time is 2025-12-03 21:46:25.
144459.134: [14:44:59]<Core-SW>
144505.446: [14:45:05][202602192.168.231.1-黄埭-核心交换机-14:45:05]
144505.499: [14:45:05]
144505.500: [14:45:05]Info: The max number of VTY users is 5, the number of current VTY users online is 2, and total number of terminal users online is 2.
144505.521: [14:45:05]      The current login time is 2025-12-03 21:56:32.
145505.552: [14:55:05]<Core-SW>
145512.038: [14:55:12][202602192.168.231.1-黄埭-核心交换机-14:55:12]
145512.124: [14:55:12]
145512.125: [14:55:12]Info: The max number of VTY users is 5, the number of current VTY users online is 2, and total number of terminal users online is 2.
145512.126: [14:55:12]      The current login time is 2025-12-03 22:06:38.
150512.176: [15:05:12]<Core-SW>
150518.556: [15:05:18][202602192.168.231.1-黄埭-核心交换机-15:05:18]
150518.694: [15:05:18]
150518.695: [15:05:18]Info: The max number of VTY users is 5, the number of current VTY users online is 2, and total number of terminal users online is 2.
150518.732: [15:05:18]      The current login time is 2025-12-03 22:16:45.
151518.798: [15:15:18]<Core-SW>
151524.849: [15:15:24][202602192.168.231.1-黄埭-核心交换机-15:15:24]
151524.888: [15:15:24]
151524.889: [15:15:24]Info: The max number of VTY users is 5, the number of current VTY users online is 2, and total number of terminal users online is 2.
151524.941: [15:15:24]      The current login time is 2025-12-03 22:26:51.
152524.971: [15:25:24]<Core-SW>
152530.879: [15:25:30][202602192.168.231.1-黄埭-核心交换机-15:25:30]
152530.938: [15:25:30]
152530.951: [15:25:30]Info: The max number of VTY users is 5, the number of current VTY users online is 2, and total number of terminal users online is 2.
152530.991: [15:25:30]      The current login time is 2025-12-03 22:36:57.
153531.035: [15:35:31]<Core-SW>
153537.300: [15:35:37][202602192.168.231.1-黄埭-核心交换机-15:35:37]
153537.356: [15:35:37]
153537.357: [15:35:37]Info: The max number of VTY users is 5, the number of current VTY users online is 2, and total number of terminal users online is 2.
153537.408: [15:35:37]      The current login time is 2025-12-03 22:47:03.
154537.469: [15:45:37]<Core-SW>
154543.245: [15:45:43][202602192.168.231.1-黄埭-核心交换机-15:45:43]
154543.483: [15:45:43]
154543.484: [15:45:43]Info: The max number of VTY users is 5, the number of current VTY users online is 2, and total number of terminal users online is 2.
154543.510: [15:45:43]      The current login time is 2025-12-03 22:57:10.
155543.580: [15:55:43]<Core-SW>
155549.805: [15:55:49][202602192.168.231.1-黄埭-核心交换机-15:55:49]
155549.859: [15:55:49]
155549.860: [15:55:49]Info: The max number of VTY users is 5, the number of current VTY users online is 2, and total number of terminal users online is 2.
155549.967: [15:55:49]      The current login time is 2025-12-03 23:07:16.
160549.934: [16:05:49]<Core-SW>
160555.809: [16:05:55][202602192.168.231.1-黄埭-核心交换机-16:05:55]
160555.864: [16:05:55]
160555.877: [16:05:55]Info: The max number of VTY users is 5, the number of current VTY users online is 2, and total number of terminal users online is 2.
160555.878: [16:05:55]      The current login time is 2025-12-03 23:17:22.
161555.940: [16:15:55]<Core-SW>
161601.793: [16:16:01][202602192.168.231.1-黄埭-核心交换机-16:16:01]
161601.837: [16:16:01]
161601.849: [16:16:01]Info: The max number of VTY users is 5, the number of current VTY users online is 2, and total number of terminal users online is 2.
161601.871: [16:16:01]      The current login time is 2025-12-03 23:27:28.
162601.966: [16:26:01]<Core-SW>
162608.614: [16:26:08][202602192.168.231.1-黄埭-核心交换机-16:26:08]
162608.738: [16:26:08]
162608.738: [16:26:08]Info: The max number of VTY users is 5, the number of current VTY users online is 2, and total number of terminal users online is 2.
162608.739: [16:26:08]      The current login time is 2025-12-03 23:37:35.
163608.790: [16:36:08]<Core-SW>
163614.830: [16:36:14][202602192.168.231.1-黄埭-核心交换机-16:36:14]
163614.883: [16:36:14]
163614.884: [16:36:14]Info: The max number of VTY users is 5, the number of current VTY users online is 2, and total number of terminal users online is 2.
163614.935: [16:36:14]      The current login time is 2025-12-03 23:47:41.
164614.983: [16:46:14]<Core-SW>
164620.933: [16:46:20][202602192.168.231.1-黄埭-核心交换机-16:46:20]
164620.998: [16:46:20]
164620.999: [16:46:20]Info: The max number of VTY users is 5, the number of current VTY users online is 2, and total number of terminal users online is 2.
164621.020: [16:46:21]      The current login time is 2025-12-03 23:57:47.
165621.058: [16:56:21]<Core-SW>
165627.408: [16:56:27][202602192.168.231.1-黄埭-核心交换机-16:56:27]
165627.514: [16:56:27]
165627.515: [16:56:27]Info: The max number of VTY users is 5, the number of current VTY users online is 2, and total number of terminal users online is 2.
165627.515: [16:56:27]      The current login time is 2025-12-04 00:07:54.
170627.572: [17:06:27]<Core-SW>
170633.813: [17:06:33][202602192.168.231.1-黄埭-核心交换机-17:06:33]
170633.863: [17:06:33]
170633.864: [17:06:33]Info: The max number of VTY users is 5, the number of current VTY users online is 2, and total number of terminal users online is 2.
170633.906: [17:06:33]      The current login time is 2025-12-04 00:18:00.
171633.945: [17:16:33]<Core-SW>
171639.821: [17:16:39][202602192.168.231.1-黄埭-核心交换机-17:16:39]
171639.883: [17:16:39]
171639.886: [17:16:39]Info: The max number of VTY users is 5, the number of current VTY users online is 2, and total number of terminal users online is 2.
171639.921: [17:16:39]      The current login time is 2025-12-04 00:28:06.
172639.981: [17:26:39]<Core-SW>
172646.033: [17:26:46][202602192.168.231.1-黄埭-核心交换机-17:26:46]
172646.106: [17:26:46]
172646.107: [17:26:46]Info: The max number of VTY users is 5, the number of current VTY users online is 2, and total number of terminal users online is 2.
172646.135: [17:26:46]      The current login time is 2025-12-04 00:38:12.
173646.219: [17:36:46]<Core-SW>
173652.274: [17:36:52][202602192.168.231.1-黄埭-核心交换机-17:36:52]
173652.328: [17:36:52]
173652.329: [17:36:52]Info: The max number of VTY users is 5, the number of current VTY users online is 2, and total number of terminal users online is 2.
173652.347: [17:36:52]      The current login time is 2025-12-04 00:48:18.
174652.499: [17:46:52]<Core-SW>
174658.381: [17:46:58][202602192.168.231.1-黄埭-核心交换机-17:46:58]
174658.428: [17:46:58]
174658.429: [17:46:58]Info: The max number of VTY users is 5, the number of current VTY users online is 2, and total number of terminal users online is 2.
174658.454: [17:46:58]      The current login time is 2025-12-04 00:58:25.
175658.609: [17:56:58]<Core-SW>
175704.885: [17:57:04][202602192.168.231.1-黄埭-核心交换机-17:57:04]
175704.946: [17:57:04]
175704.947: [17:57:04]Info: The max number of VTY users is 5, the number of current VTY users online is 2, and total number of terminal users online is 2.
175704.993: [17:57:04]      The current login time is 2025-12-04 01:08:31.
180705.124: [18:07:05]<Core-SW>
180711.278: [18:07:11][202602192.168.231.1-黄埭-核心交换机-18:07:11]
180711.347: [18:07:11]
180711.348: [18:07:11]Info: The max number of VTY users is 5, the number of current VTY users online is 2, and total number of terminal users online is 2.
180711.392: [18:07:11]      The current login time is 2025-12-04 01:18:38.
181711.538: [18:17:11]<Core-SW>
181717.806: [18:17:17][202602192.168.231.1-黄埭-核心交换机-18:17:17]
181717.850: [18:17:17]
181717.851: [18:17:17]Info: The max number of VTY users is 5, the number of current VTY users online is 2, and total number of terminal users online is 2.
181717.882: [18:17:17]      The current login time is 2025-12-04 01:28:44.
182717.953: [18:27:17]<Core-SW>
182723.918: [18:27:23][202602192.168.231.1-黄埭-核心交换机-18:27:23]
182723.980: [18:27:23]
182723.981: [18:27:23]Info: The max number of VTY users is 5, the number of current VTY users online is 2, and total number of terminal users online is 2.
182723.998: [18:27:23]      The current login time is 2025-12-04 01:38:50.
183724.036: [18:37:24]<Core-SW>
183730.325: [18:37:30][202602192.168.231.1-黄埭-核心交换机-18:37:30]
183730.406: [18:37:30]
183730.407: [18:37:30]Info: The max number of VTY users is 5, the number of current VTY users online is 2, and total number of terminal users online is 2.
183730.426: [18:37:30]      The current login time is 2025-12-04 01:48:57.
184730.466: [18:47:30]<Core-SW>
184736.244: [18:47:36][202602192.168.231.1-黄埭-核心交换机-18:47:36]
184736.380: [18:47:36]
184736.381: [18:47:36]Info: The max number of VTY users is 5, the number of current VTY users online is 2, and total number of terminal users online is 2.
184736.412: [18:47:36]      The current login time is 2025-12-04 01:59:03.
185736.459: [18:57:36]<Core-SW>
185742.316: [18:57:42][202602192.168.231.1-黄埭-核心交换机-18:57:42]
185742.428: [18:57:42]
185742.430: [18:57:42]Info: The max number of VTY users is 5, the number of current VTY users online is 2, and total number of terminal users online is 2.
185742.430: [18:57:42]      The current login time is 2025-12-04 02:09:09.
190742.442: [19:07:42]<Core-SW>
190748.355: [19:07:48][202602192.168.231.1-黄埭-核心交换机-19:07:48]
190748.401: [19:07:48]
190748.402: [19:07:48]Info: The max number of VTY users is 5, the number of current VTY users online is 2, and total number of terminal users online is 2.
190748.501: [19:07:48]      The current login time is 2025-12-04 02:19:15.
191748.507: [19:17:48]<Core-SW>
191754.266: [19:17:54][202602192.168.231.1-黄埭-核心交换机-19:17:54]
191754.334: [19:17:54]
191754.335: [19:17:54]Info: The max number of VTY users is 5, the number of current VTY users online is 2, and total number of terminal users online is 2.
191754.363: [19:17:54]      The current login time is 2025-12-04 02:29:21.
192754.412: [19:27:54]<Core-SW>
192800.423: [19:28:00][202602192.168.231.1-黄埭-核心交换机-19:28:00]
192800.506: [19:28:00]
192800.507: [19:28:00]Info: The max number of VTY users is 5, the number of current VTY users online is 2, and total number of terminal users online is 2.
192800.539: [19:28:00]      The current login time is 2025-12-04 02:39:27.
193800.624: [19:38:00]<Core-SW>
193806.762: [19:38:06][202602192.168.231.1-黄埭-核心交换机-19:38:06]
193806.835: [19:38:06]
193806.847: [19:38:06]Info: The max number of VTY users is 5, the number of current VTY users online is 2, and total number of terminal users online is 2.
193806.862: [19:38:06]      The current login time is 2025-12-04 02:49:33.
194806.909: [19:48:06]<Core-SW>
194812.897: [19:48:12][202602192.168.231.1-黄埭-核心交换机-19:48:12]
194812.949: [19:48:12]
194812.950: [19:48:12]Info: The max number of VTY users is 5, the number of current VTY users online is 2, and total number of terminal users online is 2.
194812.977: [19:48:12]      The current login time is 2025-12-04 02:59:39.
195813.150: [19:58:13]<Core-SW>
195819.314: [19:58:19][202602192.168.231.1-黄埭-核心交换机-19:58:19]
195819.412: [19:58:19]
195819.412: [19:58:19]Info: The max number of VTY users is 5, the number of current VTY users online is 2, and total number of terminal users online is 2.
195819.412: [19:58:19]      The current login time is 2025-12-04 03:09:46.
200819.464: [20:08:19]<Core-SW>
200825.493: [20:08:25][202602192.168.231.1-黄埭-核心交换机-20:08:25]
200825.533: [20:08:25]
200825.545: [20:08:25]Info: The max number of VTY users is 5, the number of current VTY users online is 2, and total number of terminal users online is 2.
200825.560: [20:08:25]      The current login time is 2025-12-04 03:19:52.
201825.673: [20:18:25]<Core-SW>
201831.739: [20:18:31][202602192.168.231.1-黄埭-核心交换机-20:18:31]
201831.780: [20:18:31]
201831.781: [20:18:31]Info: The max number of VTY users is 5, the number of current VTY users online is 2, and total number of terminal users online is 2.
201831.808: [20:18:31]      The current login time is 2025-12-04 03:29:58.
202831.879: [20:28:31]<Core-SW>
202837.869: [20:28:37][202602192.168.231.1-黄埭-核心交换机-20:28:37]
202837.931: [20:28:37]
202837.932: [20:28:37]Info: The max number of VTY users is 5, the number of current VTY users online is 2, and total number of terminal users online is 2.
202837.952: [20:28:37]      The current login time is 2025-12-04 03:40:04.
203838.101: [20:38:38]<Core-SW>
203844.364: [20:38:44][202602192.168.231.1-黄埭-核心交换机-20:38:44]
203844.428: [20:38:44]
203844.429: [20:38:44]Info: The max number of VTY users is 5, the number of current VTY users online is 2, and total number of terminal users online is 2.
203844.447: [20:38:44]      The current login time is 2025-12-04 03:50:11.
204844.622: [20:48:44]<Core-SW>
204850.754: [20:48:50][202602192.168.231.1-黄埭-核心交换机-20:48:50]
204850.882: [20:48:50]
204850.883: [20:48:50]Info: The max number of VTY users is 5, the number of current VTY users online is 2, and total number of terminal users online is 2.
204850.913: [20:48:50]      The current login time is 2025-12-04 04:00:17.
205850.982: [20:58:50]<Core-SW>
205857.102: [20:58:57][202602192.168.231.1-黄埭-核心交换机-20:58:57]
205857.177: [20:58:57]
205857.190: [20:58:57]Info: The max number of VTY users is 5, the number of current VTY users online is 2, and total number of terminal users online is 2.
205857.227: [20:58:57]      The current login time is 2025-12-04 04:10:23.
210857.296: [21:08:57]<Core-SW>
210903.243: [21:09:03][202602192.168.231.1-黄埭-核心交换机-21:09:03]
210903.279: [21:09:03]
210903.288: [21:09:03]Info: The max number of VTY users is 5, the number of current VTY users online is 2, and total number of terminal users online is 2.
210903.316: [21:09:03]      The current login time is 2025-12-04 04:20:30.
211903.475: [21:19:03]<Core-SW>
211909.359: [21:19:09][202602192.168.231.1-黄埭-核心交换机-21:19:09]
211909.408: [21:19:09]
211909.420: [21:19:09]Info: The max number of VTY users is 5, the number of current VTY users online is 2, and total number of terminal users online is 2.
211909.443: [21:19:09]      The current login time is 2025-12-04 04:30:36.
212909.487: [21:29:09]<Core-SW>
212915.354: [21:29:15][202602192.168.231.1-黄埭-核心交换机-21:29:15]
212915.406: [21:29:15]
212915.415: [21:29:15]Info: The max number of VTY users is 5, the number of current VTY users online is 2, and total number of terminal users online is 2.
212915.437: [21:29:15]      The current login time is 2025-12-04 04:40:42.
213915.579: [21:39:15]<Core-SW>
213921.847: [21:39:21][202602192.168.231.1-黄埭-核心交换机-21:39:21]
213921.896: [21:39:21]
213921.897: [21:39:21]Info: The max number of VTY users is 5, the number of current VTY users online is 2, and total number of terminal users online is 2.
213921.935: [21:39:21]      The current login time is 2025-12-04 04:50:48.
214922.059: [21:49:22]<Core-SW>
214928.353: [21:49:28][202602192.168.231.1-黄埭-核心交换机-21:49:28]
214928.411: [21:49:28]
214928.422: [21:49:28]Info: The max number of VTY users is 5, the number of current VTY users online is 2, and total number of terminal users online is 2.
214928.436: [21:49:28]      The current login time is 2025-12-04 05:00:55.
215928.509: [21:59:28]<Core-SW>
215934.456: [21:59:34][202602192.168.231.1-黄埭-核心交换机-21:59:34]
215934.494: [21:59:34]
215934.506: [21:59:34]Info: The max number of VTY users is 5, the number of current VTY users online is 2, and total number of terminal users online is 2.
215934.527: [21:59:34]      The current login time is 2025-12-04 05:11:01.
220934.622: [22:09:34]<Core-SW>
220940.737: [22:09:40][202602192.168.231.1-黄埭-核心交换机-22:09:40]
220940.798: [22:09:40]
220940.807: [22:09:40]Info: The max number of VTY users is 5, the number of current VTY users online is 2, and total number of terminal users online is 2.
220940.829: [22:09:40]      The current login time is 2025-12-04 05:21:07.
221940.883: [22:19:40]<Core-SW>
221946.744: [22:19:46][202602192.168.231.1-黄埭-核心交换机-22:19:46]
221946.792: [22:19:46]
221946.804: [22:19:46]Info: The max number of VTY users is 5, the number of current VTY users online is 2, and total number of terminal users online is 2.
221946.812: [22:19:46]      The current login time is 2025-12-04 05:31:13.
222946.942: [22:29:46]<Core-SW>
222952.882: [22:29:52][202602192.168.231.1-黄埭-核心交换机-22:29:52]
222952.945: [22:29:52]
222952.946: [22:29:52]Info: The max number of VTY users is 5, the number of current VTY users online is 2, and total number of terminal users online is 2.
222952.971: [22:29:52]      The current login time is 2025-12-04 05:41:19.
223953.040: [22:39:53]<Core-SW>
223959.379: [22:39:59][202602192.168.231.1-黄埭-核心交换机-22:39:59]
223959.439: [22:39:59]
223959.440: [22:39:59]Info: The max number of VTY users is 5, the number of current VTY users online is 2, and total number of terminal users online is 2.
223959.471: [22:39:59]      The current login time is 2025-12-04 05:51:26.
224959.564: [22:49:59]<Core-SW>
225005.938: [22:50:05][202602192.168.231.1-黄埭-核心交换机-22:50:05]
225005.980: [22:50:05]
225005.981: [22:50:05]Info: The max number of VTY users is 5, the number of current VTY users online is 2, and total number of terminal users online is 2.
225006.013: [22:50:06]      The current login time is 2025-12-04 06:01:32.
230006.194: [23:00:06]<Core-SW>
230012.319: [23:00:12][202602192.168.231.1-黄埭-核心交换机-23:00:12]
230012.369: [23:00:12]
230012.458: [23:00:12]Info: The max number of VTY users is 5, the number of current VTY users online is 2, and total number of terminal users online is 2.
230012.460: [23:00:12]      The current login time is 2025-12-04 06:11:39.
231012.505: [23:10:12]<Core-SW>
231018.238: [23:10:18][202602192.168.231.1-黄埭-核心交换机-23:10:18]
231018.294: [23:10:18]
231018.295: [23:10:18]Info: The max number of VTY users is 5, the number of current VTY users online is 2, and total number of terminal users online is 3.
231018.315: [23:10:18]      The current login time is 2025-12-04 06:21:45.
232018.411: [23:20:18]<Core-SW>
232024.368: [23:20:24][202602192.168.231.1-黄埭-核心交换机-23:20:24]
232024.440: [23:20:24]
232024.441: [23:20:24]Info: The max number of VTY users is 5, the number of current VTY users online is 2, and total number of terminal users online is 2.
232024.479: [23:20:24]      The current login time is 2025-12-04 06:31:51.
233024.554: [23:30:24]<Core-SW>
233030.856: [23:30:30][202602192.168.231.1-黄埭-核心交换机-23:30:30]
233030.898: [23:30:30]
233030.907: [23:30:30]Info: The max number of VTY users is 5, the number of current VTY users online is 2, and total number of terminal users online is 2.
233030.924: [23:30:30]      The current login time is 2025-12-04 06:41:57.
234031.040: [23:40:31]<Core-SW>
234037.513: [23:40:37][202602192.168.231.1-黄埭-核心交换机-23:40:37]
234037.585: [23:40:37]
234037.586: [23:40:37]Info: The max number of VTY users is 5, the number of current VTY users online is 2, and total number of terminal users online is 2.
234037.611: [23:40:37]      The current login time is 2025-12-04 06:52:04.
235037.767: [23:50:37]<Core-SW>
235043.794: [23:50:43][202602192.168.231.1-黄埭-核心交换机-23:50:43]
235043.933: [23:50:43]
235043.934: [23:50:43]Info: The max number of VTY users is 5, the number of current VTY users online is 2, and total number of terminal users online is 2.
235043.959: [23:50:43]      The current login time is 2025-12-04 07:02:10.
