081840.231: [08:18:40][root@172-16-208-2 ~]# 
081840.300: [08:18:40][root@172-16-208-2 ~]# 
082215.230: [08:22:15][root@172-16-208-2 ~]# cd /etc/systemd/system
082216.100: [08:22:16][root@172-16-208-2 /etc/systemd/system]# ll
082216.100: [08:22:16]total 60K
082216.108: [08:22:16]drwxr-xr-x 2 root root 4.0K Apr  6  2023 bluetooth.target.wants
082216.109: [08:22:16]lrwxrwxrwx 1 root root   42 Apr  6  2023 dbus-fi.w1.wpa_supplicant1.service -> /lib/systemd/system/wpa_supplicant.service
082216.109: [08:22:16]lrwxrwxrwx 1 root root   37 Apr  6  2023 dbus-org.bluez.service -> /lib/systemd/system/bluetooth.service
082216.109: [08:22:16]lrwxrwxrwx 1 root root   40 Apr  6  2023 dbus-org.freedesktop.Avahi.service -> /lib/systemd/system/avahi-daemon.service
082216.110: [08:22:16]lrwxrwxrwx 1 root root   40 Apr  6  2023 dbus-org.freedesktop.ModemManager1.service -> /lib/systemd/system/ModemManager.service
082216.111: [08:22:16]lrwxrwxrwx 1 root root   53 Apr  6  2023 dbus-org.freedesktop.nm-dispatcher.service -> /lib/systemd/system/NetworkManager-dispatcher.service
082216.111: [08:22:16]lrwxrwxrwx 1 root root   45 Apr  6  2023 dbus-org.freedesktop.timesync1.service -> /lib/systemd/system/systemd-timesyncd.service
082216.112: [08:22:16]lrwxrwxrwx 1 root root   37 May  4  2023 default.target -> /lib/systemd/system/multi-user.target
082216.112: [08:22:16]drwxr-xr-x 2 root root 4.0K May  8  2023 default.target.wants
082216.112: [08:22:16]lrwxrwxrwx 1 root root   32 May  4  2023 display-manager.service -> /lib/systemd/system/gdm3.service
082216.113: [08:22:16]drwxr-xr-x 2 root root 4.0K Apr  6  2023 getty.target.wants
082216.113: [08:22:16]drwxr-xr-x 2 root root 4.0K Apr  6  2023 graphical.target.wants
082216.113: [08:22:16]-rw-r--r-- 1 root root  431 Apr 25  2025 hysteria-client.service
082216.113: [08:22:16]drwxr-xr-x 2 root root 4.0K Feb 15 23:14 multi-user.target.wants
082216.113: [08:22:16]drwxr-xr-x 2 root root 4.0K Apr  6  2023 network-online.target.wants
082216.114: [08:22:16]-rw-r--r-- 1 root root  176 Sep 29  2025 node_exporter.service
082216.114: [08:22:16]drwxr-xr-x 2 root root 4.0K Apr  6  2023 printer.target.wants
082216.114: [08:22:16]drwxr-xr-x 2 root root 4.0K Dec 19 17:11 remote-fs.target.wants
082216.114: [08:22:16]lrwxrwxrwx 1 root root    9 Apr  6  2023 samba-ad-dc.service -> /dev/null
082216.115: [08:22:16]lrwxrwxrwx 1 root root   41 Apr  6  2023 smartd.service -> /lib/systemd/system/smartmontools.service
082216.115: [08:22:16]drwxr-xr-x 2 root root 4.0K Dec 19 17:11 sockets.target.wants
082216.115: [08:22:16]lrwxrwxrwx 1 root root   31 Apr  6  2023 sshd.service -> /lib/systemd/system/ssh.service
082216.115: [08:22:16]drwxr-xr-x 2 root root 4.0K Apr  7  2023 sysinit.target.wants
082216.116: [08:22:16]lrwxrwxrwx 1 root root   35 Apr  6  2023 syslog.service -> /lib/systemd/system/rsyslog.service
082216.116: [08:22:16]drwxr-xr-x 2 root root 4.0K Apr  7  2023 systemd-resolved.service.wants
082216.116: [08:22:16]drwxr-xr-x 2 root root 4.0K Apr  6  2023 timers.target.wants
082216.116: [08:22:16]-rw-r--r-- 1 root root  448 Sep 22  2025 v2ray.service
082216.116: [08:22:16]lrwxrwxrwx 1 root root    9 May  4  2023 xrdp.service -> /dev/null
082216.117: [08:22:16]lrwxrwxrwx 1 root root    9 May  4  2023 xrdp-sesman.service -> /dev/null
082227.800: [08:22:27][root@172-16-208-2 /etc/systemd/system]# systemctl start node_exporter
082237.494: [08:22:37][root@172-16-208-2 /etc/systemd/system]# systemctl status node_exporter
082239.502: [08:22:39]● node_exporter.service - Node Exporter
082239.502: [08:22:39]     Loaded: loaded (/etc/systemd/system/node_exporter.service; enabled; vendor preset: enabled)
082239.503: [08:22:39]     Active: active (running) since Tue 2026-03-03 10:54:18 HKT; 1 months 11 days ago
082239.503: [08:22:39]   Main PID: 679 (node_exporter)
082239.503: [08:22:39]      Tasks: 6 (limit: 19146)
082239.503: [08:22:39]     Memory: 19.2M
082239.503: [08:22:39]        CPU: 2h 58min 27.558s
082239.503: [08:22:39]     CGroup: /system.slice/node_exporter.service
082239.503: [08:22:39]             └─679 /usr/local/bin/node_exporter
082239.503: [08:22:39]
082239.504: [08:22:39]Apr 09 00:42:27 172-16-208-2 node_exporter[679]: time=2026-04-08T16:42:27.856Z level=ERROR source=collector.go:168 msg="collector failed" name=netclass durat>
082239.505: [08:22:39]Apr 09 05:57:42 172-16-208-2 node_exporter[679]: time=2026-04-08T21:57:42.856Z level=ERROR source=collector.go:168 msg="collector failed" name=netclass durat>
082239.505: [08:22:39]Apr 10 01:24:42 172-16-208-2 node_exporter[679]: time=2026-04-09T17:24:42.876Z level=ERROR source=collector.go:168 msg="collector failed" name=netclass durat>
082239.506: [08:22:39]Apr 10 23:10:12 172-16-208-2 node_exporter[679]: time=2026-04-10T15:10:12.868Z level=ERROR source=collector.go:168 msg="collector failed" name=netclass durat>
082239.507: [08:22:39]Apr 13 05:05:27 172-16-208-2 node_exporter[679]: time=2026-04-12T21:05:27.861Z level=ERROR source=collector.go:168 msg="collector failed" name=netclass durat>
082239.507: [08:22:39]Apr 14 02:19:12 172-16-208-2 node_exporter[679]: time=2026-04-13T18:19:12.864Z level=ERROR source=collector.go:168 msg="collector failed" name=netclass durat>
082239.508: [08:22:39]Warning: journal has been rotated since unit was started, output may be incomplete.
082820.877: [08:28:20][root@172-16-208-2 /etc/systemd/system]# pgrep node
082820.900: [08:28:20]679
082820.900: [08:28:20]3836
082820.900: [08:28:20]4335
082820.900: [08:28:20]4369
082820.900: [08:28:20]4397
082820.900: [08:28:20]4403
082820.900: [08:28:20]2336621
082820.900: [08:28:20]2336777
082820.900: [08:28:20]2338038
082820.900: [08:28:20]2844868
082826.858: [08:28:26][root@172-16-208-2 /etc/systemd/system]# pgrep -a node
082826.881: [08:28:26]679 /usr/local/bin/node_exporter
082826.881: [08:28:26]3836 node server.js
082826.882: [08:28:26]4335 node /app/node_modules/.bin/../cross-env/src/bin/cross-env.js NODE_ENV=production tsx lib/index.ts
082826.882: [08:28:26]4369 node /app/node_modules/.bin/../tsx/dist/cli.mjs lib/index.ts
082826.882: [08:28:26]4397 /usr/local/bin/node --require /app/node_modules/.pnpm/tsx@4.19.2/node_modules/tsx/dist/preflight.cjs --import file:///app/node_modules/.pnpm/tsx@4.19.2/n082826.883: ode_modules/tsx/dist/loader.mjs lib/index.ts
082826.883: [08:28:26]4403 node /usr/local/bin/pm2-runtime /usr/src/app/launcher.js
082826.883: [08:28:26]2336621 /root/.vscode-server/bin/e7fb5e96c0730b9deb70b33781f98e2f35975036/node /tmp/vscode-remote-containers-server-53375b8d-79fc-4636-beb8-e010e7316c75.js
082826.884: [08:28:26]2336777 /root/.vscode-server/bin/e7fb5e96c0730b9deb70b33781f98e2f35975036/node /root/.vscode-server/bin/e7fb5e96c0730b9deb70b33781f98e2f35975036/out/server-ma082826.884: in.js --log debug --force-disable-user-env --server-data-dir /root/.vscode-server --telemetry-level all --accept-server-license-terms --host 127.0.0.1 --port 082826.885: 0 --connection-token-file /root/.vscode-server/data/Machine/.connection-token-e7fb5e96c0730b9deb70b33781f98e2f35975036 --extensions-download-dir /root/.vscode082826.885: -server/extensionsCache --start-server  --skip-requirements-check
082826.885: [08:28:26]2338038 /root/.vscode-server/bin/e7fb5e96c0730b9deb70b33781f98e2f35975036/node /root/.vscode-server/bin/e7fb5e96c0730b9deb70b33781f98e2f35975036/out/bootstrap082826.886: -fork --type=ptyHost --logsPath /root/.vscode-server/data/logs/20260407T112501
082826.886: [08:28:26]2844868 node /usr/src/app/launcher.js                                   
082838.049: [08:28:38][root@172-16-208-2 /etc/systemd/system]# pgrep -a node_node
082841.357: [08:28:41][root@172-16-208-2 /etc/systemd/system]# pgrep -a node_
082841.380: [08:28:41]679 /usr/local/bin/node_exporter
082849.833: [08:28:49][root@172-16-208-2 /etc/systemd/system]# systemctl status 679
082849.861: [08:28:49]● node_exporter.service - Node Exporter
082849.861: [08:28:49]     Loaded: loaded (/etc/systemd/system/node_exporter.service; enabled; vendor preset: enabled)
082849.861: [08:28:49]     Active: active (running) since Tue 2026-03-03 10:54:18 HKT; 1 months 11 days ago
082849.861: [08:28:49]   Main PID: 679 (node_exporter)
082849.861: [08:28:49]      Tasks: 6 (limit: 19146)
082849.862: [08:28:49]     Memory: 20.4M
082849.862: [08:28:49]        CPU: 2h 58min 28.682s
082849.862: [08:28:49]     CGroup: /system.slice/node_exporter.service
082849.862: [08:28:49]             └─679 /usr/local/bin/node_exporter
082849.862: [08:28:49]
082849.862: [08:28:49]Apr 09 00:42:27 172-16-208-2 node_exporter[679]: time=2026-04-08T16:42:27.856Z level=ERROR source=collector.go:168 msg="collector failed" name=netclass durat>
082849.863: [08:28:49]Apr 09 05:57:42 172-16-208-2 node_exporter[679]: time=2026-04-08T21:57:42.856Z level=ERROR source=collector.go:168 msg="collector failed" name=netclass durat>
082849.863: [08:28:49]Apr 10 01:24:42 172-16-208-2 node_exporter[679]: time=2026-04-09T17:24:42.876Z level=ERROR source=collector.go:168 msg="collector failed" name=netclass durat>
082849.864: [08:28:49]Apr 10 23:10:12 172-16-208-2 node_exporter[679]: time=2026-04-10T15:10:12.868Z level=ERROR source=collector.go:168 msg="collector failed" name=netclass durat>
082849.864: [08:28:49]Apr 13 05:05:27 172-16-208-2 node_exporter[679]: time=2026-04-12T21:05:27.861Z level=ERROR source=collector.go:168 msg="collector failed" name=netclass durat>
082849.865: [08:28:49]Apr 14 02:19:12 172-16-208-2 node_exporter[679]: time=2026-04-13T18:19:12.864Z level=ERROR source=collector.go:168 msg="collector failed" name=netclass durat>
082849.865: [08:28:49]Warning: journal has been rotated since unit was started, output may be incomplete.
084348.167: [08:43:48][root@172-16-208-2 /etc/systemd/system]# ps -ef | grep node
084348.186: [08:43:48]devmon       582       1  0 Mar03 ?        00:00:00 /bin/bash /usr/bin/devmon --mount-options nosuid,nodev,noatime --ignore-label EFI
084348.186: [08:43:48]node_ex+     679       1  0 Mar03 ?        02:58:31 /usr/local/bin/node_exporter
084348.192: [08:43:48]root        3474    3368  0 Mar03 ?        00:00:09 /usr/bin/dumb-init node server.js
084348.192: [08:43:48]root        3836    3474  0 Mar03 ?        00:00:19 node server.js
084348.193: [08:43:48]root        4335    4333  0 Mar03 ?        00:00:00 node /app/node_modules/.bin/../cross-env/src/bin/cross-env.js NODE_ENV=production tsx lib/index.ts
084348.193: [08:43:48]root        4369    4335  0 Mar03 ?        00:00:00 node /app/node_modules/.bin/../tsx/dist/cli.mjs lib/index.ts
084348.194: [08:43:48]root        4397    4369  0 Mar03 ?        00:00:29 /usr/local/bin/node --require /app/node_modules/.pnpm/tsx@4.19.2/node_modules/tsx/dist/preflight.cjs --imp084348.194: ort file:///app/node_modules/.pnpm/tsx@4.19.2/node_modules/tsx/dist/loader.mjs lib/index.ts
084348.195: [08:43:48]root        4403    3709  0 Mar03 ?        01:03:41 node /usr/local/bin/pm2-runtime /usr/src/app/launcher.js
084348.195: [08:43:48]root     2336621 2336601  0 Apr07 ?        00:00:03 /root/.vscode-server/bin/e7fb5e96c0730b9deb70b33781f98e2f35975036/node /tmp/vscode-remote-containers-serve084348.195: r-53375b8d-79fc-4636-beb8-e010e7316c75.js
084348.195: [08:43:48]root     2336777 2336768  0 Apr07 ?        00:02:18 /root/.vscode-server/bin/e7fb5e96c0730b9deb70b33781f98e2f35975036/node /root/.vscode-server/bin/e7fb5e96c0084348.196: 730b9deb70b33781f98e2f35975036/out/server-main.js --log debug --force-disable-user-env --server-data-dir /root/.vscode-server --telemetry-level all --accept-s084348.196: erver-license-terms --host 127.0.0.1 --port 0 --connection-token-file /root/.vscode-server/data/Machine/.connection-token-e7fb5e96c0730b9deb70b33781f98e2f3597084348.196: 5036 --extensions-download-dir /root/.vscode-server/extensionsCache --start-server  --skip-requirements-check
084348.208: [08:43:48]root     2338038 2336777  0 Apr07 ?        00:00:30 /root/.vscode-server/bin/e7fb5e96c0730b9deb70b33781f98e2f35975036/node /root/.vscode-server/bin/e7fb5e96c0084348.208: 730b9deb70b33781f98e2f35975036/out/bootstrap-fork --type=ptyHost --logsPath /root/.vscode-server/data/logs/20260407T112501
084348.208: [08:43:48]root     2443025  495008  0 08:43 pts/1    00:00:00 grep --color=auto node
084348.209: [08:43:48]root     2844868    4403  0 Apr08 ?        00:25:24 node /usr/src/app/launcher.js
084352.085: [08:43:52][root@172-16-208-2 /etc/systemd/system]# ps -ef | grep node_
084352.111: [08:43:52]node_ex+     679       1  0 Mar03 ?        02:58:31 /usr/local/bin/node_exporter
084352.111: [08:43:52]root        4335    4333  0 Mar03 ?        00:00:00 node /app/node_modules/.bin/../cross-env/src/bin/cross-env.js NODE_ENV=production tsx lib/index.ts
084352.112: [08:43:52]root        4369    4335  0 Mar03 ?        00:00:00 node /app/node_modules/.bin/../tsx/dist/cli.mjs lib/index.ts
084352.113: [08:43:52]root        4397    4369  0 Mar03 ?        00:00:29 /usr/local/bin/node --require /app/node_modules/.pnpm/tsx@4.19.2/node_modules/tsx/dist/preflight.cjs --imp084352.114: ort file:///app/node_modules/.pnpm/tsx@4.19.2/node_modules/tsx/dist/loader.mjs lib/index.ts
084352.114: [08:43:52]root     2443034  495008  0 08:43 pts/1    00:00:00 grep --color=auto node_
091729.769: [09:17:29][root@172-16-208-2 /etc/systemd/system]# ip r
091729.781: [09:17:29]default via 172.16.208.1 dev ens3 proto dhcp metric 100 
091729.781: [09:17:29]8.8.8.8 via 172.16.208.4 dev ens3 
091729.781: [09:17:29]10.253.0.3 dev wg0 scope link 
091729.781: [09:17:29]10.253.0.11 dev wg0 scope link 
091729.781: [09:17:29]112.4.0.55 via 172.16.208.4 dev ens3 
091729.782: [09:17:29]169.254.169.254 via 172.16.221.131 dev ens3 proto dhcp metric 100 
091729.782: [09:17:29]172.16.208.0/20 dev ens3 proto kernel scope link src 172.16.208.2 metric 100 
091729.782: [09:17:29]172.17.0.0/16 dev docker0 proto kernel scope link src 172.17.0.1 
091729.783: [09:17:29]172.18.0.0/16 dev br-c2f8d78d6e11 proto kernel scope link src 172.18.0.1 
091729.783: [09:17:29]192.168.31.0/24 dev wg0 scope link 
091810.163: [09:18:10][root@172-16-208-2 /etc/systemd/system]# ping www.google.com.hk
091810.181: [09:18:10]PING www.google.com.hk (199.16.158.9) 56(84) bytes of data.
091812.035: [09:18:12]^C
091812.035: [09:18:12]--- www.google.com.hk ping statistics ---
091812.035: [09:18:12]2 packets transmitted, 0 received, 100% packet loss, time 1018ms
091812.035: [09:18:12]
