000433.561: [00:04:33]<Core-SW>
000932.331: [00:09:32]<Core-SW>
000938.170: [00:09:38][202603192.168.231.1-黄埭-核心交换机-00:09:38]
000938.321: [00:09:38]
000938.322: [00:09:38]Info: The max number of VTY users is 5, the number of current VTY users online is 2, and total number of terminal users online is 2.
000938.346: [00:09:38]      The current login time is 2025-12-15 07:21:14.
001938.384: [00:19:38]<Core-SW>
001944.356: [00:19:44][202603192.168.231.1-黄埭-核心交换机-00:19:44]
001944.394: [00:19:44]
001944.401: [00:19:44]Info: The max number of VTY users is 5, the number of current VTY users online is 2, and total number of terminal users online is 2.
001944.444: [00:19:44]      The current login time is 2025-12-15 07:31:20.
002944.478: [00:29:44]<Core-SW>
002950.668: [00:29:50][202603192.168.231.1-黄埭-核心交换机-00:29:50]
002950.721: [00:29:50]
002950.722: [00:29:50]Info: The max number of VTY users is 5, the number of current VTY users online is 2, and total number of terminal users online is 2.
002950.748: [00:29:50]      The current login time is 2025-12-15 07:41:27.
003950.853: [00:39:50]<Core-SW>
003956.783: [00:39:56][202603192.168.231.1-黄埭-核心交换机-00:39:56]
003956.857: [00:39:56]
003956.858: [00:39:56]Info: The max number of VTY users is 5, the number of current VTY users online is 2, and total number of terminal users online is 2.
003956.881: [00:39:56]      The current login time is 2025-12-15 07:51:33.
004956.966: [00:49:56]<Core-SW>
005003.269: [00:50:03][202603192.168.231.1-黄埭-核心交换机-00:50:03]
005003.307: [00:50:03]
005003.313: [00:50:03]Info: The max number of VTY users is 5, the number of current VTY users online is 2, and total number of terminal users online is 2.
005003.361: [00:50:03]      The current login time is 2025-12-15 08:01:39.
010003.403: [01:00:03]<Core-SW>
010009.191: [01:00:09][202603192.168.231.1-黄埭-核心交换机-01:00:09]
010009.231: [01:00:09]
010009.232: [01:00:09]Info: The max number of VTY users is 5, the number of current VTY users online is 2, and total number of terminal users online is 2.
010009.263: [01:00:09]      The current login time is 2025-12-15 08:11:45.
011009.311: [01:10:09]<Core-SW>
011015.264: [01:10:15][202603192.168.231.1-黄埭-核心交换机-01:10:15]
011015.334: [01:10:15]
011015.345: [01:10:15]Info: The max number of VTY users is 5, the number of current VTY users online is 2, and total number of terminal users online is 2.
011015.357: [01:10:15]      The current login time is 2025-12-15 08:21:51.
012015.428: [01:20:15]<Core-SW>
012021.866: [01:20:21][202603192.168.231.1-黄埭-核心交换机-01:20:21]
012021.937: [01:20:21]
012021.949: [01:20:21]Info: The max number of VTY users is 5, the number of current VTY users online is 2, and total number of terminal users online is 3.
012021.966: [01:20:21]      The current login time is 2025-12-15 08:31:58.
013021.999: [01:30:21]<Core-SW>
013028.134: [01:30:28][202603192.168.231.1-黄埭-核心交换机-01:30:28]
013028.220: [01:30:28]
013028.221: [01:30:28]Info: The max number of VTY users is 5, the number of current VTY users online is 2, and total number of terminal users online is 2.
013028.244: [01:30:28]      The current login time is 2025-12-15 08:42:04.
014028.276: [01:40:28]<Core-SW>
014034.170: [01:40:34][202603192.168.231.1-黄埭-核心交换机-01:40:34]
014034.222: [01:40:34]
014034.223: [01:40:34]Info: The max number of VTY users is 5, the number of current VTY users online is 2, and total number of terminal users online is 2.
014034.254: [01:40:34]      The current login time is 2025-12-15 08:52:10.
015034.313: [01:50:34]<Core-SW>
015040.339: [01:50:40][202603192.168.231.1-黄埭-核心交换机-01:50:40]
015040.399: [01:50:40]
015040.410: [01:50:40]Info: The max number of VTY users is 5, the number of current VTY users online is 2, and total number of terminal users online is 2.
015040.433: [01:50:40]      The current login time is 2025-12-15 09:02:17.
020040.470: [02:00:40]<Core-SW>
020046.702: [02:00:46][202603192.168.231.1-黄埭-核心交换机-02:00:46]
020046.743: [02:00:46]
020046.754: [02:00:46]Info: The max number of VTY users is 5, the number of current VTY users online is 2, and total number of terminal users online is 2.
020046.764: [02:00:46]      The current login time is 2025-12-15 09:12:23.
021047.010: [02:10:47]<Core-SW>
021053.296: [02:10:53][202603192.168.231.1-黄埭-核心交换机-02:10:53]
021053.357: [02:10:53]
021053.358: [02:10:53]Info: The max number of VTY users is 5, the number of current VTY users online is 2, and total number of terminal users online is 2.
021053.385: [02:10:53]      The current login time is 2025-12-15 09:22:29.
022053.421: [02:20:53]<Core-SW>
022059.360: [02:20:59][202603192.168.231.1-黄埭-核心交换机-02:20:59]
022059.418: [02:20:59]
022059.427: [02:20:59]Info: The max number of VTY users is 5, the number of current VTY users online is 2, and total number of terminal users online is 2.
022059.466: [02:20:59]      The current login time is 2025-12-15 09:32:36.
023059.535: [02:30:59]<Core-SW>
023105.701: [02:31:05][202603192.168.231.1-黄埭-核心交换机-02:31:05]
023105.748: [02:31:05]
023105.749: [02:31:05]Info: The max number of VTY users is 5, the number of current VTY users online is 2, and total number of terminal users online is 2.
023105.782: [02:31:05]      The current login time is 2025-12-15 09:42:42.
024105.818: [02:41:05]<Core-SW>
024111.709: [02:41:11][202603192.168.231.1-黄埭-核心交换机-02:41:11]
024111.757: [02:41:11]
024111.765: [02:41:11]Info: The max number of VTY users is 5, the number of current VTY users online is 2, and total number of terminal users online is 2.
024111.789: [02:41:11]      The current login time is 2025-12-15 09:52:48.
025111.822: [02:51:11]<Core-SW>
025117.775: [02:51:17][202603192.168.231.1-黄埭-核心交换机-02:51:17]
025117.813: [02:51:17]
025117.825: [02:51:17]Info: The max number of VTY users is 5, the number of current VTY users online is 2, and total number of terminal users online is 2.
025117.840: [02:51:17]      The current login time is 2025-12-15 10:02:54.
030117.969: [03:01:17]<Core-SW>
030124.198: [03:01:24][202603192.168.231.1-黄埭-核心交换机-03:01:24]
030124.244: [03:01:24]
030124.255: [03:01:24]Info: The max number of VTY users is 5, the number of current VTY users online is 2, and total number of terminal users online is 2.
030124.274: [03:01:24]      The current login time is 2025-12-15 10:13:00.
031124.307: [03:11:24]<Core-SW>
031130.140: [03:11:30][202603192.168.231.1-黄埭-核心交换机-03:11:30]
031130.181: [03:11:30]
031130.182: [03:11:30]Info: The max number of VTY users is 5, the number of current VTY users online is 2, and total number of terminal users online is 2.
031130.268: [03:11:30]      The current login time is 2025-12-15 10:23:06.
032130.289: [03:21:30]<Core-SW>
032136.248: [03:21:36][202603192.168.231.1-黄埭-核心交换机-03:21:36]
032136.385: [03:21:36]
032136.386: [03:21:36]Info: The max number of VTY users is 5, the number of current VTY users online is 2, and total number of terminal users online is 2.
032136.412: [03:21:36]      The current login time is 2025-12-15 10:33:13.
033136.465: [03:31:36]<Core-SW>
033142.612: [03:31:42][202603192.168.231.1-黄埭-核心交换机-03:31:42]
033142.655: [03:31:42]
033142.656: [03:31:42]Info: The max number of VTY users is 5, the number of current VTY users online is 2, and total number of terminal users online is 2.
033142.687: [03:31:42]      The current login time is 2025-12-15 10:43:19.
034142.730: [03:41:42]<Core-SW>
034148.795: [03:41:48][202603192.168.231.1-黄埭-核心交换机-03:41:48]
034148.863: [03:41:48]
034148.871: [03:41:48]Info: The max number of VTY users is 5, the number of current VTY users online is 2, and total number of terminal users online is 2.
034148.884: [03:41:48]      The current login time is 2025-12-15 10:53:25.
035149.031: [03:51:49]<Core-SW>
035155.243: [03:51:55][202603192.168.231.1-黄埭-核心交换机-03:51:55]
035155.286: [03:51:55]
035155.287: [03:51:55]Info: The max number of VTY users is 5, the number of current VTY users online is 2, and total number of terminal users online is 2.
035155.324: [03:51:55]      The current login time is 2025-12-15 11:03:31.
040155.412: [04:01:55]<Core-SW>
040201.194: [04:02:01][202603192.168.231.1-黄埭-核心交换机-04:02:01]
040201.236: [04:02:01]
040201.237: [04:02:01]Info: The max number of VTY users is 5, the number of current VTY users online is 2, and total number of terminal users online is 2.
040201.266: [04:02:01]      The current login time is 2025-12-15 11:13:37.
041201.332: [04:12:01]<Core-SW>
041207.133: [04:12:07][202603192.168.231.1-黄埭-核心交换机-04:12:07]
041207.255: [04:12:07]
041207.256: [04:12:07]Info: The max number of VTY users is 5, the number of current VTY users online is 2, and total number of terminal users online is 2.
041207.257: [04:12:07]      The current login time is 2025-12-15 11:23:43.
042207.256: [04:22:07]<Core-SW>
042213.216: [04:22:13][202603192.168.231.1-黄埭-核心交换机-04:22:13]
042213.335: [04:22:13]
042213.336: [04:22:13]Info: The max number of VTY users is 5, the number of current VTY users online is 2, and total number of terminal users online is 2.
042213.336: [04:22:13]      The current login time is 2025-12-15 11:33:49.
043213.359: [04:32:13]<Core-SW>
043219.149: [04:32:19][202603192.168.231.1-黄埭-核心交换机-04:32:19]
043219.195: [04:32:19]
043219.207: [04:32:19]Info: The max number of VTY users is 5, the number of current VTY users online is 2, and total number of terminal users online is 2.
043219.242: [04:32:19]      The current login time is 2025-12-15 11:43:55.
044219.378: [04:42:19]<Core-SW>
044225.237: [04:42:25][202603192.168.231.1-黄埭-核心交换机-04:42:25]
044225.284: [04:42:25]
044225.294: [04:42:25]Info: The max number of VTY users is 5, the number of current VTY users online is 2, and total number of terminal users online is 2.
044225.317: [04:42:25]      The current login time is 2025-12-15 11:54:02.
045225.581: [04:52:25]<Core-SW>
045231.714: [04:52:31][202603192.168.231.1-黄埭-核心交换机-04:52:31]
045231.767: [04:52:31]
045231.768: [04:52:31]Info: The max number of VTY users is 5, the number of current VTY users online is 2, and total number of terminal users online is 2.
045231.798: [04:52:31]      The current login time is 2025-12-15 12:04:08.
050231.875: [05:02:31]<Core-SW>
050237.656: [05:02:37][202603192.168.231.1-黄埭-核心交换机-05:02:37]
050237.695: [05:02:37]
050237.702: [05:02:37]Info: The max number of VTY users is 5, the number of current VTY users online is 2, and total number of terminal users online is 2.
050237.735: [05:02:37]      The current login time is 2025-12-15 12:14:14.
051237.793: [05:12:37]<Core-SW>
051243.758: [05:12:43][202603192.168.231.1-黄埭-核心交换机-05:12:43]
051243.809: [05:12:43]
051243.810: [05:12:43]Info: The max number of VTY users is 5, the number of current VTY users online is 2, and total number of terminal users online is 2.
051243.838: [05:12:43]      The current login time is 2025-12-15 12:24:20.
052243.898: [05:22:43]<Core-SW>
052249.882: [05:22:49][202603192.168.231.1-黄埭-核心交换机-05:22:49]
052249.930: [05:22:49]
052249.930: [05:22:49]Info: The max number of VTY users is 5, the number of current VTY users online is 2, and total number of terminal users online is 2.
052249.955: [05:22:49]      The current login time is 2025-12-15 12:34:26.
053250.123: [05:32:50]<Core-SW>
053256.181: [05:32:56][202603192.168.231.1-黄埭-核心交换机-05:32:56]
053256.224: [05:32:56]
053256.235: [05:32:56]Info: The max number of VTY users is 5, the number of current VTY users online is 2, and total number of terminal users online is 2.
053256.254: [05:32:56]      The current login time is 2025-12-15 12:44:32.
054256.306: [05:42:56]<Core-SW>
054302.221: [05:43:02][202603192.168.231.1-黄埭-核心交换机-05:43:02]
054302.258: [05:43:02]
054302.259: [05:43:02]Info: The max number of VTY users is 5, the number of current VTY users online is 2, and total number of terminal users online is 2.
054302.287: [05:43:02]      The current login time is 2025-12-15 12:54:39.
055302.341: [05:53:02]<Core-SW>
055308.198: [05:53:08][202603192.168.231.1-黄埭-核心交换机-05:53:08]
055308.254: [05:53:08]
055308.255: [05:53:08]Info: The max number of VTY users is 5, the number of current VTY users online is 2, and total number of terminal users online is 2.
055308.276: [05:53:08]      The current login time is 2025-12-15 13:04:45.
060308.337: [06:03:08]<Core-SW>
060314.180: [06:03:14][202603192.168.231.1-黄埭-核心交换机-06:03:14]
060314.252: [06:03:14]
060314.252: [06:03:14]Info: The max number of VTY users is 5, the number of current VTY users online is 2, and total number of terminal users online is 2.
060314.280: [06:03:14]      The current login time is 2025-12-15 13:14:51.
061314.415: [06:13:14]<Core-SW>
061320.200: [06:13:20][202603192.168.231.1-黄埭-核心交换机-06:13:20]
061320.257: [06:13:20]
061320.263: [06:13:20]Info: The max number of VTY users is 5, the number of current VTY users online is 2, and total number of terminal users online is 2.
061320.285: [06:13:20]      The current login time is 2025-12-15 13:24:57.
062320.321: [06:23:20]<Core-SW>
062326.320: [06:23:26][202603192.168.231.1-黄埭-核心交换机-06:23:26]
062326.357: [06:23:26]
062326.369: [06:23:26]Info: The max number of VTY users is 5, the number of current VTY users online is 2, and total number of terminal users online is 2.
062326.396: [06:23:26]      The current login time is 2025-12-15 13:35:03.
063326.479: [06:33:26]<Core-SW>
063332.942: [06:33:32][202603192.168.231.1-黄埭-核心交换机-06:33:32]
063333.003: [06:33:33]
063333.003: [06:33:33]Info: The max number of VTY users is 5, the number of current VTY users online is 2, and total number of terminal users online is 2.
063333.027: [06:33:33]      The current login time is 2025-12-15 13:45:09.
064333.197: [06:43:33]<Core-SW>
064339.255: [06:43:39][202603192.168.231.1-黄埭-核心交换机-06:43:39]
064339.321: [06:43:39]
064339.331: [06:43:39]Info: The max number of VTY users is 5, the number of current VTY users online is 2, and total number of terminal users online is 2.
064339.358: [06:43:39]      The current login time is 2025-12-15 13:55:16.
065339.510: [06:53:39]<Core-SW>
065345.714: [06:53:45][202603192.168.231.1-黄埭-核心交换机-06:53:45]
065345.757: [06:53:45]
065345.768: [06:53:45]Info: The max number of VTY users is 5, the number of current VTY users online is 2, and total number of terminal users online is 2.
065345.790: [06:53:45]      The current login time is 2025-12-15 14:05:22.
070345.852: [07:03:45]<Core-SW>
070351.667: [07:03:51][202603192.168.231.1-黄埭-核心交换机-07:03:51]
070351.706: [07:03:51]
070351.714: [07:03:51]Info: The max number of VTY users is 5, the number of current VTY users online is 2, and total number of terminal users online is 2.
070351.760: [07:03:51]      The current login time is 2025-12-15 14:15:28.
071351.802: [07:13:51]<Core-SW>
071357.793: [07:13:57][202603192.168.231.1-黄埭-核心交换机-07:13:57]
071357.833: [07:13:57]
071357.845: [07:13:57]Info: The max number of VTY users is 5, the number of current VTY users online is 2, and total number of terminal users online is 2.
071357.865: [07:13:57]      The current login time is 2025-12-15 14:25:34.
072358.050: [07:23:58]<Core-SW>
072404.301: [07:24:04][202603192.168.231.1-黄埭-核心交换机-07:24:04]
072404.350: [07:24:04]
072404.351: [07:24:04]Info: The max number of VTY users is 5, the number of current VTY users online is 2, and total number of terminal users online is 2.
072404.378: [07:24:04]      The current login time is 2025-12-15 14:35:41.
073404.429: [07:34:04]<Core-SW>
073410.417: [07:34:10][202603192.168.231.1-黄埭-核心交换机-07:34:10]
073410.468: [07:34:10]
073410.475: [07:34:10]Info: The max number of VTY users is 5, the number of current VTY users online is 2, and total number of terminal users online is 2.
073410.495: [07:34:10]      The current login time is 2025-12-15 14:45:47.
074410.570: [07:44:10]<Core-SW>
074416.676: [07:44:16][202603192.168.231.1-黄埭-核心交换机-07:44:16]
074416.743: [07:44:16]
074416.751: [07:44:16]Info: The max number of VTY users is 5, the number of current VTY users online is 2, and total number of terminal users online is 2.
074416.774: [07:44:16]      The current login time is 2025-12-15 14:55:53.
075416.826: [07:54:16]<Core-SW>
075422.731: [07:54:22][202603192.168.231.1-黄埭-核心交换机-07:54:22]
075422.775: [07:54:22]
075422.788: [07:54:22]Info: The max number of VTY users is 5, the number of current VTY users online is 2, and total number of terminal users online is 2.
075422.825: [07:54:22]      The current login time is 2025-12-15 15:05:59.
080422.879: [08:04:22]<Core-SW>
080428.690: [08:04:28][202603192.168.231.1-黄埭-核心交换机-08:04:28]
080428.745: [08:04:28]
080428.746: [08:04:28]Info: The max number of VTY users is 5, the number of current VTY users online is 2, and total number of terminal users online is 2.
080428.805: [08:04:28]      The current login time is 2025-12-15 15:16:05.
081428.942: [08:14:28]<Core-SW>
081435.351: [08:14:35][202603192.168.231.1-黄埭-核心交换机-08:14:35]
081435.415: [08:14:35]
081435.416: [08:14:35]Info: The max number of VTY users is 5, the number of current VTY users online is 2, and total number of terminal users online is 2.
081435.469: [08:14:35]      The current login time is 2025-12-15 15:26:12.
082436.062: [08:24:36]<Core-SW>
082442.346: [08:24:42][202603192.168.231.1-黄埭-核心交换机-08:24:42]
082442.391: [08:24:42]
082442.393: [08:24:42]Info: The max number of VTY users is 5, the number of current VTY users online is 2, and total number of terminal users online is 2.
082442.423: [08:24:42]      The current login time is 2025-12-15 15:36:19.
083442.471: [08:34:42]<Core-SW>
083448.682: [08:34:48][202603192.168.231.1-黄埭-核心交换机-08:34:48]
083448.725: [08:34:48]
083448.726: [08:34:48]Info: The max number of VTY users is 5, the number of current VTY users online is 2, and total number of terminal users online is 2.
083448.749: [08:34:48]      The current login time is 2025-12-15 15:46:25.
084449.057: [08:44:49]<Core-SW>
084455.782: [08:44:55][202603192.168.231.1-黄埭-核心交换机-08:44:55]
084455.835: [08:44:55]
084455.837: [08:44:55]Info: The max number of VTY users is 5, the number of current VTY users online is 2, and total number of terminal users online is 2.
084455.867: [08:44:55]      The current login time is 2025-12-15 15:56:32.
085455.977: [08:54:55]<Core-SW>
085502.465: [08:55:02][202603192.168.231.1-黄埭-核心交换机-08:55:02]
085502.521: [08:55:02]
085502.522: [08:55:02]Info: The max number of VTY users is 5, the number of current VTY users online is 2, and total number of terminal users online is 2.
085502.550: [08:55:02]      The current login time is 2025-12-15 16:06:39.
090502.693: [09:05:02]<Core-SW>
090508.685: [09:05:08][202603192.168.231.1-黄埭-核心交换机-09:05:08]
090508.805: [09:05:08]
090508.809: [09:05:08]Info: The max number of VTY users is 5, the number of current VTY users online is 2, and total number of terminal users online is 2.
090508.867: [09:05:08]      The current login time is 2025-12-15 16:16:45.
091508.934: [09:15:08]<Core-SW>
091515.141: [09:15:15][202603192.168.231.1-黄埭-核心交换机-09:15:15]
091515.189: [09:15:15]
091515.189: [09:15:15]Info: The max number of VTY users is 5, the number of current VTY users online is 2, and total number of terminal users online is 2.
091515.235: [09:15:15]      The current login time is 2025-12-15 16:26:52.
092515.303: [09:25:15]<Core-SW>
092521.247: [09:25:21][202603192.168.231.1-黄埭-核心交换机-09:25:21]
092521.305: [09:25:21]
092521.306: [09:25:21]Info: The max number of VTY users is 5, the number of current VTY users online is 2, and total number of terminal users online is 2.
092521.333: [09:25:21]      The current login time is 2025-12-15 16:36:58.
