004817.836: [00:48:17][202604192.168.8.209-00:48:17]
004817.846: [00:48:17]Welcome to Ubuntu 24.04.2 LTS (GNU/Linux 6.8.0-106-generic x86_64)
004817.846: [00:48:17]
004817.846: [00:48:17] * Documentation:  https://help.ubuntu.com
004817.846: [00:48:17] * Management:     https://landscape.canonical.com
004817.846: [00:48:17] * Support:        https://ubuntu.com/pro
004817.846: [00:48:17]
004817.846: [00:48:17] System information as of Fri Apr  3 12:48:16 AM CST 2026
004817.846: [00:48:17]
004817.847: [00:48:17]  System load:    0.44                Temperature:                36.0 C
004817.847: [00:48:17]  Usage of /home: 8.1% of 1006.85GB   Processes:                  1183
004817.847: [00:48:17]  Memory usage:   5%                  Users logged in:            0
004817.847: [00:48:17]  Swap usage:     0%                  IPv4 address for enp33s0f1: 192.168.8.209
004817.847: [00:48:17]
004817.848: [00:48:17] * Strictly confined Kubernetes makes edge and IoT secure. Learn how MicroK8s
004817.848: [00:48:17]   just raised the bar for easy, resilient and secure K8s cluster deployment.
004817.848: [00:48:17]
004817.848: [00:48:17]   https://ubuntu.com/engage/secure-kubernetes-at-the-edge
004817.848: [00:48:17]
004817.848: [00:48:17]Expanded Security Maintenance for Applications is not enabled.
004817.848: [00:48:17]
004817.848: [00:48:17]87 updates can be applied immediately.
004817.849: [00:48:17]To see these additional updates run: apt list --upgradable
004817.849: [00:48:17]
004817.849: [00:48:17]Enable ESM Apps to receive additional future security updates.
004817.849: [00:48:17]See https://ubuntu.com/esm or run: sudo pro status
004817.849: [00:48:17]
004817.849: [00:48:17]
004817.849: [00:48:17]Last login: Thu Apr  2 16:58:30 2026 from 192.168.6.173
