002140.901: [00:21:40][202602Home-Dell-Public-00:21:40]
002141.001: [00:21:41]Linux anncara-computer 6.12.41+deb13-amd64 #1 SMP PREEMPT_DYNAMIC Debian 6.12.41-1 (2025-08-12) x86_64
002141.001: [00:21:41]
002141.002: [00:21:41]The programs included with the Debian GNU/Linux system are free software;
002141.002: [00:21:41]the exact distribution terms for each program are described in the
002141.002: [00:21:41]individual files in /usr/share/doc/*/copyright.
002141.002: [00:21:41]
002141.003: [00:21:41]Debian GNU/Linux comes with ABSOLUTELY NO WARRANTY, to the extent
002141.003: [00:21:41]permitted by applicable law.
002141.003: [00:21:41]Last login: Fri Feb 27 15:48:27 2026 from 10.253.0.2
082149.869: [08:21:49][202602Home-Dell-Public-08:21:49]
082149.966: [08:21:49]Linux anncara-computer 6.12.41+deb13-amd64 #1 SMP PREEMPT_DYNAMIC Debian 6.12.41-1 (2025-08-12) x86_64
082149.966: [08:21:49]
082149.966: [08:21:49]The programs included with the Debian GNU/Linux system are free software;
082149.966: [08:21:49]the exact distribution terms for each program are described in the
082149.966: [08:21:49]individual files in /usr/share/doc/*/copyright.
082149.966: [08:21:49]
082149.966: [08:21:49]Debian GNU/Linux comes with ABSOLUTELY NO WARRANTY, to the extent
082149.966: [08:21:49]permitted by applicable law.
082149.966: [08:21:49]Last login: Sat Feb 28 05:00:15 2026 from 10.253.0.2
085141.641: [08:51:41][202602Home-Dell-Public-08:51:41]
085141.696: [08:51:41]Linux anncara-computer 6.12.41+deb13-amd64 #1 SMP PREEMPT_DYNAMIC Debian 6.12.41-1 (2025-08-12) x86_64
085141.696: [08:51:41]
085141.697: [08:51:41]The programs included with the Debian GNU/Linux system are free software;
085141.697: [08:51:41]the exact distribution terms for each program are described in the
085141.697: [08:51:41]individual files in /usr/share/doc/*/copyright.
085141.697: [08:51:41]
085141.698: [08:51:41]Debian GNU/Linux comes with ABSOLUTELY NO WARRANTY, to the extent
085141.698: [08:51:41]permitted by applicable law.
085141.698: [08:51:41]Last login: Sat Feb 28 08:21:49 2026 from 223.107.68.194
092135.622: [09:21:35][202602Home-Dell-Public-09:21:35]
092135.676: [09:21:35]Linux anncara-computer 6.12.41+deb13-amd64 #1 SMP PREEMPT_DYNAMIC Debian 6.12.41-1 (2025-08-12) x86_64
092135.676: [09:21:35]
092135.676: [09:21:35]The programs included with the Debian GNU/Linux system are free software;
092135.676: [09:21:35]the exact distribution terms for each program are described in the
092135.676: [09:21:35]individual files in /usr/share/doc/*/copyright.
092135.676: [09:21:35]
092135.676: [09:21:35]Debian GNU/Linux comes with ABSOLUTELY NO WARRANTY, to the extent
092135.676: [09:21:35]permitted by applicable law.
092135.676: [09:21:35]Last login: Sat Feb 28 08:51:41 2026 from 223.107.68.194
093445.128: [09:34:45][202602Home-Dell-Public-09:34:45]
093445.258: [09:34:45]Linux anncara-computer 6.12.41+deb13-amd64 #1 SMP PREEMPT_DYNAMIC Debian 6.12.41-1 (2025-08-12) x86_64
093445.258: [09:34:45]
093445.258: [09:34:45]The programs included with the Debian GNU/Linux system are free software;
093445.258: [09:34:45]the exact distribution terms for each program are described in the
093445.258: [09:34:45]individual files in /usr/share/doc/*/copyright.
093445.258: [09:34:45]
093445.258: [09:34:45]Debian GNU/Linux comes with ABSOLUTELY NO WARRANTY, to the extent
093445.258: [09:34:45]permitted by applicable law.
093445.259: [09:34:45]Last login: Sat Feb 28 09:21:35 2026 from 223.107.68.194
100444.538: [10:04:44][202602Home-Dell-Public-10:04:44]
100444.716: [10:04:44]Linux anncara-computer 6.12.41+deb13-amd64 #1 SMP PREEMPT_DYNAMIC Debian 6.12.41-1 (2025-08-12) x86_64
100444.717: [10:04:44]
100444.717: [10:04:44]The programs included with the Debian GNU/Linux system are free software;
100444.717: [10:04:44]the exact distribution terms for each program are described in the
100444.718: [10:04:44]individual files in /usr/share/doc/*/copyright.
100444.718: [10:04:44]
100444.718: [10:04:44]Debian GNU/Linux comes with ABSOLUTELY NO WARRANTY, to the extent
100444.718: [10:04:44]permitted by applicable law.
100444.718: [10:04:44]Last login: Sat Feb 28 09:34:45 2026 from 223.107.68.194
103443.839: [10:34:43][202602Home-Dell-Public-10:34:43]
103443.940: [10:34:43]Linux anncara-computer 6.12.41+deb13-amd64 #1 SMP PREEMPT_DYNAMIC Debian 6.12.41-1 (2025-08-12) x86_64
103443.940: [10:34:43]
103443.941: [10:34:43]The programs included with the Debian GNU/Linux system are free software;
103443.941: [10:34:43]the exact distribution terms for each program are described in the
103443.941: [10:34:43]individual files in /usr/share/doc/*/copyright.
103443.941: [10:34:43]
103443.941: [10:34:43]Debian GNU/Linux comes with ABSOLUTELY NO WARRANTY, to the extent
103443.942: [10:34:43]permitted by applicable law.
103443.942: [10:34:43]Last login: Sat Feb 28 10:04:44 2026 from 223.107.68.194
110445.978: [11:04:45][202602Home-Dell-Public-11:04:45]
110446.036: [11:04:46]Linux anncara-computer 6.12.41+deb13-amd64 #1 SMP PREEMPT_DYNAMIC Debian 6.12.41-1 (2025-08-12) x86_64
110446.036: [11:04:46]
110446.036: [11:04:46]The programs included with the Debian GNU/Linux system are free software;
110446.036: [11:04:46]the exact distribution terms for each program are described in the
110446.037: [11:04:46]individual files in /usr/share/doc/*/copyright.
110446.037: [11:04:46]
110446.037: [11:04:46]Debian GNU/Linux comes with ABSOLUTELY NO WARRANTY, to the extent
110446.037: [11:04:46]permitted by applicable law.
110446.037: [11:04:46]Last login: Sat Feb 28 10:34:43 2026 from 223.107.68.194
113444.370: [11:34:44][202602Home-Dell-Public-11:34:44]
113444.492: [11:34:44]Linux anncara-computer 6.12.41+deb13-amd64 #1 SMP PREEMPT_DYNAMIC Debian 6.12.41-1 (2025-08-12) x86_64
113444.492: [11:34:44]
113444.492: [11:34:44]The programs included with the Debian GNU/Linux system are free software;
113444.492: [11:34:44]the exact distribution terms for each program are described in the
113444.493: [11:34:44]individual files in /usr/share/doc/*/copyright.
113444.493: [11:34:44]
113444.493: [11:34:44]Debian GNU/Linux comes with ABSOLUTELY NO WARRANTY, to the extent
113444.494: [11:34:44]permitted by applicable law.
113444.494: [11:34:44]Last login: Sat Feb 28 11:04:45 2026 from 223.107.68.194
120442.441: [12:04:42][202602Home-Dell-Public-12:04:42]
120442.596: [12:04:42]Linux anncara-computer 6.12.41+deb13-amd64 #1 SMP PREEMPT_DYNAMIC Debian 6.12.41-1 (2025-08-12) x86_64
120442.596: [12:04:42]
120442.596: [12:04:42]The programs included with the Debian GNU/Linux system are free software;
120442.597: [12:04:42]the exact distribution terms for each program are described in the
120442.597: [12:04:42]individual files in /usr/share/doc/*/copyright.
120442.597: [12:04:42]
120442.597: [12:04:42]Debian GNU/Linux comes with ABSOLUTELY NO WARRANTY, to the extent
120442.598: [12:04:42]permitted by applicable law.
120442.598: [12:04:42]Last login: Sat Feb 28 11:34:44 2026 from 223.107.68.194
123444.357: [12:34:44][202602Home-Dell-Public-12:34:44]
123444.525: [12:34:44]Linux anncara-computer 6.12.41+deb13-amd64 #1 SMP PREEMPT_DYNAMIC Debian 6.12.41-1 (2025-08-12) x86_64
123444.525: [12:34:44]
123444.525: [12:34:44]The programs included with the Debian GNU/Linux system are free software;
123444.526: [12:34:44]the exact distribution terms for each program are described in the
123444.526: [12:34:44]individual files in /usr/share/doc/*/copyright.
123444.526: [12:34:44]
123444.526: [12:34:44]Debian GNU/Linux comes with ABSOLUTELY NO WARRANTY, to the extent
123444.527: [12:34:44]permitted by applicable law.
123444.527: [12:34:44]Last login: Sat Feb 28 12:04:42 2026 from 223.107.68.194
130443.430: [13:04:43][202602Home-Dell-Public-13:04:43]
130443.530: [13:04:43]Linux anncara-computer 6.12.41+deb13-amd64 #1 SMP PREEMPT_DYNAMIC Debian 6.12.41-1 (2025-08-12) x86_64
130443.530: [13:04:43]
130443.530: [13:04:43]The programs included with the Debian GNU/Linux system are free software;
130443.531: [13:04:43]the exact distribution terms for each program are described in the
130443.531: [13:04:43]individual files in /usr/share/doc/*/copyright.
130443.531: [13:04:43]
130443.532: [13:04:43]Debian GNU/Linux comes with ABSOLUTELY NO WARRANTY, to the extent
130443.532: [13:04:43]permitted by applicable law.
130443.532: [13:04:43]Last login: Sat Feb 28 12:34:44 2026 from 223.107.68.194
133442.852: [13:34:42][202602Home-Dell-Public-13:34:42]
133442.956: [13:34:42]Linux anncara-computer 6.12.41+deb13-amd64 #1 SMP PREEMPT_DYNAMIC Debian 6.12.41-1 (2025-08-12) x86_64
133442.957: [13:34:42]
133442.957: [13:34:42]The programs included with the Debian GNU/Linux system are free software;
133442.958: [13:34:42]the exact distribution terms for each program are described in the
133442.958: [13:34:42]individual files in /usr/share/doc/*/copyright.
133442.958: [13:34:42]
133442.958: [13:34:42]Debian GNU/Linux comes with ABSOLUTELY NO WARRANTY, to the extent
133442.958: [13:34:42]permitted by applicable law.
133442.959: [13:34:42]Last login: Sat Feb 28 13:04:43 2026 from 223.107.68.194
140442.840: [14:04:42][202602Home-Dell-Public-14:04:42]
140442.940: [14:04:42]Linux anncara-computer 6.12.41+deb13-amd64 #1 SMP PREEMPT_DYNAMIC Debian 6.12.41-1 (2025-08-12) x86_64
140442.940: [14:04:42]
140442.940: [14:04:42]The programs included with the Debian GNU/Linux system are free software;
140442.941: [14:04:42]the exact distribution terms for each program are described in the
140442.941: [14:04:42]individual files in /usr/share/doc/*/copyright.
140442.941: [14:04:42]
140442.941: [14:04:42]Debian GNU/Linux comes with ABSOLUTELY NO WARRANTY, to the extent
140442.941: [14:04:42]permitted by applicable law.
140442.942: [14:04:42]Last login: Sat Feb 28 13:34:42 2026 from 223.107.68.194
153425.681: [15:34:25][202602Home-Dell-Public-15:34:25]
153425.784: [15:34:25]Linux anncara-computer 6.12.41+deb13-amd64 #1 SMP PREEMPT_DYNAMIC Debian 6.12.41-1 (2025-08-12) x86_64
153425.784: [15:34:25]
153425.784: [15:34:25]The programs included with the Debian GNU/Linux system are free software;
153425.784: [15:34:25]the exact distribution terms for each program are described in the
153425.785: [15:34:25]individual files in /usr/share/doc/*/copyright.
153425.785: [15:34:25]
153425.785: [15:34:25]Debian GNU/Linux comes with ABSOLUTELY NO WARRANTY, to the extent
153425.785: [15:34:25]permitted by applicable law.
153425.786: [15:34:25]Last login: Sat Feb 28 14:04:42 2026 from 223.107.68.194
160424.887: [16:04:24][202602Home-Dell-Public-16:04:24]
160424.946: [16:04:24]Linux anncara-computer 6.12.41+deb13-amd64 #1 SMP PREEMPT_DYNAMIC Debian 6.12.41-1 (2025-08-12) x86_64
160424.946: [16:04:24]
160424.946: [16:04:24]The programs included with the Debian GNU/Linux system are free software;
160424.946: [16:04:24]the exact distribution terms for each program are described in the
160424.947: [16:04:24]individual files in /usr/share/doc/*/copyright.
160424.947: [16:04:24]
160424.947: [16:04:24]Debian GNU/Linux comes with ABSOLUTELY NO WARRANTY, to the extent
160424.947: [16:04:24]permitted by applicable law.
160424.948: [16:04:24]Last login: Sat Feb 28 15:34:25 2026 from 223.107.68.194
163423.292: [16:34:23][202602Home-Dell-Public-16:34:23]
163423.352: [16:34:23]Linux anncara-computer 6.12.41+deb13-amd64 #1 SMP PREEMPT_DYNAMIC Debian 6.12.41-1 (2025-08-12) x86_64
163423.352: [16:34:23]
163423.352: [16:34:23]The programs included with the Debian GNU/Linux system are free software;
163423.352: [16:34:23]the exact distribution terms for each program are described in the
163423.352: [16:34:23]individual files in /usr/share/doc/*/copyright.
163423.352: [16:34:23]
163423.352: [16:34:23]Debian GNU/Linux comes with ABSOLUTELY NO WARRANTY, to the extent
163423.352: [16:34:23]permitted by applicable law.
163423.352: [16:34:23]Last login: Sat Feb 28 16:04:24 2026 from 223.107.68.194
170424.729: [17:04:24][202602Home-Dell-Public-17:04:24]
170424.784: [17:04:24]Linux anncara-computer 6.12.41+deb13-amd64 #1 SMP PREEMPT_DYNAMIC Debian 6.12.41-1 (2025-08-12) x86_64
170424.784: [17:04:24]
170424.784: [17:04:24]The programs included with the Debian GNU/Linux system are free software;
170424.785: [17:04:24]the exact distribution terms for each program are described in the
170424.785: [17:04:24]individual files in /usr/share/doc/*/copyright.
170424.785: [17:04:24]
170424.785: [17:04:24]Debian GNU/Linux comes with ABSOLUTELY NO WARRANTY, to the extent
170424.785: [17:04:24]permitted by applicable law.
170424.786: [17:04:24]Last login: Sat Feb 28 16:34:23 2026 from 223.107.68.194
173423.223: [17:34:23][202602Home-Dell-Public-17:34:23]
173423.291: [17:34:23]Linux anncara-computer 6.12.41+deb13-amd64 #1 SMP PREEMPT_DYNAMIC Debian 6.12.41-1 (2025-08-12) x86_64
173423.291: [17:34:23]
173423.293: [17:34:23]The programs included with the Debian GNU/Linux system are free software;
173423.293: [17:34:23]the exact distribution terms for each program are described in the
173423.293: [17:34:23]individual files in /usr/share/doc/*/copyright.
173423.293: [17:34:23]
173423.293: [17:34:23]Debian GNU/Linux comes with ABSOLUTELY NO WARRANTY, to the extent
173423.293: [17:34:23]permitted by applicable law.
173423.293: [17:34:23]Last login: Sat Feb 28 17:04:24 2026 from 223.107.68.194
180423.692: [18:04:23][202602Home-Dell-Public-18:04:23]
180423.746: [18:04:23]Linux anncara-computer 6.12.41+deb13-amd64 #1 SMP PREEMPT_DYNAMIC Debian 6.12.41-1 (2025-08-12) x86_64
180423.746: [18:04:23]
180423.746: [18:04:23]The programs included with the Debian GNU/Linux system are free software;
180423.747: [18:04:23]the exact distribution terms for each program are described in the
180423.747: [18:04:23]individual files in /usr/share/doc/*/copyright.
180423.747: [18:04:23]
180423.747: [18:04:23]Debian GNU/Linux comes with ABSOLUTELY NO WARRANTY, to the extent
180423.747: [18:04:23]permitted by applicable law.
180423.748: [18:04:23]Last login: Sat Feb 28 17:34:23 2026 from 223.107.68.194
183424.680: [18:34:24][202602Home-Dell-Public-18:34:24]
183424.731: [18:34:24]Linux anncara-computer 6.12.41+deb13-amd64 #1 SMP PREEMPT_DYNAMIC Debian 6.12.41-1 (2025-08-12) x86_64
183424.732: [18:34:24]
183424.732: [18:34:24]The programs included with the Debian GNU/Linux system are free software;
183424.732: [18:34:24]the exact distribution terms for each program are described in the
183424.733: [18:34:24]individual files in /usr/share/doc/*/copyright.
183424.733: [18:34:24]
183424.733: [18:34:24]Debian GNU/Linux comes with ABSOLUTELY NO WARRANTY, to the extent
183424.733: [18:34:24]permitted by applicable law.
183424.734: [18:34:24]Last login: Sat Feb 28 18:04:23 2026 from 223.107.68.194
190424.355: [19:04:24][202602Home-Dell-Public-19:04:24]
190424.455: [19:04:24]Linux anncara-computer 6.12.41+deb13-amd64 #1 SMP PREEMPT_DYNAMIC Debian 6.12.41-1 (2025-08-12) x86_64
190424.455: [19:04:24]
190424.456: [19:04:24]The programs included with the Debian GNU/Linux system are free software;
190424.456: [19:04:24]the exact distribution terms for each program are described in the
190424.456: [19:04:24]individual files in /usr/share/doc/*/copyright.
190424.456: [19:04:24]
190424.457: [19:04:24]Debian GNU/Linux comes with ABSOLUTELY NO WARRANTY, to the extent
190424.457: [19:04:24]permitted by applicable law.
190424.457: [19:04:24]Last login: Sat Feb 28 18:34:24 2026 from 223.107.68.194
193424.185: [19:34:24][202602Home-Dell-Public-19:34:24]
193424.250: [19:34:24]Linux anncara-computer 6.12.41+deb13-amd64 #1 SMP PREEMPT_DYNAMIC Debian 6.12.41-1 (2025-08-12) x86_64
193424.250: [19:34:24]
193424.250: [19:34:24]The programs included with the Debian GNU/Linux system are free software;
193424.251: [19:34:24]the exact distribution terms for each program are described in the
193424.251: [19:34:24]individual files in /usr/share/doc/*/copyright.
193424.251: [19:34:24]
193424.251: [19:34:24]Debian GNU/Linux comes with ABSOLUTELY NO WARRANTY, to the extent
193424.251: [19:34:24]permitted by applicable law.
193424.252: [19:34:24]Last login: Sat Feb 28 19:04:24 2026 from 223.107.68.194
200426.440: [20:04:26][202602Home-Dell-Public-20:04:26]
200426.536: [20:04:26]Linux anncara-computer 6.12.41+deb13-amd64 #1 SMP PREEMPT_DYNAMIC Debian 6.12.41-1 (2025-08-12) x86_64
200426.536: [20:04:26]
200426.536: [20:04:26]The programs included with the Debian GNU/Linux system are free software;
200426.536: [20:04:26]the exact distribution terms for each program are described in the
200426.537: [20:04:26]individual files in /usr/share/doc/*/copyright.
200426.537: [20:04:26]
200426.537: [20:04:26]Debian GNU/Linux comes with ABSOLUTELY NO WARRANTY, to the extent
200426.537: [20:04:26]permitted by applicable law.
200426.538: [20:04:26]Last login: Sat Feb 28 19:34:24 2026 from 223.107.68.194
203424.268: [20:34:24][202602Home-Dell-Public-20:34:24]
203424.327: [20:34:24]Linux anncara-computer 6.12.41+deb13-amd64 #1 SMP PREEMPT_DYNAMIC Debian 6.12.41-1 (2025-08-12) x86_64
203424.327: [20:34:24]
203424.328: [20:34:24]The programs included with the Debian GNU/Linux system are free software;
203424.328: [20:34:24]the exact distribution terms for each program are described in the
203424.328: [20:34:24]individual files in /usr/share/doc/*/copyright.
203424.328: [20:34:24]
203424.329: [20:34:24]Debian GNU/Linux comes with ABSOLUTELY NO WARRANTY, to the extent
203424.329: [20:34:24]permitted by applicable law.
203424.329: [20:34:24]Last login: Sat Feb 28 20:04:26 2026 from 223.107.68.194
210423.684: [21:04:23][202602Home-Dell-Public-21:04:23]
210423.742: [21:04:23]Linux anncara-computer 6.12.41+deb13-amd64 #1 SMP PREEMPT_DYNAMIC Debian 6.12.41-1 (2025-08-12) x86_64
210423.742: [21:04:23]
210423.742: [21:04:23]The programs included with the Debian GNU/Linux system are free software;
210423.743: [21:04:23]the exact distribution terms for each program are described in the
210423.743: [21:04:23]individual files in /usr/share/doc/*/copyright.
210423.743: [21:04:23]
210423.743: [21:04:23]Debian GNU/Linux comes with ABSOLUTELY NO WARRANTY, to the extent
210423.744: [21:04:23]permitted by applicable law.
210423.744: [21:04:23]Last login: Sat Feb 28 20:34:24 2026 from 223.107.68.194
213424.262: [21:34:24][202602Home-Dell-Public-21:34:24]
213424.321: [21:34:24]Linux anncara-computer 6.12.41+deb13-amd64 #1 SMP PREEMPT_DYNAMIC Debian 6.12.41-1 (2025-08-12) x86_64
213424.321: [21:34:24]
213424.321: [21:34:24]The programs included with the Debian GNU/Linux system are free software;
213424.321: [21:34:24]the exact distribution terms for each program are described in the
213424.321: [21:34:24]individual files in /usr/share/doc/*/copyright.
213424.321: [21:34:24]
213424.321: [21:34:24]Debian GNU/Linux comes with ABSOLUTELY NO WARRANTY, to the extent
213424.321: [21:34:24]permitted by applicable law.
213424.322: [21:34:24]Last login: Sat Feb 28 21:04:23 2026 from 223.107.68.194
220425.189: [22:04:25][202602Home-Dell-Public-22:04:25]
220425.261: [22:04:25]Linux anncara-computer 6.12.41+deb13-amd64 #1 SMP PREEMPT_DYNAMIC Debian 6.12.41-1 (2025-08-12) x86_64
220425.262: [22:04:25]
220425.262: [22:04:25]The programs included with the Debian GNU/Linux system are free software;
220425.262: [22:04:25]the exact distribution terms for each program are described in the
220425.263: [22:04:25]individual files in /usr/share/doc/*/copyright.
220425.263: [22:04:25]
220425.263: [22:04:25]Debian GNU/Linux comes with ABSOLUTELY NO WARRANTY, to the extent
220425.263: [22:04:25]permitted by applicable law.
220425.264: [22:04:25]Last login: Sat Feb 28 21:34:24 2026 from 223.107.68.194
223425.302: [22:34:25][202602Home-Dell-Public-22:34:25]
223425.369: [22:34:25]Linux anncara-computer 6.12.41+deb13-amd64 #1 SMP PREEMPT_DYNAMIC Debian 6.12.41-1 (2025-08-12) x86_64
223425.369: [22:34:25]
223425.370: [22:34:25]The programs included with the Debian GNU/Linux system are free software;
223425.370: [22:34:25]the exact distribution terms for each program are described in the
223425.370: [22:34:25]individual files in /usr/share/doc/*/copyright.
223425.370: [22:34:25]
223425.371: [22:34:25]Debian GNU/Linux comes with ABSOLUTELY NO WARRANTY, to the extent
223425.371: [22:34:25]permitted by applicable law.
223425.371: [22:34:25]Last login: Sat Feb 28 22:04:25 2026 from 223.107.68.194
230423.851: [23:04:23][202602Home-Dell-Public-23:04:23]
230423.909: [23:04:23]Linux anncara-computer 6.12.41+deb13-amd64 #1 SMP PREEMPT_DYNAMIC Debian 6.12.41-1 (2025-08-12) x86_64
230423.909: [23:04:23]
230423.909: [23:04:23]The programs included with the Debian GNU/Linux system are free software;
230423.909: [23:04:23]the exact distribution terms for each program are described in the
230423.909: [23:04:23]individual files in /usr/share/doc/*/copyright.
230423.909: [23:04:23]
230423.910: [23:04:23]Debian GNU/Linux comes with ABSOLUTELY NO WARRANTY, to the extent
230423.910: [23:04:23]permitted by applicable law.
230423.910: [23:04:23]Last login: Sat Feb 28 22:34:25 2026 from 223.107.68.194
233424.200: [23:34:24][202602Home-Dell-Public-23:34:24]
233424.256: [23:34:24]Linux anncara-computer 6.12.41+deb13-amd64 #1 SMP PREEMPT_DYNAMIC Debian 6.12.41-1 (2025-08-12) x86_64
233424.256: [23:34:24]
233424.256: [23:34:24]The programs included with the Debian GNU/Linux system are free software;
233424.257: [23:34:24]the exact distribution terms for each program are described in the
233424.257: [23:34:24]individual files in /usr/share/doc/*/copyright.
233424.257: [23:34:24]
233424.257: [23:34:24]Debian GNU/Linux comes with ABSOLUTELY NO WARRANTY, to the extent
233424.258: [23:34:24]permitted by applicable law.
233424.258: [23:34:24]Last login: Sat Feb 28 23:04:23 2026 from 223.107.68.194
