150621.129: [15:06:21][202603100-172.16.101.47-15:06:21]
150621.139: [15:06:21]Welcome to Ubuntu 24.04 LTS (GNU/Linux 6.8.0-31-generic x86_64)
150621.139: [15:06:21]
150621.139: [15:06:21] * Documentation:  https://help.ubuntu.com
150621.139: [15:06:21] * Management:     https://landscape.canonical.com
150621.140: [15:06:21] * Support:        https://ubuntu.com/pro
150621.140: [15:06:21]
150621.140: [15:06:21]扩展安全维护（ESM）Applications 未启用。
150621.140: [15:06:21]
150621.140: [15:06:21]322 更新可以立即应用。
150621.140: [15:06:21]要查看这些附加更新，请运行：apt list --upgradable
150621.140: [15:06:21]
150621.140: [15:06:21]启用 ESM Apps 来获取未来的额外安全更新
150621.140: [15:06:21]请参见 https://ubuntu.com/esm 或者运行: sudo pro status
150621.140: [15:06:21]
150621.141: [15:06:21]Last login: Tue Mar 24 15:06:08 2026 from 192.168.6.173
151113.685: [15:11:13][202603100-172.16.101.47-15:11:13]
151113.696: [15:11:13]Welcome to Ubuntu 24.04 LTS (GNU/Linux 6.8.0-31-generic x86_64)
151113.696: [15:11:13]
151113.696: [15:11:13] * Documentation:  https://help.ubuntu.com
151113.696: [15:11:13] * Management:     https://landscape.canonical.com
151113.696: [15:11:13] * Support:        https://ubuntu.com/pro
151113.696: [15:11:13]
151113.697: [15:11:13]扩展安全维护（ESM）Applications 未启用。
151113.697: [15:11:13]
151113.697: [15:11:13]322 更新可以立即应用。
151113.697: [15:11:13]要查看这些附加更新，请运行：apt list --upgradable
151113.697: [15:11:13]
151113.697: [15:11:13]启用 ESM Apps 来获取未来的额外安全更新
151113.698: [15:11:13]请参见 https://ubuntu.com/esm 或者运行: sudo pro status
151113.698: [15:11:13]
151113.698: [15:11:13]Last login: Tue Mar 24 15:11:05 2026 from 192.168.6.173
151630.715: [15:16:30][202603100-172.16.101.47-15:16:30]
151630.730: [15:16:30]Welcome to Ubuntu 24.04 LTS (GNU/Linux 6.8.0-31-generic x86_64)
151630.730: [15:16:30]
151630.730: [15:16:30] * Documentation:  https://help.ubuntu.com
151630.730: [15:16:30] * Management:     https://landscape.canonical.com
151630.730: [15:16:30] * Support:        https://ubuntu.com/pro
151630.730: [15:16:30]
151630.730: [15:16:30]扩展安全维护（ESM）Applications 未启用。
151630.731: [15:16:30]
151630.731: [15:16:30]322 更新可以立即应用。
151630.731: [15:16:30]要查看这些附加更新，请运行：apt list --upgradable
151630.731: [15:16:30]
151630.731: [15:16:30]启用 ESM Apps 来获取未来的额外安全更新
151630.731: [15:16:30]请参见 https://ubuntu.com/esm 或者运行: sudo pro status
151630.731: [15:16:30]
151630.731: [15:16:30]Last login: Tue Mar 24 15:16:28 2026 from 192.168.6.173
152155.725: [15:21:55][202603100-172.16.101.47-15:21:55]
152155.739: [15:21:55]Welcome to Ubuntu 24.04 LTS (GNU/Linux 6.8.0-31-generic x86_64)
152155.739: [15:21:55]
152155.739: [15:21:55] * Documentation:  https://help.ubuntu.com
152155.739: [15:21:55] * Management:     https://landscape.canonical.com
152155.740: [15:21:55] * Support:        https://ubuntu.com/pro
152155.740: [15:21:55]
152155.740: [15:21:55]扩展安全维护（ESM）Applications 未启用。
152155.740: [15:21:55]
152155.740: [15:21:55]322 更新可以立即应用。
152155.740: [15:21:55]要查看这些附加更新，请运行：apt list --upgradable
152155.740: [15:21:55]
152155.740: [15:21:55]启用 ESM Apps 来获取未来的额外安全更新
152155.741: [15:21:55]请参见 https://ubuntu.com/esm 或者运行: sudo pro status
152155.741: [15:21:55]
152155.741: [15:21:55]Last login: Tue Mar 24 15:21:40 2026 from 192.168.6.173
152649.692: [15:26:49][202603100-172.16.101.47-15:26:49]
152649.709: [15:26:49]Welcome to Ubuntu 24.04 LTS (GNU/Linux 6.8.0-31-generic x86_64)
152649.709: [15:26:49]
152649.709: [15:26:49] * Documentation:  https://help.ubuntu.com
152649.709: [15:26:49] * Management:     https://landscape.canonical.com
152649.709: [15:26:49] * Support:        https://ubuntu.com/pro
152649.709: [15:26:49]
152649.709: [15:26:49]扩展安全维护（ESM）Applications 未启用。
152649.709: [15:26:49]
152649.709: [15:26:49]322 更新可以立即应用。
152649.710: [15:26:49]要查看这些附加更新，请运行：apt list --upgradable
152649.710: [15:26:49]
152649.710: [15:26:49]启用 ESM Apps 来获取未来的额外安全更新
152649.710: [15:26:49]请参见 https://ubuntu.com/esm 或者运行: sudo pro status
152649.710: [15:26:49]
152649.710: [15:26:49]Last login: Tue Mar 24 15:26:39 2026 from 192.168.6.173
