000249.082: [00:02:49][202602192.168.2.254-00:02:49]
000250.136: [00:02:50]
000250.136: [00:02:50]******************************************************************************
000250.137: [00:02:50]* Copyright (c) 2004-2024 New H3C Technologies Co., Ltd. All rights reserved.*
000250.137: [00:02:50]* Without the owner's prior written consent,                                 *
000250.137: [00:02:50]* no decompiling or reverse-engineering shall be allowed.                    *
000250.137: [00:02:50]******************************************************************************
000250.137: [00:02:50]
001252.944: [00:12:52]<H3C>
001252.946: [00:12:52]Inactive timeout reached, logging out.
001258.301: [00:12:58][202602192.168.2.254-00:12:58]
001259.332: [00:12:59]
001259.334: [00:12:59]******************************************************************************
001259.334: [00:12:59]* Copyright (c) 2004-2024 New H3C Technologies Co., Ltd. All rights reserved.*
001259.335: [00:12:59]* Without the owner's prior written consent,                                 *
001259.335: [00:12:59]* no decompiling or reverse-engineering shall be allowed.                    *
001259.335: [00:12:59]******************************************************************************
001259.335: [00:12:59]
002301.294: [00:23:01]<H3C>
002301.294: [00:23:01]Inactive timeout reached, logging out.
002306.969: [00:23:06][202602192.168.2.254-00:23:06]
002307.996: [00:23:07]
002307.996: [00:23:07]******************************************************************************
002307.997: [00:23:07]* Copyright (c) 2004-2024 New H3C Technologies Co., Ltd. All rights reserved.*
002307.997: [00:23:07]* Without the owner's prior written consent,                                 *
002307.997: [00:23:07]* no decompiling or reverse-engineering shall be allowed.                    *
002307.997: [00:23:07]******************************************************************************
002307.997: [00:23:07]
003309.801: [00:33:09]<H3C>
003309.802: [00:33:09]Inactive timeout reached, logging out.
003315.370: [00:33:15][202602192.168.2.254-00:33:15]
003316.398: [00:33:16]
003316.398: [00:33:16]******************************************************************************
003316.398: [00:33:16]* Copyright (c) 2004-2024 New H3C Technologies Co., Ltd. All rights reserved.*
003316.398: [00:33:16]* Without the owner's prior written consent,                                 *
003316.398: [00:33:16]* no decompiling or reverse-engineering shall be allowed.                    *
003316.399: [00:33:16]******************************************************************************
003316.399: [00:33:16]
004318.363: [00:43:18]<H3C>
004318.364: [00:43:18]Inactive timeout reached, logging out.
004323.806: [00:43:23][202602192.168.2.254-00:43:23]
004324.854: [00:43:24]
004324.855: [00:43:24]******************************************************************************
004324.855: [00:43:24]* Copyright (c) 2004-2024 New H3C Technologies Co., Ltd. All rights reserved.*
004324.855: [00:43:24]* Without the owner's prior written consent,                                 *
004324.855: [00:43:24]* no decompiling or reverse-engineering shall be allowed.                    *
004324.856: [00:43:24]******************************************************************************
004324.856: [00:43:24]
005326.872: [00:53:26]<H3C>
005326.872: [00:53:26]Inactive timeout reached, logging out.
005332.458: [00:53:32][202602192.168.2.254-00:53:32]
005333.486: [00:53:33]
005333.488: [00:53:33]******************************************************************************
005333.488: [00:53:33]* Copyright (c) 2004-2024 New H3C Technologies Co., Ltd. All rights reserved.*
005333.488: [00:53:33]* Without the owner's prior written consent,                                 *
005333.489: [00:53:33]* no decompiling or reverse-engineering shall be allowed.                    *
005333.489: [00:53:33]******************************************************************************
005333.489: [00:53:33]
010335.366: [01:03:35]<H3C>
010335.367: [01:03:35]Inactive timeout reached, logging out.
010340.794: [01:03:40][202602192.168.2.254-01:03:40]
010341.820: [01:03:41]
010341.822: [01:03:41]******************************************************************************
010341.823: [01:03:41]* Copyright (c) 2004-2024 New H3C Technologies Co., Ltd. All rights reserved.*
010341.823: [01:03:41]* Without the owner's prior written consent,                                 *
010341.823: [01:03:41]* no decompiling or reverse-engineering shall be allowed.                    *
010341.824: [01:03:41]******************************************************************************
010341.824: [01:03:41]
011343.868: [01:13:43]<H3C>
011343.869: [01:13:43]Inactive timeout reached, logging out.
011349.283: [01:13:49][202602192.168.2.254-01:13:49]
011350.323: [01:13:50]
011350.325: [01:13:50]******************************************************************************
011350.325: [01:13:50]* Copyright (c) 2004-2024 New H3C Technologies Co., Ltd. All rights reserved.*
011350.325: [01:13:50]* Without the owner's prior written consent,                                 *
011350.325: [01:13:50]* no decompiling or reverse-engineering shall be allowed.                    *
011350.326: [01:13:50]******************************************************************************
011350.326: [01:13:50]
012352.172: [01:23:52]<H3C>
012352.173: [01:23:52]Inactive timeout reached, logging out.
012357.921: [01:23:57][202602192.168.2.254-01:23:57]
012358.948: [01:23:58]
012358.949: [01:23:58]******************************************************************************
012358.950: [01:23:58]* Copyright (c) 2004-2024 New H3C Technologies Co., Ltd. All rights reserved.*
012358.950: [01:23:58]* Without the owner's prior written consent,                                 *
012358.950: [01:23:58]* no decompiling or reverse-engineering shall be allowed.                    *
012358.950: [01:23:58]******************************************************************************
012358.950: [01:23:58]
013401.148: [01:34:01]<H3C>
013401.149: [01:34:01]Inactive timeout reached, logging out.
013406.777: [01:34:06][202602192.168.2.254-01:34:06]
013407.825: [01:34:07]
013407.826: [01:34:07]******************************************************************************
013407.826: [01:34:07]* Copyright (c) 2004-2024 New H3C Technologies Co., Ltd. All rights reserved.*
013407.826: [01:34:07]* Without the owner's prior written consent,                                 *
013407.826: [01:34:07]* no decompiling or reverse-engineering shall be allowed.                    *
013407.827: [01:34:07]******************************************************************************
013407.827: [01:34:07]
014409.750: [01:44:09]<H3C>
014409.751: [01:44:09]Inactive timeout reached, logging out.
014415.373: [01:44:15][202602192.168.2.254-01:44:15]
014416.411: [01:44:16]
014416.412: [01:44:16]******************************************************************************
014416.412: [01:44:16]* Copyright (c) 2004-2024 New H3C Technologies Co., Ltd. All rights reserved.*
014416.412: [01:44:16]* Without the owner's prior written consent,                                 *
014416.412: [01:44:16]* no decompiling or reverse-engineering shall be allowed.                    *
014416.413: [01:44:16]******************************************************************************
014416.413: [01:44:16]
015418.450: [01:54:18]<H3C>
015418.451: [01:54:18]Inactive timeout reached, logging out.
015423.892: [01:54:23][202602192.168.2.254-01:54:23]
015424.921: [01:54:24]
015424.921: [01:54:24]******************************************************************************
015424.921: [01:54:24]* Copyright (c) 2004-2024 New H3C Technologies Co., Ltd. All rights reserved.*
015424.921: [01:54:24]* Without the owner's prior written consent,                                 *
015424.922: [01:54:24]* no decompiling or reverse-engineering shall be allowed.                    *
015424.922: [01:54:24]******************************************************************************
015424.922: [01:54:24]
020427.245: [02:04:27]<H3C>
020427.247: [02:04:27]Inactive timeout reached, logging out.
020432.799: [02:04:32][202602192.168.2.254-02:04:32]
020433.853: [02:04:33]
020433.853: [02:04:33]******************************************************************************
020433.853: [02:04:33]* Copyright (c) 2004-2024 New H3C Technologies Co., Ltd. All rights reserved.*
020433.854: [02:04:33]* Without the owner's prior written consent,                                 *
020433.854: [02:04:33]* no decompiling or reverse-engineering shall be allowed.                    *
020433.854: [02:04:33]******************************************************************************
020433.854: [02:04:33]
021435.736: [02:14:35]<H3C>
021435.737: [02:14:35]Inactive timeout reached, logging out.
021441.284: [02:14:41][202602192.168.2.254-02:14:41]
021442.322: [02:14:42]
021442.324: [02:14:42]******************************************************************************
021442.324: [02:14:42]* Copyright (c) 2004-2024 New H3C Technologies Co., Ltd. All rights reserved.*
021442.324: [02:14:42]* Without the owner's prior written consent,                                 *
021442.324: [02:14:42]* no decompiling or reverse-engineering shall be allowed.                    *
021442.324: [02:14:42]******************************************************************************
021442.324: [02:14:42]
022444.141: [02:24:44]<H3C>
022444.142: [02:24:44]Inactive timeout reached, logging out.
022449.836: [02:24:49][202602192.168.2.254-02:24:49]
022450.868: [02:24:50]
022450.868: [02:24:50]******************************************************************************
022450.869: [02:24:50]* Copyright (c) 2004-2024 New H3C Technologies Co., Ltd. All rights reserved.*
022450.869: [02:24:50]* Without the owner's prior written consent,                                 *
022450.869: [02:24:50]* no decompiling or reverse-engineering shall be allowed.                    *
022450.869: [02:24:50]******************************************************************************
022450.869: [02:24:50]
023453.338: [02:34:53]<H3C>
023453.339: [02:34:53]Inactive timeout reached, logging out.
023458.808: [02:34:58][202602192.168.2.254-02:34:58]
023459.842: [02:34:59]
023459.844: [02:34:59]******************************************************************************
023459.844: [02:34:59]* Copyright (c) 2004-2024 New H3C Technologies Co., Ltd. All rights reserved.*
023459.844: [02:34:59]* Without the owner's prior written consent,                                 *
023459.845: [02:34:59]* no decompiling or reverse-engineering shall be allowed.                    *
023459.845: [02:34:59]******************************************************************************
023459.845: [02:34:59]
024501.737: [02:45:01]<H3C>
024501.738: [02:45:01]Inactive timeout reached, logging out.
024507.415: [02:45:07][202602192.168.2.254-02:45:07]
024508.443: [02:45:08]
024508.445: [02:45:08]******************************************************************************
024508.445: [02:45:08]* Copyright (c) 2004-2024 New H3C Technologies Co., Ltd. All rights reserved.*
024508.446: [02:45:08]* Without the owner's prior written consent,                                 *
024508.446: [02:45:08]* no decompiling or reverse-engineering shall be allowed.                    *
024508.446: [02:45:08]******************************************************************************
024508.446: [02:45:08]
025510.432: [02:55:10]<H3C>
025510.433: [02:55:10]Inactive timeout reached, logging out.
025516.102: [02:55:16][202602192.168.2.254-02:55:16]
025517.130: [02:55:17]
025517.132: [02:55:17]******************************************************************************
025517.133: [02:55:17]* Copyright (c) 2004-2024 New H3C Technologies Co., Ltd. All rights reserved.*
025517.133: [02:55:17]* Without the owner's prior written consent,                                 *
025517.133: [02:55:17]* no decompiling or reverse-engineering shall be allowed.                    *
025517.133: [02:55:17]******************************************************************************
025517.133: [02:55:17]
030520.022: [03:05:20]<H3C>
030520.024: [03:05:20]Inactive timeout reached, logging out.
030525.583: [03:05:25][202602192.168.2.254-03:05:25]
030526.612: [03:05:26]
030526.613: [03:05:26]******************************************************************************
030526.613: [03:05:26]* Copyright (c) 2004-2024 New H3C Technologies Co., Ltd. All rights reserved.*
030526.613: [03:05:26]* Without the owner's prior written consent,                                 *
030526.613: [03:05:26]* no decompiling or reverse-engineering shall be allowed.                    *
030526.614: [03:05:26]******************************************************************************
030526.614: [03:05:26]
031528.654: [03:15:28]<H3C>
031528.656: [03:15:28]Inactive timeout reached, logging out.
031534.426: [03:15:34][202602192.168.2.254-03:15:34]
031535.454: [03:15:35]
031535.454: [03:15:35]******************************************************************************
031535.455: [03:15:35]* Copyright (c) 2004-2024 New H3C Technologies Co., Ltd. All rights reserved.*
031535.455: [03:15:35]* Without the owner's prior written consent,                                 *
031535.455: [03:15:35]* no decompiling or reverse-engineering shall be allowed.                    *
031535.455: [03:15:35]******************************************************************************
031535.455: [03:15:35]
032537.316: [03:25:37]<H3C>
032537.318: [03:25:37]Inactive timeout reached, logging out.
032542.834: [03:25:42][202602192.168.2.254-03:25:42]
032543.862: [03:25:43]
032543.864: [03:25:43]******************************************************************************
032543.864: [03:25:43]* Copyright (c) 2004-2024 New H3C Technologies Co., Ltd. All rights reserved.*
032543.865: [03:25:43]* Without the owner's prior written consent,                                 *
032543.866: [03:25:43]* no decompiling or reverse-engineering shall be allowed.                    *
032543.866: [03:25:43]******************************************************************************
032543.866: [03:25:43]
033545.685: [03:35:45]<H3C>
033545.687: [03:35:45]Inactive timeout reached, logging out.
033551.300: [03:35:51][202602192.168.2.254-03:35:51]
033552.328: [03:35:52]
033552.328: [03:35:52]******************************************************************************
033552.328: [03:35:52]* Copyright (c) 2004-2024 New H3C Technologies Co., Ltd. All rights reserved.*
033552.328: [03:35:52]* Without the owner's prior written consent,                                 *
033552.328: [03:35:52]* no decompiling or reverse-engineering shall be allowed.                    *
033552.329: [03:35:52]******************************************************************************
033552.329: [03:35:52]
034554.180: [03:45:54]<H3C>
034554.182: [03:45:54]Inactive timeout reached, logging out.
034600.001: [03:46:00][202602192.168.2.254-03:46:00]
034601.031: [03:46:01]
034601.032: [03:46:01]******************************************************************************
034601.032: [03:46:01]* Copyright (c) 2004-2024 New H3C Technologies Co., Ltd. All rights reserved.*
034601.033: [03:46:01]* Without the owner's prior written consent,                                 *
034601.033: [03:46:01]* no decompiling or reverse-engineering shall be allowed.                    *
034601.033: [03:46:01]******************************************************************************
034601.033: [03:46:01]
035602.893: [03:56:02]<H3C>
035602.895: [03:56:02]Inactive timeout reached, logging out.
035608.280: [03:56:08][202602192.168.2.254-03:56:08]
035609.324: [03:56:09]
035609.326: [03:56:09]******************************************************************************
035609.326: [03:56:09]* Copyright (c) 2004-2024 New H3C Technologies Co., Ltd. All rights reserved.*
035609.326: [03:56:09]* Without the owner's prior written consent,                                 *
035609.327: [03:56:09]* no decompiling or reverse-engineering shall be allowed.                    *
035609.327: [03:56:09]******************************************************************************
035609.327: [03:56:09]
040611.677: [04:06:11]<H3C>
040611.678: [04:06:11]Inactive timeout reached, logging out.
040617.455: [04:06:17][202602192.168.2.254-04:06:17]
040618.482: [04:06:18]
040618.484: [04:06:18]******************************************************************************
040618.484: [04:06:18]* Copyright (c) 2004-2024 New H3C Technologies Co., Ltd. All rights reserved.*
040618.485: [04:06:18]* Without the owner's prior written consent,                                 *
040618.485: [04:06:18]* no decompiling or reverse-engineering shall be allowed.                    *
040618.485: [04:06:18]******************************************************************************
040618.485: [04:06:18]
041620.389: [04:16:20]<H3C>
041620.390: [04:16:20]Inactive timeout reached, logging out.
041625.959: [04:16:25][202602192.168.2.254-04:16:25]
041626.988: [04:16:26]
041626.989: [04:16:26]******************************************************************************
041626.990: [04:16:26]* Copyright (c) 2004-2024 New H3C Technologies Co., Ltd. All rights reserved.*
041626.990: [04:16:26]* Without the owner's prior written consent,                                 *
041626.990: [04:16:26]* no decompiling or reverse-engineering shall be allowed.                    *
041626.990: [04:16:26]******************************************************************************
041626.990: [04:16:26]
042629.391: [04:26:29]<H3C>
042629.392: [04:26:29]Inactive timeout reached, logging out.
042634.846: [04:26:34][202602192.168.2.254-04:26:34]
042635.871: [04:26:35]
042635.874: [04:26:35]******************************************************************************
042635.875: [04:26:35]* Copyright (c) 2004-2024 New H3C Technologies Co., Ltd. All rights reserved.*
042635.875: [04:26:35]* Without the owner's prior written consent,                                 *
042635.875: [04:26:35]* no decompiling or reverse-engineering shall be allowed.                    *
042635.875: [04:26:35]******************************************************************************
042635.875: [04:26:35]
043637.946: [04:36:37]<H3C>
043637.947: [04:36:37]Inactive timeout reached, logging out.
043643.438: [04:36:43][202602192.168.2.254-04:36:43]
043644.464: [04:36:44]
043644.465: [04:36:44]******************************************************************************
043644.465: [04:36:44]* Copyright (c) 2004-2024 New H3C Technologies Co., Ltd. All rights reserved.*
043644.465: [04:36:44]* Without the owner's prior written consent,                                 *
043644.465: [04:36:44]* no decompiling or reverse-engineering shall be allowed.                    *
043644.466: [04:36:44]******************************************************************************
043644.466: [04:36:44]
044646.740: [04:46:46]<H3C>
044646.741: [04:46:46]Inactive timeout reached, logging out.
044652.591: [04:46:52][202602192.168.2.254-04:46:52]
044653.618: [04:46:53]
044653.618: [04:46:53]******************************************************************************
044653.618: [04:46:53]* Copyright (c) 2004-2024 New H3C Technologies Co., Ltd. All rights reserved.*
044653.618: [04:46:53]* Without the owner's prior written consent,                                 *
044653.619: [04:46:53]* no decompiling or reverse-engineering shall be allowed.                    *
044653.619: [04:46:53]******************************************************************************
044653.619: [04:46:53]
045656.072: [04:56:56]<H3C>
045656.073: [04:56:56]Inactive timeout reached, logging out.
045701.293: [04:57:01][202602192.168.2.254-04:57:01]
045702.320: [04:57:02]
045702.320: [04:57:02]******************************************************************************
045702.320: [04:57:02]* Copyright (c) 2004-2024 New H3C Technologies Co., Ltd. All rights reserved.*
045702.321: [04:57:02]* Without the owner's prior written consent,                                 *
045702.321: [04:57:02]* no decompiling or reverse-engineering shall be allowed.                    *
045702.321: [04:57:02]******************************************************************************
045702.321: [04:57:02]
050704.369: [05:07:04]<H3C>
050704.370: [05:07:04]Inactive timeout reached, logging out.
050710.061: [05:07:10][202602192.168.2.254-05:07:10]
050711.090: [05:07:11]
050711.090: [05:07:11]******************************************************************************
050711.090: [05:07:11]* Copyright (c) 2004-2024 New H3C Technologies Co., Ltd. All rights reserved.*
050711.090: [05:07:11]* Without the owner's prior written consent,                                 *
050711.090: [05:07:11]* no decompiling or reverse-engineering shall be allowed.                    *
050711.090: [05:07:11]******************************************************************************
050711.090: [05:07:11]
051712.925: [05:17:12]<H3C>
051712.926: [05:17:12]Inactive timeout reached, logging out.
051718.378: [05:17:18][202602192.168.2.254-05:17:18]
051719.404: [05:17:19]
051719.405: [05:17:19]******************************************************************************
051719.405: [05:17:19]* Copyright (c) 2004-2024 New H3C Technologies Co., Ltd. All rights reserved.*
051719.405: [05:17:19]* Without the owner's prior written consent,                                 *
051719.405: [05:17:19]* no decompiling or reverse-engineering shall be allowed.                    *
051719.405: [05:17:19]******************************************************************************
051719.405: [05:17:19]
052721.305: [05:27:21]<H3C>
052721.306: [05:27:21]Inactive timeout reached, logging out.
052726.875: [05:27:26][202602192.168.2.254-05:27:26]
052727.902: [05:27:27]
052727.904: [05:27:27]******************************************************************************
052727.904: [05:27:27]* Copyright (c) 2004-2024 New H3C Technologies Co., Ltd. All rights reserved.*
052727.905: [05:27:27]* Without the owner's prior written consent,                                 *
052727.905: [05:27:27]* no decompiling or reverse-engineering shall be allowed.                    *
052727.905: [05:27:27]******************************************************************************
052727.905: [05:27:27]
053729.809: [05:37:29]<H3C>
053729.810: [05:37:29]Inactive timeout reached, logging out.
053735.311: [05:37:35][202602192.168.2.254-05:37:35]
053736.339: [05:37:36]
053736.341: [05:37:36]******************************************************************************
053736.341: [05:37:36]* Copyright (c) 2004-2024 New H3C Technologies Co., Ltd. All rights reserved.*
053736.341: [05:37:36]* Without the owner's prior written consent,                                 *
053736.341: [05:37:36]* no decompiling or reverse-engineering shall be allowed.                    *
053736.341: [05:37:36]******************************************************************************
053736.341: [05:37:36]
054739.017: [05:47:39]<H3C>
054739.018: [05:47:39]Inactive timeout reached, logging out.
054744.521: [05:47:44][202602192.168.2.254-05:47:44]
054745.554: [05:47:45]
054745.554: [05:47:45]******************************************************************************
054745.554: [05:47:45]* Copyright (c) 2004-2024 New H3C Technologies Co., Ltd. All rights reserved.*
054745.554: [05:47:45]* Without the owner's prior written consent,                                 *
054745.555: [05:47:45]* no decompiling or reverse-engineering shall be allowed.                    *
054745.555: [05:47:45]******************************************************************************
054745.555: [05:47:45]
055748.305: [05:57:48]<H3C>
055748.306: [05:57:48]Inactive timeout reached, logging out.
055753.836: [05:57:53][202602192.168.2.254-05:57:53]
055754.925: [05:57:54]
055754.927: [05:57:54]******************************************************************************
055754.928: [05:57:54]* Copyright (c) 2004-2024 New H3C Technologies Co., Ltd. All rights reserved.*
055754.928: [05:57:54]* Without the owner's prior written consent,                                 *
055754.928: [05:57:54]* no decompiling or reverse-engineering shall be allowed.                    *
055754.928: [05:57:54]******************************************************************************
055754.928: [05:57:54]
060757.450: [06:07:57]<H3C>
060757.450: [06:07:57]Inactive timeout reached, logging out.
060802.876: [06:08:02][202602192.168.2.254-06:08:02]
060803.905: [06:08:03]
060803.907: [06:08:03]******************************************************************************
060803.907: [06:08:03]* Copyright (c) 2004-2024 New H3C Technologies Co., Ltd. All rights reserved.*
060803.908: [06:08:03]* Without the owner's prior written consent,                                 *
060803.908: [06:08:03]* no decompiling or reverse-engineering shall be allowed.                    *
060803.908: [06:08:03]******************************************************************************
060803.908: [06:08:03]
061806.202: [06:18:06]<H3C>
061806.203: [06:18:06]Inactive timeout reached, logging out.
061811.987: [06:18:11][202602192.168.2.254-06:18:11]
061813.018: [06:18:13]
061813.019: [06:18:13]******************************************************************************
061813.019: [06:18:13]* Copyright (c) 2004-2024 New H3C Technologies Co., Ltd. All rights reserved.*
061813.019: [06:18:13]* Without the owner's prior written consent,                                 *
061813.019: [06:18:13]* no decompiling or reverse-engineering shall be allowed.                    *
061813.019: [06:18:13]******************************************************************************
061813.019: [06:18:13]
062814.991: [06:28:14]<H3C>
062814.992: [06:28:14]Inactive timeout reached, logging out.
062820.292: [06:28:20][202602192.168.2.254-06:28:20]
062821.345: [06:28:21]
062821.346: [06:28:21]******************************************************************************
062821.347: [06:28:21]* Copyright (c) 2004-2024 New H3C Technologies Co., Ltd. All rights reserved.*
062821.347: [06:28:21]* Without the owner's prior written consent,                                 *
062821.347: [06:28:21]* no decompiling or reverse-engineering shall be allowed.                    *
062821.347: [06:28:21]******************************************************************************
062821.347: [06:28:21]
063823.395: [06:38:23]<H3C>
063823.395: [06:38:23]Inactive timeout reached, logging out.
063828.851: [06:38:28][202602192.168.2.254-06:38:28]
063829.893: [06:38:29]
063829.894: [06:38:29]******************************************************************************
063829.894: [06:38:29]* Copyright (c) 2004-2024 New H3C Technologies Co., Ltd. All rights reserved.*
063829.894: [06:38:29]* Without the owner's prior written consent,                                 *
063829.894: [06:38:29]* no decompiling or reverse-engineering shall be allowed.                    *
063829.894: [06:38:29]******************************************************************************
063829.894: [06:38:29]
064831.816: [06:48:31]<H3C>
064831.817: [06:48:31]Inactive timeout reached, logging out.
064837.379: [06:48:37][202602192.168.2.254-06:48:37]
064838.410: [06:48:38]
064838.410: [06:48:38]******************************************************************************
064838.410: [06:48:38]* Copyright (c) 2004-2024 New H3C Technologies Co., Ltd. All rights reserved.*
064838.411: [06:48:38]* Without the owner's prior written consent,                                 *
064838.411: [06:48:38]* no decompiling or reverse-engineering shall be allowed.                    *
064838.411: [06:48:38]******************************************************************************
064838.411: [06:48:38]
065840.399: [06:58:40]<H3C>
065840.400: [06:58:40]Inactive timeout reached, logging out.
065846.010: [06:58:46][202602192.168.2.254-06:58:46]
065847.037: [06:58:47]
065847.045: [06:58:47]******************************************************************************
065847.045: [06:58:47]* Copyright (c) 2004-2024 New H3C Technologies Co., Ltd. All rights reserved.*
065847.045: [06:58:47]* Without the owner's prior written consent,                                 *
065847.045: [06:58:47]* no decompiling or reverse-engineering shall be allowed.                    *
065847.046: [06:58:47]******************************************************************************
065847.046: [06:58:47]
070849.089: [07:08:49]<H3C>
070849.090: [07:08:49]Inactive timeout reached, logging out.
070855.012: [07:08:55][202602192.168.2.254-07:08:55]
070856.042: [07:08:56]
070856.042: [07:08:56]******************************************************************************
070856.043: [07:08:56]* Copyright (c) 2004-2024 New H3C Technologies Co., Ltd. All rights reserved.*
070856.043: [07:08:56]* Without the owner's prior written consent,                                 *
070856.043: [07:08:56]* no decompiling or reverse-engineering shall be allowed.                    *
070856.043: [07:08:56]******************************************************************************
070856.043: [07:08:56]
071858.191: [07:18:58]<H3C>
071858.192: [07:18:58]Inactive timeout reached, logging out.
071903.875: [07:19:03][202602192.168.2.254-07:19:03]
071904.906: [07:19:04]
071904.911: [07:19:04]******************************************************************************
071904.911: [07:19:04]* Copyright (c) 2004-2024 New H3C Technologies Co., Ltd. All rights reserved.*
071904.911: [07:19:04]* Without the owner's prior written consent,                                 *
071904.911: [07:19:04]* no decompiling or reverse-engineering shall be allowed.                    *
071904.912: [07:19:04]******************************************************************************
071904.912: [07:19:04]
072906.770: [07:29:06]<H3C>
072906.770: [07:29:06]Inactive timeout reached, logging out.
072912.387: [07:29:12][202602192.168.2.254-07:29:12]
072913.412: [07:29:13]
072913.419: [07:29:13]******************************************************************************
072913.419: [07:29:13]* Copyright (c) 2004-2024 New H3C Technologies Co., Ltd. All rights reserved.*
072913.419: [07:29:13]* Without the owner's prior written consent,                                 *
072913.420: [07:29:13]* no decompiling or reverse-engineering shall be allowed.                    *
072913.420: [07:29:13]******************************************************************************
072913.420: [07:29:13]
073915.682: [07:39:15]<H3C>
073915.683: [07:39:15]Inactive timeout reached, logging out.
073921.316: [07:39:21][202602192.168.2.254-07:39:21]
073922.353: [07:39:22]
073922.358: [07:39:22]******************************************************************************
073922.358: [07:39:22]* Copyright (c) 2004-2024 New H3C Technologies Co., Ltd. All rights reserved.*
073922.359: [07:39:22]* Without the owner's prior written consent,                                 *
073922.359: [07:39:22]* no decompiling or reverse-engineering shall be allowed.                    *
073922.359: [07:39:22]******************************************************************************
073922.359: [07:39:22]
074924.483: [07:49:24]<H3C>
074924.485: [07:49:24]Inactive timeout reached, logging out.
074929.943: [07:49:29][202602192.168.2.254-07:49:29]
074930.987: [07:49:30]
074930.991: [07:49:30]******************************************************************************
074930.991: [07:49:30]* Copyright (c) 2004-2024 New H3C Technologies Co., Ltd. All rights reserved.*
074930.991: [07:49:30]* Without the owner's prior written consent,                                 *
074930.991: [07:49:30]* no decompiling or reverse-engineering shall be allowed.                    *
074930.991: [07:49:30]******************************************************************************
074930.991: [07:49:30]
075933.199: [07:59:33]<H3C>
075933.200: [07:59:33]Inactive timeout reached, logging out.
075939.326: [07:59:39][202602192.168.2.254-07:59:39]
075940.376: [07:59:40]
075940.376: [07:59:40]******************************************************************************
075940.376: [07:59:40]* Copyright (c) 2004-2024 New H3C Technologies Co., Ltd. All rights reserved.*
075940.377: [07:59:40]* Without the owner's prior written consent,                                 *
075940.377: [07:59:40]* no decompiling or reverse-engineering shall be allowed.                    *
075940.377: [07:59:40]******************************************************************************
075940.377: [07:59:40]
080942.372: [08:09:42]<H3C>
080942.373: [08:09:42]Inactive timeout reached, logging out.
080947.897: [08:09:47][202602192.168.2.254-08:09:47]
080948.926: [08:09:48]
080948.930: [08:09:48]******************************************************************************
080948.931: [08:09:48]* Copyright (c) 2004-2024 New H3C Technologies Co., Ltd. All rights reserved.*
080948.931: [08:09:48]* Without the owner's prior written consent,                                 *
080948.931: [08:09:48]* no decompiling or reverse-engineering shall be allowed.                    *
080948.931: [08:09:48]******************************************************************************
080948.931: [08:09:48]
081951.280: [08:19:51]<H3C>
081951.280: [08:19:51]Inactive timeout reached, logging out.
081956.981: [08:19:56][202602192.168.2.254-08:19:56]
081958.008: [08:19:58]
081958.009: [08:19:58]******************************************************************************
081958.009: [08:19:58]* Copyright (c) 2004-2024 New H3C Technologies Co., Ltd. All rights reserved.*
081958.009: [08:19:58]* Without the owner's prior written consent,                                 *
081958.010: [08:19:58]* no decompiling or reverse-engineering shall be allowed.                    *
081958.010: [08:19:58]******************************************************************************
081958.010: [08:19:58]
083000.187: [08:30:00]<H3C>
083000.189: [08:30:00]Inactive timeout reached, logging out.
083006.397: [08:30:06][202602192.168.2.254-08:30:06]
083007.427: [08:30:07]
083007.427: [08:30:07]******************************************************************************
083007.428: [08:30:07]* Copyright (c) 2004-2024 New H3C Technologies Co., Ltd. All rights reserved.*
083007.428: [08:30:07]* Without the owner's prior written consent,                                 *
083007.428: [08:30:07]* no decompiling or reverse-engineering shall be allowed.                    *
083007.428: [08:30:07]******************************************************************************
083007.428: [08:30:07]
084009.292: [08:40:09]<H3C>
084009.293: [08:40:09]Inactive timeout reached, logging out.
084015.809: [08:40:15][202602192.168.2.254-08:40:15]
084016.836: [08:40:16]
084016.836: [08:40:16]******************************************************************************
084016.837: [08:40:16]* Copyright (c) 2004-2024 New H3C Technologies Co., Ltd. All rights reserved.*
084016.837: [08:40:16]* Without the owner's prior written consent,                                 *
084016.839: [08:40:16]* no decompiling or reverse-engineering shall be allowed.                    *
084016.839: [08:40:16]******************************************************************************
084016.839: [08:40:16]
085018.798: [08:50:18]<H3C>
085018.800: [08:50:18]Inactive timeout reached, logging out.
085024.382: [08:50:24][202602192.168.2.254-08:50:24]
085025.412: [08:50:25]
085025.413: [08:50:25]******************************************************************************
085025.413: [08:50:25]* Copyright (c) 2004-2024 New H3C Technologies Co., Ltd. All rights reserved.*
085025.413: [08:50:25]* Without the owner's prior written consent,                                 *
085025.413: [08:50:25]* no decompiling or reverse-engineering shall be allowed.                    *
085025.414: [08:50:25]******************************************************************************
085025.414: [08:50:25]
090027.571: [09:00:27]<H3C>
090027.572: [09:00:27]Inactive timeout reached, logging out.
090033.008: [09:00:33][202602192.168.2.254-09:00:33]
090034.037: [09:00:34]
090034.037: [09:00:34]******************************************************************************
090034.037: [09:00:34]* Copyright (c) 2004-2024 New H3C Technologies Co., Ltd. All rights reserved.*
090034.037: [09:00:34]* Without the owner's prior written consent,                                 *
090034.037: [09:00:34]* no decompiling or reverse-engineering shall be allowed.                    *
090034.038: [09:00:34]******************************************************************************
090034.038: [09:00:34]
091036.123: [09:10:36]<H3C>
091036.124: [09:10:36]Inactive timeout reached, logging out.
091042.280: [09:10:42][202602192.168.2.254-09:10:42]
091043.305: [09:10:43]
091043.308: [09:10:43]******************************************************************************
091043.309: [09:10:43]* Copyright (c) 2004-2024 New H3C Technologies Co., Ltd. All rights reserved.*
091043.309: [09:10:43]* Without the owner's prior written consent,                                 *
091043.309: [09:10:43]* no decompiling or reverse-engineering shall be allowed.                    *
091043.309: [09:10:43]******************************************************************************
091043.309: [09:10:43]
092045.621: [09:20:45]<H3C>
092045.622: [09:20:45]Inactive timeout reached, logging out.
092051.367: [09:20:51][202602192.168.2.254-09:20:51]
092052.396: [09:20:52]
092052.396: [09:20:52]******************************************************************************
092052.396: [09:20:52]* Copyright (c) 2004-2024 New H3C Technologies Co., Ltd. All rights reserved.*
092052.396: [09:20:52]* Without the owner's prior written consent,                                 *
092052.397: [09:20:52]* no decompiling or reverse-engineering shall be allowed.                    *
092052.397: [09:20:52]******************************************************************************
092052.397: [09:20:52]
093054.300: [09:30:54]<H3C>
093054.301: [09:30:54]Inactive timeout reached, logging out.
093100.119: [09:31:00][202602192.168.2.254-09:31:00]
093101.263: [09:31:01]
093101.264: [09:31:01]******************************************************************************
093101.264: [09:31:01]* Copyright (c) 2004-2024 New H3C Technologies Co., Ltd. All rights reserved.*
093101.264: [09:31:01]* Without the owner's prior written consent,                                 *
093101.264: [09:31:01]* no decompiling or reverse-engineering shall be allowed.                    *
093101.264: [09:31:01]******************************************************************************
093101.264: [09:31:01]
094103.272: [09:41:03]<H3C>
094103.273: [09:41:03]Inactive timeout reached, logging out.
094108.794: [09:41:08][202602192.168.2.254-09:41:08]
094109.824: [09:41:09]
094109.824: [09:41:09]******************************************************************************
094109.825: [09:41:09]* Copyright (c) 2004-2024 New H3C Technologies Co., Ltd. All rights reserved.*
094109.825: [09:41:09]* Without the owner's prior written consent,                                 *
094109.825: [09:41:09]* no decompiling or reverse-engineering shall be allowed.                    *
094109.825: [09:41:09]******************************************************************************
094109.826: [09:41:09]
095111.974: [09:51:11]<H3C>
095111.974: [09:51:11]Inactive timeout reached, logging out.
095117.975: [09:51:17][202602192.168.2.254-09:51:17]
095119.004: [09:51:19]
095119.004: [09:51:19]******************************************************************************
095119.004: [09:51:19]* Copyright (c) 2004-2024 New H3C Technologies Co., Ltd. All rights reserved.*
095119.005: [09:51:19]* Without the owner's prior written consent,                                 *
095119.005: [09:51:19]* no decompiling or reverse-engineering shall be allowed.                    *
095119.006: [09:51:19]******************************************************************************
095119.006: [09:51:19]
100120.957: [10:01:20]<H3C>
100120.958: [10:01:20]Inactive timeout reached, logging out.
100126.345: [10:01:26][202602192.168.2.254-10:01:26]
100127.382: [10:01:27]
100127.382: [10:01:27]******************************************************************************
100127.383: [10:01:27]* Copyright (c) 2004-2024 New H3C Technologies Co., Ltd. All rights reserved.*
100127.383: [10:01:27]* Without the owner's prior written consent,                                 *
100127.383: [10:01:27]* no decompiling or reverse-engineering shall be allowed.                    *
100127.383: [10:01:27]******************************************************************************
100127.383: [10:01:27]
101129.312: [10:11:29]<H3C>
101129.314: [10:11:29]Inactive timeout reached, logging out.
101134.979: [10:11:34][202602192.168.2.254-10:11:34]
101136.017: [10:11:36]
101136.017: [10:11:36]******************************************************************************
101136.018: [10:11:36]* Copyright (c) 2004-2024 New H3C Technologies Co., Ltd. All rights reserved.*
101136.018: [10:11:36]* Without the owner's prior written consent,                                 *
101136.018: [10:11:36]* no decompiling or reverse-engineering shall be allowed.                    *
101136.018: [10:11:36]******************************************************************************
101136.018: [10:11:36]
102138.429: [10:21:38]<H3C>
102144.083: [10:21:44][202602192.168.2.254-10:21:44]
102145.130: [10:21:45]
102145.130: [10:21:45]******************************************************************************
102145.130: [10:21:45]* Copyright (c) 2004-2024 New H3C Technologies Co., Ltd. All rights reserved.*
102145.131: [10:21:45]* Without the owner's prior written consent,                                 *
102145.132: [10:21:45]* no decompiling or reverse-engineering shall be allowed.                    *
102145.132: [10:21:45]******************************************************************************
102145.132: [10:21:45]
103147.319: [10:31:47]<H3C>
103147.320: [10:31:47]Inactive timeout reached, logging out.
103153.043: [10:31:53][202602192.168.2.254-10:31:53]
103154.077: [10:31:54]
103154.077: [10:31:54]******************************************************************************
103154.077: [10:31:54]* Copyright (c) 2004-2024 New H3C Technologies Co., Ltd. All rights reserved.*
103154.077: [10:31:54]* Without the owner's prior written consent,                                 *
103154.078: [10:31:54]* no decompiling or reverse-engineering shall be allowed.                    *
103154.078: [10:31:54]******************************************************************************
103154.078: [10:31:54]
104156.306: [10:41:56]<H3C>
104156.308: [10:41:56]Inactive timeout reached, logging out.
104202.187: [10:42:02][202602192.168.2.254-10:42:02]
104203.215: [10:42:03]
104203.215: [10:42:03]******************************************************************************
104203.216: [10:42:03]* Copyright (c) 2004-2024 New H3C Technologies Co., Ltd. All rights reserved.*
104203.216: [10:42:03]* Without the owner's prior written consent,                                 *
104203.216: [10:42:03]* no decompiling or reverse-engineering shall be allowed.                    *
104203.216: [10:42:03]******************************************************************************
104203.216: [10:42:03]
105205.099: [10:52:05]<H3C>
105205.101: [10:52:05]Inactive timeout reached, logging out.
105210.958: [10:52:10][202602192.168.2.254-10:52:10]
105211.986: [10:52:11]
105211.986: [10:52:11]******************************************************************************
105211.988: [10:52:11]* Copyright (c) 2004-2024 New H3C Technologies Co., Ltd. All rights reserved.*
105211.988: [10:52:11]* Without the owner's prior written consent,                                 *
105211.988: [10:52:11]* no decompiling or reverse-engineering shall be allowed.                    *
105211.988: [10:52:11]******************************************************************************
105211.988: [10:52:11]
110213.896: [11:02:13]<H3C>
110213.897: [11:02:13]Inactive timeout reached, logging out.
110219.475: [11:02:19][202602192.168.2.254-11:02:19]
110220.507: [11:02:20]
110220.508: [11:02:20]******************************************************************************
110220.508: [11:02:20]* Copyright (c) 2004-2024 New H3C Technologies Co., Ltd. All rights reserved.*
110220.508: [11:02:20]* Without the owner's prior written consent,                                 *
110220.508: [11:02:20]* no decompiling or reverse-engineering shall be allowed.                    *
110220.508: [11:02:20]******************************************************************************
110220.508: [11:02:20]
111222.472: [11:12:22]<H3C>
111228.029: [11:12:28][202602192.168.2.254-11:12:28]
111229.060: [11:12:29]
111229.060: [11:12:29]******************************************************************************
111229.060: [11:12:29]* Copyright (c) 2004-2024 New H3C Technologies Co., Ltd. All rights reserved.*
111229.061: [11:12:29]* Without the owner's prior written consent,                                 *
111229.061: [11:12:29]* no decompiling or reverse-engineering shall be allowed.                    *
111229.061: [11:12:29]******************************************************************************
111229.061: [11:12:29]
112231.451: [11:22:31]<H3C>
112231.452: [11:22:31]Inactive timeout reached, logging out.
112237.135: [11:22:37][202602192.168.2.254-11:22:37]
112238.164: [11:22:38]
112238.165: [11:22:38]******************************************************************************
112238.165: [11:22:38]* Copyright (c) 2004-2024 New H3C Technologies Co., Ltd. All rights reserved.*
112238.165: [11:22:38]* Without the owner's prior written consent,                                 *
112238.166: [11:22:38]* no decompiling or reverse-engineering shall be allowed.                    *
112238.166: [11:22:38]******************************************************************************
112238.166: [11:22:38]
113240.451: [11:32:40]<H3C>
113245.955: [11:32:45][202602192.168.2.254-11:32:45]
113246.984: [11:32:46]
113246.985: [11:32:46]******************************************************************************
113246.985: [11:32:46]* Copyright (c) 2004-2024 New H3C Technologies Co., Ltd. All rights reserved.*
113246.985: [11:32:46]* Without the owner's prior written consent,                                 *
113246.986: [11:32:46]* no decompiling or reverse-engineering shall be allowed.                    *
113246.986: [11:32:46]******************************************************************************
113246.986: [11:32:46]
114249.290: [11:42:49]<H3C>
114249.291: [11:42:49]Inactive timeout reached, logging out.
114255.005: [11:42:55][202602192.168.2.254-11:42:55]
114256.088: [11:42:56]
114256.089: [11:42:56]******************************************************************************
114256.089: [11:42:56]* Copyright (c) 2004-2024 New H3C Technologies Co., Ltd. All rights reserved.*
114256.089: [11:42:56]* Without the owner's prior written consent,                                 *
114256.089: [11:42:56]* no decompiling or reverse-engineering shall be allowed.                    *
114256.090: [11:42:56]******************************************************************************
114256.090: [11:42:56]
115258.584: [11:52:58]<H3C>
115258.586: [11:52:58]Inactive timeout reached, logging out.
115304.409: [11:53:04][202602192.168.2.254-11:53:04]
115305.438: [11:53:05]
115305.438: [11:53:05]******************************************************************************
115305.439: [11:53:05]* Copyright (c) 2004-2024 New H3C Technologies Co., Ltd. All rights reserved.*
115305.439: [11:53:05]* Without the owner's prior written consent,                                 *
115305.439: [11:53:05]* no decompiling or reverse-engineering shall be allowed.                    *
115305.439: [11:53:05]******************************************************************************
115305.439: [11:53:05]
120307.387: [12:03:07]<H3C>
120307.388: [12:03:07]Inactive timeout reached, logging out.
120313.112: [12:03:13][202602192.168.2.254-12:03:13]
120314.139: [12:03:14]
120314.139: [12:03:14]******************************************************************************
120314.139: [12:03:14]* Copyright (c) 2004-2024 New H3C Technologies Co., Ltd. All rights reserved.*
120314.140: [12:03:14]* Without the owner's prior written consent,                                 *
120314.140: [12:03:14]* no decompiling or reverse-engineering shall be allowed.                    *
120314.140: [12:03:14]******************************************************************************
120314.140: [12:03:14]
121316.056: [12:13:16]<H3C>
121316.057: [12:13:16]Inactive timeout reached, logging out.
121322.004: [12:13:22][202602192.168.2.254-12:13:22]
121323.052: [12:13:23]
121323.052: [12:13:23]******************************************************************************
121323.052: [12:13:23]* Copyright (c) 2004-2024 New H3C Technologies Co., Ltd. All rights reserved.*
121323.053: [12:13:23]* Without the owner's prior written consent,                                 *
121323.053: [12:13:23]* no decompiling or reverse-engineering shall be allowed.                    *
121323.053: [12:13:23]******************************************************************************
121323.053: [12:13:23]
122324.917: [12:23:24]<H3C>
122324.918: [12:23:24]Inactive timeout reached, logging out.
122330.965: [12:23:30][202602192.168.2.254-12:23:30]
122332.006: [12:23:32]
122332.007: [12:23:32]******************************************************************************
122332.007: [12:23:32]* Copyright (c) 2004-2024 New H3C Technologies Co., Ltd. All rights reserved.*
122332.007: [12:23:32]* Without the owner's prior written consent,                                 *
122332.008: [12:23:32]* no decompiling or reverse-engineering shall be allowed.                    *
122332.008: [12:23:32]******************************************************************************
122332.008: [12:23:32]
123333.802: [12:33:33]<H3C>
123333.803: [12:33:33]Inactive timeout reached, logging out.
123339.331: [12:33:39][202602192.168.2.254-12:33:39]
123340.375: [12:33:40]
123340.376: [12:33:40]******************************************************************************
123340.376: [12:33:40]* Copyright (c) 2004-2024 New H3C Technologies Co., Ltd. All rights reserved.*
123340.377: [12:33:40]* Without the owner's prior written consent,                                 *
123340.377: [12:33:40]* no decompiling or reverse-engineering shall be allowed.                    *
123340.377: [12:33:40]******************************************************************************
123340.377: [12:33:40]
124342.788: [12:43:42]<H3C>
124342.788: [12:43:42]Inactive timeout reached, logging out.
124348.492: [12:43:48][202602192.168.2.254-12:43:48]
124349.520: [12:43:49]
124349.522: [12:43:49]******************************************************************************
124349.522: [12:43:49]* Copyright (c) 2004-2024 New H3C Technologies Co., Ltd. All rights reserved.*
124349.522: [12:43:49]* Without the owner's prior written consent,                                 *
124349.522: [12:43:49]* no decompiling or reverse-engineering shall be allowed.                    *
124349.522: [12:43:49]******************************************************************************
124349.522: [12:43:49]
125351.855: [12:53:51]<H3C>
125351.855: [12:53:51]Inactive timeout reached, logging out.
125357.278: [12:53:57][202602192.168.2.254-12:53:57]
125358.313: [12:53:58]
125358.314: [12:53:58]******************************************************************************
125358.315: [12:53:58]* Copyright (c) 2004-2024 New H3C Technologies Co., Ltd. All rights reserved.*
125358.315: [12:53:58]* Without the owner's prior written consent,                                 *
125358.315: [12:53:58]* no decompiling or reverse-engineering shall be allowed.                    *
125358.315: [12:53:58]******************************************************************************
125358.315: [12:53:58]
130400.366: [13:04:00]<H3C>
130400.366: [13:04:00]Inactive timeout reached, logging out.
130405.828: [13:04:05][202602192.168.2.254-13:04:05]
130406.862: [13:04:06]
130406.862: [13:04:06]******************************************************************************
130406.862: [13:04:06]* Copyright (c) 2004-2024 New H3C Technologies Co., Ltd. All rights reserved.*
130406.862: [13:04:06]* Without the owner's prior written consent,                                 *
130406.863: [13:04:06]* no decompiling or reverse-engineering shall be allowed.                    *
130406.863: [13:04:06]******************************************************************************
130406.863: [13:04:06]
131409.256: [13:14:09]<H3C>
131409.256: [13:14:09]Inactive timeout reached, logging out.
131414.955: [13:14:14][202602192.168.2.254-13:14:14]
131415.982: [13:14:15]
131415.982: [13:14:15]******************************************************************************
131415.982: [13:14:15]* Copyright (c) 2004-2024 New H3C Technologies Co., Ltd. All rights reserved.*
131415.983: [13:14:15]* Without the owner's prior written consent,                                 *
131415.983: [13:14:15]* no decompiling or reverse-engineering shall be allowed.                    *
131415.983: [13:14:15]******************************************************************************
131415.983: [13:14:15]
132418.161: [13:24:18]<H3C>
132418.161: [13:24:18]Inactive timeout reached, logging out.
132423.833: [13:24:23][202602192.168.2.254-13:24:23]
132424.866: [13:24:24]
132424.868: [13:24:24]******************************************************************************
132424.868: [13:24:24]* Copyright (c) 2004-2024 New H3C Technologies Co., Ltd. All rights reserved.*
132424.868: [13:24:24]* Without the owner's prior written consent,                                 *
132424.868: [13:24:24]* no decompiling or reverse-engineering shall be allowed.                    *
132424.869: [13:24:24]******************************************************************************
132424.869: [13:24:24]
133426.729: [13:34:26]<H3C>
133426.730: [13:34:26]Inactive timeout reached, logging out.
133432.314: [13:34:32][202602192.168.2.254-13:34:32]
133433.340: [13:34:33]
133433.341: [13:34:33]******************************************************************************
133433.341: [13:34:33]* Copyright (c) 2004-2024 New H3C Technologies Co., Ltd. All rights reserved.*
133433.341: [13:34:33]* Without the owner's prior written consent,                                 *
133433.342: [13:34:33]* no decompiling or reverse-engineering shall be allowed.                    *
133433.342: [13:34:33]******************************************************************************
133433.342: [13:34:33]
134435.423: [13:44:35]<H3C>
134435.424: [13:44:35]Inactive timeout reached, logging out.
134440.883: [13:44:40][202602192.168.2.254-13:44:40]
134441.909: [13:44:41]
134441.911: [13:44:41]******************************************************************************
134441.911: [13:44:41]* Copyright (c) 2004-2024 New H3C Technologies Co., Ltd. All rights reserved.*
134441.911: [13:44:41]* Without the owner's prior written consent,                                 *
134441.912: [13:44:41]* no decompiling or reverse-engineering shall be allowed.                    *
134441.912: [13:44:41]******************************************************************************
134441.912: [13:44:41]
135443.818: [13:54:43]<H3C>
135443.820: [13:54:43]Inactive timeout reached, logging out.
135449.402: [13:54:49][202602192.168.2.254-13:54:49]
135450.431: [13:54:50]
135450.431: [13:54:50]******************************************************************************
135450.432: [13:54:50]* Copyright (c) 2004-2024 New H3C Technologies Co., Ltd. All rights reserved.*
135450.432: [13:54:50]* Without the owner's prior written consent,                                 *
135450.432: [13:54:50]* no decompiling or reverse-engineering shall be allowed.                    *
135450.433: [13:54:50]******************************************************************************
135450.433: [13:54:50]
140452.618: [14:04:52]<H3C>
140452.619: [14:04:52]Inactive timeout reached, logging out.
140458.395: [14:04:58][202602192.168.2.254-14:04:58]
140459.494: [14:04:59]
140459.494: [14:04:59]******************************************************************************
140459.494: [14:04:59]* Copyright (c) 2004-2024 New H3C Technologies Co., Ltd. All rights reserved.*
140459.495: [14:04:59]* Without the owner's prior written consent,                                 *
140459.496: [14:04:59]* no decompiling or reverse-engineering shall be allowed.                    *
140459.496: [14:04:59]******************************************************************************
140459.496: [14:04:59]
141501.518: [14:15:01]<H3C>
141501.518: [14:15:01]Inactive timeout reached, logging out.
141507.191: [14:15:07][202602192.168.2.254-14:15:07]
141508.220: [14:15:08]
141508.220: [14:15:08]******************************************************************************
141508.220: [14:15:08]* Copyright (c) 2004-2024 New H3C Technologies Co., Ltd. All rights reserved.*
141508.220: [14:15:08]* Without the owner's prior written consent,                                 *
141508.220: [14:15:08]* no decompiling or reverse-engineering shall be allowed.                    *
141508.221: [14:15:08]******************************************************************************
141508.221: [14:15:08]
142510.118: [14:25:10]<H3C>
142510.118: [14:25:10]Inactive timeout reached, logging out.
142515.853: [14:25:15][202602192.168.2.254-14:25:15]
142516.883: [14:25:16]
142516.884: [14:25:16]******************************************************************************
142516.884: [14:25:16]* Copyright (c) 2004-2024 New H3C Technologies Co., Ltd. All rights reserved.*
142516.884: [14:25:16]* Without the owner's prior written consent,                                 *
142516.884: [14:25:16]* no decompiling or reverse-engineering shall be allowed.                    *
142516.885: [14:25:16]******************************************************************************
142516.885: [14:25:16]
143518.757: [14:35:18]<H3C>
143518.758: [14:35:18]Inactive timeout reached, logging out.
143524.410: [14:35:24][202602192.168.2.254-14:35:24]
143525.436: [14:35:25]
143525.437: [14:35:25]******************************************************************************
143525.437: [14:35:25]* Copyright (c) 2004-2024 New H3C Technologies Co., Ltd. All rights reserved.*
143525.437: [14:35:25]* Without the owner's prior written consent,                                 *
143525.438: [14:35:25]* no decompiling or reverse-engineering shall be allowed.                    *
143525.438: [14:35:25]******************************************************************************
143525.438: [14:35:25]
144527.309: [14:45:27]<H3C>
144527.309: [14:45:27]Inactive timeout reached, logging out.
144533.006: [14:45:33][202602192.168.2.254-14:45:33]
144534.036: [14:45:34]
144534.036: [14:45:34]******************************************************************************
144534.036: [14:45:34]* Copyright (c) 2004-2024 New H3C Technologies Co., Ltd. All rights reserved.*
144534.037: [14:45:34]* Without the owner's prior written consent,                                 *
144534.037: [14:45:34]* no decompiling or reverse-engineering shall be allowed.                    *
144534.038: [14:45:34]******************************************************************************
144534.038: [14:45:34]
145535.999: [14:55:35]<H3C>
145536.000: [14:55:36]Inactive timeout reached, logging out.
145541.354: [14:55:41][202602192.168.2.254-14:55:41]
145542.382: [14:55:42]
145542.386: [14:55:42]******************************************************************************
145542.386: [14:55:42]* Copyright (c) 2004-2024 New H3C Technologies Co., Ltd. All rights reserved.*
145542.386: [14:55:42]* Without the owner's prior written consent,                                 *
145542.386: [14:55:42]* no decompiling or reverse-engineering shall be allowed.                    *
145542.386: [14:55:42]******************************************************************************
145542.386: [14:55:42]
150544.194: [15:05:44]<H3C>
150544.194: [15:05:44]Inactive timeout reached, logging out.
150550.847: [15:05:50][202602192.168.2.254-15:05:50]
150551.878: [15:05:51]
150551.878: [15:05:51]******************************************************************************
150551.878: [15:05:51]* Copyright (c) 2004-2024 New H3C Technologies Co., Ltd. All rights reserved.*
150551.878: [15:05:51]* Without the owner's prior written consent,                                 *
150551.878: [15:05:51]* no decompiling or reverse-engineering shall be allowed.                    *
150551.879: [15:05:51]******************************************************************************
150551.879: [15:05:51]
151553.703: [15:15:53]<H3C>
151553.704: [15:15:53]Inactive timeout reached, logging out.
151559.545: [15:15:59][202602192.168.2.254-15:15:59]
151600.574: [15:16:00]
151600.579: [15:16:00]******************************************************************************
151600.580: [15:16:00]* Copyright (c) 2004-2024 New H3C Technologies Co., Ltd. All rights reserved.*
151600.580: [15:16:00]* Without the owner's prior written consent,                                 *
151600.580: [15:16:00]* no decompiling or reverse-engineering shall be allowed.                    *
151600.580: [15:16:00]******************************************************************************
151600.580: [15:16:00]
152602.393: [15:26:02]<H3C>
152602.394: [15:26:02]Inactive timeout reached, logging out.
152607.847: [15:26:07][202602192.168.2.254-15:26:07]
152608.875: [15:26:08]
152608.877: [15:26:08]******************************************************************************
152608.877: [15:26:08]* Copyright (c) 2004-2024 New H3C Technologies Co., Ltd. All rights reserved.*
152608.877: [15:26:08]* Without the owner's prior written consent,                                 *
152608.878: [15:26:08]* no decompiling or reverse-engineering shall be allowed.                    *
152608.878: [15:26:08]******************************************************************************
152608.878: [15:26:08]
153610.734: [15:36:10]<H3C>
153610.735: [15:36:10]Inactive timeout reached, logging out.
153616.314: [15:36:16][202602192.168.2.254-15:36:16]
153617.346: [15:36:17]
153617.347: [15:36:17]******************************************************************************
153617.348: [15:36:17]* Copyright (c) 2004-2024 New H3C Technologies Co., Ltd. All rights reserved.*
153617.348: [15:36:17]* Without the owner's prior written consent,                                 *
153617.348: [15:36:17]* no decompiling or reverse-engineering shall be allowed.                    *
153617.348: [15:36:17]******************************************************************************
153617.348: [15:36:17]
154619.132: [15:46:19]<H3C>
154619.132: [15:46:19]Inactive timeout reached, logging out.
154624.954: [15:46:24][202602192.168.2.254-15:46:24]
154625.982: [15:46:25]
154625.988: [15:46:25]******************************************************************************
154625.988: [15:46:25]* Copyright (c) 2004-2024 New H3C Technologies Co., Ltd. All rights reserved.*
154625.988: [15:46:25]* Without the owner's prior written consent,                                 *
154625.988: [15:46:25]* no decompiling or reverse-engineering shall be allowed.                    *
154625.988: [15:46:25]******************************************************************************
154625.988: [15:46:25]
155628.005: [15:56:28]<H3C>
155628.005: [15:56:28]Inactive timeout reached, logging out.
155633.344: [15:56:33][202602192.168.2.254-15:56:33]
155634.394: [15:56:34]
155634.400: [15:56:34]******************************************************************************
155634.400: [15:56:34]* Copyright (c) 2004-2024 New H3C Technologies Co., Ltd. All rights reserved.*
155634.400: [15:56:34]* Without the owner's prior written consent,                                 *
155634.400: [15:56:34]* no decompiling or reverse-engineering shall be allowed.                    *
155634.400: [15:56:34]******************************************************************************
155634.400: [15:56:34]
160636.323: [16:06:36]<H3C>
160636.324: [16:06:36]Inactive timeout reached, logging out.
160641.937: [16:06:41][202602192.168.2.254-16:06:41]
160642.966: [16:06:42]
160642.966: [16:06:42]******************************************************************************
160642.966: [16:06:42]* Copyright (c) 2004-2024 New H3C Technologies Co., Ltd. All rights reserved.*
160642.966: [16:06:42]* Without the owner's prior written consent,                                 *
160642.966: [16:06:42]* no decompiling or reverse-engineering shall be allowed.                    *
160642.967: [16:06:42]******************************************************************************
160642.967: [16:06:42]
161644.899: [16:16:44]<H3C>
161644.899: [16:16:44]Inactive timeout reached, logging out.
161650.564: [16:16:50][202602192.168.2.254-16:16:50]
161651.593: [16:16:51]
161651.593: [16:16:51]******************************************************************************
161651.594: [16:16:51]* Copyright (c) 2004-2024 New H3C Technologies Co., Ltd. All rights reserved.*
161651.594: [16:16:51]* Without the owner's prior written consent,                                 *
161651.594: [16:16:51]* no decompiling or reverse-engineering shall be allowed.                    *
161651.594: [16:16:51]******************************************************************************
161651.594: [16:16:51]
162653.507: [16:26:53]<H3C>
162653.508: [16:26:53]Inactive timeout reached, logging out.
162658.855: [16:26:58][202602192.168.2.254-16:26:58]
162659.882: [16:26:59]
162659.883: [16:26:59]******************************************************************************
162659.883: [16:26:59]* Copyright (c) 2004-2024 New H3C Technologies Co., Ltd. All rights reserved.*
162659.883: [16:26:59]* Without the owner's prior written consent,                                 *
162659.884: [16:26:59]* no decompiling or reverse-engineering shall be allowed.                    *
162659.884: [16:26:59]******************************************************************************
162659.884: [16:26:59]
163701.705: [16:37:01]<H3C>
163701.706: [16:37:01]Inactive timeout reached, logging out.
163707.320: [16:37:07][202602192.168.2.254-16:37:07]
163708.348: [16:37:08]
163708.348: [16:37:08]******************************************************************************
163708.348: [16:37:08]* Copyright (c) 2004-2024 New H3C Technologies Co., Ltd. All rights reserved.*
163708.348: [16:37:08]* Without the owner's prior written consent,                                 *
163708.349: [16:37:08]* no decompiling or reverse-engineering shall be allowed.                    *
163708.349: [16:37:08]******************************************************************************
163708.349: [16:37:08]
164710.201: [16:47:10]<H3C>
164710.202: [16:47:10]Inactive timeout reached, logging out.
164715.805: [16:47:15][202602192.168.2.254-16:47:15]
164716.833: [16:47:16]
164716.833: [16:47:16]******************************************************************************
164716.833: [16:47:16]* Copyright (c) 2004-2024 New H3C Technologies Co., Ltd. All rights reserved.*
164716.833: [16:47:16]* Without the owner's prior written consent,                                 *
164716.834: [16:47:16]* no decompiling or reverse-engineering shall be allowed.                    *
164716.834: [16:47:16]******************************************************************************
164716.834: [16:47:16]
165718.708: [16:57:18]<H3C>
165718.709: [16:57:18]Inactive timeout reached, logging out.
165724.320: [16:57:24][202602192.168.2.254-16:57:24]
165725.404: [16:57:25]
165725.405: [16:57:25]******************************************************************************
165725.405: [16:57:25]* Copyright (c) 2004-2024 New H3C Technologies Co., Ltd. All rights reserved.*
165725.405: [16:57:25]* Without the owner's prior written consent,                                 *
165725.405: [16:57:25]* no decompiling or reverse-engineering shall be allowed.                    *
165725.406: [16:57:25]******************************************************************************
165725.406: [16:57:25]
170727.214: [17:07:27]<H3C>
170727.214: [17:07:27]Inactive timeout reached, logging out.
170732.959: [17:07:32][202602192.168.2.254-17:07:32]
170733.988: [17:07:33]
170733.988: [17:07:33]******************************************************************************
170733.988: [17:07:33]* Copyright (c) 2004-2024 New H3C Technologies Co., Ltd. All rights reserved.*
170733.989: [17:07:33]* Without the owner's prior written consent,                                 *
170733.989: [17:07:33]* no decompiling or reverse-engineering shall be allowed.                    *
170733.989: [17:07:33]******************************************************************************
170733.989: [17:07:33]
171735.894: [17:17:35]<H3C>
171735.895: [17:17:35]Inactive timeout reached, logging out.
171741.591: [17:17:41][202602192.168.2.254-17:17:41]
171742.622: [17:17:42]
171742.623: [17:17:42]******************************************************************************
171742.623: [17:17:42]* Copyright (c) 2004-2024 New H3C Technologies Co., Ltd. All rights reserved.*
171742.623: [17:17:42]* Without the owner's prior written consent,                                 *
171742.624: [17:17:42]* no decompiling or reverse-engineering shall be allowed.                    *
171742.624: [17:17:42]******************************************************************************
171742.624: [17:17:42]
172744.480: [17:27:44]<H3C>
172744.481: [17:27:44]Inactive timeout reached, logging out.
172749.936: [17:27:49][202602192.168.2.254-17:27:49]
172750.965: [17:27:50]
172750.966: [17:27:50]******************************************************************************
172750.966: [17:27:50]* Copyright (c) 2004-2024 New H3C Technologies Co., Ltd. All rights reserved.*
172750.966: [17:27:50]* Without the owner's prior written consent,                                 *
172750.966: [17:27:50]* no decompiling or reverse-engineering shall be allowed.                    *
172750.966: [17:27:50]******************************************************************************
172750.966: [17:27:50]
173752.985: [17:37:52]<H3C>
173752.986: [17:37:52]Inactive timeout reached, logging out.
173758.389: [17:37:58][202602192.168.2.254-17:37:58]
173759.431: [17:37:59]
173759.432: [17:37:59]******************************************************************************
173759.432: [17:37:59]* Copyright (c) 2004-2024 New H3C Technologies Co., Ltd. All rights reserved.*
173759.432: [17:37:59]* Without the owner's prior written consent,                                 *
173759.432: [17:37:59]* no decompiling or reverse-engineering shall be allowed.                    *
173759.433: [17:37:59]******************************************************************************
173759.433: [17:37:59]
174801.282: [17:48:01]<H3C>
174801.283: [17:48:01]Inactive timeout reached, logging out.
174807.014: [17:48:07][202602192.168.2.254-17:48:07]
174808.044: [17:48:08]
174808.045: [17:48:08]******************************************************************************
174808.045: [17:48:08]* Copyright (c) 2004-2024 New H3C Technologies Co., Ltd. All rights reserved.*
174808.045: [17:48:08]* Without the owner's prior written consent,                                 *
174808.045: [17:48:08]* no decompiling or reverse-engineering shall be allowed.                    *
174808.046: [17:48:08]******************************************************************************
174808.046: [17:48:08]
175810.186: [17:58:10]<H3C>
175810.187: [17:58:10]Inactive timeout reached, logging out.
175815.850: [17:58:15][202602192.168.2.254-17:58:15]
175816.880: [17:58:16]
175816.880: [17:58:16]******************************************************************************
175816.880: [17:58:16]* Copyright (c) 2004-2024 New H3C Technologies Co., Ltd. All rights reserved.*
175816.881: [17:58:16]* Without the owner's prior written consent,                                 *
175816.881: [17:58:16]* no decompiling or reverse-engineering shall be allowed.                    *
175816.881: [17:58:16]******************************************************************************
175816.881: [17:58:16]
180818.835: [18:08:18]<H3C>
180818.836: [18:08:18]Inactive timeout reached, logging out.
180824.428: [18:08:24][202602192.168.2.254-18:08:24]
180825.457: [18:08:25]
180825.457: [18:08:25]******************************************************************************
180825.457: [18:08:25]* Copyright (c) 2004-2024 New H3C Technologies Co., Ltd. All rights reserved.*
180825.457: [18:08:25]* Without the owner's prior written consent,                                 *
180825.457: [18:08:25]* no decompiling or reverse-engineering shall be allowed.                    *
180825.458: [18:08:25]******************************************************************************
180825.458: [18:08:25]
181827.399: [18:18:27]<H3C>
181827.400: [18:18:27]Inactive timeout reached, logging out.
181832.872: [18:18:32][202602192.168.2.254-18:18:32]
181833.916: [18:18:33]
181833.916: [18:18:33]******************************************************************************
181833.917: [18:18:33]* Copyright (c) 2004-2024 New H3C Technologies Co., Ltd. All rights reserved.*
181833.917: [18:18:33]* Without the owner's prior written consent,                                 *
181833.917: [18:18:33]* no decompiling or reverse-engineering shall be allowed.                    *
181833.917: [18:18:33]******************************************************************************
181833.917: [18:18:33]
182835.884: [18:28:35]<H3C>
182835.885: [18:28:35]Inactive timeout reached, logging out.
182841.352: [18:28:41][202602192.168.2.254-18:28:41]
182842.404: [18:28:42]
182842.405: [18:28:42]******************************************************************************
182842.406: [18:28:42]* Copyright (c) 2004-2024 New H3C Technologies Co., Ltd. All rights reserved.*
182842.406: [18:28:42]* Without the owner's prior written consent,                                 *
182842.406: [18:28:42]* no decompiling or reverse-engineering shall be allowed.                    *
182842.406: [18:28:42]******************************************************************************
182842.406: [18:28:42]
183844.577: [18:38:44]<H3C>
183844.578: [18:38:44]Inactive timeout reached, logging out.
183849.919: [18:38:49][202602192.168.2.254-18:38:49]
183850.947: [18:38:50]
183850.947: [18:38:50]******************************************************************************
183850.948: [18:38:50]* Copyright (c) 2004-2024 New H3C Technologies Co., Ltd. All rights reserved.*
183850.948: [18:38:50]* Without the owner's prior written consent,                                 *
183850.948: [18:38:50]* no decompiling or reverse-engineering shall be allowed.                    *
183850.948: [18:38:50]******************************************************************************
183850.948: [18:38:50]
184852.888: [18:48:52]<H3C>
184852.889: [18:48:52]Inactive timeout reached, logging out.
184858.419: [18:48:58][202602192.168.2.254-18:48:58]
184859.451: [18:48:59]
184859.451: [18:48:59]******************************************************************************
184859.451: [18:48:59]* Copyright (c) 2004-2024 New H3C Technologies Co., Ltd. All rights reserved.*
184859.452: [18:48:59]* Without the owner's prior written consent,                                 *
184859.452: [18:48:59]* no decompiling or reverse-engineering shall be allowed.                    *
184859.452: [18:48:59]******************************************************************************
184859.452: [18:48:59]
185901.362: [18:59:01]<H3C>
185901.363: [18:59:01]Inactive timeout reached, logging out.
185906.962: [18:59:06][202602192.168.2.254-18:59:06]
185907.989: [18:59:07]
185907.990: [18:59:07]******************************************************************************
185907.990: [18:59:07]* Copyright (c) 2004-2024 New H3C Technologies Co., Ltd. All rights reserved.*
185907.990: [18:59:07]* Without the owner's prior written consent,                                 *
185907.990: [18:59:07]* no decompiling or reverse-engineering shall be allowed.                    *
185907.991: [18:59:07]******************************************************************************
185907.991: [18:59:07]
190909.761: [19:09:09]<H3C>
190909.762: [19:09:09]Inactive timeout reached, logging out.
190915.382: [19:09:15][202602192.168.2.254-19:09:15]
190916.411: [19:09:16]
190916.412: [19:09:16]******************************************************************************
190916.412: [19:09:16]* Copyright (c) 2004-2024 New H3C Technologies Co., Ltd. All rights reserved.*
190916.412: [19:09:16]* Without the owner's prior written consent,                                 *
190916.412: [19:09:16]* no decompiling or reverse-engineering shall be allowed.                    *
190916.413: [19:09:16]******************************************************************************
190916.413: [19:09:16]
191918.546: [19:19:18]<H3C>
191918.547: [19:19:18]Inactive timeout reached, logging out.
191924.003: [19:19:24][202602192.168.2.254-19:19:24]
191925.033: [19:19:25]
191925.033: [19:19:25]******************************************************************************
191925.033: [19:19:25]* Copyright (c) 2004-2024 New H3C Technologies Co., Ltd. All rights reserved.*
191925.033: [19:19:25]* Without the owner's prior written consent,                                 *
191925.033: [19:19:25]* no decompiling or reverse-engineering shall be allowed.                    *
191925.034: [19:19:25]******************************************************************************
191925.034: [19:19:25]
192926.830: [19:29:26]<H3C>
192926.830: [19:29:26]Inactive timeout reached, logging out.
192932.346: [19:29:32][202602192.168.2.254-19:29:32]
192933.375: [19:29:33]
192933.376: [19:29:33]******************************************************************************
192933.376: [19:29:33]* Copyright (c) 2004-2024 New H3C Technologies Co., Ltd. All rights reserved.*
192933.376: [19:29:33]* Without the owner's prior written consent,                                 *
192933.377: [19:29:33]* no decompiling or reverse-engineering shall be allowed.                    *
192933.377: [19:29:33]******************************************************************************
192933.377: [19:29:33]
193935.118: [19:39:35]<H3C>
193935.118: [19:39:35]Inactive timeout reached, logging out.
193940.374: [19:39:40][202602192.168.2.254-19:39:40]
193941.402: [19:39:41]
193941.403: [19:39:41]******************************************************************************
193941.403: [19:39:41]* Copyright (c) 2004-2024 New H3C Technologies Co., Ltd. All rights reserved.*
193941.403: [19:39:41]* Without the owner's prior written consent,                                 *
193941.403: [19:39:41]* no decompiling or reverse-engineering shall be allowed.                    *
193941.404: [19:39:41]******************************************************************************
193941.404: [19:39:41]
194943.647: [19:49:43]<H3C>
194943.648: [19:49:43]Inactive timeout reached, logging out.
194948.885: [19:49:48][202602192.168.2.254-19:49:48]
194949.912: [19:49:49]
194949.920: [19:49:49]******************************************************************************
194949.920: [19:49:49]* Copyright (c) 2004-2024 New H3C Technologies Co., Ltd. All rights reserved.*
194949.920: [19:49:49]* Without the owner's prior written consent,                                 *
194949.920: [19:49:49]* no decompiling or reverse-engineering shall be allowed.                    *
194949.920: [19:49:49]******************************************************************************
194949.920: [19:49:49]
195951.744: [19:59:51]<H3C>
195951.745: [19:59:51]Inactive timeout reached, logging out.
195957.439: [19:59:57][202602192.168.2.254-19:59:57]
195958.469: [19:59:58]
195958.469: [19:59:58]******************************************************************************
195958.470: [19:59:58]* Copyright (c) 2004-2024 New H3C Technologies Co., Ltd. All rights reserved.*
195958.470: [19:59:58]* Without the owner's prior written consent,                                 *
195958.470: [19:59:58]* no decompiling or reverse-engineering shall be allowed.                    *
195958.470: [19:59:58]******************************************************************************
195958.470: [19:59:58]
201000.223: [20:10:00]<H3C>
201000.224: [20:10:00]Inactive timeout reached, logging out.
201005.834: [20:10:05][202602192.168.2.254-20:10:05]
201006.863: [20:10:06]
201006.864: [20:10:06]******************************************************************************
201006.864: [20:10:06]* Copyright (c) 2004-2024 New H3C Technologies Co., Ltd. All rights reserved.*
201006.864: [20:10:06]* Without the owner's prior written consent,                                 *
201006.864: [20:10:06]* no decompiling or reverse-engineering shall be allowed.                    *
201006.864: [20:10:06]******************************************************************************
201006.864: [20:10:06]
202008.728: [20:20:08]<H3C>
202008.729: [20:20:08]Inactive timeout reached, logging out.
202014.368: [20:20:14][202602192.168.2.254-20:20:14]
202015.397: [20:20:15]
202015.404: [20:20:15]******************************************************************************
202015.404: [20:20:15]* Copyright (c) 2004-2024 New H3C Technologies Co., Ltd. All rights reserved.*
202015.404: [20:20:15]* Without the owner's prior written consent,                                 *
202015.404: [20:20:15]* no decompiling or reverse-engineering shall be allowed.                    *
202015.405: [20:20:15]******************************************************************************
202015.405: [20:20:15]
203017.174: [20:30:17]<H3C>
203017.175: [20:30:17]Inactive timeout reached, logging out.
203022.392: [20:30:22][202602192.168.2.254-20:30:22]
203023.429: [20:30:23]
203023.429: [20:30:23]******************************************************************************
203023.430: [20:30:23]* Copyright (c) 2004-2024 New H3C Technologies Co., Ltd. All rights reserved.*
203023.430: [20:30:23]* Without the owner's prior written consent,                                 *
203023.430: [20:30:23]* no decompiling or reverse-engineering shall be allowed.                    *
203023.430: [20:30:23]******************************************************************************
203023.430: [20:30:23]
204025.227: [20:40:25]<H3C>
204025.229: [20:40:25]Inactive timeout reached, logging out.
204030.875: [20:40:30][202602192.168.2.254-20:40:30]
204031.906: [20:40:31]
204031.912: [20:40:31]******************************************************************************
204031.912: [20:40:31]* Copyright (c) 2004-2024 New H3C Technologies Co., Ltd. All rights reserved.*
204031.912: [20:40:31]* Without the owner's prior written consent,                                 *
204031.913: [20:40:31]* no decompiling or reverse-engineering shall be allowed.                    *
204031.913: [20:40:31]******************************************************************************
204031.913: [20:40:31]
205033.739: [20:50:33]<H3C>
205033.740: [20:50:33]Inactive timeout reached, logging out.
205039.403: [20:50:39][202602192.168.2.254-20:50:39]
205040.434: [20:50:40]
205040.443: [20:50:40]******************************************************************************
205040.443: [20:50:40]* Copyright (c) 2004-2024 New H3C Technologies Co., Ltd. All rights reserved.*
205040.443: [20:50:40]* Without the owner's prior written consent,                                 *
205040.444: [20:50:40]* no decompiling or reverse-engineering shall be allowed.                    *
205040.444: [20:50:40]******************************************************************************
205040.444: [20:50:40]
210042.253: [21:00:42]<H3C>
210042.254: [21:00:42]Inactive timeout reached, logging out.
210048.883: [21:00:48][202602192.168.2.254-21:00:48]
210049.910: [21:00:49]
210049.910: [21:00:49]******************************************************************************
210049.911: [21:00:49]* Copyright (c) 2004-2024 New H3C Technologies Co., Ltd. All rights reserved.*
210049.911: [21:00:49]* Without the owner's prior written consent,                                 *
210049.911: [21:00:49]* no decompiling or reverse-engineering shall be allowed.                    *
210049.911: [21:00:49]******************************************************************************
210049.911: [21:00:49]
211051.838: [21:10:51]<H3C>
211051.839: [21:10:51]Inactive timeout reached, logging out.
211057.419: [21:10:57][202602192.168.2.254-21:10:57]
211058.448: [21:10:58]
211058.454: [21:10:58]******************************************************************************
211058.454: [21:10:58]* Copyright (c) 2004-2024 New H3C Technologies Co., Ltd. All rights reserved.*
211058.455: [21:10:58]* Without the owner's prior written consent,                                 *
211058.455: [21:10:58]* no decompiling or reverse-engineering shall be allowed.                    *
211058.455: [21:10:58]******************************************************************************
211058.455: [21:10:58]
212100.237: [21:21:00]<H3C>
212100.238: [21:21:00]Inactive timeout reached, logging out.
212105.888: [21:21:05][202602192.168.2.254-21:21:05]
212106.917: [21:21:06]
212106.922: [21:21:06]******************************************************************************
212106.922: [21:21:06]* Copyright (c) 2004-2024 New H3C Technologies Co., Ltd. All rights reserved.*
212106.922: [21:21:06]* Without the owner's prior written consent,                                 *
212106.922: [21:21:06]* no decompiling or reverse-engineering shall be allowed.                    *
212106.923: [21:21:06]******************************************************************************
212106.923: [21:21:06]
213108.726: [21:31:08]<H3C>
213108.726: [21:31:08]Inactive timeout reached, logging out.
213114.406: [21:31:14][202602192.168.2.254-21:31:14]
213115.434: [21:31:15]
213115.440: [21:31:15]******************************************************************************
213115.441: [21:31:15]* Copyright (c) 2004-2024 New H3C Technologies Co., Ltd. All rights reserved.*
213115.441: [21:31:15]* Without the owner's prior written consent,                                 *
213115.441: [21:31:15]* no decompiling or reverse-engineering shall be allowed.                    *
213115.441: [21:31:15]******************************************************************************
213115.441: [21:31:15]
214117.253: [21:41:17]<H3C>
214117.253: [21:41:17]Inactive timeout reached, logging out.
214123.009: [21:41:23][202602192.168.2.254-21:41:23]
214124.037: [21:41:24]
214124.042: [21:41:24]******************************************************************************
214124.043: [21:41:24]* Copyright (c) 2004-2024 New H3C Technologies Co., Ltd. All rights reserved.*
214124.043: [21:41:24]* Without the owner's prior written consent,                                 *
214124.043: [21:41:24]* no decompiling or reverse-engineering shall be allowed.                    *
214124.043: [21:41:24]******************************************************************************
214124.043: [21:41:24]
215126.210: [21:51:26]<H3C>
215126.211: [21:51:26]Inactive timeout reached, logging out.
215131.915: [21:51:31][202602192.168.2.254-21:51:31]
215132.946: [21:51:32]
215132.951: [21:51:32]******************************************************************************
215132.952: [21:51:32]* Copyright (c) 2004-2024 New H3C Technologies Co., Ltd. All rights reserved.*
215132.952: [21:51:32]* Without the owner's prior written consent,                                 *
215132.952: [21:51:32]* no decompiling or reverse-engineering shall be allowed.                    *
215132.953: [21:51:32]******************************************************************************
215132.953: [21:51:32]
220134.795: [22:01:34]<H3C>
220134.796: [22:01:34]Inactive timeout reached, logging out.
220140.398: [22:01:40][202602192.168.2.254-22:01:40]
220141.456: [22:01:41]
220141.461: [22:01:41]******************************************************************************
220141.461: [22:01:41]* Copyright (c) 2004-2024 New H3C Technologies Co., Ltd. All rights reserved.*
220141.461: [22:01:41]* Without the owner's prior written consent,                                 *
220141.461: [22:01:41]* no decompiling or reverse-engineering shall be allowed.                    *
220141.462: [22:01:41]******************************************************************************
220141.462: [22:01:41]
221143.399: [22:11:43]<H3C>
221143.400: [22:11:43]Inactive timeout reached, logging out.
221148.872: [22:11:48][202602192.168.2.254-22:11:48]
221149.902: [22:11:49]
221149.902: [22:11:49]******************************************************************************
221149.903: [22:11:49]* Copyright (c) 2004-2024 New H3C Technologies Co., Ltd. All rights reserved.*
221149.903: [22:11:49]* Without the owner's prior written consent,                                 *
221149.903: [22:11:49]* no decompiling or reverse-engineering shall be allowed.                    *
221149.903: [22:11:49]******************************************************************************
221149.903: [22:11:49]
222151.709: [22:21:51]<H3C>
222151.709: [22:21:51]Inactive timeout reached, logging out.
222157.404: [22:21:57][202602192.168.2.254-22:21:57]
222158.432: [22:21:58]
222158.432: [22:21:58]******************************************************************************
222158.432: [22:21:58]* Copyright (c) 2004-2024 New H3C Technologies Co., Ltd. All rights reserved.*
222158.432: [22:21:58]* Without the owner's prior written consent,                                 *
222158.432: [22:21:58]* no decompiling or reverse-engineering shall be allowed.                    *
222158.433: [22:21:58]******************************************************************************
222158.433: [22:21:58]
223200.196: [22:32:00]<H3C>
223200.197: [22:32:00]Inactive timeout reached, logging out.
223205.562: [22:32:05][202602192.168.2.254-22:32:05]
223206.589: [22:32:06]
223206.595: [22:32:06]******************************************************************************
223206.595: [22:32:06]* Copyright (c) 2004-2024 New H3C Technologies Co., Ltd. All rights reserved.*
223206.595: [22:32:06]* Without the owner's prior written consent,                                 *
223206.596: [22:32:06]* no decompiling or reverse-engineering shall be allowed.                    *
223206.596: [22:32:06]******************************************************************************
223206.596: [22:32:06]
224208.551: [22:42:08]<H3C>
224208.552: [22:42:08]Inactive timeout reached, logging out.
224213.837: [22:42:13][202602192.168.2.254-22:42:13]
224214.867: [22:42:14]
224214.874: [22:42:14]******************************************************************************
224214.874: [22:42:14]* Copyright (c) 2004-2024 New H3C Technologies Co., Ltd. All rights reserved.*
224214.874: [22:42:14]* Without the owner's prior written consent,                                 *
224214.874: [22:42:14]* no decompiling or reverse-engineering shall be allowed.                    *
224214.874: [22:42:14]******************************************************************************
224214.875: [22:42:14]
225216.680: [22:52:16]<H3C>
225216.681: [22:52:16]Inactive timeout reached, logging out.
225222.391: [22:52:22][202602192.168.2.254-22:52:22]
225223.419: [22:52:23]
225223.420: [22:52:23]******************************************************************************
225223.420: [22:52:23]* Copyright (c) 2004-2024 New H3C Technologies Co., Ltd. All rights reserved.*
225223.420: [22:52:23]* Without the owner's prior written consent,                                 *
225223.420: [22:52:23]* no decompiling or reverse-engineering shall be allowed.                    *
225223.421: [22:52:23]******************************************************************************
225223.421: [22:52:23]
230225.251: [23:02:25]<H3C>
230225.251: [23:02:25]Inactive timeout reached, logging out.
230230.857: [23:02:30][202602192.168.2.254-23:02:30]
230231.897: [23:02:31]
230231.897: [23:02:31]******************************************************************************
230231.898: [23:02:31]* Copyright (c) 2004-2024 New H3C Technologies Co., Ltd. All rights reserved.*
230231.898: [23:02:31]* Without the owner's prior written consent,                                 *
230231.898: [23:02:31]* no decompiling or reverse-engineering shall be allowed.                    *
230231.898: [23:02:31]******************************************************************************
230231.898: [23:02:31]
231233.631: [23:12:33]<H3C>
231233.631: [23:12:33]Inactive timeout reached, logging out.
231238.831: [23:12:38][202602192.168.2.254-23:12:38]
231239.859: [23:12:39]
231239.866: [23:12:39]******************************************************************************
231239.866: [23:12:39]* Copyright (c) 2004-2024 New H3C Technologies Co., Ltd. All rights reserved.*
231239.866: [23:12:39]* Without the owner's prior written consent,                                 *
231239.866: [23:12:39]* no decompiling or reverse-engineering shall be allowed.                    *
231239.866: [23:12:39]******************************************************************************
231239.866: [23:12:39]
232241.633: [23:22:41]<H3C>
232241.633: [23:22:41]Inactive timeout reached, logging out.
232246.847: [23:22:46][202602192.168.2.254-23:22:46]
232247.878: [23:22:47]
232247.879: [23:22:47]******************************************************************************
232247.879: [23:22:47]* Copyright (c) 2004-2024 New H3C Technologies Co., Ltd. All rights reserved.*
232247.879: [23:22:47]* Without the owner's prior written consent,                                 *
232247.879: [23:22:47]* no decompiling or reverse-engineering shall be allowed.                    *
232247.880: [23:22:47]******************************************************************************
232247.880: [23:22:47]
233249.705: [23:32:49]<H3C>
233249.706: [23:32:49]Inactive timeout reached, logging out.
233255.379: [23:32:55][202602192.168.2.254-23:32:55]
233256.406: [23:32:56]
233256.413: [23:32:56]******************************************************************************
233256.413: [23:32:56]* Copyright (c) 2004-2024 New H3C Technologies Co., Ltd. All rights reserved.*
233256.413: [23:32:56]* Without the owner's prior written consent,                                 *
233256.413: [23:32:56]* no decompiling or reverse-engineering shall be allowed.                    *
233256.413: [23:32:56]******************************************************************************
233256.413: [23:32:56]
234258.339: [23:42:58]<H3C>
234258.340: [23:42:58]Inactive timeout reached, logging out.
234303.848: [23:43:03][202602192.168.2.254-23:43:03]
234304.878: [23:43:04]
234304.884: [23:43:04]******************************************************************************
234304.884: [23:43:04]* Copyright (c) 2004-2024 New H3C Technologies Co., Ltd. All rights reserved.*
234304.884: [23:43:04]* Without the owner's prior written consent,                                 *
234304.884: [23:43:04]* no decompiling or reverse-engineering shall be allowed.                    *
234304.885: [23:43:04]******************************************************************************
234304.885: [23:43:04]
235306.728: [23:53:06]<H3C>
235306.729: [23:53:06]Inactive timeout reached, logging out.
235312.381: [23:53:12][202602192.168.2.254-23:53:12]
235313.409: [23:53:13]
235313.415: [23:53:13]******************************************************************************
235313.415: [23:53:13]* Copyright (c) 2004-2024 New H3C Technologies Co., Ltd. All rights reserved.*
235313.415: [23:53:13]* Without the owner's prior written consent,                                 *
235313.415: [23:53:13]* no decompiling or reverse-engineering shall be allowed.                    *
235313.415: [23:53:13]******************************************************************************
235313.415: [23:53:13]
