151009.842: [15:10:09][202603105-存储-172.16.101.106-15:10:09]
151009.862: [15:10:09]Last login: Wed Aug 13 15:31:00 2025 from 192.168.15.253
151009.864: [15:10:09] Authorized users only. All activity may be monitored and reported 
151012.688: [15:10:12][storadmin@BLKStor6 ~]$ cat /etc/os-release 
151012.718: [15:10:12]NAME="CentOS Linux"
151012.718: [15:10:12]VERSION="7 (Core)"
151012.718: [15:10:12]ID="centos"
151012.718: [15:10:12]ID_LIKE="rhel fedora"
151012.721: [15:10:12]VERSION_ID="7"
151012.721: [15:10:12]PRETTY_NAME="CentOS Linux 7 (Core)"
151012.721: [15:10:12]ANSI_COLOR="0;31"
151012.721: [15:10:12]CPE_NAME="cpe:/o:centos:centos:7"
151012.721: [15:10:12]HOME_URL="https://www.centos.org/"
151012.722: [15:10:12]BUG_REPORT_URL="https://bugs.centos.org/"
151012.722: [15:10:12]
151012.722: [15:10:12]CENTOS_MANTISBT_PROJECT="CentOS-7"
151012.722: [15:10:12]CENTOS_MANTISBT_PROJECT_VERSION="7"
151012.722: [15:10:12]REDHAT_SUPPORT_PRODUCT="centos"
151012.722: [15:10:12]REDHAT_SUPPORT_PRODUCT_VERSION="7"
151012.722: [15:10:12]
151312.707: [15:13:12][storadmin@BLKStor6 ~]$ timed out waiting for input: auto-logout
151318.789: [15:13:18][202603105-存储-172.16.101.106-15:13:18]
151318.980: [15:13:18]Last login: Wed Mar 25 14:49:50 2026 from 192.168.6.173
151318.980: [15:13:18] Authorized users only. All activity may be monitored and reported 
151549.894: [15:15:49][storadmin@BLKStor6 ~]$ lscpu
151549.969: [15:15:49]Architecture:          x86_64
151549.969: [15:15:49]CPU op-mode(s):        32-bit, 64-bit
151549.969: [15:15:49]Byte Order:            Little Endian
151549.970: [15:15:49]CPU(s):                128
151549.970: [15:15:49]On-line CPU(s) list:   0-127
151549.970: [15:15:49]Thread(s) per core:    2
151549.970: [15:15:49]Core(s) per socket:    32
151549.970: [15:15:49]Socket(s):             2
151549.970: [15:15:49]NUMA node(s):          8
151549.970: [15:15:49]Vendor ID:             HygonGenuine
151549.971: [15:15:49]CPU family:            24
151549.971: [15:15:49]Model:                 0
151549.971: [15:15:49]Model name:            Hygon C86 7185 32-core Processor
151549.971: [15:15:49]Stepping:              2
151549.971: [15:15:49]CPU MHz:               1999.807
151549.971: [15:15:49]BogoMIPS:              3999.61
151549.971: [15:15:49]Virtualization:        AMD-V
151549.971: [15:15:49]L1d cache:             32K
151549.971: [15:15:49]L1i cache:             64K
151549.971: [15:15:49]L2 cache:              512K
151549.971: [15:15:49]L3 cache:              8192K
151549.971: [15:15:49]NUMA node0 CPU(s):     0-7,64-71
151549.972: [15:15:49]NUMA node1 CPU(s):     8-15,72-79
151549.972: [15:15:49]NUMA node2 CPU(s):     16-23,80-87
151549.980: [15:15:49]NUMA node3 CPU(s):     24-31,88-95
151549.980: [15:15:49]NUMA node4 CPU(s):     32-39,96-103
151549.980: [15:15:49]NUMA node5 CPU(s):     40-47,104-111
151549.980: [15:15:49]NUMA node6 CPU(s):     48-55,112-119
151549.980: [15:15:49]NUMA node7 CPU(s):     56-63,120-127
151549.981: [15:15:49]Flags:                 fpu vme de pse tsc msr pae mce cx8 apic sep mtrr pge mca cmov151549.981:  pat pse36 clflush mmx fxsr sse sse2 ht syscall nx mmxext fxsr_opt pdpe1gb rdtscp lm151549.981:  constant_tsc art rep_good nopl nonstop_tsc extd_apicid amd_dcm aperfmperf eagerfpu 151549.981: pni monitor ssse3 fma cx16 sse4_1 sse4_2 movbe popcnt xsave avx f16c rdrand lahf_lm 151549.981: cmp_legacy svm extapic cr8_legacy abm sse4a misalignsse 3dnowprefetch osvw skinit wd151549.981: t tce topoext perfctr_core perfctr_nb bpext perfctr_l2 hw_pstate retpoline_amd ssbd 151549.982: ibpb vmmcall fsgsbase bmi1 avx2 smep bmi2 rdseed adx smap clflushopt xsaveopt xsavec151549.982:  xgetbv1 clzero irperf xsaveerptr arat npt lbrv svm_lock nrip_save tsc_scale vmcb_cl151549.982: ean flushbyasid decodeassists pausefilter pfthreshold avic v_vmsave_vmload vgif over151549.982: flow_recov succor smca
151850.183: [15:18:50][storadmin@BLKStor6 ~]$ timed out waiting for input: auto-logout
151855.626: [15:18:55][202603105-存储-172.16.101.106-15:18:55]
151855.643: [15:18:55]Last login: Wed Mar 25 14:52:59 2026 from 192.168.6.173
151855.643: [15:18:55] Authorized users only. All activity may be monitored and reported 
152105.604: [15:21:05][storadmin@BLKStor6 ~]$ dmidecode -s system-serial-number
152105.607: [15:21:05]/sys/firmware/dmi/tables/smbios_entry_point: Permission denied
152105.607: [15:21:05]/dev/mem: Permission denied
