000424.773: [00:04:24][202603Home-Dell-Public-00:04:24]
000424.828: [00:04:24]Linux anncara-computer 6.12.41+deb13-amd64 #1 SMP PREEMPT_DYNAMIC Debian 6.12.41-1 (2025-08-12) x86_64
000424.828: [00:04:24]
000424.828: [00:04:24]The programs included with the Debian GNU/Linux system are free software;
000424.828: [00:04:24]the exact distribution terms for each program are described in the
000424.829: [00:04:24]individual files in /usr/share/doc/*/copyright.
000424.829: [00:04:24]
000424.829: [00:04:24]Debian GNU/Linux comes with ABSOLUTELY NO WARRANTY, to the extent
000424.829: [00:04:24]permitted by applicable law.
000424.830: [00:04:24]Last login: Sat Feb 28 23:34:24 2026 from 223.107.68.194
003425.897: [00:34:25][202603Home-Dell-Public-00:34:25]
003426.009: [00:34:26]Linux anncara-computer 6.12.41+deb13-amd64 #1 SMP PREEMPT_DYNAMIC Debian 6.12.41-1 (2025-08-12) x86_64
003426.010: [00:34:26]
003426.010: [00:34:26]The programs included with the Debian GNU/Linux system are free software;
003426.010: [00:34:26]the exact distribution terms for each program are described in the
003426.011: [00:34:26]individual files in /usr/share/doc/*/copyright.
003426.011: [00:34:26]
003426.011: [00:34:26]Debian GNU/Linux comes with ABSOLUTELY NO WARRANTY, to the extent
003426.011: [00:34:26]permitted by applicable law.
003426.012: [00:34:26]Last login: Sun Mar  1 00:04:24 2026 from 223.107.68.194
010424.190: [01:04:24][202603Home-Dell-Public-01:04:24]
010424.242: [01:04:24]Linux anncara-computer 6.12.41+deb13-amd64 #1 SMP PREEMPT_DYNAMIC Debian 6.12.41-1 (2025-08-12) x86_64
010424.242: [01:04:24]
010424.243: [01:04:24]The programs included with the Debian GNU/Linux system are free software;
010424.243: [01:04:24]the exact distribution terms for each program are described in the
010424.243: [01:04:24]individual files in /usr/share/doc/*/copyright.
010424.244: [01:04:24]
010424.244: [01:04:24]Debian GNU/Linux comes with ABSOLUTELY NO WARRANTY, to the extent
010424.244: [01:04:24]permitted by applicable law.
010424.244: [01:04:24]Last login: Sun Mar  1 00:34:25 2026 from 223.107.68.194
013424.731: [01:34:24][202603Home-Dell-Public-01:34:24]
013424.783: [01:34:24]Linux anncara-computer 6.12.41+deb13-amd64 #1 SMP PREEMPT_DYNAMIC Debian 6.12.41-1 (2025-08-12) x86_64
013424.783: [01:34:24]
013424.783: [01:34:24]The programs included with the Debian GNU/Linux system are free software;
013424.784: [01:34:24]the exact distribution terms for each program are described in the
013424.784: [01:34:24]individual files in /usr/share/doc/*/copyright.
013424.784: [01:34:24]
013424.784: [01:34:24]Debian GNU/Linux comes with ABSOLUTELY NO WARRANTY, to the extent
013424.784: [01:34:24]permitted by applicable law.
013424.785: [01:34:24]Last login: Sun Mar  1 01:04:24 2026 from 223.107.68.194
020424.671: [02:04:24][202603Home-Dell-Public-02:04:24]
020424.723: [02:04:24]Linux anncara-computer 6.12.41+deb13-amd64 #1 SMP PREEMPT_DYNAMIC Debian 6.12.41-1 (2025-08-12) x86_64
020424.724: [02:04:24]
020424.724: [02:04:24]The programs included with the Debian GNU/Linux system are free software;
020424.724: [02:04:24]the exact distribution terms for each program are described in the
020424.725: [02:04:24]individual files in /usr/share/doc/*/copyright.
020424.725: [02:04:24]
020424.725: [02:04:24]Debian GNU/Linux comes with ABSOLUTELY NO WARRANTY, to the extent
020424.725: [02:04:24]permitted by applicable law.
020424.725: [02:04:24]Last login: Sun Mar  1 01:34:24 2026 from 223.107.68.194
023425.503: [02:34:25][202603Home-Dell-Public-02:34:25]
023425.602: [02:34:25]Linux anncara-computer 6.12.41+deb13-amd64 #1 SMP PREEMPT_DYNAMIC Debian 6.12.41-1 (2025-08-12) x86_64
023425.602: [02:34:25]
023425.602: [02:34:25]The programs included with the Debian GNU/Linux system are free software;
023425.603: [02:34:25]the exact distribution terms for each program are described in the
023425.603: [02:34:25]individual files in /usr/share/doc/*/copyright.
023425.603: [02:34:25]
023425.603: [02:34:25]Debian GNU/Linux comes with ABSOLUTELY NO WARRANTY, to the extent
023425.603: [02:34:25]permitted by applicable law.
023425.604: [02:34:25]Last login: Sun Mar  1 02:04:24 2026 from 223.107.68.194
030945.167: [03:09:45][202603Home-Dell-Public-03:09:45]
030945.221: [03:09:45]Linux anncara-computer 6.12.41+deb13-amd64 #1 SMP PREEMPT_DYNAMIC Debian 6.12.41-1 (2025-08-12) x86_64
030945.221: [03:09:45]
030945.221: [03:09:45]The programs included with the Debian GNU/Linux system are free software;
030945.222: [03:09:45]the exact distribution terms for each program are described in the
030945.222: [03:09:45]individual files in /usr/share/doc/*/copyright.
030945.222: [03:09:45]
030945.222: [03:09:45]Debian GNU/Linux comes with ABSOLUTELY NO WARRANTY, to the extent
030945.223: [03:09:45]permitted by applicable law.
030945.223: [03:09:45]Last login: Sun Mar  1 02:34:25 2026 from 223.107.68.194
033424.863: [03:34:24][202603Home-Dell-Public-03:34:24]
033424.918: [03:34:24]Linux anncara-computer 6.12.41+deb13-amd64 #1 SMP PREEMPT_DYNAMIC Debian 6.12.41-1 (2025-08-12) x86_64
033424.918: [03:34:24]
033424.918: [03:34:24]The programs included with the Debian GNU/Linux system are free software;
033424.919: [03:34:24]the exact distribution terms for each program are described in the
033424.919: [03:34:24]individual files in /usr/share/doc/*/copyright.
033424.919: [03:34:24]
033424.919: [03:34:24]Debian GNU/Linux comes with ABSOLUTELY NO WARRANTY, to the extent
033424.919: [03:34:24]permitted by applicable law.
033424.920: [03:34:24]Last login: Sun Mar  1 03:09:45 2026 from 223.107.68.194
040425.683: [04:04:25][202603Home-Dell-Public-04:04:25]
040425.740: [04:04:25]Linux anncara-computer 6.12.41+deb13-amd64 #1 SMP PREEMPT_DYNAMIC Debian 6.12.41-1 (2025-08-12) x86_64
040425.740: [04:04:25]
040425.740: [04:04:25]The programs included with the Debian GNU/Linux system are free software;
040425.741: [04:04:25]the exact distribution terms for each program are described in the
040425.741: [04:04:25]individual files in /usr/share/doc/*/copyright.
040425.741: [04:04:25]
040425.741: [04:04:25]Debian GNU/Linux comes with ABSOLUTELY NO WARRANTY, to the extent
040425.742: [04:04:25]permitted by applicable law.
040425.742: [04:04:25]Last login: Sun Mar  1 03:34:24 2026 from 223.107.68.194
043424.248: [04:34:24][202603Home-Dell-Public-04:34:24]
043424.376: [04:34:24]Linux anncara-computer 6.12.41+deb13-amd64 #1 SMP PREEMPT_DYNAMIC Debian 6.12.41-1 (2025-08-12) x86_64
043424.376: [04:34:24]
043424.376: [04:34:24]The programs included with the Debian GNU/Linux system are free software;
043424.377: [04:34:24]the exact distribution terms for each program are described in the
043424.377: [04:34:24]individual files in /usr/share/doc/*/copyright.
043424.377: [04:34:24]
043424.377: [04:34:24]Debian GNU/Linux comes with ABSOLUTELY NO WARRANTY, to the extent
043424.377: [04:34:24]permitted by applicable law.
043424.378: [04:34:24]Last login: Sun Mar  1 04:04:25 2026 from 223.107.68.194
050425.119: [05:04:25][202603Home-Dell-Public-05:04:25]
050425.178: [05:04:25]Linux anncara-computer 6.12.41+deb13-amd64 #1 SMP PREEMPT_DYNAMIC Debian 6.12.41-1 (2025-08-12) x86_64
050425.178: [05:04:25]
050425.178: [05:04:25]The programs included with the Debian GNU/Linux system are free software;
050425.179: [05:04:25]the exact distribution terms for each program are described in the
050425.179: [05:04:25]individual files in /usr/share/doc/*/copyright.
050425.179: [05:04:25]
050425.179: [05:04:25]Debian GNU/Linux comes with ABSOLUTELY NO WARRANTY, to the extent
050425.179: [05:04:25]permitted by applicable law.
050425.180: [05:04:25]Last login: Sun Mar  1 05:00:12 2026 from 10.253.0.2
053425.179: [05:34:25][202603Home-Dell-Public-05:34:25]
053425.242: [05:34:25]Linux anncara-computer 6.12.41+deb13-amd64 #1 SMP PREEMPT_DYNAMIC Debian 6.12.41-1 (2025-08-12) x86_64
053425.242: [05:34:25]
053425.243: [05:34:25]The programs included with the Debian GNU/Linux system are free software;
053425.243: [05:34:25]the exact distribution terms for each program are described in the
053425.243: [05:34:25]individual files in /usr/share/doc/*/copyright.
053425.243: [05:34:25]
053425.243: [05:34:25]Debian GNU/Linux comes with ABSOLUTELY NO WARRANTY, to the extent
053425.244: [05:34:25]permitted by applicable law.
053425.244: [05:34:25]Last login: Sun Mar  1 05:04:25 2026 from 223.107.68.194
060425.582: [06:04:25][202603Home-Dell-Public-06:04:25]
060425.641: [06:04:25]Linux anncara-computer 6.12.41+deb13-amd64 #1 SMP PREEMPT_DYNAMIC Debian 6.12.41-1 (2025-08-12) x86_64
060425.641: [06:04:25]
060425.641: [06:04:25]The programs included with the Debian GNU/Linux system are free software;
060425.642: [06:04:25]the exact distribution terms for each program are described in the
060425.642: [06:04:25]individual files in /usr/share/doc/*/copyright.
060425.642: [06:04:25]
060425.642: [06:04:25]Debian GNU/Linux comes with ABSOLUTELY NO WARRANTY, to the extent
060425.642: [06:04:25]permitted by applicable law.
060425.643: [06:04:25]Last login: Sun Mar  1 05:34:25 2026 from 223.107.68.194
063425.267: [06:34:25][202603Home-Dell-Public-06:34:25]
063425.328: [06:34:25]Linux anncara-computer 6.12.41+deb13-amd64 #1 SMP PREEMPT_DYNAMIC Debian 6.12.41-1 (2025-08-12) x86_64
063425.328: [06:34:25]
063425.328: [06:34:25]The programs included with the Debian GNU/Linux system are free software;
063425.329: [06:34:25]the exact distribution terms for each program are described in the
063425.329: [06:34:25]individual files in /usr/share/doc/*/copyright.
063425.329: [06:34:25]
063425.329: [06:34:25]Debian GNU/Linux comes with ABSOLUTELY NO WARRANTY, to the extent
063425.329: [06:34:25]permitted by applicable law.
063425.330: [06:34:25]Last login: Sun Mar  1 06:04:25 2026 from 223.107.68.194
070425.168: [07:04:25][202603Home-Dell-Public-07:04:25]
070425.226: [07:04:25]Linux anncara-computer 6.12.41+deb13-amd64 #1 SMP PREEMPT_DYNAMIC Debian 6.12.41-1 (2025-08-12) x86_64
070425.226: [07:04:25]
070425.226: [07:04:25]The programs included with the Debian GNU/Linux system are free software;
070425.227: [07:04:25]the exact distribution terms for each program are described in the
070425.227: [07:04:25]individual files in /usr/share/doc/*/copyright.
070425.227: [07:04:25]
070425.227: [07:04:25]Debian GNU/Linux comes with ABSOLUTELY NO WARRANTY, to the extent
070425.227: [07:04:25]permitted by applicable law.
070425.228: [07:04:25]Last login: Sun Mar  1 06:34:25 2026 from 223.107.68.194
073424.872: [07:34:24][202603Home-Dell-Public-07:34:24]
073424.968: [07:34:24]Linux anncara-computer 6.12.41+deb13-amd64 #1 SMP PREEMPT_DYNAMIC Debian 6.12.41-1 (2025-08-12) x86_64
073424.968: [07:34:24]
073424.968: [07:34:24]The programs included with the Debian GNU/Linux system are free software;
073424.969: [07:34:24]the exact distribution terms for each program are described in the
073424.969: [07:34:24]individual files in /usr/share/doc/*/copyright.
073424.969: [07:34:24]
073424.969: [07:34:24]Debian GNU/Linux comes with ABSOLUTELY NO WARRANTY, to the extent
073424.970: [07:34:24]permitted by applicable law.
073424.970: [07:34:24]Last login: Sun Mar  1 07:04:25 2026 from 223.107.68.194
080425.336: [08:04:25][202603Home-Dell-Public-08:04:25]
080425.431: [08:04:25]Linux anncara-computer 6.12.41+deb13-amd64 #1 SMP PREEMPT_DYNAMIC Debian 6.12.41-1 (2025-08-12) x86_64
080425.431: [08:04:25]
080425.431: [08:04:25]The programs included with the Debian GNU/Linux system are free software;
080425.432: [08:04:25]the exact distribution terms for each program are described in the
080425.432: [08:04:25]individual files in /usr/share/doc/*/copyright.
080425.432: [08:04:25]
080425.432: [08:04:25]Debian GNU/Linux comes with ABSOLUTELY NO WARRANTY, to the extent
080425.433: [08:04:25]permitted by applicable law.
080425.433: [08:04:25]Last login: Sun Mar  1 07:34:24 2026 from 223.107.68.194
083424.841: [08:34:24][202603Home-Dell-Public-08:34:24]
083425.006: [08:34:25]Linux anncara-computer 6.12.41+deb13-amd64 #1 SMP PREEMPT_DYNAMIC Debian 6.12.41-1 (2025-08-12) x86_64
083425.006: [08:34:25]
083425.006: [08:34:25]The programs included with the Debian GNU/Linux system are free software;
083425.006: [08:34:25]the exact distribution terms for each program are described in the
083425.007: [08:34:25]individual files in /usr/share/doc/*/copyright.
083425.007: [08:34:25]
083425.007: [08:34:25]Debian GNU/Linux comes with ABSOLUTELY NO WARRANTY, to the extent
083425.007: [08:34:25]permitted by applicable law.
083425.008: [08:34:25]Last login: Sun Mar  1 08:04:25 2026 from 223.107.68.194
090425.515: [09:04:25][202603Home-Dell-Public-09:04:25]
090425.620: [09:04:25]Linux anncara-computer 6.12.41+deb13-amd64 #1 SMP PREEMPT_DYNAMIC Debian 6.12.41-1 (2025-08-12) x86_64
090425.620: [09:04:25]
090425.620: [09:04:25]The programs included with the Debian GNU/Linux system are free software;
090425.621: [09:04:25]the exact distribution terms for each program are described in the
090425.621: [09:04:25]individual files in /usr/share/doc/*/copyright.
090425.621: [09:04:25]
090425.621: [09:04:25]Debian GNU/Linux comes with ABSOLUTELY NO WARRANTY, to the extent
090425.621: [09:04:25]permitted by applicable law.
090425.622: [09:04:25]Last login: Sun Mar  1 08:34:24 2026 from 223.107.68.194
093425.596: [09:34:25][202603Home-Dell-Public-09:34:25]
093425.657: [09:34:25]Linux anncara-computer 6.12.41+deb13-amd64 #1 SMP PREEMPT_DYNAMIC Debian 6.12.41-1 (2025-08-12) x86_64
093425.657: [09:34:25]
093425.657: [09:34:25]The programs included with the Debian GNU/Linux system are free software;
093425.658: [09:34:25]the exact distribution terms for each program are described in the
093425.658: [09:34:25]individual files in /usr/share/doc/*/copyright.
093425.658: [09:34:25]
093425.658: [09:34:25]Debian GNU/Linux comes with ABSOLUTELY NO WARRANTY, to the extent
093425.658: [09:34:25]permitted by applicable law.
093425.659: [09:34:25]Last login: Sun Mar  1 09:04:25 2026 from 223.107.68.194
100424.782: [10:04:24][202603Home-Dell-Public-10:04:24]
100424.886: [10:04:24]Linux anncara-computer 6.12.41+deb13-amd64 #1 SMP PREEMPT_DYNAMIC Debian 6.12.41-1 (2025-08-12) x86_64
100424.886: [10:04:24]
100424.887: [10:04:24]The programs included with the Debian GNU/Linux system are free software;
100424.887: [10:04:24]the exact distribution terms for each program are described in the
100424.887: [10:04:24]individual files in /usr/share/doc/*/copyright.
100424.887: [10:04:24]
100424.887: [10:04:24]Debian GNU/Linux comes with ABSOLUTELY NO WARRANTY, to the extent
100424.888: [10:04:24]permitted by applicable law.
100424.888: [10:04:24]Last login: Sun Mar  1 09:34:25 2026 from 223.107.68.194
103426.069: [10:34:26][202603Home-Dell-Public-10:34:26]
103426.121: [10:34:26]Linux anncara-computer 6.12.41+deb13-amd64 #1 SMP PREEMPT_DYNAMIC Debian 6.12.41-1 (2025-08-12) x86_64
103426.121: [10:34:26]
103426.121: [10:34:26]The programs included with the Debian GNU/Linux system are free software;
103426.121: [10:34:26]the exact distribution terms for each program are described in the
103426.122: [10:34:26]individual files in /usr/share/doc/*/copyright.
103426.122: [10:34:26]
103426.122: [10:34:26]Debian GNU/Linux comes with ABSOLUTELY NO WARRANTY, to the extent
103426.122: [10:34:26]permitted by applicable law.
103426.123: [10:34:26]Last login: Sun Mar  1 10:04:24 2026 from 223.107.68.194
110424.646: [11:04:24][202603Home-Dell-Public-11:04:24]
110424.723: [11:04:24]Linux anncara-computer 6.12.41+deb13-amd64 #1 SMP PREEMPT_DYNAMIC Debian 6.12.41-1 (2025-08-12) x86_64
110424.723: [11:04:24]
110424.724: [11:04:24]The programs included with the Debian GNU/Linux system are free software;
110424.724: [11:04:24]the exact distribution terms for each program are described in the
110424.724: [11:04:24]individual files in /usr/share/doc/*/copyright.
110424.724: [11:04:24]
110424.725: [11:04:24]Debian GNU/Linux comes with ABSOLUTELY NO WARRANTY, to the extent
110424.725: [11:04:24]permitted by applicable law.
110424.725: [11:04:24]Last login: Sun Mar  1 10:34:26 2026 from 223.107.68.194
113425.302: [11:34:25][202603Home-Dell-Public-11:34:25]
113425.404: [11:34:25]Linux anncara-computer 6.12.41+deb13-amd64 #1 SMP PREEMPT_DYNAMIC Debian 6.12.41-1 (2025-08-12) x86_64
113425.404: [11:34:25]
113425.404: [11:34:25]The programs included with the Debian GNU/Linux system are free software;
113425.404: [11:34:25]the exact distribution terms for each program are described in the
113425.405: [11:34:25]individual files in /usr/share/doc/*/copyright.
113425.405: [11:34:25]
113425.405: [11:34:25]Debian GNU/Linux comes with ABSOLUTELY NO WARRANTY, to the extent
113425.405: [11:34:25]permitted by applicable law.
113425.405: [11:34:25]Last login: Sun Mar  1 11:04:24 2026 from 223.107.68.194
120424.834: [12:04:24][202603Home-Dell-Public-12:04:24]
120424.930: [12:04:24]Linux anncara-computer 6.12.41+deb13-amd64 #1 SMP PREEMPT_DYNAMIC Debian 6.12.41-1 (2025-08-12) x86_64
120424.930: [12:04:24]
120424.930: [12:04:24]The programs included with the Debian GNU/Linux system are free software;
120424.931: [12:04:24]the exact distribution terms for each program are described in the
120424.931: [12:04:24]individual files in /usr/share/doc/*/copyright.
120424.931: [12:04:24]
120424.931: [12:04:24]Debian GNU/Linux comes with ABSOLUTELY NO WARRANTY, to the extent
120424.931: [12:04:24]permitted by applicable law.
120424.932: [12:04:24]Last login: Sun Mar  1 11:34:25 2026 from 223.107.68.194
123425.150: [12:34:25][202603Home-Dell-Public-12:34:25]
123425.207: [12:34:25]Linux anncara-computer 6.12.41+deb13-amd64 #1 SMP PREEMPT_DYNAMIC Debian 6.12.41-1 (2025-08-12) x86_64
123425.207: [12:34:25]
123425.208: [12:34:25]The programs included with the Debian GNU/Linux system are free software;
123425.208: [12:34:25]the exact distribution terms for each program are described in the
123425.208: [12:34:25]individual files in /usr/share/doc/*/copyright.
123425.208: [12:34:25]
123425.209: [12:34:25]Debian GNU/Linux comes with ABSOLUTELY NO WARRANTY, to the extent
123425.209: [12:34:25]permitted by applicable law.
123425.209: [12:34:25]Last login: Sun Mar  1 12:04:24 2026 from 223.107.68.194
130425.247: [13:04:25][202603Home-Dell-Public-13:04:25]
130425.300: [13:04:25]Linux anncara-computer 6.12.41+deb13-amd64 #1 SMP PREEMPT_DYNAMIC Debian 6.12.41-1 (2025-08-12) x86_64
130425.300: [13:04:25]
130425.300: [13:04:25]The programs included with the Debian GNU/Linux system are free software;
130425.300: [13:04:25]the exact distribution terms for each program are described in the
130425.300: [13:04:25]individual files in /usr/share/doc/*/copyright.
130425.300: [13:04:25]
130425.300: [13:04:25]Debian GNU/Linux comes with ABSOLUTELY NO WARRANTY, to the extent
130425.300: [13:04:25]permitted by applicable law.
130425.301: [13:04:25]Last login: Sun Mar  1 12:34:25 2026 from 223.107.68.194
133425.889: [13:34:25][202603Home-Dell-Public-13:34:25]
133426.017: [13:34:26]Linux anncara-computer 6.12.41+deb13-amd64 #1 SMP PREEMPT_DYNAMIC Debian 6.12.41-1 (2025-08-12) x86_64
133426.017: [13:34:26]
133426.018: [13:34:26]The programs included with the Debian GNU/Linux system are free software;
133426.018: [13:34:26]the exact distribution terms for each program are described in the
133426.018: [13:34:26]individual files in /usr/share/doc/*/copyright.
133426.018: [13:34:26]
133426.019: [13:34:26]Debian GNU/Linux comes with ABSOLUTELY NO WARRANTY, to the extent
133426.019: [13:34:26]permitted by applicable law.
133426.019: [13:34:26]Last login: Sun Mar  1 13:04:25 2026 from 223.107.68.194
140425.229: [14:04:25][202603Home-Dell-Public-14:04:25]
140425.291: [14:04:25]Linux anncara-computer 6.12.41+deb13-amd64 #1 SMP PREEMPT_DYNAMIC Debian 6.12.41-1 (2025-08-12) x86_64
140425.291: [14:04:25]
140425.292: [14:04:25]The programs included with the Debian GNU/Linux system are free software;
140425.292: [14:04:25]the exact distribution terms for each program are described in the
140425.292: [14:04:25]individual files in /usr/share/doc/*/copyright.
140425.292: [14:04:25]
140425.293: [14:04:25]Debian GNU/Linux comes with ABSOLUTELY NO WARRANTY, to the extent
140425.293: [14:04:25]permitted by applicable law.
140425.293: [14:04:25]Last login: Sun Mar  1 13:34:25 2026 from 223.107.68.194
143425.517: [14:34:25][202603Home-Dell-Public-14:34:25]
143425.628: [14:34:25]Linux anncara-computer 6.12.41+deb13-amd64 #1 SMP PREEMPT_DYNAMIC Debian 6.12.41-1 (2025-08-12) x86_64
143425.628: [14:34:25]
143425.628: [14:34:25]The programs included with the Debian GNU/Linux system are free software;
143425.628: [14:34:25]the exact distribution terms for each program are described in the
143425.629: [14:34:25]individual files in /usr/share/doc/*/copyright.
143425.629: [14:34:25]
143425.629: [14:34:25]Debian GNU/Linux comes with ABSOLUTELY NO WARRANTY, to the extent
143425.629: [14:34:25]permitted by applicable law.
143425.630: [14:34:25]Last login: Sun Mar  1 14:04:25 2026 from 223.107.68.194
150426.379: [15:04:26][202603Home-Dell-Public-15:04:26]
150426.564: [15:04:26]Linux anncara-computer 6.12.41+deb13-amd64 #1 SMP PREEMPT_DYNAMIC Debian 6.12.41-1 (2025-08-12) x86_64
150426.564: [15:04:26]
150426.564: [15:04:26]The programs included with the Debian GNU/Linux system are free software;
150426.565: [15:04:26]the exact distribution terms for each program are described in the
150426.565: [15:04:26]individual files in /usr/share/doc/*/copyright.
150426.565: [15:04:26]
150426.565: [15:04:26]Debian GNU/Linux comes with ABSOLUTELY NO WARRANTY, to the extent
150426.566: [15:04:26]permitted by applicable law.
150426.566: [15:04:26]Last login: Sun Mar  1 14:34:25 2026 from 223.107.68.194
153425.525: [15:34:25][202603Home-Dell-Public-15:34:25]
153425.582: [15:34:25]Linux anncara-computer 6.12.41+deb13-amd64 #1 SMP PREEMPT_DYNAMIC Debian 6.12.41-1 (2025-08-12) x86_64
153425.583: [15:34:25]
153425.583: [15:34:25]The programs included with the Debian GNU/Linux system are free software;
153425.583: [15:34:25]the exact distribution terms for each program are described in the
153425.583: [15:34:25]individual files in /usr/share/doc/*/copyright.
153425.584: [15:34:25]
153425.584: [15:34:25]Debian GNU/Linux comes with ABSOLUTELY NO WARRANTY, to the extent
153425.584: [15:34:25]permitted by applicable law.
153425.584: [15:34:25]Last login: Sun Mar  1 15:04:26 2026 from 223.107.68.194
160424.604: [16:04:24][202603Home-Dell-Public-16:04:24]
160424.754: [16:04:24]Linux anncara-computer 6.12.41+deb13-amd64 #1 SMP PREEMPT_DYNAMIC Debian 6.12.41-1 (2025-08-12) x86_64
160424.754: [16:04:24]
160424.754: [16:04:24]The programs included with the Debian GNU/Linux system are free software;
160424.754: [16:04:24]the exact distribution terms for each program are described in the
160424.755: [16:04:24]individual files in /usr/share/doc/*/copyright.
160424.755: [16:04:24]
160424.755: [16:04:24]Debian GNU/Linux comes with ABSOLUTELY NO WARRANTY, to the extent
160424.755: [16:04:24]permitted by applicable law.
160424.756: [16:04:24]Last login: Sun Mar  1 15:34:25 2026 from 223.107.68.194
163425.166: [16:34:25][202603Home-Dell-Public-16:34:25]
163425.219: [16:34:25]Linux anncara-computer 6.12.41+deb13-amd64 #1 SMP PREEMPT_DYNAMIC Debian 6.12.41-1 (2025-08-12) x86_64
163425.219: [16:34:25]
163425.219: [16:34:25]The programs included with the Debian GNU/Linux system are free software;
163425.220: [16:34:25]the exact distribution terms for each program are described in the
163425.220: [16:34:25]individual files in /usr/share/doc/*/copyright.
163425.220: [16:34:25]
163425.220: [16:34:25]Debian GNU/Linux comes with ABSOLUTELY NO WARRANTY, to the extent
163425.220: [16:34:25]permitted by applicable law.
163425.221: [16:34:25]Last login: Sun Mar  1 16:04:24 2026 from 223.107.68.194
170425.546: [17:04:25][202603Home-Dell-Public-17:04:25]
170425.598: [17:04:25]Linux anncara-computer 6.12.41+deb13-amd64 #1 SMP PREEMPT_DYNAMIC Debian 6.12.41-1 (2025-08-12) x86_64
170425.599: [17:04:25]
170425.599: [17:04:25]The programs included with the Debian GNU/Linux system are free software;
170425.599: [17:04:25]the exact distribution terms for each program are described in the
170425.600: [17:04:25]individual files in /usr/share/doc/*/copyright.
170425.600: [17:04:25]
170425.600: [17:04:25]Debian GNU/Linux comes with ABSOLUTELY NO WARRANTY, to the extent
170425.600: [17:04:25]permitted by applicable law.
170425.600: [17:04:25]Last login: Sun Mar  1 16:34:25 2026 from 223.107.68.194
173425.536: [17:34:25][202603Home-Dell-Public-17:34:25]
173425.593: [17:34:25]Linux anncara-computer 6.12.41+deb13-amd64 #1 SMP PREEMPT_DYNAMIC Debian 6.12.41-1 (2025-08-12) x86_64
173425.593: [17:34:25]
173425.594: [17:34:25]The programs included with the Debian GNU/Linux system are free software;
173425.594: [17:34:25]the exact distribution terms for each program are described in the
173425.594: [17:34:25]individual files in /usr/share/doc/*/copyright.
173425.594: [17:34:25]
173425.595: [17:34:25]Debian GNU/Linux comes with ABSOLUTELY NO WARRANTY, to the extent
173425.595: [17:34:25]permitted by applicable law.
173425.595: [17:34:25]Last login: Sun Mar  1 17:04:25 2026 from 223.107.68.194
180425.619: [18:04:25][202603Home-Dell-Public-18:04:25]
180425.673: [18:04:25]Linux anncara-computer 6.12.41+deb13-amd64 #1 SMP PREEMPT_DYNAMIC Debian 6.12.41-1 (2025-08-12) x86_64
180425.673: [18:04:25]
180425.673: [18:04:25]The programs included with the Debian GNU/Linux system are free software;
180425.674: [18:04:25]the exact distribution terms for each program are described in the
180425.674: [18:04:25]individual files in /usr/share/doc/*/copyright.
180425.674: [18:04:25]
180425.674: [18:04:25]Debian GNU/Linux comes with ABSOLUTELY NO WARRANTY, to the extent
180425.674: [18:04:25]permitted by applicable law.
180425.674: [18:04:25]Last login: Sun Mar  1 17:34:25 2026 from 223.107.68.194
183425.232: [18:34:25][202603Home-Dell-Public-18:34:25]
183425.286: [18:34:25]Linux anncara-computer 6.12.41+deb13-amd64 #1 SMP PREEMPT_DYNAMIC Debian 6.12.41-1 (2025-08-12) x86_64
183425.286: [18:34:25]
183425.287: [18:34:25]The programs included with the Debian GNU/Linux system are free software;
183425.287: [18:34:25]the exact distribution terms for each program are described in the
183425.287: [18:34:25]individual files in /usr/share/doc/*/copyright.
183425.287: [18:34:25]
183425.288: [18:34:25]Debian GNU/Linux comes with ABSOLUTELY NO WARRANTY, to the extent
183425.288: [18:34:25]permitted by applicable law.
183425.288: [18:34:25]Last login: Sun Mar  1 18:04:25 2026 from 223.107.68.194
190425.145: [19:04:25][202603Home-Dell-Public-19:04:25]
190425.201: [19:04:25]Linux anncara-computer 6.12.41+deb13-amd64 #1 SMP PREEMPT_DYNAMIC Debian 6.12.41-1 (2025-08-12) x86_64
190425.201: [19:04:25]
190425.201: [19:04:25]The programs included with the Debian GNU/Linux system are free software;
190425.201: [19:04:25]the exact distribution terms for each program are described in the
190425.202: [19:04:25]individual files in /usr/share/doc/*/copyright.
190425.202: [19:04:25]
190425.202: [19:04:25]Debian GNU/Linux comes with ABSOLUTELY NO WARRANTY, to the extent
190425.202: [19:04:25]permitted by applicable law.
190425.203: [19:04:25]Last login: Sun Mar  1 18:34:25 2026 from 223.107.68.194
193425.136: [19:34:25][202603Home-Dell-Public-19:34:25]
193425.195: [19:34:25]Linux anncara-computer 6.12.41+deb13-amd64 #1 SMP PREEMPT_DYNAMIC Debian 6.12.41-1 (2025-08-12) x86_64
193425.195: [19:34:25]
193425.195: [19:34:25]The programs included with the Debian GNU/Linux system are free software;
193425.196: [19:34:25]the exact distribution terms for each program are described in the
193425.196: [19:34:25]individual files in /usr/share/doc/*/copyright.
193425.196: [19:34:25]
193425.196: [19:34:25]Debian GNU/Linux comes with ABSOLUTELY NO WARRANTY, to the extent
193425.196: [19:34:25]permitted by applicable law.
193425.197: [19:34:25]Last login: Sun Mar  1 19:04:25 2026 from 223.107.68.194
200427.798: [20:04:27][202603Home-Dell-Public-20:04:27]
200427.983: [20:04:27]Linux anncara-computer 6.12.41+deb13-amd64 #1 SMP PREEMPT_DYNAMIC Debian 6.12.41-1 (2025-08-12) x86_64
200427.983: [20:04:27]
200427.984: [20:04:27]The programs included with the Debian GNU/Linux system are free software;
200427.984: [20:04:27]the exact distribution terms for each program are described in the
200427.984: [20:04:27]individual files in /usr/share/doc/*/copyright.
200427.984: [20:04:27]
200427.985: [20:04:27]Debian GNU/Linux comes with ABSOLUTELY NO WARRANTY, to the extent
200427.985: [20:04:27]permitted by applicable law.
200427.985: [20:04:27]Last login: Sun Mar  1 19:34:25 2026 from 223.107.68.194
203424.743: [20:34:24][202603Home-Dell-Public-20:34:24]
203424.847: [20:34:24]Linux anncara-computer 6.12.41+deb13-amd64 #1 SMP PREEMPT_DYNAMIC Debian 6.12.41-1 (2025-08-12) x86_64
203424.847: [20:34:24]
203424.847: [20:34:24]The programs included with the Debian GNU/Linux system are free software;
203424.847: [20:34:24]the exact distribution terms for each program are described in the
203424.847: [20:34:24]individual files in /usr/share/doc/*/copyright.
203424.847: [20:34:24]
203424.847: [20:34:24]Debian GNU/Linux comes with ABSOLUTELY NO WARRANTY, to the extent
203424.847: [20:34:24]permitted by applicable law.
203424.847: [20:34:24]Last login: Sun Mar  1 20:04:27 2026 from 223.107.68.194
213424.792: [21:34:24][202603Home-Dell-Public-21:34:24]
213424.977: [21:34:24]Linux anncara-computer 6.12.41+deb13-amd64 #1 SMP PREEMPT_DYNAMIC Debian 6.12.41-1 (2025-08-12) x86_64
213424.977: [21:34:24]
213424.977: [21:34:24]The programs included with the Debian GNU/Linux system are free software;
213424.978: [21:34:24]the exact distribution terms for each program are described in the
213424.978: [21:34:24]individual files in /usr/share/doc/*/copyright.
213424.978: [21:34:24]
213424.978: [21:34:24]Debian GNU/Linux comes with ABSOLUTELY NO WARRANTY, to the extent
213424.979: [21:34:24]permitted by applicable law.
213424.979: [21:34:24]Last login: Sun Mar  1 20:34:24 2026 from 223.107.68.194
220425.931: [22:04:25][202603Home-Dell-Public-22:04:25]
220426.048: [22:04:26]Linux anncara-computer 6.12.41+deb13-amd64 #1 SMP PREEMPT_DYNAMIC Debian 6.12.41-1 (2025-08-12) x86_64
220426.048: [22:04:26]
220426.048: [22:04:26]The programs included with the Debian GNU/Linux system are free software;
220426.049: [22:04:26]the exact distribution terms for each program are described in the
220426.049: [22:04:26]individual files in /usr/share/doc/*/copyright.
220426.049: [22:04:26]
220426.049: [22:04:26]Debian GNU/Linux comes with ABSOLUTELY NO WARRANTY, to the extent
220426.049: [22:04:26]permitted by applicable law.
220426.050: [22:04:26]Last login: Sun Mar  1 21:34:24 2026 from 223.107.68.194
223424.876: [22:34:24][202603Home-Dell-Public-22:34:24]
223424.983: [22:34:24]Linux anncara-computer 6.12.41+deb13-amd64 #1 SMP PREEMPT_DYNAMIC Debian 6.12.41-1 (2025-08-12) x86_64
223424.983: [22:34:24]
223424.983: [22:34:24]The programs included with the Debian GNU/Linux system are free software;
223424.983: [22:34:24]the exact distribution terms for each program are described in the
223424.984: [22:34:24]individual files in /usr/share/doc/*/copyright.
223424.984: [22:34:24]
223424.984: [22:34:24]Debian GNU/Linux comes with ABSOLUTELY NO WARRANTY, to the extent
223424.984: [22:34:24]permitted by applicable law.
223424.984: [22:34:24]Last login: Sun Mar  1 22:04:26 2026 from 223.107.68.194
230425.383: [23:04:25][202603Home-Dell-Public-23:04:25]
230425.478: [23:04:25]Linux anncara-computer 6.12.41+deb13-amd64 #1 SMP PREEMPT_DYNAMIC Debian 6.12.41-1 (2025-08-12) x86_64
230425.478: [23:04:25]
230425.478: [23:04:25]The programs included with the Debian GNU/Linux system are free software;
230425.478: [23:04:25]the exact distribution terms for each program are described in the
230425.479: [23:04:25]individual files in /usr/share/doc/*/copyright.
230425.479: [23:04:25]
230425.479: [23:04:25]Debian GNU/Linux comes with ABSOLUTELY NO WARRANTY, to the extent
230425.479: [23:04:25]permitted by applicable law.
230425.480: [23:04:25]Last login: Sun Mar  1 22:34:24 2026 from 223.107.68.194
233424.777: [23:34:24][202603Home-Dell-Public-23:34:24]
233424.872: [23:34:24]Linux anncara-computer 6.12.41+deb13-amd64 #1 SMP PREEMPT_DYNAMIC Debian 6.12.41-1 (2025-08-12) x86_64
233424.872: [23:34:24]
233424.872: [23:34:24]The programs included with the Debian GNU/Linux system are free software;
233424.872: [23:34:24]the exact distribution terms for each program are described in the
233424.873: [23:34:24]individual files in /usr/share/doc/*/copyright.
233424.873: [23:34:24]
233424.873: [23:34:24]Debian GNU/Linux comes with ABSOLUTELY NO WARRANTY, to the extent
233424.873: [23:34:24]permitted by applicable law.
233424.874: [23:34:24]Last login: Sun Mar  1 23:04:25 2026 from 223.107.68.194
