000055.304: [00:00:55]<Core-SW>
000101.960: [00:01:01][202602192.168.231.1-黄埭-核心交换机-00:01:01]
000102.001: [00:01:02]
000102.010: [00:01:02]Info: The max number of VTY users is 5, the number of current VTY users online is 1, and total number of terminal users online is 1.
000102.046: [00:01:02]      The current login time is 2025-11-30 07:12:25.
001102.210: [00:11:02]<Core-SW>
001108.183: [00:11:08][202602192.168.231.1-黄埭-核心交换机-00:11:08]
001108.226: [00:11:08]
001108.227: [00:11:08]Info: The max number of VTY users is 5, the number of current VTY users online is 1, and total number of terminal users online is 1.
001108.260: [00:11:08]      The current login time is 2025-11-30 07:22:31.
002108.331: [00:21:08]<Core-SW>
002114.090: [00:21:14][202602192.168.231.1-黄埭-核心交换机-00:21:14]
002114.140: [00:21:14]
002114.145: [00:21:14]Info: The max number of VTY users is 5, the number of current VTY users online is 1, and total number of terminal users online is 1.
002114.185: [00:21:14]      The current login time is 2025-11-30 07:32:37.
003114.448: [00:31:14]<Core-SW>
003120.679: [00:31:20][202602192.168.231.1-黄埭-核心交换机-00:31:20]
003120.740: [00:31:20]
003120.741: [00:31:20]Info: The max number of VTY users is 5, the number of current VTY users online is 1, and total number of terminal users online is 1.
003120.770: [00:31:20]      The current login time is 2025-11-30 07:42:44.
004120.862: [00:41:20]<Core-SW>
004126.612: [00:41:26][202602192.168.231.1-黄埭-核心交换机-00:41:26]
004126.735: [00:41:26]
004126.736: [00:41:26]Info: The max number of VTY users is 5, the number of current VTY users online is 1, and total number of terminal users online is 1.
004126.736: [00:41:26]      The current login time is 2025-11-30 07:52:50.
005126.762: [00:51:26]<Core-SW>
005132.933: [00:51:32][202602192.168.231.1-黄埭-核心交换机-00:51:32]
005132.991: [00:51:32]
005132.992: [00:51:32]Info: The max number of VTY users is 5, the number of current VTY users online is 1, and total number of terminal users online is 1.
005133.025: [00:51:33]      The current login time is 2025-11-30 08:02:56.
010133.145: [01:01:33]<Core-SW>
010139.155: [01:01:39][202602192.168.231.1-黄埭-核心交换机-01:01:39]
010139.224: [01:01:39]
010139.231: [01:01:39]Info: The max number of VTY users is 5, the number of current VTY users online is 1, and total number of terminal users online is 1.
010139.259: [01:01:39]      The current login time is 2025-11-30 08:13:02.
011139.311: [01:11:39]<Core-SW>
011145.119: [01:11:45][202602192.168.231.1-黄埭-核心交换机-01:11:45]
011145.182: [01:11:45]
011145.191: [01:11:45]Info: The max number of VTY users is 5, the number of current VTY users online is 1, and total number of terminal users online is 1.
011145.221: [01:11:45]      The current login time is 2025-11-30 08:23:08.
012145.280: [01:21:45]<Core-SW>
012151.156: [01:21:51][202602192.168.231.1-黄埭-核心交换机-01:21:51]
012151.197: [01:21:51]
012151.198: [01:21:51]Info: The max number of VTY users is 5, the number of current VTY users online is 1, and total number of terminal users online is 1.
012151.240: [01:21:51]      The current login time is 2025-11-30 08:33:14.
013151.359: [01:31:51]<Core-SW>
013157.189: [01:31:57][202602192.168.231.1-黄埭-核心交换机-01:31:57]
013157.241: [01:31:57]
013157.247: [01:31:57]Info: The max number of VTY users is 5, the number of current VTY users online is 1, and total number of terminal users online is 1.
013157.293: [01:31:57]      The current login time is 2025-11-30 08:43:20.
014157.520: [01:41:57]<Core-SW>
014203.569: [01:42:03][202602192.168.231.1-黄埭-核心交换机-01:42:03]
014203.613: [01:42:03]
014203.613: [01:42:03]Info: The max number of VTY users is 5, the number of current VTY users online is 1, and total number of terminal users online is 1.
014203.724: [01:42:03]      The current login time is 2025-11-30 08:53:27.
015203.726: [01:52:03]<Core-SW>
015209.710: [01:52:09][202602192.168.231.1-黄埭-核心交换机-01:52:09]
015209.838: [01:52:09]
015209.838: [01:52:09]Info: The max number of VTY users is 5, the number of current VTY users online is 1, and total number of terminal users online is 1.
015209.921: [01:52:09]      The current login time is 2025-11-30 09:03:33.
020209.988: [02:02:09]<Core-SW>
020216.192: [02:02:16][202602192.168.231.1-黄埭-核心交换机-02:02:16]
020216.233: [02:02:16]
020216.239: [02:02:16]Info: The max number of VTY users is 5, the number of current VTY users online is 1, and total number of terminal users online is 1.
020216.279: [02:02:16]      The current login time is 2025-11-30 09:13:39.
021216.343: [02:12:16]<Core-SW>
021222.217: [02:12:22][202602192.168.231.1-黄埭-核心交换机-02:12:22]
021222.268: [02:12:22]
021222.272: [02:12:22]Info: The max number of VTY users is 5, the number of current VTY users online is 1, and total number of terminal users online is 1.
021222.329: [02:12:22]      The current login time is 2025-11-30 09:23:45.
022222.471: [02:22:22]<Core-SW>
022228.634: [02:22:28][202602192.168.231.1-黄埭-核心交换机-02:22:28]
022228.686: [02:22:28]
022228.686: [02:22:28]Info: The max number of VTY users is 5, the number of current VTY users online is 1, and total number of terminal users online is 1.
022228.727: [02:22:28]      The current login time is 2025-11-30 09:33:52.
023228.887: [02:32:28]<Core-SW>
023235.177: [02:32:35][202602192.168.231.1-黄埭-核心交换机-02:32:35]
023235.235: [02:32:35]
023235.240: [02:32:35]Info: The max number of VTY users is 5, the number of current VTY users online is 1, and total number of terminal users online is 1.
023235.264: [02:32:35]      The current login time is 2025-11-30 09:43:58.
024235.333: [02:42:35]<Core-SW>
024241.112: [02:42:41][202602192.168.231.1-黄埭-核心交换机-02:42:41]
024241.241: [02:42:41]
024241.242: [02:42:41]Info: The max number of VTY users is 5, the number of current VTY users online is 1, and total number of terminal users online is 1.
024241.242: [02:42:41]      The current login time is 2025-11-30 09:54:04.
025241.282: [02:52:41]<Core-SW>
025247.368: [02:52:47][202602192.168.231.1-黄埭-核心交换机-02:52:47]
025247.416: [02:52:47]
025247.419: [02:52:47]Info: The max number of VTY users is 5, the number of current VTY users online is 1, and total number of terminal users online is 1.
025247.462: [02:52:47]      The current login time is 2025-11-30 10:04:11.
030247.507: [03:02:47]<Core-SW>
030253.683: [03:02:53][202602192.168.231.1-黄埭-核心交换机-03:02:53]
030253.721: [03:02:53]
030253.724: [03:02:53]Info: The max number of VTY users is 5, the number of current VTY users online is 1, and total number of terminal users online is 1.
030253.759: [03:02:53]      The current login time is 2025-11-30 10:14:17.
031253.812: [03:12:53]<Core-SW>
031259.685: [03:12:59][202602192.168.231.1-黄埭-核心交换机-03:12:59]
031259.739: [03:12:59]
031259.740: [03:12:59]Info: The max number of VTY users is 5, the number of current VTY users online is 1, and total number of terminal users online is 1.
031259.773: [03:12:59]      The current login time is 2025-11-30 10:24:23.
032259.844: [03:22:59]<Core-SW>
032305.705: [03:23:05][202602192.168.231.1-黄埭-核心交换机-03:23:05]
032305.753: [03:23:05]
032305.758: [03:23:05]Info: The max number of VTY users is 5, the number of current VTY users online is 1, and total number of terminal users online is 1.
032305.788: [03:23:05]      The current login time is 2025-11-30 10:34:29.
033305.954: [03:33:05]<Core-SW>
033312.160: [03:33:12][202602192.168.231.1-黄埭-核心交换机-03:33:12]
033312.208: [03:33:12]
033312.209: [03:33:12]Info: The max number of VTY users is 5, the number of current VTY users online is 1, and total number of terminal users online is 1.
033312.244: [03:33:12]      The current login time is 2025-11-30 10:44:35.
034312.291: [03:43:12]<Core-SW>
034318.286: [03:43:18][202602192.168.231.1-黄埭-核心交换机-03:43:18]
034318.347: [03:43:18]
034318.374: [03:43:18]Info: The max number of VTY users is 5, the number of current VTY users online is 1, and total number of terminal users online is 1.
034318.387: [03:43:18]      The current login time is 2025-11-30 10:54:41.
035318.437: [03:53:18]<Core-SW>
035324.833: [03:53:24][202602192.168.231.1-黄埭-核心交换机-03:53:24]
035324.885: [03:53:24]
035324.891: [03:53:24]Info: The max number of VTY users is 5, the number of current VTY users online is 1, and total number of terminal users online is 1.
035324.922: [03:53:24]      The current login time is 2025-11-30 11:04:48.
040324.965: [04:03:24]<Core-SW>
040331.055: [04:03:31][202602192.168.231.1-黄埭-核心交换机-04:03:31]
040331.099: [04:03:31]
040331.100: [04:03:31]Info: The max number of VTY users is 5, the number of current VTY users online is 1, and total number of terminal users online is 1.
040331.140: [04:03:31]      The current login time is 2025-11-30 11:14:54.
041331.313: [04:13:31]<Core-SW>
041337.167: [04:13:37][202602192.168.231.1-黄埭-核心交换机-04:13:37]
041337.211: [04:13:37]
041337.212: [04:13:37]Info: The max number of VTY users is 5, the number of current VTY users online is 1, and total number of terminal users online is 1.
041337.247: [04:13:37]      The current login time is 2025-11-30 11:25:00.
042337.317: [04:23:37]<Core-SW>
042343.145: [04:23:43][202602192.168.231.1-黄埭-核心交换机-04:23:43]
042343.208: [04:23:43]
042343.208: [04:23:43]Info: The max number of VTY users is 5, the number of current VTY users online is 1, and total number of terminal users online is 1.
042343.244: [04:23:43]      The current login time is 2025-11-30 11:35:06.
043343.365: [04:33:43]<Core-SW>
043349.200: [04:33:49][202602192.168.231.1-黄埭-核心交换机-04:33:49]
043349.262: [04:33:49]
043349.268: [04:33:49]Info: The max number of VTY users is 5, the number of current VTY users online is 1, and total number of terminal users online is 1.
043349.310: [04:33:49]      The current login time is 2025-11-30 11:45:12.
044349.541: [04:43:49]<Core-SW>
044355.807: [04:43:55][202602192.168.231.1-黄埭-核心交换机-04:43:55]
044355.855: [04:43:55]
044355.859: [04:43:55]Info: The max number of VTY users is 5, the number of current VTY users online is 1, and total number of terminal users online is 1.
044355.891: [04:43:55]      The current login time is 2025-11-30 11:55:19.
045356.059: [04:53:56]<Core-SW>
045402.115: [04:54:02][202602192.168.231.1-黄埭-核心交换机-04:54:02]
045402.162: [04:54:02]
045402.166: [04:54:02]Info: The max number of VTY users is 5, the number of current VTY users online is 1, and total number of terminal users online is 1.
045402.199: [04:54:02]      The current login time is 2025-11-30 12:05:25.
050402.255: [05:04:02]<Core-SW>
050408.109: [05:04:08][202602192.168.231.1-黄埭-核心交换机-05:04:08]
050408.159: [05:04:08]
050408.166: [05:04:08]Info: The max number of VTY users is 5, the number of current VTY users online is 1, and total number of terminal users online is 1.
050408.195: [05:04:08]      The current login time is 2025-11-30 12:15:31.
051408.262: [05:14:08]<Core-SW>
051414.233: [05:14:14][202602192.168.231.1-黄埭-核心交换机-05:14:14]
051414.309: [05:14:14]
051414.316: [05:14:14]Info: The max number of VTY users is 5, the number of current VTY users online is 1, and total number of terminal users online is 1.
051414.333: [05:14:14]      The current login time is 2025-11-30 12:25:37.
052414.395: [05:24:14]<Core-SW>
052420.666: [05:24:20][202602192.168.231.1-黄埭-核心交换机-05:24:20]
052420.727: [05:24:20]
052420.727: [05:24:20]Info: The max number of VTY users is 5, the number of current VTY users online is 1, and total number of terminal users online is 1.
052420.757: [05:24:20]      The current login time is 2025-11-30 12:35:44.
053420.905: [05:34:20]<Core-SW>
053427.184: [05:34:27][202602192.168.231.1-黄埭-核心交换机-05:34:27]
053427.228: [05:34:27]
053427.232: [05:34:27]Info: The max number of VTY users is 5, the number of current VTY users online is 1, and total number of terminal users online is 1.
053427.281: [05:34:27]      The current login time is 2025-11-30 12:45:50.
054427.366: [05:44:27]<Core-SW>
054433.104: [05:44:33][202602192.168.231.1-黄埭-核心交换机-05:44:33]
054433.142: [05:44:33]
054433.150: [05:44:33]Info: The max number of VTY users is 5, the number of current VTY users online is 1, and total number of terminal users online is 1.
054433.247: [05:44:33]      The current login time is 2025-11-30 12:55:56.
055433.265: [05:54:33]<Core-SW>
055439.180: [05:54:39][202602192.168.231.1-黄埭-核心交换机-05:54:39]
055439.327: [05:54:39]
055439.328: [05:54:39]Info: The max number of VTY users is 5, the number of current VTY users online is 1, and total number of terminal users online is 1.
055439.328: [05:54:39]      The current login time is 2025-11-30 13:06:02.
060439.441: [06:04:39]<Core-SW>
060445.765: [06:04:45][202602192.168.231.1-黄埭-核心交换机-06:04:45]
060445.833: [06:04:45]
060445.834: [06:04:45]Info: The max number of VTY users is 5, the number of current VTY users online is 1, and total number of terminal users online is 1.
060445.927: [06:04:45]      The current login time is 2025-11-30 13:16:09.
061445.959: [06:14:45]<Core-SW>
061452.242: [06:14:52][202602192.168.231.1-黄埭-核心交换机-06:14:52]
061452.282: [06:14:52]
061452.290: [06:14:52]Info: The max number of VTY users is 5, the number of current VTY users online is 1, and total number of terminal users online is 1.
061452.322: [06:14:52]      The current login time is 2025-11-30 13:26:16.
062452.378: [06:24:52]<Core-SW>
062458.624: [06:24:58][202602192.168.231.1-黄埭-核心交换机-06:24:58]
062458.671: [06:24:58]
062458.672: [06:24:58]Info: The max number of VTY users is 5, the number of current VTY users online is 1, and total number of terminal users online is 1.
062458.721: [06:24:58]      The current login time is 2025-11-30 13:36:22.
063458.791: [06:34:58]<Core-SW>
063504.746: [06:35:04][202602192.168.231.1-黄埭-核心交换机-06:35:04]
063504.813: [06:35:04]
063504.817: [06:35:04]Info: The max number of VTY users is 5, the number of current VTY users online is 1, and total number of terminal users online is 1.
063504.852: [06:35:04]      The current login time is 2025-11-30 13:46:28.
064505.006: [06:45:05]<Core-SW>
064511.370: [06:45:11][202602192.168.231.1-黄埭-核心交换机-06:45:11]
064511.408: [06:45:11]
064511.413: [06:45:11]Info: The max number of VTY users is 5, the number of current VTY users online is 1, and total number of terminal users online is 1.
064511.448: [06:45:11]      The current login time is 2025-11-30 13:56:35.
065511.499: [06:55:11]<Core-SW>
065517.686: [06:55:17][202602192.168.231.1-黄埭-核心交换机-06:55:17]
065517.745: [06:55:17]
065517.746: [06:55:17]Info: The max number of VTY users is 5, the number of current VTY users online is 1, and total number of terminal users online is 1.
065517.882: [06:55:17]      The current login time is 2025-11-30 14:06:41.
070517.861: [07:05:17]<Core-SW>
070523.996: [07:05:23][202602192.168.231.1-黄埭-核心交换机-07:05:23]
070524.050: [07:05:24]
070524.051: [07:05:24]Info: The max number of VTY users is 5, the number of current VTY users online is 1, and total number of terminal users online is 1.
070524.075: [07:05:24]      The current login time is 2025-11-30 14:16:47.
071524.151: [07:15:24]<Core-SW>
071530.318: [07:15:30][202602192.168.231.1-黄埭-核心交换机-07:15:30]
071530.369: [07:15:30]
071530.375: [07:15:30]Info: The max number of VTY users is 5, the number of current VTY users online is 1, and total number of terminal users online is 1.
071530.417: [07:15:30]      The current login time is 2025-11-30 14:26:54.
072530.568: [07:25:30]<Core-SW>
072536.659: [07:25:36][202602192.168.231.1-黄埭-核心交换机-07:25:36]
072536.728: [07:25:36]
072536.732: [07:25:36]Info: The max number of VTY users is 5, the number of current VTY users online is 1, and total number of terminal users online is 1.
072536.756: [07:25:36]      The current login time is 2025-11-30 14:37:00.
073536.983: [07:35:36]<Core-SW>
073543.263: [07:35:43][202602192.168.231.1-黄埭-核心交换机-07:35:43]
073543.305: [07:35:43]
073543.305: [07:35:43]Info: The max number of VTY users is 5, the number of current VTY users online is 1, and total number of terminal users online is 1.
073543.338: [07:35:43]      The current login time is 2025-11-30 14:47:07.
074543.396: [07:45:43]<Core-SW>
074549.665: [07:45:49][202602192.168.231.1-黄埭-核心交换机-07:45:49]
074549.727: [07:45:49]
074549.732: [07:45:49]Info: The max number of VTY users is 5, the number of current VTY users online is 1, and total number of terminal users online is 1.
074549.846: [07:45:49]      The current login time is 2025-11-30 14:57:13.
075549.818: [07:55:49]<Core-SW>
075555.683: [07:55:55][202602192.168.231.1-黄埭-核心交换机-07:55:55]
075555.789: [07:55:55]
075555.789: [07:55:55]Info: The max number of VTY users is 5, the number of current VTY users online is 1, and total number of terminal users online is 1.
075555.802: [07:55:55]      The current login time is 2025-11-30 15:07:19.
080555.860: [08:05:55]<Core-SW>
080602.512: [08:06:02][202602192.168.231.1-黄埭-核心交换机-08:06:02]
080602.566: [08:06:02]
080602.567: [08:06:02]Info: The max number of VTY users is 5, the number of current VTY users online is 1, and total number of terminal users online is 1.
080602.603: [08:06:02]      The current login time is 2025-11-30 15:17:26.
081602.769: [08:16:02]<Core-SW>
081609.018: [08:16:09][202602192.168.231.1-黄埭-核心交换机-08:16:09]
081609.071: [08:16:09]
081609.079: [08:16:09]Info: The max number of VTY users is 5, the number of current VTY users online is 1, and total number of terminal users online is 1.
081609.104: [08:16:09]      The current login time is 2025-11-30 15:27:32.
082609.269: [08:26:09]<Core-SW>
082615.177: [08:26:15][202602192.168.231.1-黄埭-核心交换机-08:26:15]
082615.239: [08:26:15]
082615.239: [08:26:15]Info: The max number of VTY users is 5, the number of current VTY users online is 1, and total number of terminal users online is 1.
082615.289: [08:26:15]      The current login time is 2025-11-30 15:37:39.
083615.404: [08:36:15]<Core-SW>
083622.097: [08:36:22][202602192.168.231.1-黄埭-核心交换机-08:36:22]
083622.213: [08:36:22]
083622.213: [08:36:22]Info: The max number of VTY users is 5, the number of current VTY users online is 1, and total number of terminal users online is 1.
083622.213: [08:36:22]      The current login time is 2025-11-30 15:47:45.
084622.283: [08:46:22]<Core-SW>
084628.410: [08:46:28][202602192.168.231.1-黄埭-核心交换机-08:46:28]
084628.478: [08:46:28]
084628.478: [08:46:28]Info: The max number of VTY users is 5, the number of current VTY users online is 1, and total number of terminal users online is 1.
084628.523: [08:46:28]      The current login time is 2025-11-30 15:57:52.
085628.617: [08:56:28]<Core-SW>
085634.727: [08:56:34][202602192.168.231.1-黄埭-核心交换机-08:56:34]
085634.769: [08:56:34]
085634.770: [08:56:34]Info: The max number of VTY users is 5, the number of current VTY users online is 1, and total number of terminal users online is 1.
085634.811: [08:56:34]      The current login time is 2025-11-30 16:07:58.
090634.878: [09:06:34]<Core-SW>
090640.665: [09:06:40][202602192.168.231.1-黄埭-核心交换机-09:06:40]
090640.813: [09:06:40]
090640.814: [09:06:40]Info: The max number of VTY users is 5, the number of current VTY users online is 1, and total number of terminal users online is 1.
090640.814: [09:06:40]      The current login time is 2025-11-30 16:18:04.
091640.813: [09:16:40]<Core-SW>
091646.656: [09:16:46][202602192.168.231.1-黄埭-核心交换机-09:16:46]
091646.708: [09:16:46]
091646.709: [09:16:46]Info: The max number of VTY users is 5, the number of current VTY users online is 1, and total number of terminal users online is 1.
091646.751: [09:16:46]      The current login time is 2025-11-30 16:28:10.
092646.818: [09:26:46]<Core-SW>
092652.589: [09:26:52][202602192.168.231.1-黄埭-核心交换机-09:26:52]
092652.636: [09:26:52]
092652.637: [09:26:52]Info: The max number of VTY users is 5, the number of current VTY users online is 1, and total number of terminal users online is 1.
092652.675: [09:26:52]      The current login time is 2025-11-30 16:38:16.
093652.731: [09:36:52]<Core-SW>
093658.601: [09:36:58][202602192.168.231.1-黄埭-核心交换机-09:36:58]
093658.661: [09:36:58]
093658.662: [09:36:58]Info: The max number of VTY users is 5, the number of current VTY users online is 1, and total number of terminal users online is 1.
093658.693: [09:36:58]      The current login time is 2025-11-30 16:48:22.
094658.737: [09:46:58]<Core-SW>
094704.658: [09:47:04][202602192.168.231.1-黄埭-核心交换机-09:47:04]
094704.694: [09:47:04]
094704.694: [09:47:04]Info: The max number of VTY users is 5, the number of current VTY users online is 1, and total number of terminal users online is 1.
094704.731: [09:47:04]      The current login time is 2025-11-30 16:58:28.
095704.804: [09:57:04]<Core-SW>
095710.598: [09:57:10][202602192.168.231.1-黄埭-核心交换机-09:57:10]
095710.655: [09:57:10]
095710.655: [09:57:10]Info: The max number of VTY users is 5, the number of current VTY users online is 1, and total number of terminal users online is 1.
095710.686: [09:57:10]      The current login time is 2025-11-30 17:08:34.
100710.735: [10:07:10]<Core-SW>
100716.701: [10:07:16][202602192.168.231.1-黄埭-核心交换机-10:07:16]
100716.752: [10:07:16]
100716.756: [10:07:16]Info: The max number of VTY users is 5, the number of current VTY users online is 1, and total number of terminal users online is 1.
100716.794: [10:07:16]      The current login time is 2025-11-30 17:18:40.
101716.859: [10:17:16]<Core-SW>
101722.759: [10:17:22][202602192.168.231.1-黄埭-核心交换机-10:17:22]
101722.801: [10:17:22]
101722.807: [10:17:22]Info: The max number of VTY users is 5, the number of current VTY users online is 1, and total number of terminal users online is 1.
101722.871: [10:17:22]      The current login time is 2025-11-30 17:28:46.
102722.932: [10:27:22]<Core-SW>
102729.215: [10:27:29][202602192.168.231.1-黄埭-核心交换机-10:27:29]
102729.254: [10:27:29]
102729.259: [10:27:29]Info: The max number of VTY users is 5, the number of current VTY users online is 1, and total number of terminal users online is 1.
102729.304: [10:27:29]      The current login time is 2025-11-30 17:38:53.
103729.357: [10:37:29]<Core-SW>
103735.194: [10:37:35][202602192.168.231.1-黄埭-核心交换机-10:37:35]
103735.324: [10:37:35]
103735.325: [10:37:35]Info: The max number of VTY users is 5, the number of current VTY users online is 1, and total number of terminal users online is 1.
103735.359: [10:37:35]      The current login time is 2025-11-30 17:48:59.
104735.440: [10:47:35]<Core-SW>
104741.587: [10:47:41][202602192.168.231.1-黄埭-核心交换机-10:47:41]
104741.659: [10:47:41]
104741.660: [10:47:41]Info: The max number of VTY users is 5, the number of current VTY users online is 1, and total number of terminal users online is 1.
104741.687: [10:47:41]      The current login time is 2025-11-30 17:59:05.
105741.753: [10:57:41]<Core-SW>
105747.719: [10:57:47][202602192.168.231.1-黄埭-核心交换机-10:57:47]
105747.764: [10:57:47]
105747.765: [10:57:47]Info: The max number of VTY users is 5, the number of current VTY users online is 1, and total number of terminal users online is 1.
105747.807: [10:57:47]      The current login time is 2025-11-30 18:09:11.
110747.945: [11:07:47]<Core-SW>
110754.105: [11:07:54][202602192.168.231.1-黄埭-核心交换机-11:07:54]
110754.167: [11:07:54]
110754.168: [11:07:54]Info: The max number of VTY users is 5, the number of current VTY users online is 1, and total number of terminal users online is 1.
110754.198: [11:07:54]      The current login time is 2025-11-30 18:19:18.
111754.566: [11:17:54]<Core-SW>
111800.698: [11:18:00][202602192.168.231.1-黄埭-核心交换机-11:18:00]
111800.752: [11:18:00]
111800.754: [11:18:00]Info: The max number of VTY users is 5, the number of current VTY users online is 1, and total number of terminal users online is 1.
111800.791: [11:18:00]      The current login time is 2025-11-30 18:29:24.
112801.023: [11:28:01]<Core-SW>
112807.594: [11:28:07][202602192.168.231.1-黄埭-核心交换机-11:28:07]
112807.645: [11:28:07]
112807.645: [11:28:07]Info: The max number of VTY users is 5, the number of current VTY users online is 1, and total number of terminal users online is 1.
112807.689: [11:28:07]      The current login time is 2025-11-30 18:39:31.
113807.755: [11:38:07]<Core-SW>
113813.943: [11:38:13][202602192.168.231.1-黄埭-核心交换机-11:38:13]
113813.993: [11:38:13]
113813.994: [11:38:13]Info: The max number of VTY users is 5, the number of current VTY users online is 1, and total number of terminal users online is 1.
113814.040: [11:38:14]      The current login time is 2025-11-30 18:49:37.
114814.111: [11:48:14]<Core-SW>
114820.291: [11:48:20][202602192.168.231.1-黄埭-核心交换机-11:48:20]
114820.337: [11:48:20]
114820.338: [11:48:20]Info: The max number of VTY users is 5, the number of current VTY users online is 1, and total number of terminal users online is 1.
114820.376: [11:48:20]      The current login time is 2025-11-30 18:59:44.
115820.425: [11:58:20]<Core-SW>
115826.717: [11:58:26][202602192.168.231.1-黄埭-核心交换机-11:58:26]
115826.766: [11:58:26]
115826.774: [11:58:26]Info: The max number of VTY users is 5, the number of current VTY users online is 1, and total number of terminal users online is 1.
115826.806: [11:58:26]      The current login time is 2025-11-30 19:09:50.
120826.969: [12:08:26]<Core-SW>
120833.155: [12:08:33][202602192.168.231.1-黄埭-核心交换机-12:08:33]
120833.285: [12:08:33]
120833.293: [12:08:33]Info: The max number of VTY users is 5, the number of current VTY users online is 1, and total number of terminal users online is 1.
120833.357: [12:08:33]      The current login time is 2025-11-30 19:19:57.
121833.411: [12:18:33]<Core-SW>
121841.780: [12:18:41][202602192.168.231.1-黄埭-核心交换机-12:18:41]
121841.939: [12:18:41]
121841.939: [12:18:41]Info: The max number of VTY users is 5, the number of current VTY users online is 1, and total number of terminal users online is 1.
121841.939: [12:18:41]      The current login time is 2025-11-30 19:30:05.
122841.952: [12:28:41]<Core-SW>
122848.198: [12:28:48][202602192.168.231.1-黄埭-核心交换机-12:28:48]
122848.235: [12:28:48]
122848.239: [12:28:48]Info: The max number of VTY users is 5, the number of current VTY users online is 1, and total number of terminal users online is 1.
122848.291: [12:28:48]      The current login time is 2025-11-30 19:40:12.
123848.365: [12:38:48]<Core-SW>
123854.309: [12:38:54][202602192.168.231.1-黄埭-核心交换机-12:38:54]
123854.354: [12:38:54]
123854.355: [12:38:54]Info: The max number of VTY users is 5, the number of current VTY users online is 1, and total number of terminal users online is 1.
123854.389: [12:38:54]      The current login time is 2025-11-30 19:50:18.
124854.465: [12:48:54]<Core-SW>
124900.731: [12:49:00][202602192.168.231.1-黄埭-核心交换机-12:49:00]
124900.856: [12:49:00]
124900.857: [12:49:00]Info: The max number of VTY users is 5, the number of current VTY users online is 1, and total number of terminal users online is 1.
124900.858: [12:49:00]      The current login time is 2025-11-30 20:00:24.
125900.895: [12:59:00]<Core-SW>
125906.680: [12:59:06][202602192.168.231.1-黄埭-核心交换机-12:59:06]
125906.727: [12:59:06]
125906.734: [12:59:06]Info: The max number of VTY users is 5, the number of current VTY users online is 1, and total number of terminal users online is 1.
125906.803: [12:59:06]      The current login time is 2025-11-30 20:10:30.
130906.858: [13:09:06]<Core-SW>
130912.638: [13:09:12][202602192.168.231.1-黄埭-核心交换机-13:09:12]
130912.801: [13:09:12]
130912.807: [13:09:12]Info: The max number of VTY users is 5, the number of current VTY users online is 1, and total number of terminal users online is 1.
130912.827: [13:09:12]      The current login time is 2025-11-30 20:20:36.
131912.870: [13:19:12]<Core-SW>
131918.826: [13:19:18][202602192.168.231.1-黄埭-核心交换机-13:19:18]
131918.862: [13:19:18]
131918.869: [13:19:18]Info: The max number of VTY users is 5, the number of current VTY users online is 1, and total number of terminal users online is 1.
131918.902: [13:19:18]      The current login time is 2025-11-30 20:30:42.
132919.141: [13:29:19]<Core-SW>
132925.451: [13:29:25][202602192.168.231.1-黄埭-核心交换机-13:29:25]
132925.488: [13:29:25]
132925.493: [13:29:25]Info: The max number of VTY users is 5, the number of current VTY users online is 1, and total number of terminal users online is 1.
132925.622: [13:29:25]      The current login time is 2025-11-30 20:40:49.
133925.595: [13:39:25]<Core-SW>
133931.840: [13:39:31][202602192.168.231.1-黄埭-核心交换机-13:39:31]
133931.899: [13:39:31]
133931.899: [13:39:31]Info: The max number of VTY users is 5, the number of current VTY users online is 1, and total number of terminal users online is 1.
133931.944: [13:39:31]      The current login time is 2025-11-30 20:50:55.
134932.040: [13:49:32]<Core-SW>
134938.151: [13:49:38][202602192.168.231.1-黄埭-核心交换机-13:49:38]
134938.189: [13:49:38]
134938.190: [13:49:38]Info: The max number of VTY users is 5, the number of current VTY users online is 1, and total number of terminal users online is 1.
134938.234: [13:49:38]      The current login time is 2025-11-30 21:01:02.
135938.328: [13:59:38]<Core-SW>
135944.659: [13:59:44][202602192.168.231.1-黄埭-核心交换机-13:59:44]
135944.705: [13:59:44]
135944.705: [13:59:44]Info: The max number of VTY users is 5, the number of current VTY users online is 1, and total number of terminal users online is 1.
135944.798: [13:59:44]      The current login time is 2025-11-30 21:11:08.
140944.837: [14:09:44]<Core-SW>
140950.639: [14:09:50][202602192.168.231.1-黄埭-核心交换机-14:09:50]
140950.677: [14:09:50]
140950.684: [14:09:50]Info: The max number of VTY users is 5, the number of current VTY users online is 1, and total number of terminal users online is 1.
140950.710: [14:09:50]      The current login time is 2025-11-30 21:21:14.
141950.925: [14:19:50]<Core-SW>
141957.144: [14:19:57][202602192.168.231.1-黄埭-核心交换机-14:19:57]
141957.208: [14:19:57]
141957.209: [14:19:57]Info: The max number of VTY users is 5, the number of current VTY users online is 1, and total number of terminal users online is 1.
141957.253: [14:19:57]      The current login time is 2025-11-30 21:31:21.
142957.336: [14:29:57]<Core-SW>
143003.198: [14:30:03][202602192.168.231.1-黄埭-核心交换机-14:30:03]
143003.242: [14:30:03]
143003.243: [14:30:03]Info: The max number of VTY users is 5, the number of current VTY users online is 1, and total number of terminal users online is 1.
143003.279: [14:30:03]      The current login time is 2025-11-30 21:41:27.
144003.363: [14:40:03]<Core-SW>
144009.365: [14:40:09][202602192.168.231.1-黄埭-核心交换机-14:40:09]
144009.417: [14:40:09]
144009.424: [14:40:09]Info: The max number of VTY users is 5, the number of current VTY users online is 1, and total number of terminal users online is 1.
144009.452: [14:40:09]      The current login time is 2025-11-30 21:51:33.
145009.519: [14:50:09]<Core-SW>
145015.900: [14:50:15][202602192.168.231.1-黄埭-核心交换机-14:50:15]
145015.971: [14:50:15]
145015.972: [14:50:15]Info: The max number of VTY users is 5, the number of current VTY users online is 1, and total number of terminal users online is 1.
145015.989: [14:50:15]      The current login time is 2025-11-30 22:01:40.
150016.065: [15:00:16]<Core-SW>
150023.097: [15:00:23][202602192.168.231.1-黄埭-核心交换机-15:00:23]
150023.142: [15:00:23]
150023.143: [15:00:23]Info: The max number of VTY users is 5, the number of current VTY users online is 1, and total number of terminal users online is 1.
150023.176: [15:00:23]      The current login time is 2025-11-30 22:11:47.
151023.255: [15:10:23]<Core-SW>
151029.332: [15:10:29][202602192.168.231.1-黄埭-核心交换机-15:10:29]
151029.382: [15:10:29]
151029.382: [15:10:29]Info: The max number of VTY users is 5, the number of current VTY users online is 1, and total number of terminal users online is 1.
151029.471: [15:10:29]      The current login time is 2025-11-30 22:21:53.
152029.504: [15:20:29]<Core-SW>
152036.165: [15:20:36][202602192.168.231.1-黄埭-核心交换机-15:20:36]
152036.228: [15:20:36]
152036.234: [15:20:36]Info: The max number of VTY users is 5, the number of current VTY users online is 1, and total number of terminal users online is 1.
152036.268: [15:20:36]      The current login time is 2025-11-30 22:32:00.
153036.406: [15:30:36]<Core-SW>
153042.894: [15:30:42][202602192.168.231.1-黄埭-核心交换机-15:30:42]
153042.949: [15:30:42]
153042.949: [15:30:42]Info: The max number of VTY users is 5, the number of current VTY users online is 1, and total number of terminal users online is 1.
153042.994: [15:30:42]      The current login time is 2025-11-30 22:42:07.
154043.069: [15:40:43]<Core-SW>
154049.509: [15:40:49][202602192.168.231.1-黄埭-核心交换机-15:40:49]
154049.557: [15:40:49]
154049.564: [15:40:49]Info: The max number of VTY users is 5, the number of current VTY users online is 1, and total number of terminal users online is 1.
154049.596: [15:40:49]      The current login time is 2025-11-30 22:52:13.
155049.679: [15:50:49]<Core-SW>
155055.935: [15:50:55][202602192.168.231.1-黄埭-核心交换机-15:50:55]
155055.995: [15:50:55]
155055.996: [15:50:55]Info: The max number of VTY users is 5, the number of current VTY users online is 1, and total number of terminal users online is 1.
155056.041: [15:50:56]      The current login time is 2025-11-30 23:02:20.
160056.295: [16:00:56]<Core-SW>
160102.563: [16:01:02][202602192.168.231.1-黄埭-核心交换机-16:01:02]
160102.644: [16:01:02]
160102.645: [16:01:02]Info: The max number of VTY users is 5, the number of current VTY users online is 1, and total number of terminal users online is 1.
160102.676: [16:01:02]      The current login time is 2025-11-30 23:12:26.
161102.822: [16:11:02]<Core-SW>
161108.861: [16:11:08][202602192.168.231.1-黄埭-核心交换机-16:11:08]
161108.910: [16:11:08]
161108.917: [16:11:08]Info: The max number of VTY users is 5, the number of current VTY users online is 1, and total number of terminal users online is 1.
161108.946: [16:11:08]      The current login time is 2025-11-30 23:22:33.
162109.115: [16:21:09]<Core-SW>
162115.221: [16:21:15][202602192.168.231.1-黄埭-核心交换机-16:21:15]
162115.311: [16:21:15]
162115.316: [16:21:15]Info: The max number of VTY users is 5, the number of current VTY users online is 1, and total number of terminal users online is 1.
162115.329: [16:21:15]      The current login time is 2025-11-30 23:32:39.
163115.436: [16:31:15]<Core-SW>
163121.801: [16:31:21][202602192.168.231.1-黄埭-核心交换机-16:31:21]
163121.886: [16:31:21]
163121.887: [16:31:21]Info: The max number of VTY users is 5, the number of current VTY users online is 1, and total number of terminal users online is 1.
163121.927: [16:31:21]      The current login time is 2025-11-30 23:42:46.
164122.047: [16:41:22]<Core-SW>
164128.215: [16:41:28][202602192.168.231.1-黄埭-核心交换机-16:41:28]
164128.338: [16:41:28]
164128.339: [16:41:28]Info: The max number of VTY users is 5, the number of current VTY users online is 1, and total number of terminal users online is 1.
164128.339: [16:41:28]      The current login time is 2025-11-30 23:52:52.
165128.357: [16:51:28]<Core-SW>
165134.529: [16:51:34][202602192.168.231.1-黄埭-核心交换机-16:51:34]
165134.605: [16:51:34]
165134.606: [16:51:34]Info: The max number of VTY users is 5, the number of current VTY users online is 1, and total number of terminal users online is 1.
165134.630: [16:51:34]      The current login time is 2025-12-01 00:02:58.
170134.781: [17:01:34]<Core-SW>
170141.150: [17:01:41][202602192.168.231.1-黄埭-核心交换机-17:01:41]
170141.194: [17:01:41]
170141.195: [17:01:41]Info: The max number of VTY users is 5, the number of current VTY users online is 1, and total number of terminal users online is 1.
170141.232: [17:01:41]      The current login time is 2025-12-01 00:13:05.
171141.402: [17:11:41]<Core-SW>
171147.227: [17:11:47][202602192.168.231.1-黄埭-核心交换机-17:11:47]
171147.292: [17:11:47]
171147.293: [17:11:47]Info: The max number of VTY users is 5, the number of current VTY users online is 1, and total number of terminal users online is 1.
171147.320: [17:11:47]      The current login time is 2025-12-01 00:23:11.
172147.390: [17:21:47]<Core-SW>
172153.772: [17:21:53][202602192.168.231.1-黄埭-核心交换机-17:21:53]
172153.828: [17:21:53]
172153.830: [17:21:53]Info: The max number of VTY users is 5, the number of current VTY users online is 1, and total number of terminal users online is 1.
172153.876: [17:21:53]      The current login time is 2025-12-01 00:33:17.
173153.990: [17:31:53]<Core-SW>
173200.211: [17:32:00][202602192.168.231.1-黄埭-核心交换机-17:32:00]
173200.260: [17:32:00]
173200.261: [17:32:00]Info: The max number of VTY users is 5, the number of current VTY users online is 1, and total number of terminal users online is 1.
173200.295: [17:32:00]      The current login time is 2025-12-01 00:43:24.
174200.364: [17:42:00]<Core-SW>
174206.933: [17:42:06][202602192.168.231.1-黄埭-核心交换机-17:42:06]
174206.984: [17:42:06]
174206.985: [17:42:06]Info: The max number of VTY users is 5, the number of current VTY users online is 1, and total number of terminal users online is 1.
174207.015: [17:42:07]      The current login time is 2025-12-01 00:53:31.
175207.091: [17:52:07]<Core-SW>
175213.334: [17:52:13][202602192.168.231.1-黄埭-核心交换机-17:52:13]
175213.372: [17:52:13]
175213.373: [17:52:13]Info: The max number of VTY users is 5, the number of current VTY users online is 1, and total number of terminal users online is 1.
175213.405: [17:52:13]      The current login time is 2025-12-01 01:03:37.
180213.481: [18:02:13]<Core-SW>
180219.668: [18:02:19][202602192.168.231.1-黄埭-核心交换机-18:02:19]
180219.716: [18:02:19]
180219.716: [18:02:19]Info: The max number of VTY users is 5, the number of current VTY users online is 1, and total number of terminal users online is 1.
180219.754: [18:02:19]      The current login time is 2025-12-01 01:13:43.
181219.836: [18:12:19]<Core-SW>
181225.607: [18:12:25][202602192.168.231.1-黄埭-核心交换机-18:12:25]
181225.643: [18:12:25]
181225.643: [18:12:25]Info: The max number of VTY users is 5, the number of current VTY users online is 1, and total number of terminal users online is 1.
181225.687: [18:12:25]      The current login time is 2025-12-01 01:23:49.
182225.766: [18:22:25]<Core-SW>
182232.004: [18:22:32][202602192.168.231.1-黄埭-核心交换机-18:22:32]
182232.059: [18:22:32]
182232.059: [18:22:32]Info: The max number of VTY users is 5, the number of current VTY users online is 1, and total number of terminal users online is 1.
182232.084: [18:22:32]      The current login time is 2025-12-01 01:33:56.
183232.137: [18:32:32]<Core-SW>
183238.334: [18:32:38][202602192.168.231.1-黄埭-核心交换机-18:32:38]
183238.372: [18:32:38]
183238.373: [18:32:38]Info: The max number of VTY users is 5, the number of current VTY users online is 1, and total number of terminal users online is 1.
183238.425: [18:32:38]      The current login time is 2025-12-01 01:44:02.
184238.500: [18:42:38]<Core-SW>
184244.635: [18:42:44][202602192.168.231.1-黄埭-核心交换机-18:42:44]
184244.681: [18:42:44]
184244.685: [18:42:44]Info: The max number of VTY users is 5, the number of current VTY users online is 1, and total number of terminal users online is 1.
184244.725: [18:42:44]      The current login time is 2025-12-01 01:54:08.
185244.782: [18:52:44]<Core-SW>
185250.661: [18:52:50][202602192.168.231.1-黄埭-核心交换机-18:52:50]
185250.711: [18:52:50]
185250.711: [18:52:50]Info: The max number of VTY users is 5, the number of current VTY users online is 1, and total number of terminal users online is 1.
185250.740: [18:52:50]      The current login time is 2025-12-01 02:04:14.
190250.798: [19:02:50]<Core-SW>
190256.636: [19:02:56][202602192.168.231.1-黄埭-核心交换机-19:02:56]
190256.677: [19:02:56]
190256.681: [19:02:56]Info: The max number of VTY users is 5, the number of current VTY users online is 1, and total number of terminal users online is 1.
190256.717: [19:02:56]      The current login time is 2025-12-01 02:14:20.
191256.790: [19:12:56]<Core-SW>
191302.645: [19:13:02][202602192.168.231.1-黄埭-核心交换机-19:13:02]
191303.788: [19:13:03]
191303.788: [19:13:03]Info: The max number of VTY users is 5, the number of current VTY users online is 1, and total number of terminal users online is 1.
191303.789: [19:13:03]      The current login time is 2025-12-01 02:24:26.
192302.797: [19:23:02]<Core-SW>
192308.753: [19:23:08][202602192.168.231.1-黄埭-核心交换机-19:23:08]
192308.802: [19:23:08]
192308.805: [19:23:08]Info: The max number of VTY users is 5, the number of current VTY users online is 1, and total number of terminal users online is 1.
192308.846: [19:23:08]      The current login time is 2025-12-01 02:34:33.
193308.913: [19:33:08]<Core-SW>
193314.661: [19:33:14][202602192.168.231.1-黄埭-核心交换机-19:33:14]
193314.702: [19:33:14]
193314.706: [19:33:14]Info: The max number of VTY users is 5, the number of current VTY users online is 1, and total number of terminal users online is 1.
193314.774: [19:33:14]      The current login time is 2025-12-01 02:44:38.
194314.832: [19:43:14]<Core-SW>
194320.843: [19:43:20][202602192.168.231.1-黄埭-核心交换机-19:43:20]
194320.907: [19:43:20]
194320.908: [19:43:20]Info: The max number of VTY users is 5, the number of current VTY users online is 1, and total number of terminal users online is 1.
194320.944: [19:43:20]      The current login time is 2025-12-01 02:54:45.
195321.095: [19:53:21]<Core-SW>
195327.337: [19:53:27][202602192.168.231.1-黄埭-核心交换机-19:53:27]
195327.388: [19:53:27]
195327.393: [19:53:27]Info: The max number of VTY users is 5, the number of current VTY users online is 1, and total number of terminal users online is 1.
195327.422: [19:53:27]      The current login time is 2025-12-01 03:04:51.
200327.523: [20:03:27]<Core-SW>
200333.827: [20:03:33][202602192.168.231.1-黄埭-核心交换机-20:03:33]
200333.932: [20:03:33]
200333.932: [20:03:33]Info: The max number of VTY users is 5, the number of current VTY users online is 1, and total number of terminal users online is 1.
200333.932: [20:03:33]      The current login time is 2025-12-01 03:14:58.
201333.991: [20:13:33]<Core-SW>
201340.533: [20:13:40][202602192.168.231.1-黄埭-核心交换机-20:13:40]
201340.595: [20:13:40]
201340.596: [20:13:40]Info: The max number of VTY users is 5, the number of current VTY users online is 1, and total number of terminal users online is 1.
201340.616: [20:13:40]      The current login time is 2025-12-01 03:25:04.
202340.687: [20:23:40]<Core-SW>
202346.716: [20:23:46][202602192.168.231.1-黄埭-核心交换机-20:23:46]
202346.759: [20:23:46]
202346.760: [20:23:46]Info: The max number of VTY users is 5, the number of current VTY users online is 1, and total number of terminal users online is 1.
202346.809: [20:23:46]      The current login time is 2025-12-01 03:35:11.
203346.922: [20:33:46]<Core-SW>
203352.737: [20:33:52][202602192.168.231.1-黄埭-核心交换机-20:33:52]
203352.793: [20:33:52]
203352.794: [20:33:52]Info: The max number of VTY users is 5, the number of current VTY users online is 1, and total number of terminal users online is 1.
203352.829: [20:33:52]      The current login time is 2025-12-01 03:45:17.
204353.079: [20:43:53]<Core-SW>
204359.142: [20:43:59][202602192.168.231.1-黄埭-核心交换机-20:43:59]
204359.196: [20:43:59]
204359.196: [20:43:59]Info: The max number of VTY users is 5, the number of current VTY users online is 1, and total number of terminal users online is 1.
204359.289: [20:43:59]      The current login time is 2025-12-01 03:55:23.
205359.394: [20:53:59]<Core-SW>
205405.220: [20:54:05][202602192.168.231.1-黄埭-核心交换机-20:54:05]
205405.272: [20:54:05]
205405.277: [20:54:05]Info: The max number of VTY users is 5, the number of current VTY users online is 1, and total number of terminal users online is 1.
205405.366: [20:54:05]      The current login time is 2025-12-01 04:05:29.
210405.367: [21:04:05]<Core-SW>
210411.151: [21:04:11][202602192.168.231.1-黄埭-核心交换机-21:04:11]
210411.197: [21:04:11]
210411.197: [21:04:11]Info: The max number of VTY users is 5, the number of current VTY users online is 1, and total number of terminal users online is 1.
210411.246: [21:04:11]      The current login time is 2025-12-01 04:15:35.
211411.307: [21:14:11]<Core-SW>
211417.173: [21:14:17][202602192.168.231.1-黄埭-核心交换机-21:14:17]
211417.236: [21:14:17]
211417.236: [21:14:17]Info: The max number of VTY users is 5, the number of current VTY users online is 1, and total number of terminal users online is 1.
211417.265: [21:14:17]      The current login time is 2025-12-01 04:25:41.
212417.415: [21:24:17]<Core-SW>
212423.166: [21:24:23][202602192.168.231.1-黄埭-核心交换机-21:24:23]
212423.201: [21:24:23]
212423.201: [21:24:23]Info: The max number of VTY users is 5, the number of current VTY users online is 1, and total number of terminal users online is 1.
212423.249: [21:24:23]      The current login time is 2025-12-01 04:35:47.
213423.387: [21:34:23]<Core-SW>
213429.274: [21:34:29][202602192.168.231.1-黄埭-核心交换机-21:34:29]
213429.331: [21:34:29]
213429.332: [21:34:29]Info: The max number of VTY users is 5, the number of current VTY users online is 1, and total number of terminal users online is 1.
213429.383: [21:34:29]      The current login time is 2025-12-01 04:45:53.
214429.490: [21:44:29]<Core-SW>
214436.103: [21:44:36][202602192.168.231.1-黄埭-核心交换机-21:44:36]
214436.159: [21:44:36]
214436.167: [21:44:36]Info: The max number of VTY users is 5, the number of current VTY users online is 1, and total number of terminal users online is 1.
214436.271: [21:44:36]      The current login time is 2025-12-01 04:56:00.
215436.361: [21:54:36]<Core-SW>
215442.374: [21:54:42][202602192.168.231.1-黄埭-核心交换机-21:54:42]
215442.438: [21:54:42]
215442.439: [21:54:42]Info: The max number of VTY users is 5, the number of current VTY users online is 1, and total number of terminal users online is 1.
215442.461: [21:54:42]      The current login time is 2025-12-01 05:06:06.
220442.511: [22:04:42]<Core-SW>
220448.625: [22:04:48][202602192.168.231.1-黄埭-核心交换机-22:04:48]
220448.662: [22:04:48]
220448.667: [22:04:48]Info: The max number of VTY users is 5, the number of current VTY users online is 1, and total number of terminal users online is 1.
220448.705: [22:04:48]      The current login time is 2025-12-01 05:16:12.
221448.764: [22:14:48]<Core-SW>
221454.736: [22:14:54][202602192.168.231.1-黄埭-核心交换机-22:14:54]
221454.784: [22:14:54]
221454.784: [22:14:54]Info: The max number of VTY users is 5, the number of current VTY users online is 1, and total number of terminal users online is 1.
221454.821: [22:14:54]      The current login time is 2025-12-01 05:26:19.
222454.994: [22:24:54]<Core-SW>
222501.132: [22:25:01][202602192.168.231.1-黄埭-核心交换机-22:25:01]
222501.194: [22:25:01]
222501.198: [22:25:01]Info: The max number of VTY users is 5, the number of current VTY users online is 1, and total number of terminal users online is 1.
222501.228: [22:25:01]      The current login time is 2025-12-01 05:36:25.
223501.282: [22:35:01]<Core-SW>
223507.265: [22:35:07][202602192.168.231.1-黄埭-核心交换机-22:35:07]
223507.314: [22:35:07]
223507.314: [22:35:07]Info: The max number of VTY users is 5, the number of current VTY users online is 1, and total number of terminal users online is 2.
223507.348: [22:35:07]      The current login time is 2025-12-01 05:46:31.
224507.519: [22:45:07]<Core-SW>
224513.780: [22:45:13][202602192.168.231.1-黄埭-核心交换机-22:45:13]
224513.822: [22:45:13]
224513.826: [22:45:13]Info: The max number of VTY users is 5, the number of current VTY users online is 1, and total number of terminal users online is 1.
224513.870: [22:45:13]      The current login time is 2025-12-01 05:56:38.
225513.949: [22:55:13]<Core-SW>
225520.299: [22:55:20][202602192.168.231.1-黄埭-核心交换机-22:55:20]
225520.421: [22:55:20]
225520.427: [22:55:20]Info: The max number of VTY users is 5, the number of current VTY users online is 1, and total number of terminal users online is 1.
225520.469: [22:55:20]      The current login time is 2025-12-01 06:06:44.
230520.554: [23:05:20]<Core-SW>
230526.720: [23:05:26][202602192.168.231.1-黄埭-核心交换机-23:05:26]
230526.778: [23:05:26]
230526.779: [23:05:26]Info: The max number of VTY users is 5, the number of current VTY users online is 1, and total number of terminal users online is 1.
230526.803: [23:05:26]      The current login time is 2025-12-01 06:16:51.
231526.931: [23:15:26]<Core-SW>
231533.220: [23:15:33][202602192.168.231.1-黄埭-核心交换机-23:15:33]
231533.284: [23:15:33]
231533.285: [23:15:33]Info: The max number of VTY users is 5, the number of current VTY users online is 1, and total number of terminal users online is 1.
231533.328: [23:15:33]      The current login time is 2025-12-01 06:26:57.
232533.388: [23:25:33]<Core-SW>
232539.450: [23:25:39][202602192.168.231.1-黄埭-核心交换机-23:25:39]
232539.491: [23:25:39]
232539.497: [23:25:39]Info: The max number of VTY users is 5, the number of current VTY users online is 1, and total number of terminal users online is 1.
232539.555: [23:25:39]      The current login time is 2025-12-01 06:37:03.
233539.616: [23:35:39]<Core-SW>
233545.742: [23:35:45][202602192.168.231.1-黄埭-核心交换机-23:35:45]
233545.782: [23:35:45]
233545.782: [23:35:45]Info: The max number of VTY users is 5, the number of current VTY users online is 1, and total number of terminal users online is 1.
233545.820: [23:35:45]      The current login time is 2025-12-01 06:47:10.
234545.912: [23:45:45]<Core-SW>
234551.823: [23:45:51][202602192.168.231.1-黄埭-核心交换机-23:45:51]
234551.868: [23:45:51]
234551.873: [23:45:51]Info: The max number of VTY users is 5, the number of current VTY users online is 1, and total number of terminal users online is 1.
234551.913: [23:45:51]      The current login time is 2025-12-01 06:57:16.
235551.982: [23:55:51]<Core-SW>
235558.122: [23:55:58][202602192.168.231.1-黄埭-核心交换机-23:55:58]
235558.172: [23:55:58]
235558.173: [23:55:58]Info: The max number of VTY users is 5, the number of current VTY users online is 1, and total number of terminal users online is 1.
235558.204: [23:55:58]      The current login time is 2025-12-01 07:07:22.
