000425.767: [00:04:25][202603Home-Dell-Public-00:04:25]
000425.865: [00:04:25]Linux anncara-computer 6.12.41+deb13-amd64 #1 SMP PREEMPT_DYNAMIC Debian 6.12.41-1 (2025-08-12) x86_64
000425.865: [00:04:25]
000425.865: [00:04:25]The programs included with the Debian GNU/Linux system are free software;
000425.866: [00:04:25]the exact distribution terms for each program are described in the
000425.866: [00:04:25]individual files in /usr/share/doc/*/copyright.
000425.866: [00:04:25]
000425.866: [00:04:25]Debian GNU/Linux comes with ABSOLUTELY NO WARRANTY, to the extent
000425.866: [00:04:25]permitted by applicable law.
000425.867: [00:04:25]Last login: Sun Mar  1 23:34:24 2026 from 223.107.68.194
003424.821: [00:34:24][202603Home-Dell-Public-00:34:24]
003424.942: [00:34:24]Linux anncara-computer 6.12.41+deb13-amd64 #1 SMP PREEMPT_DYNAMIC Debian 6.12.41-1 (2025-08-12) x86_64
003424.942: [00:34:24]
003424.942: [00:34:24]The programs included with the Debian GNU/Linux system are free software;
003424.942: [00:34:24]the exact distribution terms for each program are described in the
003424.943: [00:34:24]individual files in /usr/share/doc/*/copyright.
003424.943: [00:34:24]
003424.943: [00:34:24]Debian GNU/Linux comes with ABSOLUTELY NO WARRANTY, to the extent
003424.943: [00:34:24]permitted by applicable law.
003424.944: [00:34:24]Last login: Mon Mar  2 00:04:25 2026 from 223.107.68.194
010425.387: [01:04:25][202603Home-Dell-Public-01:04:25]
010425.481: [01:04:25]Linux anncara-computer 6.12.41+deb13-amd64 #1 SMP PREEMPT_DYNAMIC Debian 6.12.41-1 (2025-08-12) x86_64
010425.482: [01:04:25]
010425.482: [01:04:25]The programs included with the Debian GNU/Linux system are free software;
010425.482: [01:04:25]the exact distribution terms for each program are described in the
010425.483: [01:04:25]individual files in /usr/share/doc/*/copyright.
010425.483: [01:04:25]
010425.483: [01:04:25]Debian GNU/Linux comes with ABSOLUTELY NO WARRANTY, to the extent
010425.483: [01:04:25]permitted by applicable law.
010425.484: [01:04:25]Last login: Mon Mar  2 00:34:24 2026 from 223.107.68.194
013424.847: [01:34:24][202603Home-Dell-Public-01:34:24]
013424.946: [01:34:24]Linux anncara-computer 6.12.41+deb13-amd64 #1 SMP PREEMPT_DYNAMIC Debian 6.12.41-1 (2025-08-12) x86_64
013424.946: [01:34:24]
013424.946: [01:34:24]The programs included with the Debian GNU/Linux system are free software;
013424.946: [01:34:24]the exact distribution terms for each program are described in the
013424.946: [01:34:24]individual files in /usr/share/doc/*/copyright.
013424.946: [01:34:24]
013424.947: [01:34:24]Debian GNU/Linux comes with ABSOLUTELY NO WARRANTY, to the extent
013424.947: [01:34:24]permitted by applicable law.
013424.947: [01:34:24]Last login: Mon Mar  2 01:04:25 2026 from 223.107.68.194
020425.788: [02:04:25][202603Home-Dell-Public-02:04:25]
020425.881: [02:04:25]Linux anncara-computer 6.12.41+deb13-amd64 #1 SMP PREEMPT_DYNAMIC Debian 6.12.41-1 (2025-08-12) x86_64
020425.881: [02:04:25]
020425.881: [02:04:25]The programs included with the Debian GNU/Linux system are free software;
020425.882: [02:04:25]the exact distribution terms for each program are described in the
020425.882: [02:04:25]individual files in /usr/share/doc/*/copyright.
020425.882: [02:04:25]
020425.882: [02:04:25]Debian GNU/Linux comes with ABSOLUTELY NO WARRANTY, to the extent
020425.882: [02:04:25]permitted by applicable law.
020425.883: [02:04:25]Last login: Mon Mar  2 01:34:24 2026 from 223.107.68.194
023424.651: [02:34:24][202603Home-Dell-Public-02:34:24]
023424.703: [02:34:24]Linux anncara-computer 6.12.41+deb13-amd64 #1 SMP PREEMPT_DYNAMIC Debian 6.12.41-1 (2025-08-12) x86_64
023424.703: [02:34:24]
023424.703: [02:34:24]The programs included with the Debian GNU/Linux system are free software;
023424.704: [02:34:24]the exact distribution terms for each program are described in the
023424.704: [02:34:24]individual files in /usr/share/doc/*/copyright.
023424.704: [02:34:24]
023424.704: [02:34:24]Debian GNU/Linux comes with ABSOLUTELY NO WARRANTY, to the extent
023424.705: [02:34:24]permitted by applicable law.
023424.705: [02:34:24]Last login: Mon Mar  2 02:04:25 2026 from 223.107.68.194
