000416.756: [00:04:16][202603104-172.16.101.44-00:04:16]
000416.766: [00:04:16]Welcome to Ubuntu 24.04.4 LTS (GNU/Linux 6.11.0-17-generic x86_64)
000416.766: [00:04:16]
000416.766: [00:04:16] * Documentation:  https://help.ubuntu.com
000416.766: [00:04:16] * Management:     https://landscape.canonical.com
000416.767: [00:04:16] * Support:        https://ubuntu.com/pro
000416.767: [00:04:16]
000416.767: [00:04:16]扩展安全维护（ESM）Applications 未启用。
000416.767: [00:04:16]
000416.767: [00:04:16]0 更新可以立即应用。
000416.767: [00:04:16]
000416.767: [00:04:16]启用 ESM Apps 来获取未来的额外安全更新
000416.768: [00:04:16]请参见 https://ubuntu.com/esm 或者运行: sudo pro status
000416.768: [00:04:16]
000416.768: [00:04:16]Last login: Tue Mar 24 23:59:21 2026 from 192.168.6.173
000957.794: [00:09:57][202603104-172.16.101.44-00:09:57]
000957.808: [00:09:57]Welcome to Ubuntu 24.04.4 LTS (GNU/Linux 6.11.0-17-generic x86_64)
000957.808: [00:09:57]
000957.808: [00:09:57] * Documentation:  https://help.ubuntu.com
000957.809: [00:09:57] * Management:     https://landscape.canonical.com
000957.809: [00:09:57] * Support:        https://ubuntu.com/pro
000957.809: [00:09:57]
000957.809: [00:09:57]扩展安全维护（ESM）Applications 未启用。
000957.809: [00:09:57]
000957.809: [00:09:57]0 更新可以立即应用。
000957.809: [00:09:57]
000957.810: [00:09:57]启用 ESM Apps 来获取未来的额外安全更新
000957.810: [00:09:57]请参见 https://ubuntu.com/esm 或者运行: sudo pro status
000957.810: [00:09:57]
000957.810: [00:09:57]Last login: Wed Mar 25 00:04:16 2026 from 192.168.6.173
001442.201: [00:14:42][202603104-172.16.101.44-00:14:42]
001442.215: [00:14:42]Welcome to Ubuntu 24.04.4 LTS (GNU/Linux 6.11.0-17-generic x86_64)
001442.215: [00:14:42]
001442.215: [00:14:42] * Documentation:  https://help.ubuntu.com
001442.215: [00:14:42] * Management:     https://landscape.canonical.com
001442.216: [00:14:42] * Support:        https://ubuntu.com/pro
001442.216: [00:14:42]
001442.216: [00:14:42]扩展安全维护（ESM）Applications 未启用。
001442.216: [00:14:42]
001442.216: [00:14:42]0 更新可以立即应用。
001442.216: [00:14:42]
001442.216: [00:14:42]启用 ESM Apps 来获取未来的额外安全更新
001442.217: [00:14:42]请参见 https://ubuntu.com/esm 或者运行: sudo pro status
001442.217: [00:14:42]
001442.217: [00:14:42]Last login: Wed Mar 25 00:09:57 2026 from 192.168.6.173
001953.773: [00:19:53][202603104-172.16.101.44-00:19:53]
001953.784: [00:19:53]Welcome to Ubuntu 24.04.4 LTS (GNU/Linux 6.11.0-17-generic x86_64)
001953.784: [00:19:53]
001953.784: [00:19:53] * Documentation:  https://help.ubuntu.com
001953.784: [00:19:53] * Management:     https://landscape.canonical.com
001953.784: [00:19:53] * Support:        https://ubuntu.com/pro
001953.784: [00:19:53]
001953.785: [00:19:53]扩展安全维护（ESM）Applications 未启用。
001953.785: [00:19:53]
001953.785: [00:19:53]0 更新可以立即应用。
001953.785: [00:19:53]
001953.785: [00:19:53]启用 ESM Apps 来获取未来的额外安全更新
001953.785: [00:19:53]请参见 https://ubuntu.com/esm 或者运行: sudo pro status
001953.785: [00:19:53]
001953.786: [00:19:53]Last login: Wed Mar 25 00:14:42 2026 from 192.168.6.173
002507.788: [00:25:07][202603104-172.16.101.44-00:25:07]
002507.798: [00:25:07]Welcome to Ubuntu 24.04.4 LTS (GNU/Linux 6.11.0-17-generic x86_64)
002507.798: [00:25:07]
002507.798: [00:25:07] * Documentation:  https://help.ubuntu.com
002507.798: [00:25:07] * Management:     https://landscape.canonical.com
002507.799: [00:25:07] * Support:        https://ubuntu.com/pro
002507.799: [00:25:07]
002507.799: [00:25:07]扩展安全维护（ESM）Applications 未启用。
002507.799: [00:25:07]
002507.799: [00:25:07]0 更新可以立即应用。
002507.799: [00:25:07]
002507.799: [00:25:07]启用 ESM Apps 来获取未来的额外安全更新
002507.800: [00:25:07]请参见 https://ubuntu.com/esm 或者运行: sudo pro status
002507.800: [00:25:07]
002507.800: [00:25:07]Last login: Wed Mar 25 00:19:53 2026 from 192.168.6.173
003019.799: [00:30:19][202603104-172.16.101.44-00:30:19]
003019.810: [00:30:19]Welcome to Ubuntu 24.04.4 LTS (GNU/Linux 6.11.0-17-generic x86_64)
003019.810: [00:30:19]
003019.810: [00:30:19] * Documentation:  https://help.ubuntu.com
003019.811: [00:30:19] * Management:     https://landscape.canonical.com
003019.811: [00:30:19] * Support:        https://ubuntu.com/pro
003019.811: [00:30:19]
003019.811: [00:30:19]扩展安全维护（ESM）Applications 未启用。
003019.811: [00:30:19]
003019.811: [00:30:19]27 更新可以立即应用。
003019.812: [00:30:19]这些更新中有 19 个是标准安全更新。
003019.812: [00:30:19]要查看这些附加更新，请运行：apt list --upgradable
003019.812: [00:30:19]
003019.812: [00:30:19]启用 ESM Apps 来获取未来的额外安全更新
003019.813: [00:30:19]请参见 https://ubuntu.com/esm 或者运行: sudo pro status
003019.813: [00:30:19]
003019.813: [00:30:19]Last login: Wed Mar 25 00:25:07 2026 from 192.168.6.173
003518.748: [00:35:18][202603104-172.16.101.44-00:35:18]
003518.758: [00:35:18]Welcome to Ubuntu 24.04.4 LTS (GNU/Linux 6.11.0-17-generic x86_64)
003518.758: [00:35:18]
003518.759: [00:35:18] * Documentation:  https://help.ubuntu.com
003518.759: [00:35:18] * Management:     https://landscape.canonical.com
003518.759: [00:35:18] * Support:        https://ubuntu.com/pro
003518.759: [00:35:18]
003518.759: [00:35:18]扩展安全维护（ESM）Applications 未启用。
003518.759: [00:35:18]
003518.760: [00:35:18]27 更新可以立即应用。
003518.760: [00:35:18]这些更新中有 19 个是标准安全更新。
003518.760: [00:35:18]要查看这些附加更新，请运行：apt list --upgradable
003518.760: [00:35:18]
003518.760: [00:35:18]启用 ESM Apps 来获取未来的额外安全更新
003518.761: [00:35:18]请参见 https://ubuntu.com/esm 或者运行: sudo pro status
003518.761: [00:35:18]
003518.761: [00:35:18]Last login: Wed Mar 25 00:30:19 2026 from 192.168.6.173
004028.284: [00:40:28][202603104-172.16.101.44-00:40:28]
004028.303: [00:40:28]Welcome to Ubuntu 24.04.4 LTS (GNU/Linux 6.11.0-17-generic x86_64)
004028.303: [00:40:28]
004028.303: [00:40:28] * Documentation:  https://help.ubuntu.com
004028.303: [00:40:28] * Management:     https://landscape.canonical.com
004028.304: [00:40:28] * Support:        https://ubuntu.com/pro
004028.304: [00:40:28]
004028.304: [00:40:28]扩展安全维护（ESM）Applications 未启用。
004028.304: [00:40:28]
004028.304: [00:40:28]27 更新可以立即应用。
004028.304: [00:40:28]这些更新中有 19 个是标准安全更新。
004028.304: [00:40:28]要查看这些附加更新，请运行：apt list --upgradable
004028.304: [00:40:28]
004028.304: [00:40:28]启用 ESM Apps 来获取未来的额外安全更新
004028.305: [00:40:28]请参见 https://ubuntu.com/esm 或者运行: sudo pro status
004028.305: [00:40:28]
004028.305: [00:40:28]Last login: Wed Mar 25 00:35:18 2026 from 192.168.6.173
004542.775: [00:45:42][202603104-172.16.101.44-00:45:42]
004542.807: [00:45:42]Welcome to Ubuntu 24.04.4 LTS (GNU/Linux 6.11.0-17-generic x86_64)
004542.807: [00:45:42]
004542.807: [00:45:42] * Documentation:  https://help.ubuntu.com
004542.808: [00:45:42] * Management:     https://landscape.canonical.com
004542.808: [00:45:42] * Support:        https://ubuntu.com/pro
004542.808: [00:45:42]
004542.808: [00:45:42]扩展安全维护（ESM）Applications 未启用。
004542.808: [00:45:42]
004542.808: [00:45:42]27 更新可以立即应用。
004542.809: [00:45:42]这些更新中有 19 个是标准安全更新。
004542.809: [00:45:42]要查看这些附加更新，请运行：apt list --upgradable
004542.809: [00:45:42]
004542.809: [00:45:42]启用 ESM Apps 来获取未来的额外安全更新
004542.810: [00:45:42]请参见 https://ubuntu.com/esm 或者运行: sudo pro status
004542.810: [00:45:42]
004542.810: [00:45:42]Last login: Wed Mar 25 00:40:28 2026 from 192.168.6.173
005056.769: [00:50:56][202603104-172.16.101.44-00:50:56]
005056.779: [00:50:56]Welcome to Ubuntu 24.04.4 LTS (GNU/Linux 6.11.0-17-generic x86_64)
005056.779: [00:50:56]
005056.780: [00:50:56] * Documentation:  https://help.ubuntu.com
005056.780: [00:50:56] * Management:     https://landscape.canonical.com
005056.780: [00:50:56] * Support:        https://ubuntu.com/pro
005056.780: [00:50:56]
005056.780: [00:50:56]扩展安全维护（ESM）Applications 未启用。
005056.780: [00:50:56]
005056.781: [00:50:56]27 更新可以立即应用。
005056.781: [00:50:56]这些更新中有 19 个是标准安全更新。
005056.781: [00:50:56]要查看这些附加更新，请运行：apt list --upgradable
005056.781: [00:50:56]
005056.781: [00:50:56]启用 ESM Apps 来获取未来的额外安全更新
005056.782: [00:50:56]请参见 https://ubuntu.com/esm 或者运行: sudo pro status
005056.782: [00:50:56]
005056.782: [00:50:56]Last login: Wed Mar 25 00:45:42 2026 from 192.168.6.173
005610.755: [00:56:10][202603104-172.16.101.44-00:56:10]
005610.766: [00:56:10]Welcome to Ubuntu 24.04.4 LTS (GNU/Linux 6.11.0-17-generic x86_64)
005610.766: [00:56:10]
005610.766: [00:56:10] * Documentation:  https://help.ubuntu.com
005610.767: [00:56:10] * Management:     https://landscape.canonical.com
005610.767: [00:56:10] * Support:        https://ubuntu.com/pro
005610.767: [00:56:10]
005610.767: [00:56:10]扩展安全维护（ESM）Applications 未启用。
005610.767: [00:56:10]
005610.767: [00:56:10]27 更新可以立即应用。
005610.767: [00:56:10]这些更新中有 19 个是标准安全更新。
005610.768: [00:56:10]要查看这些附加更新，请运行：apt list --upgradable
005610.768: [00:56:10]
005610.768: [00:56:10]启用 ESM Apps 来获取未来的额外安全更新
005610.768: [00:56:10]请参见 https://ubuntu.com/esm 或者运行: sudo pro status
005610.768: [00:56:10]
005610.769: [00:56:10]Last login: Wed Mar 25 00:50:56 2026 from 192.168.6.173
010122.265: [01:01:22][202603104-172.16.101.44-01:01:22]
010122.275: [01:01:22]Welcome to Ubuntu 24.04.4 LTS (GNU/Linux 6.11.0-17-generic x86_64)
010122.276: [01:01:22]
010122.276: [01:01:22] * Documentation:  https://help.ubuntu.com
010122.276: [01:01:22] * Management:     https://landscape.canonical.com
010122.276: [01:01:22] * Support:        https://ubuntu.com/pro
010122.276: [01:01:22]
010122.276: [01:01:22]扩展安全维护（ESM）Applications 未启用。
010122.276: [01:01:22]
010122.277: [01:01:22]27 更新可以立即应用。
010122.277: [01:01:22]这些更新中有 19 个是标准安全更新。
010122.277: [01:01:22]要查看这些附加更新，请运行：apt list --upgradable
010122.277: [01:01:22]
010122.278: [01:01:22]启用 ESM Apps 来获取未来的额外安全更新
010122.278: [01:01:22]请参见 https://ubuntu.com/esm 或者运行: sudo pro status
010122.278: [01:01:22]
010122.278: [01:01:22]Last login: Wed Mar 25 00:56:10 2026 from 192.168.6.173
010633.677: [01:06:33][202603104-172.16.101.44-01:06:33]
010633.687: [01:06:33]Welcome to Ubuntu 24.04.4 LTS (GNU/Linux 6.11.0-17-generic x86_64)
010633.687: [01:06:33]
010633.687: [01:06:33] * Documentation:  https://help.ubuntu.com
010633.687: [01:06:33] * Management:     https://landscape.canonical.com
010633.687: [01:06:33] * Support:        https://ubuntu.com/pro
010633.687: [01:06:33]
010633.687: [01:06:33]扩展安全维护（ESM）Applications 未启用。
010633.687: [01:06:33]
010633.687: [01:06:33]27 更新可以立即应用。
010633.687: [01:06:33]这些更新中有 19 个是标准安全更新。
010633.687: [01:06:33]要查看这些附加更新，请运行：apt list --upgradable
010633.687: [01:06:33]
010633.687: [01:06:33]启用 ESM Apps 来获取未来的额外安全更新
010633.688: [01:06:33]请参见 https://ubuntu.com/esm 或者运行: sudo pro status
010633.688: [01:06:33]
010633.688: [01:06:33]Last login: Wed Mar 25 01:01:22 2026 from 192.168.6.173
011143.735: [01:11:43][202603104-172.16.101.44-01:11:43]
011143.746: [01:11:43]Welcome to Ubuntu 24.04.4 LTS (GNU/Linux 6.11.0-17-generic x86_64)
011143.746: [01:11:43]
011143.746: [01:11:43] * Documentation:  https://help.ubuntu.com
011143.747: [01:11:43] * Management:     https://landscape.canonical.com
011143.747: [01:11:43] * Support:        https://ubuntu.com/pro
011143.747: [01:11:43]
011143.747: [01:11:43]扩展安全维护（ESM）Applications 未启用。
011143.747: [01:11:43]
011143.747: [01:11:43]27 更新可以立即应用。
011143.747: [01:11:43]这些更新中有 19 个是标准安全更新。
011143.748: [01:11:43]要查看这些附加更新，请运行：apt list --upgradable
011143.748: [01:11:43]
011143.748: [01:11:43]启用 ESM Apps 来获取未来的额外安全更新
011143.748: [01:11:43]请参见 https://ubuntu.com/esm 或者运行: sudo pro status
011143.748: [01:11:43]
011143.749: [01:11:43]Last login: Wed Mar 25 01:06:33 2026 from 192.168.6.173
011653.740: [01:16:53][202603104-172.16.101.44-01:16:53]
011653.752: [01:16:53]Welcome to Ubuntu 24.04.4 LTS (GNU/Linux 6.11.0-17-generic x86_64)
011653.752: [01:16:53]
011653.752: [01:16:53] * Documentation:  https://help.ubuntu.com
011653.752: [01:16:53] * Management:     https://landscape.canonical.com
011653.752: [01:16:53] * Support:        https://ubuntu.com/pro
011653.752: [01:16:53]
011653.752: [01:16:53]扩展安全维护（ESM）Applications 未启用。
011653.753: [01:16:53]
011653.753: [01:16:53]27 更新可以立即应用。
011653.753: [01:16:53]这些更新中有 19 个是标准安全更新。
011653.753: [01:16:53]要查看这些附加更新，请运行：apt list --upgradable
011653.753: [01:16:53]
011653.753: [01:16:53]启用 ESM Apps 来获取未来的额外安全更新
011653.754: [01:16:53]请参见 https://ubuntu.com/esm 或者运行: sudo pro status
011653.754: [01:16:53]
011653.754: [01:16:53]Last login: Wed Mar 25 01:11:43 2026 from 192.168.6.173
012203.762: [01:22:03][202603104-172.16.101.44-01:22:03]
012203.773: [01:22:03]Welcome to Ubuntu 24.04.4 LTS (GNU/Linux 6.11.0-17-generic x86_64)
012203.773: [01:22:03]
012203.773: [01:22:03] * Documentation:  https://help.ubuntu.com
012203.774: [01:22:03] * Management:     https://landscape.canonical.com
012203.774: [01:22:03] * Support:        https://ubuntu.com/pro
012203.774: [01:22:03]
012203.774: [01:22:03]扩展安全维护（ESM）Applications 未启用。
012203.774: [01:22:03]
012203.774: [01:22:03]27 更新可以立即应用。
012203.775: [01:22:03]这些更新中有 19 个是标准安全更新。
012203.775: [01:22:03]要查看这些附加更新，请运行：apt list --upgradable
012203.775: [01:22:03]
012203.775: [01:22:03]启用 ESM Apps 来获取未来的额外安全更新
012203.776: [01:22:03]请参见 https://ubuntu.com/esm 或者运行: sudo pro status
012203.776: [01:22:03]
012203.776: [01:22:03]Last login: Wed Mar 25 01:16:53 2026 from 192.168.6.173
012719.197: [01:27:19][202603104-172.16.101.44-01:27:19]
012719.218: [01:27:19]Welcome to Ubuntu 24.04.4 LTS (GNU/Linux 6.11.0-17-generic x86_64)
012719.218: [01:27:19]
012719.218: [01:27:19] * Documentation:  https://help.ubuntu.com
012719.218: [01:27:19] * Management:     https://landscape.canonical.com
012719.218: [01:27:19] * Support:        https://ubuntu.com/pro
012719.218: [01:27:19]
012719.219: [01:27:19]扩展安全维护（ESM）Applications 未启用。
012719.219: [01:27:19]
012719.219: [01:27:19]27 更新可以立即应用。
012719.219: [01:27:19]这些更新中有 19 个是标准安全更新。
012719.220: [01:27:19]要查看这些附加更新，请运行：apt list --upgradable
012719.220: [01:27:19]
012719.220: [01:27:19]启用 ESM Apps 来获取未来的额外安全更新
012719.220: [01:27:19]请参见 https://ubuntu.com/esm 或者运行: sudo pro status
012719.220: [01:27:19]
012719.220: [01:27:19]Last login: Wed Mar 25 01:22:03 2026 from 192.168.6.173
013228.243: [01:32:28][202603104-172.16.101.44-01:32:28]
013228.266: [01:32:28]Welcome to Ubuntu 24.04.4 LTS (GNU/Linux 6.11.0-17-generic x86_64)
013228.266: [01:32:28]
013228.266: [01:32:28] * Documentation:  https://help.ubuntu.com
013228.267: [01:32:28] * Management:     https://landscape.canonical.com
013228.267: [01:32:28] * Support:        https://ubuntu.com/pro
013228.267: [01:32:28]
013228.267: [01:32:28]扩展安全维护（ESM）Applications 未启用。
013228.267: [01:32:28]
013228.267: [01:32:28]27 更新可以立即应用。
013228.267: [01:32:28]这些更新中有 19 个是标准安全更新。
013228.268: [01:32:28]要查看这些附加更新，请运行：apt list --upgradable
013228.268: [01:32:28]
013228.268: [01:32:28]启用 ESM Apps 来获取未来的额外安全更新
013228.268: [01:32:28]请参见 https://ubuntu.com/esm 或者运行: sudo pro status
013228.268: [01:32:28]
013228.269: [01:32:28]Last login: Wed Mar 25 01:27:19 2026 from 192.168.6.173
013726.180: [01:37:26][202603104-172.16.101.44-01:37:26]
013726.192: [01:37:26]Welcome to Ubuntu 24.04.4 LTS (GNU/Linux 6.11.0-17-generic x86_64)
013726.192: [01:37:26]
013726.192: [01:37:26] * Documentation:  https://help.ubuntu.com
013726.192: [01:37:26] * Management:     https://landscape.canonical.com
013726.192: [01:37:26] * Support:        https://ubuntu.com/pro
013726.192: [01:37:26]
013726.193: [01:37:26]扩展安全维护（ESM）Applications 未启用。
013726.193: [01:37:26]
013726.193: [01:37:26]27 更新可以立即应用。
013726.193: [01:37:26]这些更新中有 19 个是标准安全更新。
013726.193: [01:37:26]要查看这些附加更新，请运行：apt list --upgradable
013726.193: [01:37:26]
013726.194: [01:37:26]启用 ESM Apps 来获取未来的额外安全更新
013726.194: [01:37:26]请参见 https://ubuntu.com/esm 或者运行: sudo pro status
013726.194: [01:37:26]
013726.194: [01:37:26]Last login: Wed Mar 25 01:32:28 2026 from 192.168.6.173
014248.273: [01:42:48][202603104-172.16.101.44-01:42:48]
014248.282: [01:42:48]Welcome to Ubuntu 24.04.4 LTS (GNU/Linux 6.11.0-17-generic x86_64)
014248.282: [01:42:48]
014248.282: [01:42:48] * Documentation:  https://help.ubuntu.com
014248.283: [01:42:48] * Management:     https://landscape.canonical.com
014248.283: [01:42:48] * Support:        https://ubuntu.com/pro
014248.283: [01:42:48]
014248.283: [01:42:48]扩展安全维护（ESM）Applications 未启用。
014248.283: [01:42:48]
014248.283: [01:42:48]27 更新可以立即应用。
014248.283: [01:42:48]这些更新中有 19 个是标准安全更新。
014248.283: [01:42:48]要查看这些附加更新，请运行：apt list --upgradable
014248.283: [01:42:48]
014248.283: [01:42:48]启用 ESM Apps 来获取未来的额外安全更新
014248.283: [01:42:48]请参见 https://ubuntu.com/esm 或者运行: sudo pro status
014248.283: [01:42:48]
014248.283: [01:42:48]Last login: Wed Mar 25 01:37:26 2026 from 192.168.6.173
014749.262: [01:47:49][202603104-172.16.101.44-01:47:49]
014749.288: [01:47:49]Welcome to Ubuntu 24.04.4 LTS (GNU/Linux 6.11.0-17-generic x86_64)
014749.288: [01:47:49]
014749.288: [01:47:49] * Documentation:  https://help.ubuntu.com
014749.289: [01:47:49] * Management:     https://landscape.canonical.com
014749.289: [01:47:49] * Support:        https://ubuntu.com/pro
014749.289: [01:47:49]
014749.289: [01:47:49]扩展安全维护（ESM）Applications 未启用。
014749.289: [01:47:49]
014749.289: [01:47:49]27 更新可以立即应用。
014749.290: [01:47:49]这些更新中有 19 个是标准安全更新。
014749.290: [01:47:49]要查看这些附加更新，请运行：apt list --upgradable
014749.290: [01:47:49]
014749.290: [01:47:49]启用 ESM Apps 来获取未来的额外安全更新
014749.291: [01:47:49]请参见 https://ubuntu.com/esm 或者运行: sudo pro status
014749.291: [01:47:49]
014749.291: [01:47:49]Last login: Wed Mar 25 01:42:48 2026 from 192.168.6.173
015301.323: [01:53:01][202603104-172.16.101.44-01:53:01]
015301.334: [01:53:01]Welcome to Ubuntu 24.04.4 LTS (GNU/Linux 6.11.0-17-generic x86_64)
015301.334: [01:53:01]
015301.334: [01:53:01] * Documentation:  https://help.ubuntu.com
015301.335: [01:53:01] * Management:     https://landscape.canonical.com
015301.335: [01:53:01] * Support:        https://ubuntu.com/pro
015301.335: [01:53:01]
015301.335: [01:53:01]扩展安全维护（ESM）Applications 未启用。
015301.335: [01:53:01]
015301.335: [01:53:01]27 更新可以立即应用。
015301.335: [01:53:01]这些更新中有 19 个是标准安全更新。
015301.335: [01:53:01]要查看这些附加更新，请运行：apt list --upgradable
015301.335: [01:53:01]
015301.335: [01:53:01]启用 ESM Apps 来获取未来的额外安全更新
015301.335: [01:53:01]请参见 https://ubuntu.com/esm 或者运行: sudo pro status
015301.335: [01:53:01]
015301.335: [01:53:01]Last login: Wed Mar 25 01:47:49 2026 from 192.168.6.173
015810.708: [01:58:10][202603104-172.16.101.44-01:58:10]
015810.717: [01:58:10]Welcome to Ubuntu 24.04.4 LTS (GNU/Linux 6.11.0-17-generic x86_64)
015810.717: [01:58:10]
015810.717: [01:58:10] * Documentation:  https://help.ubuntu.com
015810.718: [01:58:10] * Management:     https://landscape.canonical.com
015810.718: [01:58:10] * Support:        https://ubuntu.com/pro
015810.718: [01:58:10]
015810.718: [01:58:10]扩展安全维护（ESM）Applications 未启用。
015810.718: [01:58:10]
015810.718: [01:58:10]27 更新可以立即应用。
015810.719: [01:58:10]这些更新中有 19 个是标准安全更新。
015810.719: [01:58:10]要查看这些附加更新，请运行：apt list --upgradable
015810.719: [01:58:10]
015810.719: [01:58:10]启用 ESM Apps 来获取未来的额外安全更新
015810.719: [01:58:10]请参见 https://ubuntu.com/esm 或者运行: sudo pro status
015810.720: [01:58:10]
015810.720: [01:58:10]Last login: Wed Mar 25 01:53:01 2026 from 192.168.6.173
020351.802: [02:03:51][202603104-172.16.101.44-02:03:51]
020351.828: [02:03:51]Welcome to Ubuntu 24.04.4 LTS (GNU/Linux 6.11.0-17-generic x86_64)
020351.828: [02:03:51]
020351.828: [02:03:51] * Documentation:  https://help.ubuntu.com
020351.829: [02:03:51] * Management:     https://landscape.canonical.com
020351.829: [02:03:51] * Support:        https://ubuntu.com/pro
020351.829: [02:03:51]
020351.829: [02:03:51]扩展安全维护（ESM）Applications 未启用。
020351.829: [02:03:51]
020351.829: [02:03:51]27 更新可以立即应用。
020351.830: [02:03:51]这些更新中有 19 个是标准安全更新。
020351.830: [02:03:51]要查看这些附加更新，请运行：apt list --upgradable
020351.830: [02:03:51]
020351.830: [02:03:51]启用 ESM Apps 来获取未来的额外安全更新
020351.830: [02:03:51]请参见 https://ubuntu.com/esm 或者运行: sudo pro status
020351.830: [02:03:51]
020351.831: [02:03:51]Last login: Wed Mar 25 01:58:10 2026 from 192.168.6.173
020836.274: [02:08:36][202603104-172.16.101.44-02:08:36]
020836.287: [02:08:36]Welcome to Ubuntu 24.04.4 LTS (GNU/Linux 6.11.0-17-generic x86_64)
020836.287: [02:08:36]
020836.287: [02:08:36] * Documentation:  https://help.ubuntu.com
020836.287: [02:08:36] * Management:     https://landscape.canonical.com
020836.288: [02:08:36] * Support:        https://ubuntu.com/pro
020836.288: [02:08:36]
020836.288: [02:08:36]扩展安全维护（ESM）Applications 未启用。
020836.288: [02:08:36]
020836.288: [02:08:36]27 更新可以立即应用。
020836.288: [02:08:36]这些更新中有 19 个是标准安全更新。
020836.289: [02:08:36]要查看这些附加更新，请运行：apt list --upgradable
020836.289: [02:08:36]
020836.289: [02:08:36]启用 ESM Apps 来获取未来的额外安全更新
020836.289: [02:08:36]请参见 https://ubuntu.com/esm 或者运行: sudo pro status
020836.289: [02:08:36]
020836.290: [02:08:36]Last login: Wed Mar 25 02:03:51 2026 from 192.168.6.173
021347.726: [02:13:47][202603104-172.16.101.44-02:13:47]
021347.752: [02:13:47]Welcome to Ubuntu 24.04.4 LTS (GNU/Linux 6.11.0-17-generic x86_64)
021347.752: [02:13:47]
021347.752: [02:13:47] * Documentation:  https://help.ubuntu.com
021347.752: [02:13:47] * Management:     https://landscape.canonical.com
021347.753: [02:13:47] * Support:        https://ubuntu.com/pro
021347.753: [02:13:47]
021347.753: [02:13:47]扩展安全维护（ESM）Applications 未启用。
021347.753: [02:13:47]
021347.753: [02:13:47]27 更新可以立即应用。
021347.753: [02:13:47]这些更新中有 19 个是标准安全更新。
021347.754: [02:13:47]要查看这些附加更新，请运行：apt list --upgradable
021347.754: [02:13:47]
021347.754: [02:13:47]启用 ESM Apps 来获取未来的额外安全更新
021347.754: [02:13:47]请参见 https://ubuntu.com/esm 或者运行: sudo pro status
021347.754: [02:13:47]
021347.754: [02:13:47]Last login: Wed Mar 25 02:08:36 2026 from 192.168.6.173
021904.292: [02:19:04][202603104-172.16.101.44-02:19:04]
021904.306: [02:19:04]Welcome to Ubuntu 24.04.4 LTS (GNU/Linux 6.11.0-17-generic x86_64)
021904.306: [02:19:04]
021904.306: [02:19:04] * Documentation:  https://help.ubuntu.com
021904.306: [02:19:04] * Management:     https://landscape.canonical.com
021904.306: [02:19:04] * Support:        https://ubuntu.com/pro
021904.306: [02:19:04]
021904.307: [02:19:04]扩展安全维护（ESM）Applications 未启用。
021904.307: [02:19:04]
021904.307: [02:19:04]27 更新可以立即应用。
021904.307: [02:19:04]这些更新中有 19 个是标准安全更新。
021904.307: [02:19:04]要查看这些附加更新，请运行：apt list --upgradable
021904.307: [02:19:04]
021904.308: [02:19:04]启用 ESM Apps 来获取未来的额外安全更新
021904.308: [02:19:04]请参见 https://ubuntu.com/esm 或者运行: sudo pro status
021904.308: [02:19:04]
021904.308: [02:19:04]Last login: Wed Mar 25 02:13:47 2026 from 192.168.6.173
022417.765: [02:24:17][202603104-172.16.101.44-02:24:17]
022417.776: [02:24:17]Welcome to Ubuntu 24.04.4 LTS (GNU/Linux 6.11.0-17-generic x86_64)
022417.776: [02:24:17]
022417.776: [02:24:17] * Documentation:  https://help.ubuntu.com
022417.777: [02:24:17] * Management:     https://landscape.canonical.com
022417.777: [02:24:17] * Support:        https://ubuntu.com/pro
022417.777: [02:24:17]
022417.777: [02:24:17]扩展安全维护（ESM）Applications 未启用。
022417.777: [02:24:17]
022417.777: [02:24:17]27 更新可以立即应用。
022417.777: [02:24:17]这些更新中有 19 个是标准安全更新。
022417.777: [02:24:17]要查看这些附加更新，请运行：apt list --upgradable
022417.777: [02:24:17]
022417.777: [02:24:17]启用 ESM Apps 来获取未来的额外安全更新
022417.777: [02:24:17]请参见 https://ubuntu.com/esm 或者运行: sudo pro status
022417.777: [02:24:17]
022417.778: [02:24:17]Last login: Wed Mar 25 02:19:04 2026 from 192.168.6.173
022930.298: [02:29:30][202603104-172.16.101.44-02:29:30]
022930.325: [02:29:30]Welcome to Ubuntu 24.04.4 LTS (GNU/Linux 6.11.0-17-generic x86_64)
022930.325: [02:29:30]
022930.325: [02:29:30] * Documentation:  https://help.ubuntu.com
022930.325: [02:29:30] * Management:     https://landscape.canonical.com
022930.325: [02:29:30] * Support:        https://ubuntu.com/pro
022930.325: [02:29:30]
022930.326: [02:29:30]扩展安全维护（ESM）Applications 未启用。
022930.326: [02:29:30]
022930.326: [02:29:30]27 更新可以立即应用。
022930.326: [02:29:30]这些更新中有 19 个是标准安全更新。
022930.326: [02:29:30]要查看这些附加更新，请运行：apt list --upgradable
022930.326: [02:29:30]
022930.326: [02:29:30]启用 ESM Apps 来获取未来的额外安全更新
022930.327: [02:29:30]请参见 https://ubuntu.com/esm 或者运行: sudo pro status
022930.327: [02:29:30]
022930.327: [02:29:30]Last login: Wed Mar 25 02:24:17 2026 from 192.168.6.173
023425.292: [02:34:25][202603104-172.16.101.44-02:34:25]
023425.304: [02:34:25]Welcome to Ubuntu 24.04.4 LTS (GNU/Linux 6.11.0-17-generic x86_64)
023425.304: [02:34:25]
023425.304: [02:34:25] * Documentation:  https://help.ubuntu.com
023425.304: [02:34:25] * Management:     https://landscape.canonical.com
023425.305: [02:34:25] * Support:        https://ubuntu.com/pro
023425.305: [02:34:25]
023425.305: [02:34:25]扩展安全维护（ESM）Applications 未启用。
023425.305: [02:34:25]
023425.305: [02:34:25]27 更新可以立即应用。
023425.305: [02:34:25]这些更新中有 19 个是标准安全更新。
023425.306: [02:34:25]要查看这些附加更新，请运行：apt list --upgradable
023425.306: [02:34:25]
023425.306: [02:34:25]启用 ESM Apps 来获取未来的额外安全更新
023425.306: [02:34:25]请参见 https://ubuntu.com/esm 或者运行: sudo pro status
023425.306: [02:34:25]
023425.307: [02:34:25]Last login: Wed Mar 25 02:29:30 2026 from 192.168.6.173
023947.272: [02:39:47][202603104-172.16.101.44-02:39:47]
023947.286: [02:39:47]Welcome to Ubuntu 24.04.4 LTS (GNU/Linux 6.11.0-17-generic x86_64)
023947.286: [02:39:47]
023947.286: [02:39:47] * Documentation:  https://help.ubuntu.com
023947.287: [02:39:47] * Management:     https://landscape.canonical.com
023947.287: [02:39:47] * Support:        https://ubuntu.com/pro
023947.287: [02:39:47]
023947.287: [02:39:47]扩展安全维护（ESM）Applications 未启用。
023947.287: [02:39:47]
023947.287: [02:39:47]27 更新可以立即应用。
023947.288: [02:39:47]这些更新中有 19 个是标准安全更新。
023947.288: [02:39:47]要查看这些附加更新，请运行：apt list --upgradable
023947.288: [02:39:47]
023947.288: [02:39:47]启用 ESM Apps 来获取未来的额外安全更新
023947.289: [02:39:47]请参见 https://ubuntu.com/esm 或者运行: sudo pro status
023947.289: [02:39:47]
023947.289: [02:39:47]Last login: Wed Mar 25 02:34:25 2026 from 192.168.6.173
024502.273: [02:45:02][202603104-172.16.101.44-02:45:02]
024502.287: [02:45:02]Welcome to Ubuntu 24.04.4 LTS (GNU/Linux 6.11.0-17-generic x86_64)
024502.287: [02:45:02]
024502.287: [02:45:02] * Documentation:  https://help.ubuntu.com
024502.287: [02:45:02] * Management:     https://landscape.canonical.com
024502.287: [02:45:02] * Support:        https://ubuntu.com/pro
024502.288: [02:45:02]
024502.288: [02:45:02]扩展安全维护（ESM）Applications 未启用。
024502.288: [02:45:02]
024502.288: [02:45:02]27 更新可以立即应用。
024502.288: [02:45:02]这些更新中有 19 个是标准安全更新。
024502.288: [02:45:02]要查看这些附加更新，请运行：apt list --upgradable
024502.288: [02:45:02]
024502.289: [02:45:02]启用 ESM Apps 来获取未来的额外安全更新
024502.289: [02:45:02]请参见 https://ubuntu.com/esm 或者运行: sudo pro status
024502.289: [02:45:02]
024502.289: [02:45:02]Last login: Wed Mar 25 02:39:47 2026 from 192.168.6.173
025002.188: [02:50:02][202603104-172.16.101.44-02:50:02]
025002.216: [02:50:02]Welcome to Ubuntu 24.04.4 LTS (GNU/Linux 6.11.0-17-generic x86_64)
025002.216: [02:50:02]
025002.216: [02:50:02] * Documentation:  https://help.ubuntu.com
025002.217: [02:50:02] * Management:     https://landscape.canonical.com
025002.217: [02:50:02] * Support:        https://ubuntu.com/pro
025002.217: [02:50:02]
025002.217: [02:50:02]扩展安全维护（ESM）Applications 未启用。
025002.217: [02:50:02]
025002.217: [02:50:02]27 更新可以立即应用。
025002.217: [02:50:02]这些更新中有 19 个是标准安全更新。
025002.218: [02:50:02]要查看这些附加更新，请运行：apt list --upgradable
025002.218: [02:50:02]
025002.218: [02:50:02]启用 ESM Apps 来获取未来的额外安全更新
025002.218: [02:50:02]请参见 https://ubuntu.com/esm 或者运行: sudo pro status
025002.218: [02:50:02]
025002.219: [02:50:02]Last login: Wed Mar 25 02:45:02 2026 from 192.168.6.173
025517.252: [02:55:17][202603104-172.16.101.44-02:55:17]
025517.273: [02:55:17]Welcome to Ubuntu 24.04.4 LTS (GNU/Linux 6.11.0-17-generic x86_64)
025517.273: [02:55:17]
025517.273: [02:55:17] * Documentation:  https://help.ubuntu.com
025517.273: [02:55:17] * Management:     https://landscape.canonical.com
025517.274: [02:55:17] * Support:        https://ubuntu.com/pro
025517.274: [02:55:17]
025517.274: [02:55:17]扩展安全维护（ESM）Applications 未启用。
025517.274: [02:55:17]
025517.274: [02:55:17]27 更新可以立即应用。
025517.274: [02:55:17]这些更新中有 19 个是标准安全更新。
025517.275: [02:55:17]要查看这些附加更新，请运行：apt list --upgradable
025517.275: [02:55:17]
025517.275: [02:55:17]启用 ESM Apps 来获取未来的额外安全更新
025517.275: [02:55:17]请参见 https://ubuntu.com/esm 或者运行: sudo pro status
025517.275: [02:55:17]
025517.276: [02:55:17]Last login: Wed Mar 25 02:50:02 2026 from 192.168.6.173
030032.751: [03:00:32][202603104-172.16.101.44-03:00:32]
030032.764: [03:00:32]Welcome to Ubuntu 24.04.4 LTS (GNU/Linux 6.11.0-17-generic x86_64)
030032.764: [03:00:32]
030032.764: [03:00:32] * Documentation:  https://help.ubuntu.com
030032.765: [03:00:32] * Management:     https://landscape.canonical.com
030032.765: [03:00:32] * Support:        https://ubuntu.com/pro
030032.765: [03:00:32]
030032.765: [03:00:32]扩展安全维护（ESM）Applications 未启用。
030032.765: [03:00:32]
030032.765: [03:00:32]27 更新可以立即应用。
030032.765: [03:00:32]这些更新中有 19 个是标准安全更新。
030032.766: [03:00:32]要查看这些附加更新，请运行：apt list --upgradable
030032.766: [03:00:32]
030032.766: [03:00:32]启用 ESM Apps 来获取未来的额外安全更新
030032.766: [03:00:32]请参见 https://ubuntu.com/esm 或者运行: sudo pro status
030032.766: [03:00:32]
030032.767: [03:00:32]Last login: Wed Mar 25 02:55:17 2026 from 192.168.6.173
030542.783: [03:05:42][202603104-172.16.101.44-03:05:42]
030542.794: [03:05:42]Welcome to Ubuntu 24.04.4 LTS (GNU/Linux 6.11.0-17-generic x86_64)
030542.794: [03:05:42]
030542.794: [03:05:42] * Documentation:  https://help.ubuntu.com
030542.795: [03:05:42] * Management:     https://landscape.canonical.com
030542.795: [03:05:42] * Support:        https://ubuntu.com/pro
030542.795: [03:05:42]
030542.795: [03:05:42]扩展安全维护（ESM）Applications 未启用。
030542.795: [03:05:42]
030542.795: [03:05:42]27 更新可以立即应用。
030542.796: [03:05:42]这些更新中有 19 个是标准安全更新。
030542.796: [03:05:42]要查看这些附加更新，请运行：apt list --upgradable
030542.796: [03:05:42]
030542.796: [03:05:42]启用 ESM Apps 来获取未来的额外安全更新
030542.797: [03:05:42]请参见 https://ubuntu.com/esm 或者运行: sudo pro status
030542.797: [03:05:42]
030542.797: [03:05:42]Last login: Wed Mar 25 03:00:32 2026 from 192.168.6.173
031055.244: [03:10:55][202603104-172.16.101.44-03:10:55]
031055.260: [03:10:55]Welcome to Ubuntu 24.04.4 LTS (GNU/Linux 6.11.0-17-generic x86_64)
031055.260: [03:10:55]
031055.260: [03:10:55] * Documentation:  https://help.ubuntu.com
031055.260: [03:10:55] * Management:     https://landscape.canonical.com
031055.261: [03:10:55] * Support:        https://ubuntu.com/pro
031055.261: [03:10:55]
031055.261: [03:10:55]扩展安全维护（ESM）Applications 未启用。
031055.261: [03:10:55]
031055.261: [03:10:55]27 更新可以立即应用。
031055.261: [03:10:55]这些更新中有 19 个是标准安全更新。
031055.262: [03:10:55]要查看这些附加更新，请运行：apt list --upgradable
031055.262: [03:10:55]
031055.262: [03:10:55]启用 ESM Apps 来获取未来的额外安全更新
031055.262: [03:10:55]请参见 https://ubuntu.com/esm 或者运行: sudo pro status
031055.262: [03:10:55]
031055.262: [03:10:55]Last login: Wed Mar 25 03:05:42 2026 from 192.168.6.173
031603.756: [03:16:03][202603104-172.16.101.44-03:16:03]
031603.767: [03:16:03]Welcome to Ubuntu 24.04.4 LTS (GNU/Linux 6.11.0-17-generic x86_64)
031603.767: [03:16:03]
031603.767: [03:16:03] * Documentation:  https://help.ubuntu.com
031603.768: [03:16:03] * Management:     https://landscape.canonical.com
031603.768: [03:16:03] * Support:        https://ubuntu.com/pro
031603.768: [03:16:03]
031603.768: [03:16:03]扩展安全维护（ESM）Applications 未启用。
031603.768: [03:16:03]
031603.768: [03:16:03]27 更新可以立即应用。
031603.769: [03:16:03]这些更新中有 19 个是标准安全更新。
031603.769: [03:16:03]要查看这些附加更新，请运行：apt list --upgradable
031603.769: [03:16:03]
031603.769: [03:16:03]启用 ESM Apps 来获取未来的额外安全更新
031603.769: [03:16:03]请参见 https://ubuntu.com/esm 或者运行: sudo pro status
031603.769: [03:16:03]
031603.770: [03:16:03]Last login: Wed Mar 25 03:10:55 2026 from 192.168.6.173
032104.754: [03:21:04][202603104-172.16.101.44-03:21:04]
032104.765: [03:21:04]Welcome to Ubuntu 24.04.4 LTS (GNU/Linux 6.11.0-17-generic x86_64)
032104.765: [03:21:04]
032104.765: [03:21:04] * Documentation:  https://help.ubuntu.com
032104.766: [03:21:04] * Management:     https://landscape.canonical.com
032104.766: [03:21:04] * Support:        https://ubuntu.com/pro
032104.766: [03:21:04]
032104.766: [03:21:04]扩展安全维护（ESM）Applications 未启用。
032104.766: [03:21:04]
032104.766: [03:21:04]27 更新可以立即应用。
032104.766: [03:21:04]这些更新中有 19 个是标准安全更新。
032104.767: [03:21:04]要查看这些附加更新，请运行：apt list --upgradable
032104.767: [03:21:04]
032104.767: [03:21:04]启用 ESM Apps 来获取未来的额外安全更新
032104.767: [03:21:04]请参见 https://ubuntu.com/esm 或者运行: sudo pro status
032104.767: [03:21:04]
032104.768: [03:21:04]Last login: Wed Mar 25 03:16:03 2026 from 192.168.6.173
032620.220: [03:26:20][202603104-172.16.101.44-03:26:20]
032620.246: [03:26:20]Welcome to Ubuntu 24.04.4 LTS (GNU/Linux 6.11.0-17-generic x86_64)
032620.246: [03:26:20]
032620.246: [03:26:20] * Documentation:  https://help.ubuntu.com
032620.247: [03:26:20] * Management:     https://landscape.canonical.com
032620.247: [03:26:20] * Support:        https://ubuntu.com/pro
032620.247: [03:26:20]
032620.247: [03:26:20]扩展安全维护（ESM）Applications 未启用。
032620.247: [03:26:20]
032620.247: [03:26:20]27 更新可以立即应用。
032620.247: [03:26:20]这些更新中有 19 个是标准安全更新。
032620.248: [03:26:20]要查看这些附加更新，请运行：apt list --upgradable
032620.248: [03:26:20]
032620.248: [03:26:20]启用 ESM Apps 来获取未来的额外安全更新
032620.248: [03:26:20]请参见 https://ubuntu.com/esm 或者运行: sudo pro status
032620.248: [03:26:20]
032620.249: [03:26:20]Last login: Wed Mar 25 03:21:04 2026 from 192.168.6.173
033132.258: [03:31:32][202603104-172.16.101.44-03:31:32]
033132.276: [03:31:32]Welcome to Ubuntu 24.04.4 LTS (GNU/Linux 6.11.0-17-generic x86_64)
033132.276: [03:31:32]
033132.276: [03:31:32] * Documentation:  https://help.ubuntu.com
033132.276: [03:31:32] * Management:     https://landscape.canonical.com
033132.276: [03:31:32] * Support:        https://ubuntu.com/pro
033132.276: [03:31:32]
033132.277: [03:31:32]扩展安全维护（ESM）Applications 未启用。
033132.277: [03:31:32]
033132.277: [03:31:32]27 更新可以立即应用。
033132.277: [03:31:32]这些更新中有 19 个是标准安全更新。
033132.277: [03:31:32]要查看这些附加更新，请运行：apt list --upgradable
033132.277: [03:31:32]
033132.277: [03:31:32]启用 ESM Apps 来获取未来的额外安全更新
033132.278: [03:31:32]请参见 https://ubuntu.com/esm 或者运行: sudo pro status
033132.278: [03:31:32]
033132.278: [03:31:32]Last login: Wed Mar 25 03:26:20 2026 from 192.168.6.173
033643.753: [03:36:43][202603104-172.16.101.44-03:36:43]
033643.764: [03:36:43]Welcome to Ubuntu 24.04.4 LTS (GNU/Linux 6.11.0-17-generic x86_64)
033643.764: [03:36:43]
033643.764: [03:36:43] * Documentation:  https://help.ubuntu.com
033643.764: [03:36:43] * Management:     https://landscape.canonical.com
033643.764: [03:36:43] * Support:        https://ubuntu.com/pro
033643.764: [03:36:43]
033643.764: [03:36:43]扩展安全维护（ESM）Applications 未启用。
033643.764: [03:36:43]
033643.764: [03:36:43]27 更新可以立即应用。
033643.764: [03:36:43]这些更新中有 19 个是标准安全更新。
033643.764: [03:36:43]要查看这些附加更新，请运行：apt list --upgradable
033643.764: [03:36:43]
033643.764: [03:36:43]启用 ESM Apps 来获取未来的额外安全更新
033643.764: [03:36:43]请参见 https://ubuntu.com/esm 或者运行: sudo pro status
033643.764: [03:36:43]
033643.765: [03:36:43]Last login: Wed Mar 25 03:31:32 2026 from 192.168.6.173
034154.717: [03:41:54][202603104-172.16.101.44-03:41:54]
034154.728: [03:41:54]Welcome to Ubuntu 24.04.4 LTS (GNU/Linux 6.11.0-17-generic x86_64)
034154.729: [03:41:54]
034154.729: [03:41:54] * Documentation:  https://help.ubuntu.com
034154.729: [03:41:54] * Management:     https://landscape.canonical.com
034154.729: [03:41:54] * Support:        https://ubuntu.com/pro
034154.729: [03:41:54]
034154.729: [03:41:54]扩展安全维护（ESM）Applications 未启用。
034154.730: [03:41:54]
034154.730: [03:41:54]27 更新可以立即应用。
034154.730: [03:41:54]这些更新中有 19 个是标准安全更新。
034154.730: [03:41:54]要查看这些附加更新，请运行：apt list --upgradable
034154.730: [03:41:54]
034154.730: [03:41:54]启用 ESM Apps 来获取未来的额外安全更新
034154.731: [03:41:54]请参见 https://ubuntu.com/esm 或者运行: sudo pro status
034154.731: [03:41:54]
034154.731: [03:41:54]Last login: Wed Mar 25 03:36:43 2026 from 192.168.6.173
034705.262: [03:47:05][202603104-172.16.101.44-03:47:05]
034705.282: [03:47:05]Welcome to Ubuntu 24.04.4 LTS (GNU/Linux 6.11.0-17-generic x86_64)
034705.282: [03:47:05]
034705.282: [03:47:05] * Documentation:  https://help.ubuntu.com
034705.282: [03:47:05] * Management:     https://landscape.canonical.com
034705.282: [03:47:05] * Support:        https://ubuntu.com/pro
034705.282: [03:47:05]
034705.283: [03:47:05]扩展安全维护（ESM）Applications 未启用。
034705.283: [03:47:05]
034705.283: [03:47:05]27 更新可以立即应用。
034705.283: [03:47:05]这些更新中有 19 个是标准安全更新。
034705.283: [03:47:05]要查看这些附加更新，请运行：apt list --upgradable
034705.283: [03:47:05]
034705.284: [03:47:05]启用 ESM Apps 来获取未来的额外安全更新
034705.284: [03:47:05]请参见 https://ubuntu.com/esm 或者运行: sudo pro status
034705.284: [03:47:05]
034705.284: [03:47:05]Last login: Wed Mar 25 03:41:54 2026 from 192.168.6.173
035217.877: [03:52:17][202603104-172.16.101.44-03:52:17]
035217.888: [03:52:17]Welcome to Ubuntu 24.04.4 LTS (GNU/Linux 6.11.0-17-generic x86_64)
035217.888: [03:52:17]
035217.889: [03:52:17] * Documentation:  https://help.ubuntu.com
035217.889: [03:52:17] * Management:     https://landscape.canonical.com
035217.889: [03:52:17] * Support:        https://ubuntu.com/pro
035217.889: [03:52:17]
035217.889: [03:52:17]扩展安全维护（ESM）Applications 未启用。
035217.889: [03:52:17]
035217.890: [03:52:17]27 更新可以立即应用。
035217.890: [03:52:17]这些更新中有 19 个是标准安全更新。
035217.890: [03:52:17]要查看这些附加更新，请运行：apt list --upgradable
035217.890: [03:52:17]
035217.890: [03:52:17]启用 ESM Apps 来获取未来的额外安全更新
035217.891: [03:52:17]请参见 https://ubuntu.com/esm 或者运行: sudo pro status
035217.891: [03:52:17]
035217.891: [03:52:17]Last login: Wed Mar 25 03:47:05 2026 from 192.168.6.173
035730.743: [03:57:30][202603104-172.16.101.44-03:57:30]
035730.754: [03:57:30]Welcome to Ubuntu 24.04.4 LTS (GNU/Linux 6.11.0-17-generic x86_64)
035730.755: [03:57:30]
035730.755: [03:57:30] * Documentation:  https://help.ubuntu.com
035730.755: [03:57:30] * Management:     https://landscape.canonical.com
035730.755: [03:57:30] * Support:        https://ubuntu.com/pro
035730.755: [03:57:30]
035730.755: [03:57:30]扩展安全维护（ESM）Applications 未启用。
035730.755: [03:57:30]
035730.756: [03:57:30]27 更新可以立即应用。
035730.756: [03:57:30]这些更新中有 19 个是标准安全更新。
035730.756: [03:57:30]要查看这些附加更新，请运行：apt list --upgradable
035730.756: [03:57:30]
035730.756: [03:57:30]启用 ESM Apps 来获取未来的额外安全更新
035730.757: [03:57:30]请参见 https://ubuntu.com/esm 或者运行: sudo pro status
035730.757: [03:57:30]
035730.757: [03:57:30]Last login: Wed Mar 25 03:52:17 2026 from 192.168.6.173
040240.232: [04:02:40][202603104-172.16.101.44-04:02:40]
040240.242: [04:02:40]Welcome to Ubuntu 24.04.4 LTS (GNU/Linux 6.11.0-17-generic x86_64)
040240.242: [04:02:40]
040240.242: [04:02:40] * Documentation:  https://help.ubuntu.com
040240.243: [04:02:40] * Management:     https://landscape.canonical.com
040240.243: [04:02:40] * Support:        https://ubuntu.com/pro
040240.243: [04:02:40]
040240.243: [04:02:40]扩展安全维护（ESM）Applications 未启用。
040240.243: [04:02:40]
040240.243: [04:02:40]27 更新可以立即应用。
040240.243: [04:02:40]这些更新中有 19 个是标准安全更新。
040240.243: [04:02:40]要查看这些附加更新，请运行：apt list --upgradable
040240.243: [04:02:40]
040240.243: [04:02:40]启用 ESM Apps 来获取未来的额外安全更新
040240.243: [04:02:40]请参见 https://ubuntu.com/esm 或者运行: sudo pro status
040240.243: [04:02:40]
040240.243: [04:02:40]Last login: Wed Mar 25 03:57:30 2026 from 192.168.6.173
040751.791: [04:07:51][202603104-172.16.101.44-04:07:51]
040751.816: [04:07:51]Welcome to Ubuntu 24.04.4 LTS (GNU/Linux 6.11.0-17-generic x86_64)
040751.816: [04:07:51]
040751.816: [04:07:51] * Documentation:  https://help.ubuntu.com
040751.816: [04:07:51] * Management:     https://landscape.canonical.com
040751.816: [04:07:51] * Support:        https://ubuntu.com/pro
040751.816: [04:07:51]
040751.817: [04:07:51]扩展安全维护（ESM）Applications 未启用。
040751.817: [04:07:51]
040751.817: [04:07:51]27 更新可以立即应用。
040751.817: [04:07:51]这些更新中有 19 个是标准安全更新。
040751.817: [04:07:51]要查看这些附加更新，请运行：apt list --upgradable
040751.817: [04:07:51]
040751.818: [04:07:51]启用 ESM Apps 来获取未来的额外安全更新
040751.818: [04:07:51]请参见 https://ubuntu.com/esm 或者运行: sudo pro status
040751.818: [04:07:51]
040751.818: [04:07:51]Last login: Wed Mar 25 04:02:40 2026 from 192.168.6.173
041304.237: [04:13:04][202603104-172.16.101.44-04:13:04]
041304.246: [04:13:04]Welcome to Ubuntu 24.04.4 LTS (GNU/Linux 6.11.0-17-generic x86_64)
041304.246: [04:13:04]
041304.246: [04:13:04] * Documentation:  https://help.ubuntu.com
041304.246: [04:13:04] * Management:     https://landscape.canonical.com
041304.247: [04:13:04] * Support:        https://ubuntu.com/pro
041304.247: [04:13:04]
041304.247: [04:13:04]扩展安全维护（ESM）Applications 未启用。
041304.247: [04:13:04]
041304.247: [04:13:04]27 更新可以立即应用。
041304.247: [04:13:04]这些更新中有 19 个是标准安全更新。
041304.247: [04:13:04]要查看这些附加更新，请运行：apt list --upgradable
041304.247: [04:13:04]
041304.247: [04:13:04]启用 ESM Apps 来获取未来的额外安全更新
041304.247: [04:13:04]请参见 https://ubuntu.com/esm 或者运行: sudo pro status
041304.247: [04:13:04]
041304.247: [04:13:04]Last login: Wed Mar 25 04:07:51 2026 from 192.168.6.173
041814.258: [04:18:14][202603104-172.16.101.44-04:18:14]
041814.277: [04:18:14]Welcome to Ubuntu 24.04.4 LTS (GNU/Linux 6.11.0-17-generic x86_64)
041814.277: [04:18:14]
041814.277: [04:18:14] * Documentation:  https://help.ubuntu.com
041814.277: [04:18:14] * Management:     https://landscape.canonical.com
041814.278: [04:18:14] * Support:        https://ubuntu.com/pro
041814.278: [04:18:14]
041814.278: [04:18:14]扩展安全维护（ESM）Applications 未启用。
041814.278: [04:18:14]
041814.278: [04:18:14]27 更新可以立即应用。
041814.278: [04:18:14]这些更新中有 19 个是标准安全更新。
041814.279: [04:18:14]要查看这些附加更新，请运行：apt list --upgradable
041814.279: [04:18:14]
041814.279: [04:18:14]启用 ESM Apps 来获取未来的额外安全更新
041814.279: [04:18:14]请参见 https://ubuntu.com/esm 或者运行: sudo pro status
041814.279: [04:18:14]
041814.280: [04:18:14]Last login: Wed Mar 25 04:13:04 2026 from 192.168.6.173
042329.243: [04:23:29][202603104-172.16.101.44-04:23:29]
042329.271: [04:23:29]Welcome to Ubuntu 24.04.4 LTS (GNU/Linux 6.11.0-17-generic x86_64)
042329.271: [04:23:29]
042329.271: [04:23:29] * Documentation:  https://help.ubuntu.com
042329.271: [04:23:29] * Management:     https://landscape.canonical.com
042329.271: [04:23:29] * Support:        https://ubuntu.com/pro
042329.271: [04:23:29]
042329.272: [04:23:29]扩展安全维护（ESM）Applications 未启用。
042329.272: [04:23:29]
042329.272: [04:23:29]27 更新可以立即应用。
042329.272: [04:23:29]这些更新中有 19 个是标准安全更新。
042329.272: [04:23:29]要查看这些附加更新，请运行：apt list --upgradable
042329.272: [04:23:29]
042329.273: [04:23:29]启用 ESM Apps 来获取未来的额外安全更新
042329.273: [04:23:29]请参见 https://ubuntu.com/esm 或者运行: sudo pro status
042329.273: [04:23:29]
042329.273: [04:23:29]Last login: Wed Mar 25 04:18:14 2026 from 192.168.6.173
042826.234: [04:28:26][202603104-172.16.101.44-04:28:26]
042826.246: [04:28:26]Welcome to Ubuntu 24.04.4 LTS (GNU/Linux 6.11.0-17-generic x86_64)
042826.246: [04:28:26]
042826.246: [04:28:26] * Documentation:  https://help.ubuntu.com
042826.246: [04:28:26] * Management:     https://landscape.canonical.com
042826.247: [04:28:26] * Support:        https://ubuntu.com/pro
042826.247: [04:28:26]
042826.247: [04:28:26]扩展安全维护（ESM）Applications 未启用。
042826.247: [04:28:26]
042826.247: [04:28:26]27 更新可以立即应用。
042826.247: [04:28:26]这些更新中有 19 个是标准安全更新。
042826.248: [04:28:26]要查看这些附加更新，请运行：apt list --upgradable
042826.248: [04:28:26]
042826.248: [04:28:26]启用 ESM Apps 来获取未来的额外安全更新
042826.248: [04:28:26]请参见 https://ubuntu.com/esm 或者运行: sudo pro status
042826.248: [04:28:26]
042826.249: [04:28:26]Last login: Wed Mar 25 04:23:29 2026 from 192.168.6.173
043407.767: [04:34:07][202603104-172.16.101.44-04:34:07]
043407.778: [04:34:07]Welcome to Ubuntu 24.04.4 LTS (GNU/Linux 6.11.0-17-generic x86_64)
043407.778: [04:34:07]
043407.778: [04:34:07] * Documentation:  https://help.ubuntu.com
043407.778: [04:34:07] * Management:     https://landscape.canonical.com
043407.779: [04:34:07] * Support:        https://ubuntu.com/pro
043407.779: [04:34:07]
043407.779: [04:34:07]扩展安全维护（ESM）Applications 未启用。
043407.779: [04:34:07]
043407.779: [04:34:07]27 更新可以立即应用。
043407.779: [04:34:07]这些更新中有 19 个是标准安全更新。
043407.779: [04:34:07]要查看这些附加更新，请运行：apt list --upgradable
043407.779: [04:34:07]
043407.779: [04:34:07]启用 ESM Apps 来获取未来的额外安全更新
043407.780: [04:34:07]请参见 https://ubuntu.com/esm 或者运行: sudo pro status
043407.780: [04:34:07]
043407.780: [04:34:07]Last login: Wed Mar 25 04:28:26 2026 from 192.168.6.173
043901.266: [04:39:01][202603104-172.16.101.44-04:39:01]
043901.278: [04:39:01]Welcome to Ubuntu 24.04.4 LTS (GNU/Linux 6.11.0-17-generic x86_64)
043901.278: [04:39:01]
043901.278: [04:39:01] * Documentation:  https://help.ubuntu.com
043901.279: [04:39:01] * Management:     https://landscape.canonical.com
043901.279: [04:39:01] * Support:        https://ubuntu.com/pro
043901.279: [04:39:01]
043901.279: [04:39:01]扩展安全维护（ESM）Applications 未启用。
043901.279: [04:39:01]
043901.279: [04:39:01]27 更新可以立即应用。
043901.279: [04:39:01]这些更新中有 19 个是标准安全更新。
043901.280: [04:39:01]要查看这些附加更新，请运行：apt list --upgradable
043901.280: [04:39:01]
043901.280: [04:39:01]启用 ESM Apps 来获取未来的额外安全更新
043901.280: [04:39:01]请参见 https://ubuntu.com/esm 或者运行: sudo pro status
043901.280: [04:39:01]
043901.281: [04:39:01]Last login: Wed Mar 25 04:34:07 2026 from 192.168.6.173
044401.272: [04:44:01][202603104-172.16.101.44-04:44:01]
044401.291: [04:44:01]Welcome to Ubuntu 24.04.4 LTS (GNU/Linux 6.11.0-17-generic x86_64)
044401.291: [04:44:01]
044401.291: [04:44:01] * Documentation:  https://help.ubuntu.com
044401.292: [04:44:01] * Management:     https://landscape.canonical.com
044401.292: [04:44:01] * Support:        https://ubuntu.com/pro
044401.292: [04:44:01]
044401.292: [04:44:01]扩展安全维护（ESM）Applications 未启用。
044401.292: [04:44:01]
044401.292: [04:44:01]27 更新可以立即应用。
044401.293: [04:44:01]这些更新中有 19 个是标准安全更新。
044401.293: [04:44:01]要查看这些附加更新，请运行：apt list --upgradable
044401.293: [04:44:01]
044401.293: [04:44:01]启用 ESM Apps 来获取未来的额外安全更新
044401.293: [04:44:01]请参见 https://ubuntu.com/esm 或者运行: sudo pro status
044401.293: [04:44:01]
044401.294: [04:44:01]Last login: Wed Mar 25 04:39:01 2026 from 192.168.6.173
044912.742: [04:49:12][202603104-172.16.101.44-04:49:12]
044912.756: [04:49:12]Welcome to Ubuntu 24.04.4 LTS (GNU/Linux 6.11.0-17-generic x86_64)
044912.756: [04:49:12]
044912.756: [04:49:12] * Documentation:  https://help.ubuntu.com
044912.756: [04:49:12] * Management:     https://landscape.canonical.com
044912.756: [04:49:12] * Support:        https://ubuntu.com/pro
044912.756: [04:49:12]
044912.756: [04:49:12]扩展安全维护（ESM）Applications 未启用。
044912.756: [04:49:12]
044912.756: [04:49:12]27 更新可以立即应用。
044912.756: [04:49:12]这些更新中有 19 个是标准安全更新。
044912.756: [04:49:12]要查看这些附加更新，请运行：apt list --upgradable
044912.756: [04:49:12]
044912.756: [04:49:12]启用 ESM Apps 来获取未来的额外安全更新
044912.756: [04:49:12]请参见 https://ubuntu.com/esm 或者运行: sudo pro status
044912.756: [04:49:12]
044912.757: [04:49:12]Last login: Wed Mar 25 04:44:01 2026 from 192.168.6.173
045424.341: [04:54:24][202603104-172.16.101.44-04:54:24]
045424.354: [04:54:24]Welcome to Ubuntu 24.04.4 LTS (GNU/Linux 6.11.0-17-generic x86_64)
045424.354: [04:54:24]
045424.355: [04:54:24] * Documentation:  https://help.ubuntu.com
045424.355: [04:54:24] * Management:     https://landscape.canonical.com
045424.355: [04:54:24] * Support:        https://ubuntu.com/pro
045424.355: [04:54:24]
045424.355: [04:54:24]扩展安全维护（ESM）Applications 未启用。
045424.355: [04:54:24]
045424.355: [04:54:24]27 更新可以立即应用。
045424.356: [04:54:24]这些更新中有 19 个是标准安全更新。
045424.356: [04:54:24]要查看这些附加更新，请运行：apt list --upgradable
045424.356: [04:54:24]
045424.356: [04:54:24]启用 ESM Apps 来获取未来的额外安全更新
045424.357: [04:54:24]请参见 https://ubuntu.com/esm 或者运行: sudo pro status
045424.357: [04:54:24]
045424.357: [04:54:24]Last login: Wed Mar 25 04:49:12 2026 from 192.168.6.173
045934.182: [04:59:34][202603104-172.16.101.44-04:59:34]
045934.200: [04:59:34]Welcome to Ubuntu 24.04.4 LTS (GNU/Linux 6.11.0-17-generic x86_64)
045934.200: [04:59:34]
045934.200: [04:59:34] * Documentation:  https://help.ubuntu.com
045934.200: [04:59:34] * Management:     https://landscape.canonical.com
045934.201: [04:59:34] * Support:        https://ubuntu.com/pro
045934.201: [04:59:34]
045934.201: [04:59:34]扩展安全维护（ESM）Applications 未启用。
045934.201: [04:59:34]
045934.201: [04:59:34]27 更新可以立即应用。
045934.201: [04:59:34]这些更新中有 19 个是标准安全更新。
045934.202: [04:59:34]要查看这些附加更新，请运行：apt list --upgradable
045934.202: [04:59:34]
045934.202: [04:59:34]启用 ESM Apps 来获取未来的额外安全更新
045934.202: [04:59:34]请参见 https://ubuntu.com/esm 或者运行: sudo pro status
045934.202: [04:59:34]
045934.202: [04:59:34]Last login: Wed Mar 25 04:54:24 2026 from 192.168.6.173
050458.269: [05:04:58][202603104-172.16.101.44-05:04:58]
050458.283: [05:04:58]Welcome to Ubuntu 24.04.4 LTS (GNU/Linux 6.11.0-17-generic x86_64)
050458.283: [05:04:58]
050458.283: [05:04:58] * Documentation:  https://help.ubuntu.com
050458.284: [05:04:58] * Management:     https://landscape.canonical.com
050458.284: [05:04:58] * Support:        https://ubuntu.com/pro
050458.284: [05:04:58]
050458.284: [05:04:58]扩展安全维护（ESM）Applications 未启用。
050458.284: [05:04:58]
050458.284: [05:04:58]27 更新可以立即应用。
050458.285: [05:04:58]这些更新中有 19 个是标准安全更新。
050458.285: [05:04:58]要查看这些附加更新，请运行：apt list --upgradable
050458.285: [05:04:58]
050458.285: [05:04:58]启用 ESM Apps 来获取未来的额外安全更新
050458.285: [05:04:58]请参见 https://ubuntu.com/esm 或者运行: sudo pro status
050458.285: [05:04:58]
050458.286: [05:04:58]Last login: Wed Mar 25 04:59:34 2026 from 192.168.6.173
051008.271: [05:10:08][202603104-172.16.101.44-05:10:08]
051008.281: [05:10:08]Welcome to Ubuntu 24.04.4 LTS (GNU/Linux 6.11.0-17-generic x86_64)
051008.281: [05:10:08]
051008.281: [05:10:08] * Documentation:  https://help.ubuntu.com
051008.281: [05:10:08] * Management:     https://landscape.canonical.com
051008.281: [05:10:08] * Support:        https://ubuntu.com/pro
051008.281: [05:10:08]
051008.281: [05:10:08]扩展安全维护（ESM）Applications 未启用。
051008.281: [05:10:08]
051008.282: [05:10:08]27 更新可以立即应用。
051008.282: [05:10:08]这些更新中有 19 个是标准安全更新。
051008.282: [05:10:08]要查看这些附加更新，请运行：apt list --upgradable
051008.282: [05:10:08]
051008.282: [05:10:08]启用 ESM Apps 来获取未来的额外安全更新
051008.282: [05:10:08]请参见 https://ubuntu.com/esm 或者运行: sudo pro status
051008.282: [05:10:08]
051008.282: [05:10:08]Last login: Wed Mar 25 05:04:58 2026 from 192.168.6.173
051519.748: [05:15:19][202603104-172.16.101.44-05:15:19]
051519.760: [05:15:19]Welcome to Ubuntu 24.04.4 LTS (GNU/Linux 6.11.0-17-generic x86_64)
051519.760: [05:15:19]
051519.760: [05:15:19] * Documentation:  https://help.ubuntu.com
051519.761: [05:15:19] * Management:     https://landscape.canonical.com
051519.761: [05:15:19] * Support:        https://ubuntu.com/pro
051519.761: [05:15:19]
051519.761: [05:15:19]扩展安全维护（ESM）Applications 未启用。
051519.761: [05:15:19]
051519.761: [05:15:19]27 更新可以立即应用。
051519.762: [05:15:19]这些更新中有 19 个是标准安全更新。
051519.762: [05:15:19]要查看这些附加更新，请运行：apt list --upgradable
051519.762: [05:15:19]
051519.762: [05:15:19]启用 ESM Apps 来获取未来的额外安全更新
051519.763: [05:15:19]请参见 https://ubuntu.com/esm 或者运行: sudo pro status
051519.763: [05:15:19]
051519.763: [05:15:19]Last login: Wed Mar 25 05:10:08 2026 from 192.168.6.173
052031.250: [05:20:31][202603104-172.16.101.44-05:20:31]
052031.261: [05:20:31]Welcome to Ubuntu 24.04.4 LTS (GNU/Linux 6.11.0-17-generic x86_64)
052031.261: [05:20:31]
052031.261: [05:20:31] * Documentation:  https://help.ubuntu.com
052031.261: [05:20:31] * Management:     https://landscape.canonical.com
052031.262: [05:20:31] * Support:        https://ubuntu.com/pro
052031.262: [05:20:31]
052031.262: [05:20:31]扩展安全维护（ESM）Applications 未启用。
052031.262: [05:20:31]
052031.262: [05:20:31]27 更新可以立即应用。
052031.262: [05:20:31]这些更新中有 19 个是标准安全更新。
052031.263: [05:20:31]要查看这些附加更新，请运行：apt list --upgradable
052031.263: [05:20:31]
052031.263: [05:20:31]启用 ESM Apps 来获取未来的额外安全更新
052031.263: [05:20:31]请参见 https://ubuntu.com/esm 或者运行: sudo pro status
052031.263: [05:20:31]
052031.264: [05:20:31]Last login: Wed Mar 25 05:15:19 2026 from 192.168.6.173
052530.236: [05:25:30][202603104-172.16.101.44-05:25:30]
052530.254: [05:25:30]Welcome to Ubuntu 24.04.4 LTS (GNU/Linux 6.11.0-17-generic x86_64)
052530.254: [05:25:30]
052530.254: [05:25:30] * Documentation:  https://help.ubuntu.com
052530.254: [05:25:30] * Management:     https://landscape.canonical.com
052530.254: [05:25:30] * Support:        https://ubuntu.com/pro
052530.254: [05:25:30]
052530.254: [05:25:30]扩展安全维护（ESM）Applications 未启用。
052530.255: [05:25:30]
052530.255: [05:25:30]27 更新可以立即应用。
052530.255: [05:25:30]这些更新中有 19 个是标准安全更新。
052530.255: [05:25:30]要查看这些附加更新，请运行：apt list --upgradable
052530.255: [05:25:30]
052530.255: [05:25:30]启用 ESM Apps 来获取未来的额外安全更新
052530.255: [05:25:30]请参见 https://ubuntu.com/esm 或者运行: sudo pro status
052530.255: [05:25:30]
052530.255: [05:25:30]Last login: Wed Mar 25 05:20:31 2026 from 192.168.6.173
053040.759: [05:30:40][202603104-172.16.101.44-05:30:40]
053040.770: [05:30:40]Welcome to Ubuntu 24.04.4 LTS (GNU/Linux 6.11.0-17-generic x86_64)
053040.770: [05:30:40]
053040.770: [05:30:40] * Documentation:  https://help.ubuntu.com
053040.770: [05:30:40] * Management:     https://landscape.canonical.com
053040.771: [05:30:40] * Support:        https://ubuntu.com/pro
053040.771: [05:30:40]
053040.771: [05:30:40]扩展安全维护（ESM）Applications 未启用。
053040.771: [05:30:40]
053040.771: [05:30:40]27 更新可以立即应用。
053040.771: [05:30:40]这些更新中有 19 个是标准安全更新。
053040.772: [05:30:40]要查看这些附加更新，请运行：apt list --upgradable
053040.772: [05:30:40]
053040.772: [05:30:40]启用 ESM Apps 来获取未来的额外安全更新
053040.772: [05:30:40]请参见 https://ubuntu.com/esm 或者运行: sudo pro status
053040.772: [05:30:40]
053040.772: [05:30:40]Last login: Wed Mar 25 05:25:30 2026 from 192.168.6.173
053550.237: [05:35:50][202603104-172.16.101.44-05:35:50]
053550.252: [05:35:50]Welcome to Ubuntu 24.04.4 LTS (GNU/Linux 6.11.0-17-generic x86_64)
053550.252: [05:35:50]
053550.252: [05:35:50] * Documentation:  https://help.ubuntu.com
053550.252: [05:35:50] * Management:     https://landscape.canonical.com
053550.252: [05:35:50] * Support:        https://ubuntu.com/pro
053550.252: [05:35:50]
053550.253: [05:35:50]扩展安全维护（ESM）Applications 未启用。
053550.253: [05:35:50]
053550.253: [05:35:50]27 更新可以立即应用。
053550.253: [05:35:50]这些更新中有 19 个是标准安全更新。
053550.253: [05:35:50]要查看这些附加更新，请运行：apt list --upgradable
053550.253: [05:35:50]
053550.254: [05:35:50]启用 ESM Apps 来获取未来的额外安全更新
053550.254: [05:35:50]请参见 https://ubuntu.com/esm 或者运行: sudo pro status
053550.254: [05:35:50]
053550.254: [05:35:50]Last login: Wed Mar 25 05:30:40 2026 from 192.168.6.173
054108.247: [05:41:08][202603104-172.16.101.44-05:41:08]
054108.258: [05:41:08]Welcome to Ubuntu 24.04.4 LTS (GNU/Linux 6.11.0-17-generic x86_64)
054108.258: [05:41:08]
054108.258: [05:41:08] * Documentation:  https://help.ubuntu.com
054108.258: [05:41:08] * Management:     https://landscape.canonical.com
054108.258: [05:41:08] * Support:        https://ubuntu.com/pro
054108.258: [05:41:08]
054108.259: [05:41:08]扩展安全维护（ESM）Applications 未启用。
054108.259: [05:41:08]
054108.259: [05:41:08]27 更新可以立即应用。
054108.259: [05:41:08]这些更新中有 19 个是标准安全更新。
054108.259: [05:41:08]要查看这些附加更新，请运行：apt list --upgradable
054108.259: [05:41:08]
054108.260: [05:41:08]启用 ESM Apps 来获取未来的额外安全更新
054108.260: [05:41:08]请参见 https://ubuntu.com/esm 或者运行: sudo pro status
054108.260: [05:41:08]
054108.260: [05:41:08]Last login: Wed Mar 25 05:35:50 2026 from 192.168.6.173
054621.281: [05:46:21][202603104-172.16.101.44-05:46:21]
054621.306: [05:46:21]Welcome to Ubuntu 24.04.4 LTS (GNU/Linux 6.11.0-17-generic x86_64)
054621.306: [05:46:21]
054621.307: [05:46:21] * Documentation:  https://help.ubuntu.com
054621.307: [05:46:21] * Management:     https://landscape.canonical.com
054621.307: [05:46:21] * Support:        https://ubuntu.com/pro
054621.307: [05:46:21]
054621.307: [05:46:21]扩展安全维护（ESM）Applications 未启用。
054621.307: [05:46:21]
054621.308: [05:46:21]27 更新可以立即应用。
054621.308: [05:46:21]这些更新中有 19 个是标准安全更新。
054621.308: [05:46:21]要查看这些附加更新，请运行：apt list --upgradable
054621.308: [05:46:21]
054621.308: [05:46:21]启用 ESM Apps 来获取未来的额外安全更新
054621.309: [05:46:21]请参见 https://ubuntu.com/esm 或者运行: sudo pro status
054621.309: [05:46:21]
054621.309: [05:46:21]Last login: Wed Mar 25 05:41:08 2026 from 192.168.6.173
055125.360: [05:51:25][202603104-172.16.101.44-05:51:25]
055125.379: [05:51:25]Welcome to Ubuntu 24.04.4 LTS (GNU/Linux 6.11.0-17-generic x86_64)
055125.379: [05:51:25]
055125.379: [05:51:25] * Documentation:  https://help.ubuntu.com
055125.379: [05:51:25] * Management:     https://landscape.canonical.com
055125.379: [05:51:25] * Support:        https://ubuntu.com/pro
055125.379: [05:51:25]
055125.380: [05:51:25]扩展安全维护（ESM）Applications 未启用。
055125.380: [05:51:25]
055125.380: [05:51:25]27 更新可以立即应用。
055125.380: [05:51:25]这些更新中有 19 个是标准安全更新。
055125.380: [05:51:25]要查看这些附加更新，请运行：apt list --upgradable
055125.380: [05:51:25]
055125.381: [05:51:25]启用 ESM Apps 来获取未来的额外安全更新
055125.381: [05:51:25]请参见 https://ubuntu.com/esm 或者运行: sudo pro status
055125.381: [05:51:25]
055125.381: [05:51:25]Last login: Wed Mar 25 05:46:21 2026 from 192.168.6.173
055637.202: [05:56:37][202603104-172.16.101.44-05:56:37]
055637.214: [05:56:37]Welcome to Ubuntu 24.04.4 LTS (GNU/Linux 6.11.0-17-generic x86_64)
055637.214: [05:56:37]
055637.215: [05:56:37] * Documentation:  https://help.ubuntu.com
055637.215: [05:56:37] * Management:     https://landscape.canonical.com
055637.215: [05:56:37] * Support:        https://ubuntu.com/pro
055637.215: [05:56:37]
055637.216: [05:56:37]扩展安全维护（ESM）Applications 未启用。
055637.216: [05:56:37]
055637.216: [05:56:37]27 更新可以立即应用。
055637.216: [05:56:37]这些更新中有 19 个是标准安全更新。
055637.216: [05:56:37]要查看这些附加更新，请运行：apt list --upgradable
055637.216: [05:56:37]
055637.217: [05:56:37]启用 ESM Apps 来获取未来的额外安全更新
055637.217: [05:56:37]请参见 https://ubuntu.com/esm 或者运行: sudo pro status
055637.217: [05:56:37]
055637.217: [05:56:37]Last login: Wed Mar 25 05:51:25 2026 from 192.168.6.173
060152.192: [06:01:52][202603104-172.16.101.44-06:01:52]
060152.201: [06:01:52]Welcome to Ubuntu 24.04.4 LTS (GNU/Linux 6.11.0-17-generic x86_64)
060152.201: [06:01:52]
060152.201: [06:01:52] * Documentation:  https://help.ubuntu.com
060152.201: [06:01:52] * Management:     https://landscape.canonical.com
060152.201: [06:01:52] * Support:        https://ubuntu.com/pro
060152.201: [06:01:52]
060152.201: [06:01:52]扩展安全维护（ESM）Applications 未启用。
060152.201: [06:01:52]
060152.201: [06:01:52]27 更新可以立即应用。
060152.201: [06:01:52]这些更新中有 19 个是标准安全更新。
060152.202: [06:01:52]要查看这些附加更新，请运行：apt list --upgradable
060152.202: [06:01:52]
060152.202: [06:01:52]启用 ESM Apps 来获取未来的额外安全更新
060152.202: [06:01:52]请参见 https://ubuntu.com/esm 或者运行: sudo pro status
060152.202: [06:01:52]
060152.202: [06:01:52]Last login: Wed Mar 25 05:56:37 2026 from 192.168.6.173
060708.733: [06:07:08][202603104-172.16.101.44-06:07:08]
060708.745: [06:07:08]Welcome to Ubuntu 24.04.4 LTS (GNU/Linux 6.11.0-17-generic x86_64)
060708.745: [06:07:08]
060708.745: [06:07:08] * Documentation:  https://help.ubuntu.com
060708.746: [06:07:08] * Management:     https://landscape.canonical.com
060708.746: [06:07:08] * Support:        https://ubuntu.com/pro
060708.746: [06:07:08]
060708.746: [06:07:08]扩展安全维护（ESM）Applications 未启用。
060708.746: [06:07:08]
060708.746: [06:07:08]27 更新可以立即应用。
060708.746: [06:07:08]这些更新中有 19 个是标准安全更新。
060708.746: [06:07:08]要查看这些附加更新，请运行：apt list --upgradable
060708.746: [06:07:08]
060708.746: [06:07:08]启用 ESM Apps 来获取未来的额外安全更新
060708.747: [06:07:08]请参见 https://ubuntu.com/esm 或者运行: sudo pro status
060708.747: [06:07:08]
060708.747: [06:07:08]Last login: Wed Mar 25 06:01:52 2026 from 192.168.6.173
061219.260: [06:12:19][202603104-172.16.101.44-06:12:19]
061219.275: [06:12:19]Welcome to Ubuntu 24.04.4 LTS (GNU/Linux 6.11.0-17-generic x86_64)
061219.275: [06:12:19]
061219.275: [06:12:19] * Documentation:  https://help.ubuntu.com
061219.275: [06:12:19] * Management:     https://landscape.canonical.com
061219.276: [06:12:19] * Support:        https://ubuntu.com/pro
061219.276: [06:12:19]
061219.276: [06:12:19]扩展安全维护（ESM）Applications 未启用。
061219.276: [06:12:19]
061219.276: [06:12:19]27 更新可以立即应用。
061219.276: [06:12:19]这些更新中有 19 个是标准安全更新。
061219.277: [06:12:19]要查看这些附加更新，请运行：apt list --upgradable
061219.277: [06:12:19]
061219.277: [06:12:19]启用 ESM Apps 来获取未来的额外安全更新
061219.277: [06:12:19]请参见 https://ubuntu.com/esm 或者运行: sudo pro status
061219.277: [06:12:19]
061219.278: [06:12:19]Last login: Wed Mar 25 06:07:08 2026 from 192.168.6.173
061731.257: [06:17:31][202603104-172.16.101.44-06:17:31]
061731.267: [06:17:31]Welcome to Ubuntu 24.04.4 LTS (GNU/Linux 6.11.0-17-generic x86_64)
061731.268: [06:17:31]
061731.268: [06:17:31] * Documentation:  https://help.ubuntu.com
061731.268: [06:17:31] * Management:     https://landscape.canonical.com
061731.268: [06:17:31] * Support:        https://ubuntu.com/pro
061731.268: [06:17:31]
061731.268: [06:17:31]扩展安全维护（ESM）Applications 未启用。
061731.268: [06:17:31]
061731.268: [06:17:31]27 更新可以立即应用。
061731.268: [06:17:31]这些更新中有 19 个是标准安全更新。
061731.268: [06:17:31]要查看这些附加更新，请运行：apt list --upgradable
061731.268: [06:17:31]
061731.268: [06:17:31]启用 ESM Apps 来获取未来的额外安全更新
061731.268: [06:17:31]请参见 https://ubuntu.com/esm 或者运行: sudo pro status
061731.268: [06:17:31]
061731.268: [06:17:31]Last login: Wed Mar 25 06:12:19 2026 from 192.168.6.173
062243.744: [06:22:43][202603104-172.16.101.44-06:22:43]
062243.754: [06:22:43]Welcome to Ubuntu 24.04.4 LTS (GNU/Linux 6.11.0-17-generic x86_64)
062243.755: [06:22:43]
062243.755: [06:22:43] * Documentation:  https://help.ubuntu.com
062243.755: [06:22:43] * Management:     https://landscape.canonical.com
062243.755: [06:22:43] * Support:        https://ubuntu.com/pro
062243.755: [06:22:43]
062243.755: [06:22:43]扩展安全维护（ESM）Applications 未启用。
062243.755: [06:22:43]
062243.755: [06:22:43]27 更新可以立即应用。
062243.755: [06:22:43]这些更新中有 19 个是标准安全更新。
062243.755: [06:22:43]要查看这些附加更新，请运行：apt list --upgradable
062243.755: [06:22:43]
062243.755: [06:22:43]启用 ESM Apps 来获取未来的额外安全更新
062243.756: [06:22:43]请参见 https://ubuntu.com/esm 或者运行: sudo pro status
062243.756: [06:22:43]
062243.756: [06:22:43]Last login: Wed Mar 25 06:17:31 2026 from 192.168.6.173
062755.212: [06:27:55][202603104-172.16.101.44-06:27:55]
062755.213: [06:27:55]Welcome to Ubuntu 24.04.4 LTS (GNU/Linux 6.11.0-17-generic x86_64)
062755.213: [06:27:55]
062755.213: [06:27:55] * Documentation:  https://help.ubuntu.com
062755.213: [06:27:55] * Management:     https://landscape.canonical.com
062755.214: [06:27:55] * Support:        https://ubuntu.com/pro
062755.214: [06:27:55]
062755.214: [06:27:55]扩展安全维护（ESM）Applications 未启用。
062755.214: [06:27:55]
062755.214: [06:27:55]27 更新可以立即应用。
062755.214: [06:27:55]这些更新中有 19 个是标准安全更新。
062755.214: [06:27:55]要查看这些附加更新，请运行：apt list --upgradable
062755.214: [06:27:55]
062755.214: [06:27:55]启用 ESM Apps 来获取未来的额外安全更新
062755.214: [06:27:55]请参见 https://ubuntu.com/esm 或者运行: sudo pro status
062755.214: [06:27:55]
062755.214: [06:27:55]Last login: Wed Mar 25 06:22:43 2026 from 192.168.6.173
063308.753: [06:33:08][202603104-172.16.101.44-06:33:08]
063308.763: [06:33:08]Welcome to Ubuntu 24.04.4 LTS (GNU/Linux 6.11.0-17-generic x86_64)
063308.763: [06:33:08]
063308.763: [06:33:08] * Documentation:  https://help.ubuntu.com
063308.763: [06:33:08] * Management:     https://landscape.canonical.com
063308.763: [06:33:08] * Support:        https://ubuntu.com/pro
063308.763: [06:33:08]
063308.764: [06:33:08]扩展安全维护（ESM）Applications 未启用。
063308.764: [06:33:08]
063308.764: [06:33:08]27 更新可以立即应用。
063308.764: [06:33:08]这些更新中有 19 个是标准安全更新。
063308.764: [06:33:08]要查看这些附加更新，请运行：apt list --upgradable
063308.764: [06:33:08]
063308.765: [06:33:08]启用 ESM Apps 来获取未来的额外安全更新
063308.765: [06:33:08]请参见 https://ubuntu.com/esm 或者运行: sudo pro status
063308.765: [06:33:08]
063308.765: [06:33:08]Last login: Wed Mar 25 06:27:55 2026 from 192.168.6.173
063818.675: [06:38:18][202603104-172.16.101.44-06:38:18]
063818.684: [06:38:18]Welcome to Ubuntu 24.04.4 LTS (GNU/Linux 6.11.0-17-generic x86_64)
063818.684: [06:38:18]
063818.684: [06:38:18] * Documentation:  https://help.ubuntu.com
063818.684: [06:38:18] * Management:     https://landscape.canonical.com
063818.684: [06:38:18] * Support:        https://ubuntu.com/pro
063818.684: [06:38:18]
063818.685: [06:38:18]扩展安全维护（ESM）Applications 未启用。
063818.685: [06:38:18]
063818.685: [06:38:18]27 更新可以立即应用。
063818.685: [06:38:18]这些更新中有 19 个是标准安全更新。
063818.685: [06:38:18]要查看这些附加更新，请运行：apt list --upgradable
063818.685: [06:38:18]
063818.685: [06:38:18]启用 ESM Apps 来获取未来的额外安全更新
063818.685: [06:38:18]请参见 https://ubuntu.com/esm 或者运行: sudo pro status
063818.685: [06:38:18]
063818.685: [06:38:18]Last login: Wed Mar 25 06:33:08 2026 from 192.168.6.173
064330.744: [06:43:30][202603104-172.16.101.44-06:43:30]
064330.754: [06:43:30]Welcome to Ubuntu 24.04.4 LTS (GNU/Linux 6.11.0-17-generic x86_64)
064330.754: [06:43:30]
064330.755: [06:43:30] * Documentation:  https://help.ubuntu.com
064330.755: [06:43:30] * Management:     https://landscape.canonical.com
064330.755: [06:43:30] * Support:        https://ubuntu.com/pro
064330.755: [06:43:30]
064330.755: [06:43:30]扩展安全维护（ESM）Applications 未启用。
064330.755: [06:43:30]
064330.756: [06:43:30]27 更新可以立即应用。
064330.756: [06:43:30]这些更新中有 19 个是标准安全更新。
064330.756: [06:43:30]要查看这些附加更新，请运行：apt list --upgradable
064330.756: [06:43:30]
064330.756: [06:43:30]启用 ESM Apps 来获取未来的额外安全更新
064330.757: [06:43:30]请参见 https://ubuntu.com/esm 或者运行: sudo pro status
064330.757: [06:43:30]
064330.757: [06:43:30]Last login: Wed Mar 25 06:38:18 2026 from 192.168.6.173
064841.686: [06:48:41][202603104-172.16.101.44-06:48:41]
064841.699: [06:48:41]Welcome to Ubuntu 24.04.4 LTS (GNU/Linux 6.11.0-17-generic x86_64)
064841.699: [06:48:41]
064841.699: [06:48:41] * Documentation:  https://help.ubuntu.com
064841.700: [06:48:41] * Management:     https://landscape.canonical.com
064841.700: [06:48:41] * Support:        https://ubuntu.com/pro
064841.700: [06:48:41]
064841.700: [06:48:41]扩展安全维护（ESM）Applications 未启用。
064841.700: [06:48:41]
064841.700: [06:48:41]27 更新可以立即应用。
064841.701: [06:48:41]这些更新中有 19 个是标准安全更新。
064841.701: [06:48:41]要查看这些附加更新，请运行：apt list --upgradable
064841.701: [06:48:41]
064841.701: [06:48:41]启用 ESM Apps 来获取未来的额外安全更新
064841.701: [06:48:41]请参见 https://ubuntu.com/esm 或者运行: sudo pro status
064841.702: [06:48:41]
064841.702: [06:48:41]Last login: Wed Mar 25 06:43:30 2026 from 192.168.6.173
065351.770: [06:53:51][202603104-172.16.101.44-06:53:51]
065351.789: [06:53:51]Welcome to Ubuntu 24.04.4 LTS (GNU/Linux 6.11.0-17-generic x86_64)
065351.789: [06:53:51]
065351.789: [06:53:51] * Documentation:  https://help.ubuntu.com
065351.789: [06:53:51] * Management:     https://landscape.canonical.com
065351.790: [06:53:51] * Support:        https://ubuntu.com/pro
065351.790: [06:53:51]
065351.790: [06:53:51]扩展安全维护（ESM）Applications 未启用。
065351.790: [06:53:51]
065351.790: [06:53:51]8 更新可以立即应用。
065351.790: [06:53:51]要查看这些附加更新，请运行：apt list --upgradable
065351.790: [06:53:51]
065351.790: [06:53:51]启用 ESM Apps 来获取未来的额外安全更新
065351.791: [06:53:51]请参见 https://ubuntu.com/esm 或者运行: sudo pro status
065351.791: [06:53:51]
065351.791: [06:53:51]*** 需要重启系统 ***
065351.791: [06:53:51]Last login: Wed Mar 25 06:48:41 2026 from 192.168.6.173
065903.741: [06:59:03][202603104-172.16.101.44-06:59:03]
065903.752: [06:59:03]Welcome to Ubuntu 24.04.4 LTS (GNU/Linux 6.11.0-17-generic x86_64)
065903.752: [06:59:03]
065903.752: [06:59:03] * Documentation:  https://help.ubuntu.com
065903.752: [06:59:03] * Management:     https://landscape.canonical.com
065903.753: [06:59:03] * Support:        https://ubuntu.com/pro
065903.753: [06:59:03]
065903.753: [06:59:03]扩展安全维护（ESM）Applications 未启用。
065903.753: [06:59:03]
065903.753: [06:59:03]8 更新可以立即应用。
065903.753: [06:59:03]要查看这些附加更新，请运行：apt list --upgradable
065903.753: [06:59:03]
065903.754: [06:59:03]启用 ESM Apps 来获取未来的额外安全更新
065903.754: [06:59:03]请参见 https://ubuntu.com/esm 或者运行: sudo pro status
065903.754: [06:59:03]
065903.754: [06:59:03]*** 需要重启系统 ***
065903.754: [06:59:03]Last login: Wed Mar 25 06:53:51 2026 from 192.168.6.173
070414.741: [07:04:14][202603104-172.16.101.44-07:04:14]
070414.751: [07:04:14]Welcome to Ubuntu 24.04.4 LTS (GNU/Linux 6.11.0-17-generic x86_64)
070414.751: [07:04:14]
070414.751: [07:04:14] * Documentation:  https://help.ubuntu.com
070414.751: [07:04:14] * Management:     https://landscape.canonical.com
070414.751: [07:04:14] * Support:        https://ubuntu.com/pro
070414.751: [07:04:14]
070414.751: [07:04:14]扩展安全维护（ESM）Applications 未启用。
070414.751: [07:04:14]
070414.751: [07:04:14]8 更新可以立即应用。
070414.751: [07:04:14]要查看这些附加更新，请运行：apt list --upgradable
070414.751: [07:04:14]
070414.751: [07:04:14]启用 ESM Apps 来获取未来的额外安全更新
070414.751: [07:04:14]请参见 https://ubuntu.com/esm 或者运行: sudo pro status
070414.751: [07:04:14]
070414.751: [07:04:14]*** 需要重启系统 ***
070414.752: [07:04:14]Last login: Wed Mar 25 06:59:03 2026 from 192.168.6.173
070924.250: [07:09:24][202603104-172.16.101.44-07:09:24]
070924.260: [07:09:24]Welcome to Ubuntu 24.04.4 LTS (GNU/Linux 6.11.0-17-generic x86_64)
070924.260: [07:09:24]
070924.260: [07:09:24] * Documentation:  https://help.ubuntu.com
070924.260: [07:09:24] * Management:     https://landscape.canonical.com
070924.260: [07:09:24] * Support:        https://ubuntu.com/pro
070924.261: [07:09:24]
070924.261: [07:09:24]扩展安全维护（ESM）Applications 未启用。
070924.261: [07:09:24]
070924.261: [07:09:24]8 更新可以立即应用。
070924.261: [07:09:24]要查看这些附加更新，请运行：apt list --upgradable
070924.261: [07:09:24]
070924.262: [07:09:24]启用 ESM Apps 来获取未来的额外安全更新
070924.262: [07:09:24]请参见 https://ubuntu.com/esm 或者运行: sudo pro status
070924.262: [07:09:24]
070924.262: [07:09:24]*** 需要重启系统 ***
070924.262: [07:09:24]Last login: Wed Mar 25 07:04:14 2026 from 192.168.6.173
071434.299: [07:14:34][202603104-172.16.101.44-07:14:34]
071434.317: [07:14:34]Welcome to Ubuntu 24.04.4 LTS (GNU/Linux 6.11.0-17-generic x86_64)
071434.318: [07:14:34]
071434.318: [07:14:34] * Documentation:  https://help.ubuntu.com
071434.318: [07:14:34] * Management:     https://landscape.canonical.com
071434.318: [07:14:34] * Support:        https://ubuntu.com/pro
071434.318: [07:14:34]
071434.318: [07:14:34]扩展安全维护（ESM）Applications 未启用。
071434.318: [07:14:34]
071434.319: [07:14:34]8 更新可以立即应用。
071434.319: [07:14:34]要查看这些附加更新，请运行：apt list --upgradable
071434.319: [07:14:34]
071434.319: [07:14:34]启用 ESM Apps 来获取未来的额外安全更新
071434.319: [07:14:34]请参见 https://ubuntu.com/esm 或者运行: sudo pro status
071434.320: [07:14:34]
071434.320: [07:14:34]*** 需要重启系统 ***
071434.320: [07:14:34]Last login: Wed Mar 25 07:09:24 2026 from 192.168.6.173
071931.768: [07:19:31][202603104-172.16.101.44-07:19:31]
071931.791: [07:19:31]Welcome to Ubuntu 24.04.4 LTS (GNU/Linux 6.11.0-17-generic x86_64)
071931.791: [07:19:31]
071931.791: [07:19:31] * Documentation:  https://help.ubuntu.com
071931.791: [07:19:31] * Management:     https://landscape.canonical.com
071931.791: [07:19:31] * Support:        https://ubuntu.com/pro
071931.791: [07:19:31]
071931.791: [07:19:31]扩展安全维护（ESM）Applications 未启用。
071931.791: [07:19:31]
071931.791: [07:19:31]8 更新可以立即应用。
071931.792: [07:19:31]要查看这些附加更新，请运行：apt list --upgradable
071931.792: [07:19:31]
071931.792: [07:19:31]启用 ESM Apps 来获取未来的额外安全更新
071931.792: [07:19:31]请参见 https://ubuntu.com/esm 或者运行: sudo pro status
071931.792: [07:19:31]
071931.792: [07:19:31]*** 需要重启系统 ***
071931.792: [07:19:31]Last login: Wed Mar 25 07:14:34 2026 from 192.168.6.173
072444.265: [07:24:44][202603104-172.16.101.44-07:24:44]
072444.278: [07:24:44]Welcome to Ubuntu 24.04.4 LTS (GNU/Linux 6.11.0-17-generic x86_64)
072444.278: [07:24:44]
072444.278: [07:24:44] * Documentation:  https://help.ubuntu.com
072444.279: [07:24:44] * Management:     https://landscape.canonical.com
072444.279: [07:24:44] * Support:        https://ubuntu.com/pro
072444.279: [07:24:44]
072444.279: [07:24:44]扩展安全维护（ESM）Applications 未启用。
072444.279: [07:24:44]
072444.279: [07:24:44]8 更新可以立即应用。
072444.279: [07:24:44]要查看这些附加更新，请运行：apt list --upgradable
072444.279: [07:24:44]
072444.280: [07:24:44]启用 ESM Apps 来获取未来的额外安全更新
072444.280: [07:24:44]请参见 https://ubuntu.com/esm 或者运行: sudo pro status
072444.280: [07:24:44]
072444.280: [07:24:44]*** 需要重启系统 ***
072444.280: [07:24:44]Last login: Wed Mar 25 07:19:31 2026 from 192.168.6.173
072953.808: [07:29:53][202603104-172.16.101.44-07:29:53]
072953.818: [07:29:53]Welcome to Ubuntu 24.04.4 LTS (GNU/Linux 6.11.0-17-generic x86_64)
072953.818: [07:29:53]
072953.819: [07:29:53] * Documentation:  https://help.ubuntu.com
072953.819: [07:29:53] * Management:     https://landscape.canonical.com
072953.819: [07:29:53] * Support:        https://ubuntu.com/pro
072953.819: [07:29:53]
072953.819: [07:29:53]扩展安全维护（ESM）Applications 未启用。
072953.819: [07:29:53]
072953.819: [07:29:53]8 更新可以立即应用。
072953.819: [07:29:53]要查看这些附加更新，请运行：apt list --upgradable
072953.819: [07:29:53]
072953.819: [07:29:53]启用 ESM Apps 来获取未来的额外安全更新
072953.819: [07:29:53]请参见 https://ubuntu.com/esm 或者运行: sudo pro status
072953.819: [07:29:53]
072953.819: [07:29:53]*** 需要重启系统 ***
072953.819: [07:29:53]Last login: Wed Mar 25 07:24:44 2026 from 192.168.6.173
073508.754: [07:35:08][202603104-172.16.101.44-07:35:08]
073508.764: [07:35:08]Welcome to Ubuntu 24.04.4 LTS (GNU/Linux 6.11.0-17-generic x86_64)
073508.764: [07:35:08]
073508.764: [07:35:08] * Documentation:  https://help.ubuntu.com
073508.765: [07:35:08] * Management:     https://landscape.canonical.com
073508.765: [07:35:08] * Support:        https://ubuntu.com/pro
073508.765: [07:35:08]
073508.765: [07:35:08]扩展安全维护（ESM）Applications 未启用。
073508.765: [07:35:08]
073508.765: [07:35:08]8 更新可以立即应用。
073508.765: [07:35:08]要查看这些附加更新，请运行：apt list --upgradable
073508.765: [07:35:08]
073508.765: [07:35:08]启用 ESM Apps 来获取未来的额外安全更新
073508.766: [07:35:08]请参见 https://ubuntu.com/esm 或者运行: sudo pro status
073508.766: [07:35:08]
073508.766: [07:35:08]*** 需要重启系统 ***
073508.766: [07:35:08]Last login: Wed Mar 25 07:29:53 2026 from 192.168.6.173
074021.238: [07:40:21][202603104-172.16.101.44-07:40:21]
074021.257: [07:40:21]Welcome to Ubuntu 24.04.4 LTS (GNU/Linux 6.11.0-17-generic x86_64)
074021.257: [07:40:21]
074021.257: [07:40:21] * Documentation:  https://help.ubuntu.com
074021.258: [07:40:21] * Management:     https://landscape.canonical.com
074021.258: [07:40:21] * Support:        https://ubuntu.com/pro
074021.258: [07:40:21]
074021.258: [07:40:21]扩展安全维护（ESM）Applications 未启用。
074021.258: [07:40:21]
074021.258: [07:40:21]8 更新可以立即应用。
074021.259: [07:40:21]要查看这些附加更新，请运行：apt list --upgradable
074021.259: [07:40:21]
074021.259: [07:40:21]启用 ESM Apps 来获取未来的额外安全更新
074021.259: [07:40:21]请参见 https://ubuntu.com/esm 或者运行: sudo pro status
074021.259: [07:40:21]
074021.259: [07:40:21]*** 需要重启系统 ***
074021.260: [07:40:21]Last login: Wed Mar 25 07:35:08 2026 from 192.168.6.173
074533.256: [07:45:33][202603104-172.16.101.44-07:45:33]
074533.266: [07:45:33]Welcome to Ubuntu 24.04.4 LTS (GNU/Linux 6.11.0-17-generic x86_64)
074533.267: [07:45:33]
074533.267: [07:45:33] * Documentation:  https://help.ubuntu.com
074533.267: [07:45:33] * Management:     https://landscape.canonical.com
074533.267: [07:45:33] * Support:        https://ubuntu.com/pro
074533.267: [07:45:33]
074533.267: [07:45:33]扩展安全维护（ESM）Applications 未启用。
074533.267: [07:45:33]
074533.268: [07:45:33]8 更新可以立即应用。
074533.268: [07:45:33]要查看这些附加更新，请运行：apt list --upgradable
074533.268: [07:45:33]
074533.268: [07:45:33]启用 ESM Apps 来获取未来的额外安全更新
074533.268: [07:45:33]请参见 https://ubuntu.com/esm 或者运行: sudo pro status
074533.268: [07:45:33]
074533.269: [07:45:33]*** 需要重启系统 ***
074533.269: [07:45:33]Last login: Wed Mar 25 07:40:21 2026 from 192.168.6.173
075046.348: [07:50:46][202603104-172.16.101.44-07:50:46]
075046.368: [07:50:46]Welcome to Ubuntu 24.04.4 LTS (GNU/Linux 6.11.0-17-generic x86_64)
075046.368: [07:50:46]
075046.369: [07:50:46] * Documentation:  https://help.ubuntu.com
075046.369: [07:50:46] * Management:     https://landscape.canonical.com
075046.369: [07:50:46] * Support:        https://ubuntu.com/pro
075046.369: [07:50:46]
075046.369: [07:50:46]扩展安全维护（ESM）Applications 未启用。
075046.369: [07:50:46]
075046.369: [07:50:46]8 更新可以立即应用。
075046.369: [07:50:46]要查看这些附加更新，请运行：apt list --upgradable
075046.369: [07:50:46]
075046.369: [07:50:46]启用 ESM Apps 来获取未来的额外安全更新
075046.369: [07:50:46]请参见 https://ubuntu.com/esm 或者运行: sudo pro status
075046.369: [07:50:46]
075046.369: [07:50:46]*** 需要重启系统 ***
075046.369: [07:50:46]Last login: Wed Mar 25 07:45:33 2026 from 192.168.6.173
075559.753: [07:55:59][202603104-172.16.101.44-07:55:59]
075559.765: [07:55:59]Welcome to Ubuntu 24.04.4 LTS (GNU/Linux 6.11.0-17-generic x86_64)
075559.765: [07:55:59]
075559.765: [07:55:59] * Documentation:  https://help.ubuntu.com
075559.765: [07:55:59] * Management:     https://landscape.canonical.com
075559.765: [07:55:59] * Support:        https://ubuntu.com/pro
075559.765: [07:55:59]
075559.765: [07:55:59]扩展安全维护（ESM）Applications 未启用。
075559.765: [07:55:59]
075559.765: [07:55:59]8 更新可以立即应用。
075559.766: [07:55:59]要查看这些附加更新，请运行：apt list --upgradable
075559.766: [07:55:59]
075559.766: [07:55:59]启用 ESM Apps 来获取未来的额外安全更新
075559.766: [07:55:59]请参见 https://ubuntu.com/esm 或者运行: sudo pro status
075559.766: [07:55:59]
075559.766: [07:55:59]*** 需要重启系统 ***
075559.766: [07:55:59]Last login: Wed Mar 25 07:50:46 2026 from 192.168.6.173
080110.681: [08:01:10][202603104-172.16.101.44-08:01:10]
080110.691: [08:01:10]Welcome to Ubuntu 24.04.4 LTS (GNU/Linux 6.11.0-17-generic x86_64)
080110.691: [08:01:10]
080110.691: [08:01:10] * Documentation:  https://help.ubuntu.com
080110.691: [08:01:10] * Management:     https://landscape.canonical.com
080110.692: [08:01:10] * Support:        https://ubuntu.com/pro
080110.692: [08:01:10]
080110.692: [08:01:10]扩展安全维护（ESM）Applications 未启用。
080110.692: [08:01:10]
080110.692: [08:01:10]8 更新可以立即应用。
080110.693: [08:01:10]要查看这些附加更新，请运行：apt list --upgradable
080110.693: [08:01:10]
080110.693: [08:01:10]启用 ESM Apps 来获取未来的额外安全更新
080110.693: [08:01:10]请参见 https://ubuntu.com/esm 或者运行: sudo pro status
080110.693: [08:01:10]
080110.693: [08:01:10]*** 需要重启系统 ***
080110.694: [08:01:10]Last login: Wed Mar 25 07:55:59 2026 from 192.168.6.173
080619.302: [08:06:19][202603104-172.16.101.44-08:06:19]
080619.326: [08:06:19]Welcome to Ubuntu 24.04.4 LTS (GNU/Linux 6.11.0-17-generic x86_64)
080619.326: [08:06:19]
080619.326: [08:06:19] * Documentation:  https://help.ubuntu.com
080619.326: [08:06:19] * Management:     https://landscape.canonical.com
080619.326: [08:06:19] * Support:        https://ubuntu.com/pro
080619.326: [08:06:19]
080619.327: [08:06:19]扩展安全维护（ESM）Applications 未启用。
080619.327: [08:06:19]
080619.327: [08:06:19]8 更新可以立即应用。
080619.327: [08:06:19]要查看这些附加更新，请运行：apt list --upgradable
080619.327: [08:06:19]
080619.327: [08:06:19]启用 ESM Apps 来获取未来的额外安全更新
080619.327: [08:06:19]请参见 https://ubuntu.com/esm 或者运行: sudo pro status
080619.327: [08:06:19]
080619.328: [08:06:19]*** 需要重启系统 ***
080619.328: [08:06:19]Last login: Wed Mar 25 08:01:10 2026 from 192.168.6.173
081131.757: [08:11:31][202603104-172.16.101.44-08:11:31]
081131.775: [08:11:31]Welcome to Ubuntu 24.04.4 LTS (GNU/Linux 6.11.0-17-generic x86_64)
081131.775: [08:11:31]
081131.775: [08:11:31] * Documentation:  https://help.ubuntu.com
081131.775: [08:11:31] * Management:     https://landscape.canonical.com
081131.775: [08:11:31] * Support:        https://ubuntu.com/pro
081131.775: [08:11:31]
081131.775: [08:11:31]扩展安全维护（ESM）Applications 未启用。
081131.775: [08:11:31]
081131.775: [08:11:31]8 更新可以立即应用。
081131.776: [08:11:31]要查看这些附加更新，请运行：apt list --upgradable
081131.776: [08:11:31]
081131.776: [08:11:31]启用 ESM Apps 来获取未来的额外安全更新
081131.776: [08:11:31]请参见 https://ubuntu.com/esm 或者运行: sudo pro status
081131.776: [08:11:31]
081131.776: [08:11:31]*** 需要重启系统 ***
081131.776: [08:11:31]Last login: Wed Mar 25 08:06:19 2026 from 192.168.6.173
081641.359: [08:16:41][202603104-172.16.101.44-08:16:41]
081641.376: [08:16:41]Welcome to Ubuntu 24.04.4 LTS (GNU/Linux 6.11.0-17-generic x86_64)
081641.376: [08:16:41]
081641.377: [08:16:41] * Documentation:  https://help.ubuntu.com
081641.377: [08:16:41] * Management:     https://landscape.canonical.com
081641.377: [08:16:41] * Support:        https://ubuntu.com/pro
081641.377: [08:16:41]
081641.377: [08:16:41]扩展安全维护（ESM）Applications 未启用。
081641.377: [08:16:41]
081641.377: [08:16:41]8 更新可以立即应用。
081641.377: [08:16:41]要查看这些附加更新，请运行：apt list --upgradable
081641.377: [08:16:41]
081641.377: [08:16:41]启用 ESM Apps 来获取未来的额外安全更新
081641.377: [08:16:41]请参见 https://ubuntu.com/esm 或者运行: sudo pro status
081641.377: [08:16:41]
081641.377: [08:16:41]*** 需要重启系统 ***
081641.378: [08:16:41]Last login: Wed Mar 25 08:11:31 2026 from 192.168.6.173
082158.748: [08:21:58][202603104-172.16.101.44-08:21:58]
082158.760: [08:21:58]Welcome to Ubuntu 24.04.4 LTS (GNU/Linux 6.11.0-17-generic x86_64)
082158.760: [08:21:58]
082158.760: [08:21:58] * Documentation:  https://help.ubuntu.com
082158.760: [08:21:58] * Management:     https://landscape.canonical.com
082158.761: [08:21:58] * Support:        https://ubuntu.com/pro
082158.761: [08:21:58]
082158.761: [08:21:58]扩展安全维护（ESM）Applications 未启用。
082158.761: [08:21:58]
082158.761: [08:21:58]8 更新可以立即应用。
082158.761: [08:21:58]要查看这些附加更新，请运行：apt list --upgradable
082158.761: [08:21:58]
082158.762: [08:21:58]启用 ESM Apps 来获取未来的额外安全更新
082158.762: [08:21:58]请参见 https://ubuntu.com/esm 或者运行: sudo pro status
082158.762: [08:21:58]
082158.762: [08:21:58]*** 需要重启系统 ***
082158.762: [08:21:58]Last login: Wed Mar 25 08:16:41 2026 from 192.168.6.173
082658.749: [08:26:58][202603104-172.16.101.44-08:26:58]
082658.760: [08:26:58]Welcome to Ubuntu 24.04.4 LTS (GNU/Linux 6.11.0-17-generic x86_64)
082658.760: [08:26:58]
082658.760: [08:26:58] * Documentation:  https://help.ubuntu.com
082658.760: [08:26:58] * Management:     https://landscape.canonical.com
082658.760: [08:26:58] * Support:        https://ubuntu.com/pro
082658.760: [08:26:58]
082658.760: [08:26:58]扩展安全维护（ESM）Applications 未启用。
082658.760: [08:26:58]
082658.761: [08:26:58]8 更新可以立即应用。
082658.761: [08:26:58]要查看这些附加更新，请运行：apt list --upgradable
082658.761: [08:26:58]
082658.761: [08:26:58]启用 ESM Apps 来获取未来的额外安全更新
082658.761: [08:26:58]请参见 https://ubuntu.com/esm 或者运行: sudo pro status
082658.761: [08:26:58]
082658.761: [08:26:58]*** 需要重启系统 ***
082658.761: [08:26:58]Last login: Wed Mar 25 08:21:58 2026 from 192.168.6.173
083212.350: [08:32:12][202603104-172.16.101.44-08:32:12]
083212.376: [08:32:12]Welcome to Ubuntu 24.04.4 LTS (GNU/Linux 6.11.0-17-generic x86_64)
083212.376: [08:32:12]
083212.377: [08:32:12] * Documentation:  https://help.ubuntu.com
083212.377: [08:32:12] * Management:     https://landscape.canonical.com
083212.377: [08:32:12] * Support:        https://ubuntu.com/pro
083212.377: [08:32:12]
083212.377: [08:32:12]扩展安全维护（ESM）Applications 未启用。
083212.377: [08:32:12]
083212.378: [08:32:12]8 更新可以立即应用。
083212.378: [08:32:12]要查看这些附加更新，请运行：apt list --upgradable
083212.378: [08:32:12]
083212.378: [08:32:12]启用 ESM Apps 来获取未来的额外安全更新
083212.379: [08:32:12]请参见 https://ubuntu.com/esm 或者运行: sudo pro status
083212.379: [08:32:12]
083212.379: [08:32:12]*** 需要重启系统 ***
083212.379: [08:32:12]Last login: Wed Mar 25 08:26:58 2026 from 192.168.6.173
083727.750: [08:37:27][202603104-172.16.101.44-08:37:27]
083727.779: [08:37:27]Welcome to Ubuntu 24.04.4 LTS (GNU/Linux 6.11.0-17-generic x86_64)
083727.779: [08:37:27]
083727.779: [08:37:27] * Documentation:  https://help.ubuntu.com
083727.779: [08:37:27] * Management:     https://landscape.canonical.com
083727.780: [08:37:27] * Support:        https://ubuntu.com/pro
083727.780: [08:37:27]
083727.780: [08:37:27]扩展安全维护（ESM）Applications 未启用。
083727.780: [08:37:27]
083727.780: [08:37:27]8 更新可以立即应用。
083727.780: [08:37:27]要查看这些附加更新，请运行：apt list --upgradable
083727.780: [08:37:27]
083727.781: [08:37:27]启用 ESM Apps 来获取未来的额外安全更新
083727.781: [08:37:27]请参见 https://ubuntu.com/esm 或者运行: sudo pro status
083727.781: [08:37:27]
083727.781: [08:37:27]*** 需要重启系统 ***
083727.781: [08:37:27]Last login: Wed Mar 25 08:32:12 2026 from 192.168.6.173
084242.749: [08:42:42][202603104-172.16.101.44-08:42:42]
084242.773: [08:42:42]Welcome to Ubuntu 24.04.4 LTS (GNU/Linux 6.11.0-17-generic x86_64)
084242.773: [08:42:42]
084242.773: [08:42:42] * Documentation:  https://help.ubuntu.com
084242.773: [08:42:42] * Management:     https://landscape.canonical.com
084242.774: [08:42:42] * Support:        https://ubuntu.com/pro
084242.774: [08:42:42]
084242.774: [08:42:42]扩展安全维护（ESM）Applications 未启用。
084242.774: [08:42:42]
084242.774: [08:42:42]8 更新可以立即应用。
084242.774: [08:42:42]要查看这些附加更新，请运行：apt list --upgradable
084242.774: [08:42:42]
084242.775: [08:42:42]启用 ESM Apps 来获取未来的额外安全更新
084242.775: [08:42:42]请参见 https://ubuntu.com/esm 或者运行: sudo pro status
084242.775: [08:42:42]
084242.775: [08:42:42]*** 需要重启系统 ***
084242.776: [08:42:42]Last login: Wed Mar 25 08:37:27 2026 from 192.168.6.173
084753.287: [08:47:53][202603104-172.16.101.44-08:47:53]
084753.319: [08:47:53]Welcome to Ubuntu 24.04.4 LTS (GNU/Linux 6.11.0-17-generic x86_64)
084753.319: [08:47:53]
084753.319: [08:47:53] * Documentation:  https://help.ubuntu.com
084753.319: [08:47:53] * Management:     https://landscape.canonical.com
084753.319: [08:47:53] * Support:        https://ubuntu.com/pro
084753.319: [08:47:53]
084753.319: [08:47:53]扩展安全维护（ESM）Applications 未启用。
084753.319: [08:47:53]
084753.319: [08:47:53]8 更新可以立即应用。
084753.320: [08:47:53]要查看这些附加更新，请运行：apt list --upgradable
084753.320: [08:47:53]
084753.320: [08:47:53]启用 ESM Apps 来获取未来的额外安全更新
084753.320: [08:47:53]请参见 https://ubuntu.com/esm 或者运行: sudo pro status
084753.320: [08:47:53]
084753.320: [08:47:53]*** 需要重启系统 ***
084753.320: [08:47:53]Last login: Wed Mar 25 08:42:42 2026 from 192.168.6.173
085308.245: [08:53:08][202603104-172.16.101.44-08:53:08]
085308.286: [08:53:08]Welcome to Ubuntu 24.04.4 LTS (GNU/Linux 6.11.0-17-generic x86_64)
085308.287: [08:53:08]
085308.287: [08:53:08] * Documentation:  https://help.ubuntu.com
085308.287: [08:53:08] * Management:     https://landscape.canonical.com
085308.287: [08:53:08] * Support:        https://ubuntu.com/pro
085308.287: [08:53:08]
085308.287: [08:53:08]扩展安全维护（ESM）Applications 未启用。
085308.287: [08:53:08]
085308.288: [08:53:08]8 更新可以立即应用。
085308.288: [08:53:08]要查看这些附加更新，请运行：apt list --upgradable
085308.288: [08:53:08]
085308.288: [08:53:08]启用 ESM Apps 来获取未来的额外安全更新
085308.289: [08:53:08]请参见 https://ubuntu.com/esm 或者运行: sudo pro status
085308.289: [08:53:08]
085308.289: [08:53:08]*** 需要重启系统 ***
085308.289: [08:53:08]Last login: Wed Mar 25 08:47:53 2026 from 192.168.6.173
085805.769: [08:58:05][202603104-172.16.101.44-08:58:05]
085805.787: [08:58:05]Welcome to Ubuntu 24.04.4 LTS (GNU/Linux 6.11.0-17-generic x86_64)
085805.787: [08:58:05]
085805.787: [08:58:05] * Documentation:  https://help.ubuntu.com
085805.787: [08:58:05] * Management:     https://landscape.canonical.com
085805.788: [08:58:05] * Support:        https://ubuntu.com/pro
085805.788: [08:58:05]
085805.788: [08:58:05]扩展安全维护（ESM）Applications 未启用。
085805.788: [08:58:05]
085805.788: [08:58:05]8 更新可以立即应用。
085805.788: [08:58:05]要查看这些附加更新，请运行：apt list --upgradable
085805.788: [08:58:05]
085805.788: [08:58:05]启用 ESM Apps 来获取未来的额外安全更新
085805.788: [08:58:05]请参见 https://ubuntu.com/esm 或者运行: sudo pro status
085805.788: [08:58:05]
085805.788: [08:58:05]*** 需要重启系统 ***
085805.789: [08:58:05]Last login: Wed Mar 25 08:53:08 2026 from 192.168.6.173
090316.821: [09:03:16][202603104-172.16.101.44-09:03:16]
090316.852: [09:03:16]Welcome to Ubuntu 24.04.4 LTS (GNU/Linux 6.11.0-17-generic x86_64)
090316.852: [09:03:16]
090316.852: [09:03:16] * Documentation:  https://help.ubuntu.com
090316.853: [09:03:16] * Management:     https://landscape.canonical.com
090316.853: [09:03:16] * Support:        https://ubuntu.com/pro
090316.853: [09:03:16]
090316.853: [09:03:16]扩展安全维护（ESM）Applications 未启用。
090316.853: [09:03:16]
090316.853: [09:03:16]8 更新可以立即应用。
090316.853: [09:03:16]要查看这些附加更新，请运行：apt list --upgradable
090316.853: [09:03:16]
090316.853: [09:03:16]启用 ESM Apps 来获取未来的额外安全更新
090316.853: [09:03:16]请参见 https://ubuntu.com/esm 或者运行: sudo pro status
090316.853: [09:03:16]
090316.853: [09:03:16]*** 需要重启系统 ***
090316.853: [09:03:16]Last login: Wed Mar 25 08:58:05 2026 from 192.168.6.173
090831.248: [09:08:31][202603104-172.16.101.44-09:08:31]
090831.278: [09:08:31]Welcome to Ubuntu 24.04.4 LTS (GNU/Linux 6.11.0-17-generic x86_64)
090831.278: [09:08:31]
090831.278: [09:08:31] * Documentation:  https://help.ubuntu.com
090831.278: [09:08:31] * Management:     https://landscape.canonical.com
090831.278: [09:08:31] * Support:        https://ubuntu.com/pro
090831.278: [09:08:31]
090831.278: [09:08:31]扩展安全维护（ESM）Applications 未启用。
090831.278: [09:08:31]
090831.279: [09:08:31]8 更新可以立即应用。
090831.279: [09:08:31]要查看这些附加更新，请运行：apt list --upgradable
090831.279: [09:08:31]
090831.279: [09:08:31]启用 ESM Apps 来获取未来的额外安全更新
090831.279: [09:08:31]请参见 https://ubuntu.com/esm 或者运行: sudo pro status
090831.279: [09:08:31]
090831.279: [09:08:31]*** 需要重启系统 ***
090831.279: [09:08:31]Last login: Wed Mar 25 09:03:16 2026 from 192.168.6.173
091337.742: [09:13:37][202603104-172.16.101.44-09:13:37]
091337.753: [09:13:37]Welcome to Ubuntu 24.04.4 LTS (GNU/Linux 6.11.0-17-generic x86_64)
091337.753: [09:13:37]
091337.754: [09:13:37] * Documentation:  https://help.ubuntu.com
091337.754: [09:13:37] * Management:     https://landscape.canonical.com
091337.754: [09:13:37] * Support:        https://ubuntu.com/pro
091337.754: [09:13:37]
091337.754: [09:13:37]扩展安全维护（ESM）Applications 未启用。
091337.754: [09:13:37]
091337.755: [09:13:37]8 更新可以立即应用。
091337.755: [09:13:37]要查看这些附加更新，请运行：apt list --upgradable
091337.755: [09:13:37]
091337.755: [09:13:37]启用 ESM Apps 来获取未来的额外安全更新
091337.755: [09:13:37]请参见 https://ubuntu.com/esm 或者运行: sudo pro status
091337.755: [09:13:37]
091337.756: [09:13:37]*** 需要重启系统 ***
091337.756: [09:13:37]Last login: Wed Mar 25 09:08:31 2026 from 192.168.6.173
091853.264: [09:18:53][202603104-172.16.101.44-09:18:53]
091853.273: [09:18:53]Welcome to Ubuntu 24.04.4 LTS (GNU/Linux 6.11.0-17-generic x86_64)
091853.273: [09:18:53]
091853.274: [09:18:53] * Documentation:  https://help.ubuntu.com
091853.274: [09:18:53] * Management:     https://landscape.canonical.com
091853.274: [09:18:53] * Support:        https://ubuntu.com/pro
091853.274: [09:18:53]
091853.274: [09:18:53]扩展安全维护（ESM）Applications 未启用。
091853.274: [09:18:53]
091853.274: [09:18:53]8 更新可以立即应用。
091853.275: [09:18:53]要查看这些附加更新，请运行：apt list --upgradable
091853.275: [09:18:53]
091853.275: [09:18:53]启用 ESM Apps 来获取未来的额外安全更新
091853.275: [09:18:53]请参见 https://ubuntu.com/esm 或者运行: sudo pro status
091853.275: [09:18:53]
091853.275: [09:18:53]*** 需要重启系统 ***
091853.276: [09:18:53]Last login: Wed Mar 25 09:13:37 2026 from 192.168.6.173
092405.234: [09:24:05][202603104-172.16.101.44-09:24:05]
092405.249: [09:24:05]Welcome to Ubuntu 24.04.4 LTS (GNU/Linux 6.11.0-17-generic x86_64)
092405.249: [09:24:05]
092405.249: [09:24:05] * Documentation:  https://help.ubuntu.com
092405.249: [09:24:05] * Management:     https://landscape.canonical.com
092405.249: [09:24:05] * Support:        https://ubuntu.com/pro
092405.250: [09:24:05]
092405.250: [09:24:05]扩展安全维护（ESM）Applications 未启用。
092405.250: [09:24:05]
092405.250: [09:24:05]8 更新可以立即应用。
092405.250: [09:24:05]要查看这些附加更新，请运行：apt list --upgradable
092405.250: [09:24:05]
092405.250: [09:24:05]启用 ESM Apps 来获取未来的额外安全更新
092405.250: [09:24:05]请参见 https://ubuntu.com/esm 或者运行: sudo pro status
092405.250: [09:24:05]
092405.250: [09:24:05]*** 需要重启系统 ***
092405.250: [09:24:05]Last login: Wed Mar 25 09:18:53 2026 from 192.168.6.173
092916.756: [09:29:16][202603104-172.16.101.44-09:29:16]
092916.780: [09:29:16]Welcome to Ubuntu 24.04.4 LTS (GNU/Linux 6.11.0-17-generic x86_64)
092916.780: [09:29:16]
092916.780: [09:29:16] * Documentation:  https://help.ubuntu.com
092916.780: [09:29:16] * Management:     https://landscape.canonical.com
092916.780: [09:29:16] * Support:        https://ubuntu.com/pro
092916.781: [09:29:16]
092916.781: [09:29:16]扩展安全维护（ESM）Applications 未启用。
092916.781: [09:29:16]
092916.781: [09:29:16]8 更新可以立即应用。
092916.781: [09:29:16]要查看这些附加更新，请运行：apt list --upgradable
092916.781: [09:29:16]
092916.781: [09:29:16]启用 ESM Apps 来获取未来的额外安全更新
092916.782: [09:29:16]请参见 https://ubuntu.com/esm 或者运行: sudo pro status
092916.782: [09:29:16]
092916.782: [09:29:16]*** 需要重启系统 ***
092916.782: [09:29:16]Last login: Wed Mar 25 09:24:05 2026 from 192.168.6.173
093428.748: [09:34:28][202603104-172.16.101.44-09:34:28]
093428.778: [09:34:28]Welcome to Ubuntu 24.04.4 LTS (GNU/Linux 6.11.0-17-generic x86_64)
093428.778: [09:34:28]
093428.778: [09:34:28] * Documentation:  https://help.ubuntu.com
093428.779: [09:34:28] * Management:     https://landscape.canonical.com
093428.779: [09:34:28] * Support:        https://ubuntu.com/pro
093428.779: [09:34:28]
093428.779: [09:34:28]扩展安全维护（ESM）Applications 未启用。
093428.779: [09:34:28]
093428.779: [09:34:28]8 更新可以立即应用。
093428.780: [09:34:28]要查看这些附加更新，请运行：apt list --upgradable
093428.780: [09:34:28]
093428.780: [09:34:28]启用 ESM Apps 来获取未来的额外安全更新
093428.780: [09:34:28]请参见 https://ubuntu.com/esm 或者运行: sudo pro status
093428.780: [09:34:28]
093428.780: [09:34:28]*** 需要重启系统 ***
093428.780: [09:34:28]Last login: Wed Mar 25 09:29:16 2026 from 192.168.6.173
093938.767: [09:39:38][202603104-172.16.101.44-09:39:38]
093938.781: [09:39:38]Welcome to Ubuntu 24.04.4 LTS (GNU/Linux 6.11.0-17-generic x86_64)
093938.781: [09:39:38]
093938.781: [09:39:38] * Documentation:  https://help.ubuntu.com
093938.781: [09:39:38] * Management:     https://landscape.canonical.com
093938.781: [09:39:38] * Support:        https://ubuntu.com/pro
093938.782: [09:39:38]
093938.782: [09:39:38]扩展安全维护（ESM）Applications 未启用。
093938.782: [09:39:38]
093938.782: [09:39:38]8 更新可以立即应用。
093938.782: [09:39:38]要查看这些附加更新，请运行：apt list --upgradable
093938.782: [09:39:38]
093938.782: [09:39:38]启用 ESM Apps 来获取未来的额外安全更新
093938.782: [09:39:38]请参见 https://ubuntu.com/esm 或者运行: sudo pro status
093938.782: [09:39:38]
093938.783: [09:39:38]*** 需要重启系统 ***
093938.783: [09:39:38]Last login: Wed Mar 25 09:34:28 2026 from 192.168.6.173
094443.746: [09:44:43][202603104-172.16.101.44-09:44:43]
094443.761: [09:44:43]Welcome to Ubuntu 24.04.4 LTS (GNU/Linux 6.11.0-17-generic x86_64)
094443.761: [09:44:43]
094443.761: [09:44:43] * Documentation:  https://help.ubuntu.com
094443.761: [09:44:43] * Management:     https://landscape.canonical.com
094443.761: [09:44:43] * Support:        https://ubuntu.com/pro
094443.761: [09:44:43]
094443.762: [09:44:43]扩展安全维护（ESM）Applications 未启用。
094443.762: [09:44:43]
094443.762: [09:44:43]8 更新可以立即应用。
094443.762: [09:44:43]要查看这些附加更新，请运行：apt list --upgradable
094443.762: [09:44:43]
094443.762: [09:44:43]启用 ESM Apps 来获取未来的额外安全更新
094443.763: [09:44:43]请参见 https://ubuntu.com/esm 或者运行: sudo pro status
094443.763: [09:44:43]
094443.763: [09:44:43]*** 需要重启系统 ***
094443.763: [09:44:43]Last login: Wed Mar 25 09:39:38 2026 from 192.168.6.173
095025.765: [09:50:25][202603104-172.16.101.44-09:50:25]
095025.779: [09:50:25]Welcome to Ubuntu 24.04.4 LTS (GNU/Linux 6.11.0-17-generic x86_64)
095025.779: [09:50:25]
095025.780: [09:50:25] * Documentation:  https://help.ubuntu.com
095025.780: [09:50:25] * Management:     https://landscape.canonical.com
095025.780: [09:50:25] * Support:        https://ubuntu.com/pro
095025.780: [09:50:25]
095025.780: [09:50:25]扩展安全维护（ESM）Applications 未启用。
095025.780: [09:50:25]
095025.781: [09:50:25]8 更新可以立即应用。
095025.781: [09:50:25]要查看这些附加更新，请运行：apt list --upgradable
095025.781: [09:50:25]
095025.781: [09:50:25]启用 ESM Apps 来获取未来的额外安全更新
095025.781: [09:50:25]请参见 https://ubuntu.com/esm 或者运行: sudo pro status
095025.781: [09:50:25]
095025.781: [09:50:25]*** 需要重启系统 ***
095025.781: [09:50:25]Last login: Wed Mar 25 09:44:43 2026 from 192.168.6.173
095508.293: [09:55:08][202603104-172.16.101.44-09:55:08]
095508.330: [09:55:08]Welcome to Ubuntu 24.04.4 LTS (GNU/Linux 6.11.0-17-generic x86_64)
095508.330: [09:55:08]
095508.330: [09:55:08] * Documentation:  https://help.ubuntu.com
095508.330: [09:55:08] * Management:     https://landscape.canonical.com
095508.331: [09:55:08] * Support:        https://ubuntu.com/pro
095508.331: [09:55:08]
095508.331: [09:55:08]扩展安全维护（ESM）Applications 未启用。
095508.331: [09:55:08]
095508.331: [09:55:08]8 更新可以立即应用。
095508.331: [09:55:08]要查看这些附加更新，请运行：apt list --upgradable
095508.331: [09:55:08]
095508.332: [09:55:08]启用 ESM Apps 来获取未来的额外安全更新
095508.332: [09:55:08]请参见 https://ubuntu.com/esm 或者运行: sudo pro status
095508.332: [09:55:08]
095508.332: [09:55:08]*** 需要重启系统 ***
095508.332: [09:55:08]Last login: Wed Mar 25 09:50:25 2026 from 192.168.6.173
