110857.578: [11:08:57][202603Home-Dell-Public-11:08:57]
110857.638: [11:08:57]Linux anncara-computer 6.12.41+deb13-amd64 #1 SMP PREEMPT_DYNAMIC Debian 6.12.41-1 (2025-08-12) x86_64
110857.638: [11:08:57]
110857.638: [11:08:57]The programs included with the Debian GNU/Linux system are free software;
110857.639: [11:08:57]the exact distribution terms for each program are described in the
110857.639: [11:08:57]individual files in /usr/share/doc/*/copyright.
110857.639: [11:08:57]
110857.639: [11:08:57]Debian GNU/Linux comes with ABSOLUTELY NO WARRANTY, to the extent
110857.639: [11:08:57]permitted by applicable law.
110857.639: [11:08:57]Last login: Thu Mar 26 11:08:48 2026 from 10.253.0.2
132906.496: [13:29:06][202603Home-Dell-Public-13:29:06]
132906.553: [13:29:06]Linux anncara-computer 6.12.41+deb13-amd64 #1 SMP PREEMPT_DYNAMIC Debian 6.12.41-1 (2025-08-12) x86_64
132906.553: [13:29:06]
132906.553: [13:29:06]The programs included with the Debian GNU/Linux system are free software;
132906.554: [13:29:06]the exact distribution terms for each program are described in the
132906.554: [13:29:06]individual files in /usr/share/doc/*/copyright.
132906.554: [13:29:06]
132906.554: [13:29:06]Debian GNU/Linux comes with ABSOLUTELY NO WARRANTY, to the extent
132906.555: [13:29:06]permitted by applicable law.
132906.555: [13:29:06]Last login: Thu Mar 26 11:08:57 2026 from 223.107.68.194
141152.619: [14:11:52][202603Home-Dell-Public-14:11:52]
141152.678: [14:11:52]Linux anncara-computer 6.12.41+deb13-amd64 #1 SMP PREEMPT_DYNAMIC Debian 6.12.41-1 (2025-08-12) x86_64
141152.678: [14:11:52]
141152.678: [14:11:52]The programs included with the Debian GNU/Linux system are free software;
141152.678: [14:11:52]the exact distribution terms for each program are described in the
141152.678: [14:11:52]individual files in /usr/share/doc/*/copyright.
141152.678: [14:11:52]
141152.678: [14:11:52]Debian GNU/Linux comes with ABSOLUTELY NO WARRANTY, to the extent
141152.678: [14:11:52]permitted by applicable law.
141152.678: [14:11:52]Last login: Thu Mar 26 13:29:06 2026 from 223.107.68.194
