000059.953: [00:00:59][202602192.168.231.1-黄埭-核心交换机-00:00:59]
000100.014: [00:01:00]
000100.032: [00:01:00]Info: The max number of VTY users is 5, the number of current VTY users online is 2, and total number of terminal users online is 2.
000100.062: [00:01:00]      The current login time is 2025-12-03 07:12:26.
001100.120: [00:11:00]<Core-SW>
001106.293: [00:11:06][202602192.168.231.1-黄埭-核心交换机-00:11:06]
001106.339: [00:11:06]
001106.351: [00:11:06]Info: The max number of VTY users is 5, the number of current VTY users online is 2, and total number of terminal users online is 2.
001106.363: [00:11:06]      The current login time is 2025-12-03 07:22:32.
002106.409: [00:21:06]<Core-SW>
002112.377: [00:21:12][202602192.168.231.1-黄埭-核心交换机-00:21:12]
002112.424: [00:21:12]
002112.425: [00:21:12]Info: The max number of VTY users is 5, the number of current VTY users online is 2, and total number of terminal users online is 2.
002112.447: [00:21:12]      The current login time is 2025-12-03 07:32:38.
003112.490: [00:31:12]<Core-SW>
003118.298: [00:31:18][202602192.168.231.1-黄埭-核心交换机-00:31:18]
003118.427: [00:31:18]
003118.428: [00:31:18]Info: The max number of VTY users is 5, the number of current VTY users online is 2, and total number of terminal users online is 2.
003118.429: [00:31:18]      The current login time is 2025-12-03 07:42:44.
004118.421: [00:41:18]<Core-SW>
004124.245: [00:41:24][202602192.168.231.1-黄埭-核心交换机-00:41:24]
004124.289: [00:41:24]
004124.291: [00:41:24]Info: The max number of VTY users is 5, the number of current VTY users online is 2, and total number of terminal users online is 2.
004124.315: [00:41:24]      The current login time is 2025-12-03 07:52:50.
005124.361: [00:51:24]<Core-SW>
005130.489: [00:51:30][202602192.168.231.1-黄埭-核心交换机-00:51:30]
005130.612: [00:51:30]
005130.624: [00:51:30]Info: The max number of VTY users is 5, the number of current VTY users online is 2, and total number of terminal users online is 2.
005130.658: [00:51:30]      The current login time is 2025-12-03 08:02:56.
010130.721: [01:01:30]<Core-SW>
010136.899: [01:01:36][202602192.168.231.1-黄埭-核心交换机-01:01:36]
010136.942: [01:01:36]
010136.943: [01:01:36]Info: The max number of VTY users is 5, the number of current VTY users online is 2, and total number of terminal users online is 2.
010136.974: [01:01:36]      The current login time is 2025-12-03 08:13:03.
011137.046: [01:11:37]<Core-SW>
011143.520: [01:11:43][202602192.168.231.1-黄埭-核心交换机-01:11:43]
011143.577: [01:11:43]
011143.578: [01:11:43]Info: The max number of VTY users is 5, the number of current VTY users online is 2, and total number of terminal users online is 2.
011143.606: [01:11:43]      The current login time is 2025-12-03 08:23:09.
012143.662: [01:21:43]<Core-SW>
012149.908: [01:21:49][202602192.168.231.1-黄埭-核心交换机-01:21:49]
012149.974: [01:21:49]
012149.975: [01:21:49]Info: The max number of VTY users is 5, the number of current VTY users online is 2, and total number of terminal users online is 2.
012149.996: [01:21:49]      The current login time is 2025-12-03 08:33:16.
013150.054: [01:31:50]<Core-SW>
013156.503: [01:31:56][202602192.168.231.1-黄埭-核心交换机-01:31:56]
013156.569: [01:31:56]
013156.582: [01:31:56]Info: The max number of VTY users is 5, the number of current VTY users online is 2, and total number of terminal users online is 2.
013156.602: [01:31:56]      The current login time is 2025-12-03 08:43:22.
014156.668: [01:41:56]<Core-SW>
014202.747: [01:42:02][202602192.168.231.1-黄埭-核心交换机-01:42:02]
014202.795: [01:42:02]
014202.807: [01:42:02]Info: The max number of VTY users is 5, the number of current VTY users online is 2, and total number of terminal users online is 2.
014202.836: [01:42:02]      The current login time is 2025-12-03 08:53:28.
015202.887: [01:52:02]<Core-SW>
015208.874: [01:52:08][202602192.168.231.1-黄埭-核心交换机-01:52:08]
015208.920: [01:52:08]
015208.921: [01:52:08]Info: The max number of VTY users is 5, the number of current VTY users online is 2, and total number of terminal users online is 2.
015208.949: [01:52:08]      The current login time is 2025-12-03 09:03:35.
020209.021: [02:02:09]<Core-SW>
020214.789: [02:02:14][202602192.168.231.1-黄埭-核心交换机-02:02:14]
020214.845: [02:02:14]
020214.856: [02:02:14]Info: The max number of VTY users is 5, the number of current VTY users online is 2, and total number of terminal users online is 2.
020214.915: [02:02:14]      The current login time is 2025-12-03 09:13:40.
021215.034: [02:12:15]<Core-SW>
021221.406: [02:12:21][202602192.168.231.1-黄埭-核心交换机-02:12:21]
021221.477: [02:12:21]
021221.478: [02:12:21]Info: The max number of VTY users is 5, the number of current VTY users online is 2, and total number of terminal users online is 2.
021221.498: [02:12:21]      The current login time is 2025-12-03 09:23:47.
022221.656: [02:22:21]<Core-SW>
022227.786: [02:22:27][202602192.168.231.1-黄埭-核心交换机-02:22:27]
022227.892: [02:22:27]
022227.893: [02:22:27]Info: The max number of VTY users is 5, the number of current VTY users online is 2, and total number of terminal users online is 2.
022227.893: [02:22:27]      The current login time is 2025-12-03 09:33:53.
023227.970: [02:32:27]<Core-SW>
023233.846: [02:32:33][202602192.168.231.1-黄埭-核心交换机-02:32:33]
023233.968: [02:32:33]
023233.968: [02:32:33]Info: The max number of VTY users is 5, the number of current VTY users online is 2, and total number of terminal users online is 2.
023233.969: [02:32:33]      The current login time is 2025-12-03 09:44:00.
024233.977: [02:42:33]<Core-SW>
024239.778: [02:42:39][202602192.168.231.1-黄埭-核心交换机-02:42:39]
024239.835: [02:42:39]
024239.846: [02:42:39]Info: The max number of VTY users is 5, the number of current VTY users online is 2, and total number of terminal users online is 2.
024239.867: [02:42:39]      The current login time is 2025-12-03 09:54:05.
025239.923: [02:52:39]<Core-SW>
025246.447: [02:52:46][202602192.168.231.1-黄埭-核心交换机-02:52:46]
025246.493: [02:52:46]
025246.500: [02:52:46]Info: The max number of VTY users is 5, the number of current VTY users online is 2, and total number of terminal users online is 2.
025246.527: [02:52:46]      The current login time is 2025-12-03 10:04:12.
030246.611: [03:02:46]<Core-SW>
030252.977: [03:02:52][202602192.168.231.1-黄埭-核心交换机-03:02:52]
030253.036: [03:02:53]
030253.078: [03:02:53]Info: The max number of VTY users is 5, the number of current VTY users online is 2, and total number of terminal users online is 2.
030253.078: [03:02:53]      The current login time is 2025-12-03 10:14:19.
031253.106: [03:12:53]<Core-SW>
031259.389: [03:12:59][202602192.168.231.1-黄埭-核心交换机-03:12:59]
031259.456: [03:12:59]
031259.469: [03:12:59]Info: The max number of VTY users is 5, the number of current VTY users online is 2, and total number of terminal users online is 2.
031259.482: [03:12:59]      The current login time is 2025-12-03 10:24:25.
032259.634: [03:22:59]<Core-SW>
032306.022: [03:23:06][202602192.168.231.1-黄埭-核心交换机-03:23:06]
032306.089: [03:23:06]
032306.090: [03:23:06]Info: The max number of VTY users is 5, the number of current VTY users online is 2, and total number of terminal users online is 2.
032306.115: [03:23:06]      The current login time is 2025-12-03 10:34:32.
033306.267: [03:33:06]<Core-SW>
033312.224: [03:33:12][202602192.168.231.1-黄埭-核心交换机-03:33:12]
033312.280: [03:33:12]
033312.292: [03:33:12]Info: The max number of VTY users is 5, the number of current VTY users online is 2, and total number of terminal users online is 2.
033312.303: [03:33:12]      The current login time is 2025-12-03 10:44:38.
034312.366: [03:43:12]<Core-SW>
034318.256: [03:43:18][202602192.168.231.1-黄埭-核心交换机-03:43:18]
034318.306: [03:43:18]
034318.306: [03:43:18]Info: The max number of VTY users is 5, the number of current VTY users online is 2, and total number of terminal users online is 2.
034318.342: [03:43:18]      The current login time is 2025-12-03 10:54:44.
035318.401: [03:53:18]<Core-SW>
035324.353: [03:53:24][202602192.168.231.1-黄埭-核心交换机-03:53:24]
035324.401: [03:53:24]
035324.402: [03:53:24]Info: The max number of VTY users is 5, the number of current VTY users online is 2, and total number of terminal users online is 2.
035324.428: [03:53:24]      The current login time is 2025-12-03 11:04:50.
040324.491: [04:03:24]<Core-SW>
040330.349: [04:03:30][202602192.168.231.1-黄埭-核心交换机-04:03:30]
040330.400: [04:03:30]
040330.411: [04:03:30]Info: The max number of VTY users is 5, the number of current VTY users online is 2, and total number of terminal users online is 2.
040330.427: [04:03:30]      The current login time is 2025-12-03 11:14:56.
041330.604: [04:13:30]<Core-SW>
041336.852: [04:13:36][202602192.168.231.1-黄埭-核心交换机-04:13:36]
041336.898: [04:13:36]
041336.899: [04:13:36]Info: The max number of VTY users is 5, the number of current VTY users online is 2, and total number of terminal users online is 2.
041336.928: [04:13:36]      The current login time is 2025-12-03 11:25:03.
042337.020: [04:23:37]<Core-SW>
042342.948: [04:23:42][202602192.168.231.1-黄埭-核心交换机-04:23:42]
042342.994: [04:23:42]
042342.995: [04:23:42]Info: The max number of VTY users is 5, the number of current VTY users online is 2, and total number of terminal users online is 2.
042343.035: [04:23:43]      The current login time is 2025-12-03 11:35:09.
043343.126: [04:33:43]<Core-SW>
043349.297: [04:33:49][202602192.168.231.1-黄埭-核心交换机-04:33:49]
043349.343: [04:33:49]
043349.344: [04:33:49]Info: The max number of VTY users is 5, the number of current VTY users online is 2, and total number of terminal users online is 2.
043349.372: [04:33:49]      The current login time is 2025-12-03 11:45:15.
044349.423: [04:43:49]<Core-SW>
044355.588: [04:43:55][202602192.168.231.1-黄埭-核心交换机-04:43:55]
044355.638: [04:43:55]
044355.638: [04:43:55]Info: The max number of VTY users is 5, the number of current VTY users online is 2, and total number of terminal users online is 2.
044355.664: [04:43:55]      The current login time is 2025-12-03 11:55:21.
045355.727: [04:53:55]<Core-SW>
045401.920: [04:54:01][202602192.168.231.1-黄埭-核心交换机-04:54:01]
045401.984: [04:54:01]
045401.985: [04:54:01]Info: The max number of VTY users is 5, the number of current VTY users online is 2, and total number of terminal users online is 2.
045402.015: [04:54:02]      The current login time is 2025-12-03 12:05:28.
050402.071: [05:04:02]<Core-SW>
050408.323: [05:04:08][202602192.168.231.1-黄埭-核心交换机-05:04:08]
050408.365: [05:04:08]
050408.378: [05:04:08]Info: The max number of VTY users is 5, the number of current VTY users online is 2, and total number of terminal users online is 2.
050408.400: [05:04:08]      The current login time is 2025-12-03 12:15:34.
051408.456: [05:14:08]<Core-SW>
051414.336: [05:14:14][202602192.168.231.1-黄埭-核心交换机-05:14:14]
051414.386: [05:14:14]
051414.387: [05:14:14]Info: The max number of VTY users is 5, the number of current VTY users online is 2, and total number of terminal users online is 2.
051414.420: [05:14:14]      The current login time is 2025-12-03 12:25:40.
052414.497: [05:24:14]<Core-SW>
052420.413: [05:24:20][202602192.168.231.1-黄埭-核心交换机-05:24:20]
052420.460: [05:24:20]
052420.471: [05:24:20]Info: The max number of VTY users is 5, the number of current VTY users online is 2, and total number of terminal users online is 2.
052420.489: [05:24:20]      The current login time is 2025-12-03 12:35:46.
053420.543: [05:34:20]<Core-SW>
053426.873: [05:34:26][202602192.168.231.1-黄埭-核心交换机-05:34:26]
053426.911: [05:34:26]
053426.912: [05:34:26]Info: The max number of VTY users is 5, the number of current VTY users online is 2, and total number of terminal users online is 2.
053427.005: [05:34:27]      The current login time is 2025-12-03 12:45:53.
054427.124: [05:44:27]<Core-SW>
054433.291: [05:44:33][202602192.168.231.1-黄埭-核心交换机-05:44:33]
054433.329: [05:44:33]
054433.331: [05:44:33]Info: The max number of VTY users is 5, the number of current VTY users online is 2, and total number of terminal users online is 2.
054433.360: [05:44:33]      The current login time is 2025-12-03 12:55:59.
055433.439: [05:54:33]<Core-SW>
055439.297: [05:54:39][202602192.168.231.1-黄埭-核心交换机-05:54:39]
055439.358: [05:54:39]
055439.369: [05:54:39]Info: The max number of VTY users is 5, the number of current VTY users online is 2, and total number of terminal users online is 2.
055439.397: [05:54:39]      The current login time is 2025-12-03 13:06:05.
060439.551: [06:04:39]<Core-SW>
060445.787: [06:04:45][202602192.168.231.1-黄埭-核心交换机-06:04:45]
060445.853: [06:04:45]
060445.854: [06:04:45]Info: The max number of VTY users is 5, the number of current VTY users online is 2, and total number of terminal users online is 2.
060445.888: [06:04:45]      The current login time is 2025-12-03 13:16:12.
061446.167: [06:14:46]<Core-SW>
061452.436: [06:14:52][202602192.168.231.1-黄埭-核心交换机-06:14:52]
061452.500: [06:14:52]
061452.501: [06:14:52]Info: The max number of VTY users is 5, the number of current VTY users online is 2, and total number of terminal users online is 2.
061452.527: [06:14:52]      The current login time is 2025-12-03 13:26:18.
062452.678: [06:24:52]<Core-SW>
062458.813: [06:24:58][202602192.168.231.1-黄埭-核心交换机-06:24:58]
062458.862: [06:24:58]
062458.863: [06:24:58]Info: The max number of VTY users is 5, the number of current VTY users online is 2, and total number of terminal users online is 2.
062458.969: [06:24:58]      The current login time is 2025-12-03 13:36:25.
063459.011: [06:34:59]<Core-SW>
063504.764: [06:35:04][202602192.168.231.1-黄埭-核心交换机-06:35:04]
063504.827: [06:35:04]
063504.828: [06:35:04]Info: The max number of VTY users is 5, the number of current VTY users online is 2, and total number of terminal users online is 2.
063504.856: [06:35:04]      The current login time is 2025-12-03 13:46:31.
064505.023: [06:45:05]<Core-SW>
064511.988: [06:45:11][202602192.168.231.1-黄埭-核心交换机-06:45:11]
064512.047: [06:45:12]
064512.054: [06:45:12]Info: The max number of VTY users is 5, the number of current VTY users online is 2, and total number of terminal users online is 2.
064512.167: [06:45:12]      The current login time is 2025-12-03 13:56:38.
065512.169: [06:55:12]<Core-SW>
065518.316: [06:55:18][202602192.168.231.1-黄埭-核心交换机-06:55:18]
065518.366: [06:55:18]
065518.378: [06:55:18]Info: The max number of VTY users is 5, the number of current VTY users online is 2, and total number of terminal users online is 2.
065518.403: [06:55:18]      The current login time is 2025-12-03 14:06:44.
070518.552: [07:05:18]<Core-SW>
070524.932: [07:05:24][202602192.168.231.1-黄埭-核心交换机-07:05:24]
070524.973: [07:05:24]
070524.974: [07:05:24]Info: The max number of VTY users is 5, the number of current VTY users online is 2, and total number of terminal users online is 2.
070525.003: [07:05:25]      The current login time is 2025-12-03 14:16:51.
071525.186: [07:15:25]<Core-SW>
071531.346: [07:15:31][202602192.168.231.1-黄埭-核心交换机-07:15:31]
071531.484: [07:15:31]
071531.485: [07:15:31]Info: The max number of VTY users is 5, the number of current VTY users online is 2, and total number of terminal users online is 2.
071531.511: [07:15:31]      The current login time is 2025-12-03 14:26:57.
072531.600: [07:25:31]<Core-SW>
072537.765: [07:25:37][202602192.168.231.1-黄埭-核心交换机-07:25:37]
072537.819: [07:25:37]
072537.820: [07:25:37]Info: The max number of VTY users is 5, the number of current VTY users online is 2, and total number of terminal users online is 2.
072537.842: [07:25:37]      The current login time is 2025-12-03 14:37:04.
073537.934: [07:35:37]<Core-SW>
073543.771: [07:35:43][202602192.168.231.1-黄埭-核心交换机-07:35:43]
073543.813: [07:35:43]
073543.814: [07:35:43]Info: The max number of VTY users is 5, the number of current VTY users online is 2, and total number of terminal users online is 2.
073543.836: [07:35:43]      The current login time is 2025-12-03 14:47:10.
074543.905: [07:45:43]<Core-SW>
074549.800: [07:45:49][202602192.168.231.1-黄埭-核心交换机-07:45:49]
074549.878: [07:45:49]
074549.884: [07:45:49]Info: The max number of VTY users is 5, the number of current VTY users online is 2, and total number of terminal users online is 2.
074549.885: [07:45:49]      The current login time is 2025-12-03 14:57:16.
075550.034: [07:55:50]<Core-SW>
075556.486: [07:55:56][202602192.168.231.1-黄埭-核心交换机-07:55:56]
075556.541: [07:55:56]
075556.542: [07:55:56]Info: The max number of VTY users is 5, the number of current VTY users online is 2, and total number of terminal users online is 2.
075556.587: [07:55:56]      The current login time is 2025-12-03 15:07:22.
080556.627: [08:05:56]<Core-SW>
080604.224: [08:06:04][202602192.168.231.1-黄埭-核心交换机-08:06:04]
080604.297: [08:06:04]
080604.297: [08:06:04]Info: The max number of VTY users is 5, the number of current VTY users online is 2, and total number of terminal users online is 2.
080604.317: [08:06:04]      The current login time is 2025-12-03 15:17:30.
081604.399: [08:16:04]<Core-SW>
081610.569: [08:16:10][202602192.168.231.1-黄埭-核心交换机-08:16:10]
081610.705: [08:16:10]
081610.718: [08:16:10]Info: The max number of VTY users is 5, the number of current VTY users online is 2, and total number of terminal users online is 2.
081610.741: [08:16:10]      The current login time is 2025-12-03 15:27:37.
082610.770: [08:26:10]<Core-SW>
082616.826: [08:26:16][202602192.168.231.1-黄埭-核心交换机-08:26:16]
082616.887: [08:26:16]
082616.893: [08:26:16]Info: The max number of VTY users is 5, the number of current VTY users online is 2, and total number of terminal users online is 2.
082616.910: [08:26:16]      The current login time is 2025-12-03 15:37:43.
083616.970: [08:36:16]<Core-SW>
083623.554: [08:36:23][202602192.168.231.1-黄埭-核心交换机-08:36:23]
083623.639: [08:36:23]
083623.640: [08:36:23]Info: The max number of VTY users is 5, the number of current VTY users online is 2, and total number of terminal users online is 2.
083623.652: [08:36:23]      The current login time is 2025-12-03 15:47:49.
084623.762: [08:46:23]<Core-SW>
084630.106: [08:46:30][202602192.168.231.1-黄埭-核心交换机-08:46:30]
084630.165: [08:46:30]
084630.167: [08:46:30]Info: The max number of VTY users is 5, the number of current VTY users online is 2, and total number of terminal users online is 2.
084630.186: [08:46:30]      The current login time is 2025-12-03 15:57:56.
085630.268: [08:56:30]<Core-SW>
085636.652: [08:56:36][202602192.168.231.1-黄埭-核心交换机-08:56:36]
085636.699: [08:56:36]
085636.700: [08:56:36]Info: The max number of VTY users is 5, the number of current VTY users online is 2, and total number of terminal users online is 2.
085636.728: [08:56:36]      The current login time is 2025-12-03 16:08:03.
090636.902: [09:06:36]<Core-SW>
090642.990: [09:06:42][202602192.168.231.1-黄埭-核心交换机-09:06:42]
090643.045: [09:06:43]
090643.045: [09:06:43]Info: The max number of VTY users is 5, the number of current VTY users online is 2, and total number of terminal users online is 2.
090643.159: [09:06:43]      The current login time is 2025-12-03 16:18:09.
091643.213: [09:16:43]<Core-SW>
091649.481: [09:16:49][202602192.168.231.1-黄埭-核心交换机-09:16:49]
091649.579: [09:16:49]
091649.580: [09:16:49]Info: The max number of VTY users is 5, the number of current VTY users online is 2, and total number of terminal users online is 2.
091649.616: [09:16:49]      The current login time is 2025-12-03 16:28:15.
092649.673: [09:26:49]<Core-SW>
092655.869: [09:26:55][202602192.168.231.1-黄埭-核心交换机-09:26:55]
092655.913: [09:26:55]
092655.922: [09:26:55]Info: The max number of VTY users is 5, the number of current VTY users online is 2, and total number of terminal users online is 2.
092655.942: [09:26:55]      The current login time is 2025-12-03 16:38:22.
093655.987: [09:36:55]<Core-SW>
093701.996: [09:37:01][202602192.168.231.1-黄埭-核心交换机-09:37:01]
093702.039: [09:37:02]
093702.042: [09:37:02]Info: The max number of VTY users is 5, the number of current VTY users online is 2, and total number of terminal users online is 2.
093702.100: [09:37:02]      The current login time is 2025-12-03 16:48:28.
094702.194: [09:47:02]<Core-SW>
094708.212: [09:47:08][202602192.168.231.1-黄埭-核心交换机-09:47:08]
094708.259: [09:47:08]
094708.260: [09:47:08]Info: The max number of VTY users is 5, the number of current VTY users online is 2, and total number of terminal users online is 2.
094708.297: [09:47:08]      The current login time is 2025-12-03 16:58:34.
095708.347: [09:57:08]<Core-SW>
095714.418: [09:57:14][202602192.168.231.1-黄埭-核心交换机-09:57:14]
095714.471: [09:57:14]
095714.471: [09:57:14]Info: The max number of VTY users is 5, the number of current VTY users online is 2, and total number of terminal users online is 2.
095714.495: [09:57:14]      The current login time is 2025-12-03 17:08:40.
100714.676: [10:07:14]<Core-SW>
100720.899: [10:07:20][202602192.168.231.1-黄埭-核心交换机-10:07:20]
100720.945: [10:07:20]
100720.945: [10:07:20]Info: The max number of VTY users is 5, the number of current VTY users online is 2, and total number of terminal users online is 2.
100720.974: [10:07:20]      The current login time is 2025-12-03 17:18:47.
101721.018: [10:17:21]<Core-SW>
101727.393: [10:17:27][202602192.168.231.1-黄埭-核心交换机-10:17:27]
101727.496: [10:17:27]
101727.497: [10:17:27]Info: The max number of VTY users is 5, the number of current VTY users online is 2, and total number of terminal users online is 2.
101727.498: [10:17:27]      The current login time is 2025-12-03 17:28:53.
102727.558: [10:27:27]<Core-SW>
102734.133: [10:27:34][202602192.168.231.1-黄埭-核心交换机-10:27:34]
102734.191: [10:27:34]
102734.192: [10:27:34]Info: The max number of VTY users is 5, the number of current VTY users online is 2, and total number of terminal users online is 2.
102734.234: [10:27:34]      The current login time is 2025-12-03 17:39:00.
103734.365: [10:37:34]<Core-SW>
103740.314: [10:37:40][202602192.168.231.1-黄埭-核心交换机-10:37:40]
103740.363: [10:37:40]
103740.364: [10:37:40]Info: The max number of VTY users is 5, the number of current VTY users online is 2, and total number of terminal users online is 2.
103740.392: [10:37:40]      The current login time is 2025-12-03 17:49:06.
104740.463: [10:47:40]<Core-SW>
104747.007: [10:47:47][202602192.168.231.1-黄埭-核心交换机-10:47:47]
104747.058: [10:47:47]
104747.061: [10:47:47]Info: The max number of VTY users is 5, the number of current VTY users online is 2, and total number of terminal users online is 2.
104747.150: [10:47:47]      The current login time is 2025-12-03 17:59:13.
105747.290: [10:57:47]<Core-SW>
105753.491: [10:57:53][202602192.168.231.1-黄埭-核心交换机-10:57:53]
105753.560: [10:57:53]
105753.563: [10:57:53]Info: The max number of VTY users is 5, the number of current VTY users online is 2, and total number of terminal users online is 2.
105753.591: [10:57:53]      The current login time is 2025-12-03 18:09:20.
110753.667: [11:07:53]<Core-SW>
110800.096: [11:08:00][202602192.168.231.1-黄埭-核心交换机-11:08:00]
110800.167: [11:08:00]
110800.168: [11:08:00]Info: The max number of VTY users is 5, the number of current VTY users online is 2, and total number of terminal users online is 2.
110800.192: [11:08:00]      The current login time is 2025-12-03 18:19:26.
111800.264: [11:18:00]<Core-SW>
111806.579: [11:18:06][202602192.168.231.1-黄埭-核心交换机-11:18:06]
111806.631: [11:18:06]
111806.632: [11:18:06]Info: The max number of VTY users is 5, the number of current VTY users online is 2, and total number of terminal users online is 2.
111806.660: [11:18:06]      The current login time is 2025-12-03 18:29:33.
112806.937: [11:28:06]<Core-SW>
112813.622: [11:28:13][202602192.168.231.1-黄埭-核心交换机-11:28:13]
112813.712: [11:28:13]
112813.723: [11:28:13]Info: The max number of VTY users is 5, the number of current VTY users online is 2, and total number of terminal users online is 2.
112813.748: [11:28:13]      The current login time is 2025-12-03 18:39:40.
113813.826: [11:38:13]<Core-SW>
113820.627: [11:38:20][202602192.168.231.1-黄埭-核心交换机-11:38:20]
113820.772: [11:38:20]
113820.776: [11:38:20]Info: The max number of VTY users is 5, the number of current VTY users online is 2, and total number of terminal users online is 2.
113820.807: [11:38:20]      The current login time is 2025-12-03 18:49:47.
114820.885: [11:48:20]<Core-SW>
114826.841: [11:48:26][202602192.168.231.1-黄埭-核心交换机-11:48:26]
114826.896: [11:48:26]
114826.897: [11:48:26]Info: The max number of VTY users is 5, the number of current VTY users online is 2, and total number of terminal users online is 2.
114826.914: [11:48:26]      The current login time is 2025-12-03 18:59:53.
115826.967: [11:58:26]<Core-SW>
115833.065: [11:58:33][202602192.168.231.1-黄埭-核心交换机-11:58:33]
115833.102: [11:58:33]
115833.103: [11:58:33]Info: The max number of VTY users is 5, the number of current VTY users online is 2, and total number of terminal users online is 2.
115833.133: [11:58:33]      The current login time is 2025-12-03 19:09:59.
120833.214: [12:08:33]<Core-SW>
120839.582: [12:08:39][202602192.168.231.1-黄埭-核心交换机-12:08:39]
120839.638: [12:08:39]
120839.639: [12:08:39]Info: The max number of VTY users is 5, the number of current VTY users online is 2, and total number of terminal users online is 2.
120839.672: [12:08:39]      The current login time is 2025-12-03 19:20:06.
121839.840: [12:18:39]<Core-SW>
121845.796: [12:18:45][202602192.168.231.1-黄埭-核心交换机-12:18:45]
121845.847: [12:18:45]
121845.849: [12:18:45]Info: The max number of VTY users is 5, the number of current VTY users online is 2, and total number of terminal users online is 2.
121845.887: [12:18:45]      The current login time is 2025-12-03 19:30:12.
122845.940: [12:28:45]<Core-SW>
122851.839: [12:28:51][202602192.168.231.1-黄埭-核心交换机-12:28:51]
122851.891: [12:28:51]
122851.892: [12:28:51]Info: The max number of VTY users is 5, the number of current VTY users online is 2, and total number of terminal users online is 2.
122851.927: [12:28:51]      The current login time is 2025-12-03 19:40:18.
123851.976: [12:38:51]<Core-SW>
123857.936: [12:38:57][202602192.168.231.1-黄埭-核心交换机-12:38:57]
123857.988: [12:38:57]
123857.989: [12:38:57]Info: The max number of VTY users is 5, the number of current VTY users online is 2, and total number of terminal users online is 2.
123858.010: [12:38:58]      The current login time is 2025-12-03 19:50:24.
124858.057: [12:48:58]<Core-SW>
124904.393: [12:49:04][202602192.168.231.1-黄埭-核心交换机-12:49:04]
124904.454: [12:49:04]
124904.455: [12:49:04]Info: The max number of VTY users is 5, the number of current VTY users online is 2, and total number of terminal users online is 2.
124904.473: [12:49:04]      The current login time is 2025-12-03 20:00:30.
125904.544: [12:59:04]<Core-SW>
125910.754: [12:59:10][202602192.168.231.1-黄埭-核心交换机-12:59:10]
125910.805: [12:59:10]
125910.806: [12:59:10]Info: The max number of VTY users is 5, the number of current VTY users online is 2, and total number of terminal users online is 2.
125910.827: [12:59:10]      The current login time is 2025-12-03 20:10:37.
130910.896: [13:09:10]<Core-SW>
130916.749: [13:09:16][202602192.168.231.1-黄埭-核心交换机-13:09:16]
130916.802: [13:09:16]
130916.803: [13:09:16]Info: The max number of VTY users is 5, the number of current VTY users online is 2, and total number of terminal users online is 2.
130916.834: [13:09:16]      The current login time is 2025-12-03 20:20:43.
131916.900: [13:19:16]<Core-SW>
131922.867: [13:19:22][202602192.168.231.1-黄埭-核心交换机-13:19:22]
131922.914: [13:19:22]
131922.915: [13:19:22]Info: The max number of VTY users is 5, the number of current VTY users online is 2, and total number of terminal users online is 2.
131922.944: [13:19:22]      The current login time is 2025-12-03 20:30:49.
132922.994: [13:29:22]<Core-SW>
132929.516: [13:29:29][202602192.168.231.1-黄埭-核心交换机-13:29:29]
132929.578: [13:29:29]
132929.579: [13:29:29]Info: The max number of VTY users is 5, the number of current VTY users online is 2, and total number of terminal users online is 2.
132929.601: [13:29:29]      The current login time is 2025-12-03 20:40:56.
133929.692: [13:39:29]<Core-SW>
133936.091: [13:39:36][202602192.168.231.1-黄埭-核心交换机-13:39:36]
133936.140: [13:39:36]
133936.141: [13:39:36]Info: The max number of VTY users is 5, the number of current VTY users online is 2, and total number of terminal users online is 2.
133936.176: [13:39:36]      The current login time is 2025-12-03 20:51:02.
134936.247: [13:49:36]<Core-SW>
134942.495: [13:49:42][202602192.168.231.1-黄埭-核心交换机-13:49:42]
134942.549: [13:49:42]
134942.550: [13:49:42]Info: The max number of VTY users is 5, the number of current VTY users online is 2, and total number of terminal users online is 2.
134942.568: [13:49:42]      The current login time is 2025-12-03 21:01:09.
135942.690: [13:59:42]<Core-SW>
135949.212: [13:59:49][202602192.168.231.1-黄埭-核心交换机-13:59:49]
135949.257: [13:59:49]
135949.258: [13:59:49]Info: The max number of VTY users is 5, the number of current VTY users online is 2, and total number of terminal users online is 2.
135949.308: [13:59:49]      The current login time is 2025-12-03 21:11:15.
140949.381: [14:09:49]<Core-SW>
140955.333: [14:09:55][202602192.168.231.1-黄埭-核心交换机-14:09:55]
140955.389: [14:09:55]
140955.390: [14:09:55]Info: The max number of VTY users is 5, the number of current VTY users online is 2, and total number of terminal users online is 2.
140955.423: [14:09:55]      The current login time is 2025-12-03 21:21:21.
141955.475: [14:19:55]<Core-SW>
142001.503: [14:20:01][202602192.168.231.1-黄埭-核心交换机-14:20:01]
142001.559: [14:20:01]
142001.560: [14:20:01]Info: The max number of VTY users is 5, the number of current VTY users online is 2, and total number of terminal users online is 2.
142001.585: [14:20:01]      The current login time is 2025-12-03 21:31:28.
143001.733: [14:30:01]<Core-SW>
143008.034: [14:30:08][202602192.168.231.1-黄埭-核心交换机-14:30:08]
143008.088: [14:30:08]
143008.089: [14:30:08]Info: The max number of VTY users is 5, the number of current VTY users online is 2, and total number of terminal users online is 2.
143008.106: [14:30:08]      The current login time is 2025-12-03 21:41:34.
144008.172: [14:40:08]<Core-SW>
144014.328: [14:40:14][202602192.168.231.1-黄埭-核心交换机-14:40:14]
144014.445: [14:40:14]
144014.446: [14:40:14]Info: The max number of VTY users is 5, the number of current VTY users online is 2, and total number of terminal users online is 2.
144014.447: [14:40:14]      The current login time is 2025-12-03 21:51:40.
145014.547: [14:50:14]<Core-SW>
145020.782: [14:50:20][202602192.168.231.1-黄埭-核心交换机-14:50:20]
145020.841: [14:50:20]
145020.842: [14:50:20]Info: The max number of VTY users is 5, the number of current VTY users online is 2, and total number of terminal users online is 2.
145020.870: [14:50:20]      The current login time is 2025-12-03 22:01:47.
150020.909: [15:00:20]<Core-SW>
150026.811: [15:00:26][202602192.168.231.1-黄埭-核心交换机-15:00:26]
150026.869: [15:00:26]
150026.871: [15:00:26]Info: The max number of VTY users is 5, the number of current VTY users online is 2, and total number of terminal users online is 2.
150026.895: [15:00:26]      The current login time is 2025-12-03 22:11:53.
151026.967: [15:10:26]<Core-SW>
151032.760: [15:10:32][202602192.168.231.1-黄埭-核心交换机-15:10:32]
151032.812: [15:10:32]
151032.813: [15:10:32]Info: The max number of VTY users is 5, the number of current VTY users online is 2, and total number of terminal users online is 2.
151032.838: [15:10:32]      The current login time is 2025-12-03 22:21:59.
152032.874: [15:20:32]<Core-SW>
152038.931: [15:20:38][202602192.168.231.1-黄埭-核心交换机-15:20:38]
152038.977: [15:20:38]
152038.989: [15:20:38]Info: The max number of VTY users is 5, the number of current VTY users online is 2, and total number of terminal users online is 2.
152039.004: [15:20:39]      The current login time is 2025-12-03 22:32:05.
153039.054: [15:30:39]<Core-SW>
153045.256: [15:30:45][202602192.168.231.1-黄埭-核心交换机-15:30:45]
153045.307: [15:30:45]
153045.317: [15:30:45]Info: The max number of VTY users is 5, the number of current VTY users online is 2, and total number of terminal users online is 2.
153045.342: [15:30:45]      The current login time is 2025-12-03 22:42:11.
154045.398: [15:40:45]<Core-SW>
154051.457: [15:40:51][202602192.168.231.1-黄埭-核心交换机-15:40:51]
154051.521: [15:40:51]
154051.522: [15:40:51]Info: The max number of VTY users is 5, the number of current VTY users online is 2, and total number of terminal users online is 2.
154051.555: [15:40:51]      The current login time is 2025-12-03 22:52:18.
155051.712: [15:50:51]<Core-SW>
155057.983: [15:50:57][202602192.168.231.1-黄埭-核心交换机-15:50:57]
155058.042: [15:50:58]
155058.053: [15:50:58]Info: The max number of VTY users is 5, the number of current VTY users online is 2, and total number of terminal users online is 2.
155058.066: [15:50:58]      The current login time is 2025-12-03 23:02:24.
160058.303: [16:00:58]<Core-SW>
160104.293: [16:01:04][202602192.168.231.1-黄埭-核心交换机-16:01:04]
160104.356: [16:01:04]
160104.366: [16:01:04]Info: The max number of VTY users is 5, the number of current VTY users online is 2, and total number of terminal users online is 2.
160104.392: [16:01:04]      The current login time is 2025-12-03 23:12:30.
161104.446: [16:11:04]<Core-SW>
161110.298: [16:11:10][202602192.168.231.1-黄埭-核心交换机-16:11:10]
161110.345: [16:11:10]
161110.357: [16:11:10]Info: The max number of VTY users is 5, the number of current VTY users online is 2, and total number of terminal users online is 2.
161110.374: [16:11:10]      The current login time is 2025-12-03 23:22:36.
162110.452: [16:21:10]<Core-SW>
162116.893: [16:21:16][202602192.168.231.1-黄埭-核心交换机-16:21:16]
162116.952: [16:21:16]
162116.964: [16:21:16]Info: The max number of VTY users is 5, the number of current VTY users online is 2, and total number of terminal users online is 2.
162116.965: [16:21:16]      The current login time is 2025-12-03 23:32:43.
163117.073: [16:31:17]<Core-SW>
163123.332: [16:31:23][202602192.168.231.1-黄埭-核心交换机-16:31:23]
163123.400: [16:31:23]
163123.400: [16:31:23]Info: The max number of VTY users is 5, the number of current VTY users online is 2, and total number of terminal users online is 2.
163123.427: [16:31:23]      The current login time is 2025-12-03 23:42:50.
164123.475: [16:41:23]<Core-SW>
164129.567: [16:41:29][202602192.168.231.1-黄埭-核心交换机-16:41:29]
164129.615: [16:41:29]
164129.616: [16:41:29]Info: The max number of VTY users is 5, the number of current VTY users online is 2, and total number of terminal users online is 2.
164129.642: [16:41:29]      The current login time is 2025-12-03 23:52:56.
165129.805: [16:51:29]<Core-SW>
165135.883: [16:51:35][202602192.168.231.1-黄埭-核心交换机-16:51:35]
165136.006: [16:51:36]
165136.007: [16:51:36]Info: The max number of VTY users is 5, the number of current VTY users online is 2, and total number of terminal users online is 2.
165136.008: [16:51:36]      The current login time is 2025-12-04 00:03:02.
170136.006: [17:01:36]<Core-SW>
170141.774: [17:01:41][202602192.168.231.1-黄埭-核心交换机-17:01:41]
170141.826: [17:01:41]
170141.838: [17:01:41]Info: The max number of VTY users is 5, the number of current VTY users online is 2, and total number of terminal users online is 2.
170141.859: [17:01:41]      The current login time is 2025-12-04 00:13:08.
171141.934: [17:11:41]<Core-SW>
171147.822: [17:11:47][202602192.168.231.1-黄埭-核心交换机-17:11:47]
171147.878: [17:11:47]
171147.879: [17:11:47]Info: The max number of VTY users is 5, the number of current VTY users online is 2, and total number of terminal users online is 2.
171147.903: [17:11:47]      The current login time is 2025-12-04 00:23:14.
172148.026: [17:21:48]<Core-SW>
172154.391: [17:21:54][202602192.168.231.1-黄埭-核心交换机-17:21:54]
172154.442: [17:21:54]
172154.443: [17:21:54]Info: The max number of VTY users is 5, the number of current VTY users online is 2, and total number of terminal users online is 2.
172154.518: [17:21:54]      The current login time is 2025-12-04 00:33:21.
173154.584: [17:31:54]<Core-SW>
173202.750: [17:32:02][202602192.168.231.1-黄埭-核心交换机-17:32:02]
173202.834: [17:32:02]
173202.848: [17:32:02]Info: The max number of VTY users is 5, the number of current VTY users online is 2, and total number of terminal users online is 2.
173202.893: [17:32:02]      The current login time is 2025-12-04 00:43:29.
174203.029: [17:42:03]<Core-SW>
174209.584: [17:42:09][202602192.168.231.1-黄埭-核心交换机-17:42:09]
174209.637: [17:42:09]
174209.638: [17:42:09]Info: The max number of VTY users is 5, the number of current VTY users online is 2, and total number of terminal users online is 2.
174209.661: [17:42:09]      The current login time is 2025-12-04 00:53:36.
175209.720: [17:52:09]<Core-SW>
175215.788: [17:52:15][202602192.168.231.1-黄埭-核心交换机-17:52:15]
175215.914: [17:52:15]
175215.915: [17:52:15]Info: The max number of VTY users is 5, the number of current VTY users online is 2, and total number of terminal users online is 2.
175215.915: [17:52:15]      The current login time is 2025-12-04 01:03:42.
180215.922: [18:02:15]<Core-SW>
180221.844: [18:02:21][202602192.168.231.1-黄埭-核心交换机-18:02:21]
180221.992: [18:02:21]
180221.993: [18:02:21]Info: The max number of VTY users is 5, the number of current VTY users online is 2, and total number of terminal users online is 2.
180221.994: [18:02:21]      The current login time is 2025-12-04 01:13:48.
181222.034: [18:12:22]<Core-SW>
181228.325: [18:12:28][202602192.168.231.1-黄埭-核心交换机-18:12:28]
181228.368: [18:12:28]
181228.370: [18:12:28]Info: The max number of VTY users is 5, the number of current VTY users online is 2, and total number of terminal users online is 2.
181228.405: [18:12:28]      The current login time is 2025-12-04 01:23:55.
182228.486: [18:22:28]<Core-SW>
182234.444: [18:22:34][202602192.168.231.1-黄埭-核心交换机-18:22:34]
182234.554: [18:22:34]
182234.555: [18:22:34]Info: The max number of VTY users is 5, the number of current VTY users online is 2, and total number of terminal users online is 2.
182234.623: [18:22:34]      The current login time is 2025-12-04 01:34:01.
183234.657: [18:32:34]<Core-SW>
183240.874: [18:32:40][202602192.168.231.1-黄埭-核心交换机-18:32:40]
183240.913: [18:32:40]
183240.913: [18:32:40]Info: The max number of VTY users is 5, the number of current VTY users online is 2, and total number of terminal users online is 2.
183240.940: [18:32:40]      The current login time is 2025-12-04 01:44:07.
184241.005: [18:42:41]<Core-SW>
184247.487: [18:42:47][202602192.168.231.1-黄埭-核心交换机-18:42:47]
184247.564: [18:42:47]
184247.565: [18:42:47]Info: The max number of VTY users is 5, the number of current VTY users online is 2, and total number of terminal users online is 2.
184247.621: [18:42:47]      The current login time is 2025-12-04 01:54:14.
185247.822: [18:52:47]<Core-SW>
185253.841: [18:52:53][202602192.168.231.1-黄埭-核心交换机-18:52:53]
185253.897: [18:52:53]
185253.907: [18:52:53]Info: The max number of VTY users is 5, the number of current VTY users online is 2, and total number of terminal users online is 2.
185253.926: [18:52:53]      The current login time is 2025-12-04 02:04:20.
190254.037: [19:02:54]<Core-SW>
190300.508: [19:03:00][202602192.168.231.1-黄埭-核心交换机-19:03:00]
190300.556: [19:03:00]
190300.557: [19:03:00]Info: The max number of VTY users is 5, the number of current VTY users online is 2, and total number of terminal users online is 2.
190300.663: [19:03:00]      The current login time is 2025-12-04 02:14:27.
191300.640: [19:13:00]<Core-SW>
191306.942: [19:13:06][202602192.168.231.1-黄埭-核心交换机-19:13:06]
191306.987: [19:13:06]
191306.988: [19:13:06]Info: The max number of VTY users is 5, the number of current VTY users online is 2, and total number of terminal users online is 2.
191307.024: [19:13:07]      The current login time is 2025-12-04 02:24:33.
192307.074: [19:23:07]<Core-SW>
192313.443: [19:23:13][202602192.168.231.1-黄埭-核心交换机-19:23:13]
192313.489: [19:23:13]
192313.490: [19:23:13]Info: The max number of VTY users is 5, the number of current VTY users online is 2, and total number of terminal users online is 2.
192313.515: [19:23:13]      The current login time is 2025-12-04 02:34:40.
193313.576: [19:33:13]<Core-SW>
193319.974: [19:33:19][202602192.168.231.1-黄埭-核心交换机-19:33:19]
193320.029: [19:33:20]
193320.030: [19:33:20]Info: The max number of VTY users is 5, the number of current VTY users online is 2, and total number of terminal users online is 2.
193320.067: [19:33:20]      The current login time is 2025-12-04 02:44:46.
194320.320: [19:43:20]<Core-SW>
194326.289: [19:43:26][202602192.168.231.1-黄埭-核心交换机-19:43:26]
194326.332: [19:43:26]
194326.344: [19:43:26]Info: The max number of VTY users is 5, the number of current VTY users online is 2, and total number of terminal users online is 2.
194326.374: [19:43:26]      The current login time is 2025-12-04 02:54:53.
195326.425: [19:53:26]<Core-SW>
195332.390: [19:53:32][202602192.168.231.1-黄埭-核心交换机-19:53:32]
195332.435: [19:53:32]
195332.446: [19:53:32]Info: The max number of VTY users is 5, the number of current VTY users online is 2, and total number of terminal users online is 2.
195332.462: [19:53:32]      The current login time is 2025-12-04 03:04:59.
200332.562: [20:03:32]<Core-SW>
200341.385: [20:03:41][202602192.168.231.1-黄埭-核心交换机-20:03:41]
200341.434: [20:03:41]
200341.435: [20:03:41]Info: The max number of VTY users is 5, the number of current VTY users online is 2, and total number of terminal users online is 2.
200341.464: [20:03:41]      The current login time is 2025-12-04 03:15:08.
201341.519: [20:13:41]<Core-SW>
201347.314: [20:13:47][202602192.168.231.1-黄埭-核心交换机-20:13:47]
201347.452: [20:13:47]
201347.453: [20:13:47]Info: The max number of VTY users is 5, the number of current VTY users online is 2, and total number of terminal users online is 2.
201347.485: [20:13:47]      The current login time is 2025-12-04 03:25:14.
202347.727: [20:23:47]<Core-SW>
202353.788: [20:23:53][202602192.168.231.1-黄埭-核心交换机-20:23:53]
202353.854: [20:23:53]
202353.865: [20:23:53]Info: The max number of VTY users is 5, the number of current VTY users online is 2, and total number of terminal users online is 2.
202353.887: [20:23:53]      The current login time is 2025-12-04 03:35:20.
203354.051: [20:33:54]<Core-SW>
203400.744: [20:34:00][202602192.168.231.1-黄埭-核心交换机-20:34:00]
203400.789: [20:34:00]
203400.801: [20:34:00]Info: The max number of VTY users is 5, the number of current VTY users online is 2, and total number of terminal users online is 2.
203400.820: [20:34:00]      The current login time is 2025-12-04 03:45:27.
204400.969: [20:44:00]<Core-SW>
204407.041: [20:44:07][202602192.168.231.1-黄埭-核心交换机-20:44:07]
204407.096: [20:44:07]
204407.097: [20:44:07]Info: The max number of VTY users is 5, the number of current VTY users online is 2, and total number of terminal users online is 2.
204407.206: [20:44:07]      The current login time is 2025-12-04 03:55:33.
205407.233: [20:54:07]<Core-SW>
205413.345: [20:54:13][202602192.168.231.1-黄埭-核心交换机-20:54:13]
205413.408: [20:54:13]
205413.409: [20:54:13]Info: The max number of VTY users is 5, the number of current VTY users online is 2, and total number of terminal users online is 2.
205413.425: [20:54:13]      The current login time is 2025-12-04 04:05:40.
210413.494: [21:04:13]<Core-SW>
210419.383: [21:04:19][202602192.168.231.1-黄埭-核心交换机-21:04:19]
210419.429: [21:04:19]
210419.429: [21:04:19]Info: The max number of VTY users is 5, the number of current VTY users online is 2, and total number of terminal users online is 2.
210419.456: [21:04:19]      The current login time is 2025-12-04 04:15:46.
211419.498: [21:14:19]<Core-SW>
211425.309: [21:14:25][202602192.168.231.1-黄埭-核心交换机-21:14:25]
211425.435: [21:14:25]
211425.436: [21:14:25]Info: The max number of VTY users is 5, the number of current VTY users online is 2, and total number of terminal users online is 2.
211425.437: [21:14:25]      The current login time is 2025-12-04 04:25:52.
212425.414: [21:24:25]<Core-SW>
212431.263: [21:24:31][202602192.168.231.1-黄埭-核心交换机-21:24:31]
212431.313: [21:24:31]
212431.314: [21:24:31]Info: The max number of VTY users is 5, the number of current VTY users online is 2, and total number of terminal users online is 2.
212431.343: [21:24:31]      The current login time is 2025-12-04 04:35:58.
213431.390: [21:34:31]<Core-SW>
213437.272: [21:34:37][202602192.168.231.1-黄埭-核心交换机-21:34:37]
213437.312: [21:34:37]
213437.323: [21:34:37]Info: The max number of VTY users is 5, the number of current VTY users online is 2, and total number of terminal users online is 2.
213437.338: [21:34:37]      The current login time is 2025-12-04 04:46:04.
214437.525: [21:44:37]<Core-SW>
214443.896: [21:44:43][202602192.168.231.1-黄埭-核心交换机-21:44:43]
214443.948: [21:44:43]
214443.949: [21:44:43]Info: The max number of VTY users is 5, the number of current VTY users online is 2, and total number of terminal users online is 2.
214443.974: [21:44:43]      The current login time is 2025-12-04 04:56:10.
215444.022: [21:54:44]<Core-SW>
215450.308: [21:54:50][202602192.168.231.1-黄埭-核心交换机-21:54:50]
215450.355: [21:54:50]
215450.356: [21:54:50]Info: The max number of VTY users is 5, the number of current VTY users online is 2, and total number of terminal users online is 2.
215450.382: [21:54:50]      The current login time is 2025-12-04 05:06:17.
220450.462: [22:04:50]<Core-SW>
220456.209: [22:04:56][202602192.168.231.1-黄埭-核心交换机-22:04:56]
220456.340: [22:04:56]
220456.341: [22:04:56]Info: The max number of VTY users is 5, the number of current VTY users online is 2, and total number of terminal users online is 2.
220456.341: [22:04:56]      The current login time is 2025-12-04 05:16:23.
221456.392: [22:14:56]<Core-SW>
221502.530: [22:15:02][202602192.168.231.1-黄埭-核心交换机-22:15:02]
221502.582: [22:15:02]
221502.583: [22:15:02]Info: The max number of VTY users is 5, the number of current VTY users online is 2, and total number of terminal users online is 2.
221502.607: [22:15:02]      The current login time is 2025-12-04 05:26:29.
222502.728: [22:25:02]<Core-SW>
222508.702: [22:25:08][202602192.168.231.1-黄埭-核心交换机-22:25:08]
222508.747: [22:25:08]
222508.748: [22:25:08]Info: The max number of VTY users is 5, the number of current VTY users online is 2, and total number of terminal users online is 2.
222508.773: [22:25:08]      The current login time is 2025-12-04 05:36:35.
223508.822: [22:35:08]<Core-SW>
223514.746: [22:35:14][202602192.168.231.1-黄埭-核心交换机-22:35:14]
223514.784: [22:35:14]
223514.797: [22:35:14]Info: The max number of VTY users is 5, the number of current VTY users online is 2, and total number of terminal users online is 2.
223514.824: [22:35:14]      The current login time is 2025-12-04 05:46:41.
224514.895: [22:45:14]<Core-SW>
224520.856: [22:45:20][202602192.168.231.1-黄埭-核心交换机-22:45:20]
224520.901: [22:45:20]
224520.911: [22:45:20]Info: The max number of VTY users is 5, the number of current VTY users online is 2, and total number of terminal users online is 2.
224520.946: [22:45:20]      The current login time is 2025-12-04 05:56:47.
225521.004: [22:55:21]<Core-SW>
225526.862: [22:55:26][202602192.168.231.1-黄埭-核心交换机-22:55:26]
225526.930: [22:55:26]
225526.931: [22:55:26]Info: The max number of VTY users is 5, the number of current VTY users online is 2, and total number of terminal users online is 2.
225526.953: [22:55:26]      The current login time is 2025-12-04 06:06:53.
230527.114: [23:05:27]<Core-SW>
230533.389: [23:05:33][202602192.168.231.1-黄埭-核心交换机-23:05:33]
230533.455: [23:05:33]
230533.456: [23:05:33]Info: The max number of VTY users is 5, the number of current VTY users online is 2, and total number of terminal users online is 2.
230533.482: [23:05:33]      The current login time is 2025-12-04 06:17:00.
231533.639: [23:15:33]<Core-SW>
231540.000: [23:15:40][202602192.168.231.1-黄埭-核心交换机-23:15:40]
231540.061: [23:15:40]
231540.073: [23:15:40]Info: The max number of VTY users is 5, the number of current VTY users online is 2, and total number of terminal users online is 3.
231540.088: [23:15:40]      The current login time is 2025-12-04 06:27:06.
232540.255: [23:25:40]<Core-SW>
232546.323: [23:25:46][202602192.168.231.1-黄埭-核心交换机-23:25:46]
232546.396: [23:25:46]
232546.407: [23:25:46]Info: The max number of VTY users is 5, the number of current VTY users online is 2, and total number of terminal users online is 2.
232546.522: [23:25:46]      The current login time is 2025-12-04 06:37:13.
233546.507: [23:35:46]<Core-SW>
233552.839: [23:35:52][202602192.168.231.1-黄埭-核心交换机-23:35:52]
233552.893: [23:35:52]
233552.905: [23:35:52]Info: The max number of VTY users is 5, the number of current VTY users online is 2, and total number of terminal users online is 2.
233552.919: [23:35:52]      The current login time is 2025-12-04 06:47:19.
234552.961: [23:45:52]<Core-SW>
234559.048: [23:45:59][202602192.168.231.1-黄埭-核心交换机-23:45:59]
234559.195: [23:45:59]
234559.196: [23:45:59]Info: The max number of VTY users is 5, the number of current VTY users online is 2, and total number of terminal users online is 2.
234559.197: [23:45:59]      The current login time is 2025-12-04 06:57:26.
235559.300: [23:55:59]<Core-SW>
235605.361: [23:56:05][202602192.168.231.1-黄埭-核心交换机-23:56:05]
235605.421: [23:56:05]
235605.422: [23:56:05]Info: The max number of VTY users is 5, the number of current VTY users online is 2, and total number of terminal users online is 2.
235605.447: [23:56:05]      The current login time is 2025-12-04 07:07:32.
